stderr | src/contexts/AuthContext.test.tsx > AuthContext > Authentication methods > should handle successful sign in
Warning: An update to AuthProvider inside a test was not wrapped in act(...).

When testing, code that causes React state updates should be wrapped into act(...):

act(() => {
  /* fire events that update state */
});
/* assert on the output */

This ensures that you're testing the behavior the user would see in the browser. Learn more at https://reactjs.org/link/wrap-tests-with-act
    at AuthProvider (C:\Users\Julien Fritsch\Documents\GitHub\DooDates\src\contexts\AuthContext.tsx:34:25)
Warning: An update to AuthProvider inside a test was not wrapped in act(...).

When testing, code that causes React state updates should be wrapped into act(...):

act(() => {
  /* fire events that update state */
});
/* assert on the output */

This ensures that you're testing the behavior the user would see in the browser. Learn more at https://reactjs.org/link/wrap-tests-with-act
    at AuthProvider (C:\Users\Julien Fritsch\Documents\GitHub\DooDates\src\contexts\AuthContext.tsx:34:25)

stderr | src/contexts/AuthContext.test.tsx > AuthContext > Authentication methods > should handle successful sign in
Warning: An update to AuthProvider inside a test was not wrapped in act(...).

When testing, code that causes React state updates should be wrapped into act(...):

act(() => {
  /* fire events that update state */
});
/* assert on the output */

This ensures that you're testing the behavior the user would see in the browser. Learn more at https://reactjs.org/link/wrap-tests-with-act
    at AuthProvider (C:\Users\Julien Fritsch\Documents\GitHub\DooDates\src\contexts\AuthContext.tsx:34:25)

stderr | src/contexts/AuthContext.test.tsx > AuthContext > Authentication methods > should handle sign in error with user-friendly message
Warning: An update to AuthProvider inside a test was not wrapped in act(...).

When testing, code that causes React state updates should be wrapped into act(...):

act(() => {
  /* fire events that update state */
});
/* assert on the output */

This ensures that you're testing the behavior the user would see in the browser. Learn more at https://reactjs.org/link/wrap-tests-with-act
    at AuthProvider (C:\Users\Julien Fritsch\Documents\GitHub\DooDates\src\contexts\AuthContext.tsx:34:25)
Warning: An update to AuthProvider inside a test was not wrapped in act(...).

When testing, code that causes React state updates should be wrapped into act(...):

act(() => {
  /* fire events that update state */
});
/* assert on the output */

This ensures that you're testing the behavior the user would see in the browser. Learn more at https://reactjs.org/link/wrap-tests-with-act
    at AuthProvider (C:\Users\Julien Fritsch\Documents\GitHub\DooDates\src\contexts\AuthContext.tsx:34:25)

stderr | src/contexts/AuthContext.test.tsx > AuthContext > Authentication methods > should handle sign in error with user-friendly message
Warning: An update to AuthProvider inside a test was not wrapped in act(...).

When testing, code that causes React state updates should be wrapped into act(...):

act(() => {
  /* fire events that update state */
});
/* assert on the output */

This ensures that you're testing the behavior the user would see in the browser. Learn more at https://reactjs.org/link/wrap-tests-with-act
    at AuthProvider (C:\Users\Julien Fritsch\Documents\GitHub\DooDates\src\contexts\AuthContext.tsx:34:25)
Warning: An update to AuthProvider inside a test was not wrapped in act(...).

When testing, code that causes React state updates should be wrapped into act(...):

act(() => {
  /* fire events that update state */
});
/* assert on the output */

This ensures that you're testing the behavior the user would see in the browser. Learn more at https://reactjs.org/link/wrap-tests-with-act
    at AuthProvider (C:\Users\Julien Fritsch\Documents\GitHub\DooDates\src\contexts\AuthContext.tsx:34:25)

stderr | src/contexts/AuthContext.test.tsx > AuthContext > Authentication methods > should handle sign up
Warning: An update to AuthProvider inside a test was not wrapped in act(...).

When testing, code that causes React state updates should be wrapped into act(...):

act(() => {
  /* fire events that update state */
});
/* assert on the output */

This ensures that you're testing the behavior the user would see in the browser. Learn more at https://reactjs.org/link/wrap-tests-with-act
    at AuthProvider (C:\Users\Julien Fritsch\Documents\GitHub\DooDates\src\contexts\AuthContext.tsx:34:25)
Warning: An update to AuthProvider inside a test was not wrapped in act(...).

When testing, code that causes React state updates should be wrapped into act(...):

act(() => {
  /* fire events that update state */
});
/* assert on the output */

This ensures that you're testing the behavior the user would see in the browser. Learn more at https://reactjs.org/link/wrap-tests-with-act
    at AuthProvider (C:\Users\Julien Fritsch\Documents\GitHub\DooDates\src\contexts\AuthContext.tsx:34:25)

stderr | src/contexts/AuthContext.test.tsx > AuthContext > Authentication methods > should handle sign up
Warning: An update to AuthProvider inside a test was not wrapped in act(...).

When testing, code that causes React state updates should be wrapped into act(...):

act(() => {
  /* fire events that update state */
});
/* assert on the output */

This ensures that you're testing the behavior the user would see in the browser. Learn more at https://reactjs.org/link/wrap-tests-with-act
    at AuthProvider (C:\Users\Julien Fritsch\Documents\GitHub\DooDates\src\contexts\AuthContext.tsx:34:25)

stderr | src/contexts/AuthContext.test.tsx > AuthContext > Authentication methods > should handle Google OAuth sign in
Warning: An update to AuthProvider inside a test was not wrapped in act(...).

When testing, code that causes React state updates should be wrapped into act(...):

act(() => {
  /* fire events that update state */
});
/* assert on the output */

This ensures that you're testing the behavior the user would see in the browser. Learn more at https://reactjs.org/link/wrap-tests-with-act
    at AuthProvider (C:\Users\Julien Fritsch\Documents\GitHub\DooDates\src\contexts\AuthContext.tsx:34:25)
Warning: An update to AuthProvider inside a test was not wrapped in act(...).

When testing, code that causes React state updates should be wrapped into act(...):

act(() => {
  /* fire events that update state */
});
/* assert on the output */

This ensures that you're testing the behavior the user would see in the browser. Learn more at https://reactjs.org/link/wrap-tests-with-act
    at AuthProvider (C:\Users\Julien Fritsch\Documents\GitHub\DooDates\src\contexts\AuthContext.tsx:34:25)

stderr | src/contexts/AuthContext.test.tsx > AuthContext > Authentication methods > should handle sign out and cleanup
Warning: An update to AuthProvider inside a test was not wrapped in act(...).

When testing, code that causes React state updates should be wrapped into act(...):

act(() => {
  /* fire events that update state */
});
/* assert on the output */

This ensures that you're testing the behavior the user would see in the browser. Learn more at https://reactjs.org/link/wrap-tests-with-act
    at AuthProvider (C:\Users\Julien Fritsch\Documents\GitHub\DooDates\src\contexts\AuthContext.tsx:34:25)
Warning: An update to AuthProvider inside a test was not wrapped in act(...).

When testing, code that causes React state updates should be wrapped into act(...):

act(() => {
  /* fire events that update state */
});
/* assert on the output */

This ensures that you're testing the behavior the user would see in the browser. Learn more at https://reactjs.org/link/wrap-tests-with-act
    at AuthProvider (C:\Users\Julien Fritsch\Documents\GitHub\DooDates\src\contexts\AuthContext.tsx:34:25)
Warning: An update to AuthProvider inside a test was not wrapped in act(...).

When testing, code that causes React state updates should be wrapped into act(...):

act(() => {
  /* fire events that update state */
});
/* assert on the output */

This ensures that you're testing the behavior the user would see in the browser. Learn more at https://reactjs.org/link/wrap-tests-with-act
    at AuthProvider (C:\Users\Julien Fritsch\Documents\GitHub\DooDates\src\contexts\AuthContext.tsx:34:25)
Warning: An update to AuthProvider inside a test was not wrapped in act(...).

When testing, code that causes React state updates should be wrapped into act(...):

act(() => {
  /* fire events that update state */
});
/* assert on the output */

This ensures that you're testing the behavior the user would see in the browser. Learn more at https://reactjs.org/link/wrap-tests-with-act
    at AuthProvider (C:\Users\Julien Fritsch\Documents\GitHub\DooDates\src\contexts\AuthContext.tsx:34:25)
Warning: An update to AuthProvider inside a test was not wrapped in act(...).

When testing, code that causes React state updates should be wrapped into act(...):

act(() => {
  /* fire events that update state */
});
/* assert on the output */

This ensures that you're testing the behavior the user would see in the browser. Learn more at https://reactjs.org/link/wrap-tests-with-act
    at AuthProvider (C:\Users\Julien Fritsch\Documents\GitHub\DooDates\src\contexts\AuthContext.tsx:34:25)

stderr | src/contexts/AuthContext.test.tsx > AuthContext > Authentication methods > should handle sign out and cleanup
Warning: An update to AuthProvider inside a test was not wrapped in act(...).

When testing, code that causes React state updates should be wrapped into act(...):

act(() => {
  /* fire events that update state */
});
/* assert on the output */

This ensures that you're testing the behavior the user would see in the browser. Learn more at https://reactjs.org/link/wrap-tests-with-act
    at AuthProvider (C:\Users\Julien Fritsch\Documents\GitHub\DooDates\src\contexts\AuthContext.tsx:34:25)

stderr | src/contexts/AuthContext.test.tsx > AuthContext > Profile management > should update profile successfully
Warning: An update to AuthProvider inside a test was not wrapped in act(...).

When testing, code that causes React state updates should be wrapped into act(...):

act(() => {
  /* fire events that update state */
});
/* assert on the output */

This ensures that you're testing the behavior the user would see in the browser. Learn more at https://reactjs.org/link/wrap-tests-with-act
    at AuthProvider (C:\Users\Julien Fritsch\Documents\GitHub\DooDates\src\contexts\AuthContext.tsx:34:25)

stderr | src/contexts/AuthContext.test.tsx > AuthContext > Local development mode > should disable authentication in local development
Warning: An update to AuthProvider inside a test was not wrapped in act(...).

When testing, code that causes React state updates should be wrapped into act(...):

act(() => {
  /* fire events that update state */
});
/* assert on the output */

This ensures that you're testing the behavior the user would see in the browser. Learn more at https://reactjs.org/link/wrap-tests-with-act
    at AuthProvider (C:\Users\Julien Fritsch\Documents\GitHub\DooDates\src\contexts\AuthContext.tsx:34:25)
Warning: An update to AuthProvider inside a test was not wrapped in act(...).

When testing, code that causes React state updates should be wrapped into act(...):

act(() => {
  /* fire events that update state */
});
/* assert on the output */

This ensures that you're testing the behavior the user would see in the browser. Learn more at https://reactjs.org/link/wrap-tests-with-act
    at AuthProvider (C:\Users\Julien Fritsch\Documents\GitHub\DooDates\src\contexts\AuthContext.tsx:34:25)

stderr | src/contexts/AuthContext.test.tsx > AuthContext > Local development mode > should disable authentication in local development
Warning: An update to AuthProvider inside a test was not wrapped in act(...).

When testing, code that causes React state updates should be wrapped into act(...):

act(() => {
  /* fire events that update state */
});
/* assert on the output */

This ensures that you're testing the behavior the user would see in the browser. Learn more at https://reactjs.org/link/wrap-tests-with-act
    at AuthProvider (C:\Users\Julien Fritsch\Documents\GitHub\DooDates\src\contexts\AuthContext.tsx:34:25)
Warning: An update to AuthProvider inside a test was not wrapped in act(...).

When testing, code that causes React state updates should be wrapped into act(...):

act(() => {
  /* fire events that update state */
});
/* assert on the output */

This ensures that you're testing the behavior the user would see in the browser. Learn more at https://reactjs.org/link/wrap-tests-with-act
    at AuthProvider (C:\Users\Julien Fritsch\Documents\GitHub\DooDates\src\contexts\AuthContext.tsx:34:25)

stderr | src/contexts/AuthContext.test.tsx > AuthContext > useAuth hook > should throw error when used outside provider
Error: Uncaught [Error: useAuth must be used within an AuthProvider]
    at reportException (C:\Users\Julien Fritsch\Documents\GitHub\DooDates\node_modules\jsdom\lib\jsdom\living\helpers\runtime-script-errors.js:66:24)
    at innerInvokeEventListeners (C:\Users\Julien Fritsch\Documents\GitHub\DooDates\node_modules\jsdom\lib\jsdom\living\events\EventTarget-impl.js:353:9)
    at invokeEventListeners (C:\Users\Julien Fritsch\Documents\GitHub\DooDates\node_modules\jsdom\lib\jsdom\living\events\EventTarget-impl.js:286:3)
    at HTMLUnknownElementImpl._dispatch (C:\Users\Julien Fritsch\Documents\GitHub\DooDates\node_modules\jsdom\lib\jsdom\living\events\EventTarget-impl.js:233:9)
    at HTMLUnknownElementImpl.dispatchEvent (C:\Users\Julien Fritsch\Documents\GitHub\DooDates\node_modules\jsdom\lib\jsdom\living\events\EventTarget-impl.js:104:17)
    at HTMLUnknownElement.dispatchEvent (C:\Users\Julien Fritsch\Documents\GitHub\DooDates\node_modules\jsdom\lib\jsdom\living\generated\EventTarget.js:241:34)
    at Object.invokeGuardedCallbackDev (C:\Users\Julien Fritsch\Documents\GitHub\DooDates\node_modules\react-dom\cjs\react-dom.development.js:4213:16)
    at invokeGuardedCallback (C:\Users\Julien Fritsch\Documents\GitHub\DooDates\node_modules\react-dom\cjs\react-dom.development.js:4277:31)
    at beginWork$1 (C:\Users\Julien Fritsch\Documents\GitHub\DooDates\node_modules\react-dom\cjs\react-dom.development.js:27490:7)
    at performUnitOfWork (C:\Users\Julien Fritsch\Documents\GitHub\DooDates\node_modules\react-dom\cjs\react-dom.development.js:26599:12) Error: useAuth must be used within an AuthProvider
    at Module.useAuth (C:\Users\Julien Fritsch\Documents\GitHub\DooDates\src\contexts\AuthContext.tsx:56:11)
    at TestComponent (C:\Users\Julien Fritsch\Documents\GitHub\DooDates\src\contexts\AuthContext.test.tsx:54:16)
    at renderWithHooks (C:\Users\Julien Fritsch\Documents\GitHub\DooDates\node_modules\react-dom\cjs\react-dom.development.js:15486:18)
    at mountIndeterminateComponent (C:\Users\Julien Fritsch\Documents\GitHub\DooDates\node_modules\react-dom\cjs\react-dom.development.js:20103:13)
    at beginWork (C:\Users\Julien Fritsch\Documents\GitHub\DooDates\node_modules\react-dom\cjs\react-dom.development.js:21626:16)
    at HTMLUnknownElement.callCallback (C:\Users\Julien Fritsch\Documents\GitHub\DooDates\node_modules\react-dom\cjs\react-dom.development.js:4164:14)
    at HTMLUnknownElement.callTheUserObjectsOperation (C:\Users\Julien Fritsch\Documents\GitHub\DooDates\node_modules\jsdom\lib\jsdom\living\generated\EventListener.js:26:30)
    at innerInvokeEventListeners (C:\Users\Julien Fritsch\Documents\GitHub\DooDates\node_modules\jsdom\lib\jsdom\living\events\EventTarget-impl.js:350:25)
    at invokeEventListeners (C:\Users\Julien Fritsch\Documents\GitHub\DooDates\node_modules\jsdom\lib\jsdom\living\events\EventTarget-impl.js:286:3)
    at HTMLUnknownElementImpl._dispatch (C:\Users\Julien Fritsch\Documents\GitHub\DooDates\node_modules\jsdom\lib\jsdom\living\events\EventTarget-impl.js:233:9)
Error: Uncaught [Error: useAuth must be used within an AuthProvider]
    at reportException (C:\Users\Julien Fritsch\Documents\GitHub\DooDates\node_modules\jsdom\lib\jsdom\living\helpers\runtime-script-errors.js:66:24)
    at innerInvokeEventListeners (C:\Users\Julien Fritsch\Documents\GitHub\DooDates\node_modules\jsdom\lib\jsdom\living\events\EventTarget-impl.js:353:9)
    at invokeEventListeners (C:\Users\Julien Fritsch\Documents\GitHub\DooDates\node_modules\jsdom\lib\jsdom\living\events\EventTarget-impl.js:286:3)
    at HTMLUnknownElementImpl._dispatch (C:\Users\Julien Fritsch\Documents\GitHub\DooDates\node_modules\jsdom\lib\jsdom\living\events\EventTarget-impl.js:233:9)
    at HTMLUnknownElementImpl.dispatchEvent (C:\Users\Julien Fritsch\Documents\GitHub\DooDates\node_modules\jsdom\lib\jsdom\living\events\EventTarget-impl.js:104:17)
    at HTMLUnknownElement.dispatchEvent (C:\Users\Julien Fritsch\Documents\GitHub\DooDates\node_modules\jsdom\lib\jsdom\living\generated\EventTarget.js:241:34)
    at Object.invokeGuardedCallbackDev (C:\Users\Julien Fritsch\Documents\GitHub\DooDates\node_modules\react-dom\cjs\react-dom.development.js:4213:16)
    at invokeGuardedCallback (C:\Users\Julien Fritsch\Documents\GitHub\DooDates\node_modules\react-dom\cjs\react-dom.development.js:4277:31)
    at beginWork$1 (C:\Users\Julien Fritsch\Documents\GitHub\DooDates\node_modules\react-dom\cjs\react-dom.development.js:27490:7)
    at performUnitOfWork (C:\Users\Julien Fritsch\Documents\GitHub\DooDates\node_modules\react-dom\cjs\react-dom.development.js:26599:12) Error: useAuth must be used within an AuthProvider
    at Module.useAuth (C:\Users\Julien Fritsch\Documents\GitHub\DooDates\src\contexts\AuthContext.tsx:56:11)
    at TestComponent (C:\Users\Julien Fritsch\Documents\GitHub\DooDates\src\contexts\AuthContext.test.tsx:54:16)
    at renderWithHooks (C:\Users\Julien Fritsch\Documents\GitHub\DooDates\node_modules\react-dom\cjs\react-dom.development.js:15486:18)
    at mountIndeterminateComponent (C:\Users\Julien Fritsch\Documents\GitHub\DooDates\node_modules\react-dom\cjs\react-dom.development.js:20103:13)
    at beginWork (C:\Users\Julien Fritsch\Documents\GitHub\DooDates\node_modules\react-dom\cjs\react-dom.development.js:21626:16)
    at HTMLUnknownElement.callCallback (C:\Users\Julien Fritsch\Documents\GitHub\DooDates\node_modules\react-dom\cjs\react-dom.development.js:4164:14)
    at HTMLUnknownElement.callTheUserObjectsOperation (C:\Users\Julien Fritsch\Documents\GitHub\DooDates\node_modules\jsdom\lib\jsdom\living\generated\EventListener.js:26:30)
    at innerInvokeEventListeners (C:\Users\Julien Fritsch\Documents\GitHub\DooDates\node_modules\jsdom\lib\jsdom\living\events\EventTarget-impl.js:350:25)
    at invokeEventListeners (C:\Users\Julien Fritsch\Documents\GitHub\DooDates\node_modules\jsdom\lib\jsdom\living\events\EventTarget-impl.js:286:3)
    at HTMLUnknownElementImpl._dispatch (C:\Users\Julien Fritsch\Documents\GitHub\DooDates\node_modules\jsdom\lib\jsdom\living\events\EventTarget-impl.js:233:9)
The above error occurred in the <TestComponent> component:

    at TestComponent (C:\Users\Julien Fritsch\Documents\GitHub\DooDates\src\contexts\AuthContext.test.tsx:53:26)

Consider adding an error boundary to your tree to customize error handling behavior.
Visit https://reactjs.org/link/error-boundaries to learn more about error boundaries.

stderr | src/contexts/AuthContext.test.tsx > AuthContext > Error handling > should handle network errors during sign in
Warning: An update to AuthProvider inside a test was not wrapped in act(...).

When testing, code that causes React state updates should be wrapped into act(...):

act(() => {
  /* fire events that update state */
});
/* assert on the output */

This ensures that you're testing the behavior the user would see in the browser. Learn more at https://reactjs.org/link/wrap-tests-with-act
    at AuthProvider (C:\Users\Julien Fritsch\Documents\GitHub\DooDates\src\contexts\AuthContext.tsx:34:25)
Warning: An update to AuthProvider inside a test was not wrapped in act(...).

When testing, code that causes React state updates should be wrapped into act(...):

act(() => {
  /* fire events that update state */
});
/* assert on the output */

This ensures that you're testing the behavior the user would see in the browser. Learn more at https://reactjs.org/link/wrap-tests-with-act
    at AuthProvider (C:\Users\Julien Fritsch\Documents\GitHub\DooDates\src\contexts\AuthContext.tsx:34:25)

stderr | src/contexts/AuthContext.test.tsx > AuthContext > Error handling > should handle network errors during sign in
Warning: An update to AuthProvider inside a test was not wrapped in act(...).

When testing, code that causes React state updates should be wrapped into act(...):

act(() => {
  /* fire events that update state */
});
/* assert on the output */

This ensures that you're testing the behavior the user would see in the browser. Learn more at https://reactjs.org/link/wrap-tests-with-act
    at AuthProvider (C:\Users\Julien Fritsch\Documents\GitHub\DooDates\src\contexts\AuthContext.tsx:34:25)
Warning: An update to AuthProvider inside a test was not wrapped in act(...).

When testing, code that causes React state updates should be wrapped into act(...):

act(() => {
  /* fire events that update state */
});
/* assert on the output */

This ensures that you're testing the behavior the user would see in the browser. Learn more at https://reactjs.org/link/wrap-tests-with-act
    at AuthProvider (C:\Users\Julien Fritsch\Documents\GitHub\DooDates\src\contexts\AuthContext.tsx:34:25)

stderr | src/contexts/AuthContext.test.tsx > AuthContext > Analytics tracking > should track sign in events
Warning: An update to AuthProvider inside a test was not wrapped in act(...).

When testing, code that causes React state updates should be wrapped into act(...):

act(() => {
  /* fire events that update state */
});
/* assert on the output */

This ensures that you're testing the behavior the user would see in the browser. Learn more at https://reactjs.org/link/wrap-tests-with-act
    at AuthProvider (C:\Users\Julien Fritsch\Documents\GitHub\DooDates\src\contexts\AuthContext.tsx:34:25)
Warning: An update to AuthProvider inside a test was not wrapped in act(...).

When testing, code that causes React state updates should be wrapped into act(...):

act(() => {
  /* fire events that update state */
});
/* assert on the output */

This ensures that you're testing the behavior the user would see in the browser. Learn more at https://reactjs.org/link/wrap-tests-with-act
    at AuthProvider (C:\Users\Julien Fritsch\Documents\GitHub\DooDates\src\contexts\AuthContext.tsx:34:25)

stderr | src/contexts/AuthContext.test.tsx > AuthContext > Analytics tracking > should track sign in events
Warning: An update to AuthProvider inside a test was not wrapped in act(...).

When testing, code that causes React state updates should be wrapped into act(...):

act(() => {
  /* fire events that update state */
});
/* assert on the output */

This ensures that you're testing the behavior the user would see in the browser. Learn more at https://reactjs.org/link/wrap-tests-with-act
    at AuthProvider (C:\Users\Julien Fritsch\Documents\GitHub\DooDates\src\contexts\AuthContext.tsx:34:25)
Warning: An update to AuthProvider inside a test was not wrapped in act(...).

When testing, code that causes React state updates should be wrapped into act(...):

act(() => {
  /* fire events that update state */
});
/* assert on the output */

This ensures that you're testing the behavior the user would see in the browser. Learn more at https://reactjs.org/link/wrap-tests-with-act
    at AuthProvider (C:\Users\Julien Fritsch\Documents\GitHub\DooDates\src\contexts\AuthContext.tsx:34:25)

stderr | src/hooks/__tests__/useFreemiumQuota.test.ts > useFreemiumQuota > usage calculation > should handle localStorage errors gracefully
­ƒÜ¿ DooDates Error: {
  message: 'Error checking E2E flags',
  name: 'DooDatesError',
  stack: 'DooDatesError: Error checking E2E flags\n' +
    '    at Object.storage (C:\\Users\\Julien Fritsch\\Documents\\GitHub\\DooDates\\src\\lib\\error-handling.ts:141:5)\n' +
    '    at shouldBypassGuestQuota (C:\\Users\\Julien Fritsch\\Documents\\GitHub\\DooDates\\src\\lib\\guestQuotaService.ts:125:27)\n' +
    '    at ensureGuestQuota (C:\\Users\\Julien Fritsch\\Documents\\GitHub\\DooDates\\src\\lib\\guestQuotaService.ts:347:7)\n' +
    '    at getOrCreateGuestQuota (C:\\Users\\Julien Fritsch\\Documents\\GitHub\\DooDates\\src\\lib\\guestQuotaService.ts:552:24)\n' +
    '    at calculateUsage (C:\\Users\\Julien Fritsch\\Documents\\GitHub\\DooDates\\src\\hooks\\useFreemiumQuota.ts:143:30)\n' +
    '    at C:\\Users\\Julien Fritsch\\Documents\\GitHub\\DooDates\\src\\hooks\\useFreemiumQuota.ts:217:5\n' +
    '    at commitHookEffectListMount (C:\\Users\\Julien Fritsch\\Documents\\GitHub\\DooDates\\node_modules\\react-dom\\cjs\\react-dom.development.js:23189:26)\n' +
    '    at commitPassiveMountOnFiber (C:\\Users\\Julien Fritsch\\Documents\\GitHub\\DooDates\\node_modules\\react-dom\\cjs\\react-dom.development.js:24970:11)\n' +
    '    at commitPassiveMountEffects_complete (C:\\Users\\Julien Fritsch\\Documents\\GitHub\\DooDates\\node_modules\\react-dom\\cjs\\react-dom.development.js:24930:9)\n' +
    '    at commitPassiveMountEffects_begin (C:\\Users\\Julien Fritsch\\Documents\\GitHub\\DooDates\\node_modules\\react-dom\\cjs\\react-dom.development.js:24917:7)',
  timestamp: '2025-11-20T09:58:08.704Z',
  context: {
    component: 'guestQuotaService',
    metadata: {
      originalError: Error: Storage error
          at Object.<anonymous> (C:\Users\Julien Fritsch\Documents\GitHub\DooDates\src\hooks\__tests__\useFreemiumQuota.test.ts:130:15)
          at Object.mockCall (file:///C:/Users/Julien%20Fritsch/Documents/GitHub/DooDates/node_modules/@vitest/spy/dist/index.js:96:15)
          at Object.getItem (file:///C:/Users/Julien%20Fritsch/Documents/GitHub/DooDates/node_modules/tinyspy/dist/index.js:47:80)
          at shouldBypassGuestQuota (C:\Users\Julien Fritsch\Documents\GitHub\DooDates\src\lib\guestQuotaService.ts:119:20)
          at ensureGuestQuota (C:\Users\Julien Fritsch\Documents\GitHub\DooDates\src\lib\guestQuotaService.ts:347:7)
          at getOrCreateGuestQuota (C:\Users\Julien Fritsch\Documents\GitHub\DooDates\src\lib\guestQuotaService.ts:552:24)
          at calculateUsage (C:\Users\Julien Fritsch\Documents\GitHub\DooDates\src\hooks\useFreemiumQuota.ts:143:30)
          at C:\Users\Julien Fritsch\Documents\GitHub\DooDates\src\hooks\useFreemiumQuota.ts:217:5
          at commitHookEffectListMount (C:\Users\Julien Fritsch\Documents\GitHub\DooDates\node_modules\react-dom\cjs\react-dom.development.js:23189:26)
          at commitPassiveMountOnFiber (C:\Users\Julien Fritsch\Documents\GitHub\DooDates\node_modules\react-dom\cjs\react-dom.development.js:24970:11)
    }
  },
  severity: 'high',
  category: 'storage',
  userMessage: 'Failed to check E2E environment'
}
ÔØî ­ƒöÆ Failed to get fingerprint {
  error: Error: Storage error
      at Object.<anonymous> (C:\Users\Julien Fritsch\Documents\GitHub\DooDates\src\hooks\__tests__\useFreemiumQuota.test.ts:130:15)
      at Object.mockCall (file:///C:/Users/Julien%20Fritsch/Documents/GitHub/DooDates/node_modules/@vitest/spy/dist/index.js:96:15)
      at Object.getItem (file:///C:/Users/Julien%20Fritsch/Documents/GitHub/DooDates/node_modules/tinyspy/dist/index.js:47:80)
      at readCache (C:\Users\Julien Fritsch\Documents\GitHub\DooDates\src\lib\browserFingerprint.ts:248:34)
      at getCachedFingerprint (C:\Users\Julien Fritsch\Documents\GitHub\DooDates\src\lib\browserFingerprint.ts:262:20)
      at ensureGuestQuota (C:\Users\Julien Fritsch\Documents\GitHub\DooDates\src\lib\guestQuotaService.ts:352:31)
      at getOrCreateGuestQuota (C:\Users\Julien Fritsch\Documents\GitHub\DooDates\src\lib\guestQuotaService.ts:552:24)
      at calculateUsage (C:\Users\Julien Fritsch\Documents\GitHub\DooDates\src\hooks\useFreemiumQuota.ts:143:30)
      at C:\Users\Julien Fritsch\Documents\GitHub\DooDates\src\hooks\useFreemiumQuota.ts:217:5
      at commitHookEffectListMount (C:\Users\Julien Fritsch\Documents\GitHub\DooDates\node_modules\react-dom\cjs\react-dom.development.js:23189:26)
}

stderr | Logger.logWithLevel (C:\Users\Julien Fritsch\Documents\GitHub\DooDates\src\lib\logger.ts:155:17)
ÔØî Ôä╣´©Å Failed to create guest quota 

stderr | Logger.logWithLevel (C:\Users\Julien Fritsch\Documents\GitHub\DooDates\src\lib\logger.ts:155:17)
ÔØî Ôä╣´©Å Failed to create guest quota 

stderr | Logger.logWithLevel (C:\Users\Julien Fritsch\Documents\GitHub\DooDates\src\lib\logger.ts:155:17)
ÔØî Ôä╣´©Å Failed to create guest quota 

stderr | Logger.logWithLevel (C:\Users\Julien Fritsch\Documents\GitHub\DooDates\src\lib\logger.ts:155:17)
ÔØî Ôä╣´©Å Failed to create guest quota 

stderr | Logger.logWithLevel (C:\Users\Julien Fritsch\Documents\GitHub\DooDates\src\lib\logger.ts:155:17)
ÔØî Ôä╣´©Å Failed to create guest quota 

stderr | Logger.logWithLevel (C:\Users\Julien Fritsch\Documents\GitHub\DooDates\src\lib\logger.ts:155:17)
ÔØî Ôä╣´©Å Failed to create guest quota 

stderr | Logger.logWithLevel (C:\Users\Julien Fritsch\Documents\GitHub\DooDates\src\lib\logger.ts:155:17)
ÔØî Ôä╣´©Å Failed to create guest quota 

stderr | Logger.logWithLevel (C:\Users\Julien Fritsch\Documents\GitHub\DooDates\src\lib\logger.ts:155:17)
ÔØî Ôä╣´©Å Failed to create guest quota 

stderr | Logger.logWithLevel (C:\Users\Julien Fritsch\Documents\GitHub\DooDates\src\lib\logger.ts:155:17)
ÔØî Ôä╣´©Å Failed to create guest quota 

stderr | Logger.logWithLevel (C:\Users\Julien Fritsch\Documents\GitHub\DooDates\src\lib\logger.ts:155:17)
ÔØî Ôä╣´©Å Failed to create guest quota 

stderr | Logger.logWithLevel (C:\Users\Julien Fritsch\Documents\GitHub\DooDates\src\lib\logger.ts:155:17)
ÔØî Ôä╣´©Å Failed to create guest quota 

stderr | src/components/conversations/__tests__/ConversationActions.test.tsx > ConversationActions > Delete Dialog > opens delete dialog when delete action is clicked
Warning: validateDOMNesting(...): <div> cannot appear as a descendant of <p>.
    at div
    at p
    at file:///C:/Users/Julien%20Fritsch/Documents/GitHub/DooDates/node_modules/@radix-ui/react-primitive/dist/index.mjs:28:13
    at file:///C:/Users/Julien%20Fritsch/Documents/GitHub/DooDates/node_modules/@radix-ui/react-dialog/dist/index.mjs:254:13
    at file:///C:/Users/Julien%20Fritsch/Documents/GitHub/DooDates/node_modules/@radix-ui/react-alert-dialog/dist/index.mjs:99:11
    at C:\Users\Julien Fritsch\Documents\GitHub\DooDates\src\components\ui\alert-dialog.tsx:81:82
    at div
    at AlertDialogHeader (C:\Users\Julien Fritsch\Documents\GitHub\DooDates\src\components\ui\alert-dialog.tsx:53:30)
    at Slottable2 (file:///C:/Users/Julien%20Fritsch/Documents/GitHub/DooDates/node_modules/@radix-ui/react-alert-dialog/node_modules/@radix-ui/react-slot/dist/index.mjs:50:25)
    at div
    at file:///C:/Users/Julien%20Fritsch/Documents/GitHub/DooDates/node_modules/@radix-ui/react-primitive/dist/index.mjs:28:13
    at file:///C:/Users/Julien%20Fritsch/Documents/GitHub/DooDates/node_modules/@radix-ui/react-dismissable-layer/dist/index.mjs:24:7
    at file:///C:/Users/Julien%20Fritsch/Documents/GitHub/DooDates/node_modules/@radix-ui/react-primitive/node_modules/@radix-ui/react-slot/dist/index.mjs:33:13
    at file:///C:/Users/Julien%20Fritsch/Documents/GitHub/DooDates/node_modules/@radix-ui/react-primitive/node_modules/@radix-ui/react-slot/dist/index.mjs:9:13
    at file:///C:/Users/Julien%20Fritsch/Documents/GitHub/DooDates/node_modules/@radix-ui/react-primitive/dist/index.mjs:28:13
    at file:///C:/Users/Julien%20Fritsch/Documents/GitHub/DooDates/node_modules/@radix-ui/react-focus-scope/dist/index.mjs:15:5
    at file:///C:/Users/Julien%20Fritsch/Documents/GitHub/DooDates/node_modules/@radix-ui/react-dialog/dist/index.mjs:206:13
    at file:///C:/Users/Julien%20Fritsch/Documents/GitHub/DooDates/node_modules/@radix-ui/react-dialog/dist/index.mjs:132:58
    at Presence (file:///C:/Users/Julien%20Fritsch/Documents/GitHub/DooDates/node_modules/@radix-ui/react-presence/dist/index.mjs:19:11)
    at file:///C:/Users/Julien%20Fritsch/Documents/GitHub/DooDates/node_modules/@radix-ui/react-dialog/dist/index.mjs:123:64
    at Provider (file:///C:/Users/Julien%20Fritsch/Documents/GitHub/DooDates/node_modules/@radix-ui/react-context/dist/index.mjs:27:15)
    at Provider (file:///C:/Users/Julien%20Fritsch/Documents/GitHub/DooDates/node_modules/@radix-ui/react-context/dist/index.mjs:7:13)
    at file:///C:/Users/Julien%20Fritsch/Documents/GitHub/DooDates/node_modules/@radix-ui/react-alert-dialog/dist/index.mjs:53:13
    at file:///C:/Users/Julien%20Fritsch/Documents/GitHub/DooDates/node_modules/@radix-ui/react-primitive/node_modules/@radix-ui/react-slot/dist/index.mjs:33:13
    at file:///C:/Users/Julien%20Fritsch/Documents/GitHub/DooDates/node_modules/@radix-ui/react-primitive/node_modules/@radix-ui/react-slot/dist/index.mjs:9:13
    at file:///C:/Users/Julien%20Fritsch/Documents/GitHub/DooDates/node_modules/@radix-ui/react-primitive/dist/index.mjs:28:13
    at file:///C:/Users/Julien%20Fritsch/Documents/GitHub/DooDates/node_modules/@radix-ui/react-portal/dist/index.mjs:11:22
    at Presence (file:///C:/Users/Julien%20Fritsch/Documents/GitHub/DooDates/node_modules/@radix-ui/react-presence/dist/index.mjs:19:11)
    at Provider (file:///C:/Users/Julien%20Fritsch/Documents/GitHub/DooDates/node_modules/@radix-ui/react-context/dist/index.mjs:27:15)
    at DialogPortal (file:///C:/Users/Julien%20Fritsch/Documents/GitHub/DooDates/node_modules/@radix-ui/react-dialog/dist/index.mjs:85:11)
    at AlertDialogPortal (file:///C:/Users/Julien%20Fritsch/Documents/GitHub/DooDates/node_modules/@radix-ui/react-alert-dialog/dist/index.mjs:34:11)
    at C:\Users\Julien Fritsch\Documents\GitHub\DooDates\src\components\ui\alert-dialog.tsx:30:78
    at Provider (file:///C:/Users/Julien%20Fritsch/Documents/GitHub/DooDates/node_modules/@radix-ui/react-context/dist/index.mjs:27:15)
    at Dialog (file:///C:/Users/Julien%20Fritsch/Documents/GitHub/DooDates/node_modules/@radix-ui/react-dialog/dist/index.mjs:25:5)
    at AlertDialog (file:///C:/Users/Julien%20Fritsch/Documents/GitHub/DooDates/node_modules/@radix-ui/react-alert-dialog/dist/index.mjs:18:11)
    at DeleteDialog (C:\Users\Julien Fritsch\Documents\GitHub\DooDates\src\components\conversations\ConversationActions.tsx:162:25)
    at div
    at ConversationActions (C:\Users\Julien Fritsch\Documents\GitHub\DooDates\src\components\conversations\ConversationActions.tsx:275:32)

stderr | src/hooks/__tests__/useAutoSave.titleGeneration.test.ts > useAutoSave - G├®n├®ration de Titre (Sc├®nario R├®el) > devrait g├®n├®rer un titre apr├¿s cr├®ation de sondage
­ƒÜ¿ DooDates Error: {
  message: 'No authentication token found',
  name: 'DooDatesError',
  stack: 'DooDatesError: No authentication token found\n' +
    '    at Object.auth (C:\\Users\\Julien Fritsch\\Documents\\GitHub\\DooDates\\src\\lib\\error-handling.ts:144:5)\n' +
    '    at createSupabaseConversation (C:\\Users\\Julien Fritsch\\Documents\\GitHub\\DooDates\\src\\lib\\storage\\ConversationStorageSupabase.ts:276:26)\n' +
    '    at C:\\Users\\Julien Fritsch\\Documents\\GitHub\\DooDates\\src\\hooks\\useAutoSave.ts:185:35',
  timestamp: '2025-11-20T09:58:13.773Z',
  context: {
    component: 'ConversationStorageSupabase',
    operation: 'createConversation'
  },
  severity: 'high',
  category: 'auth',
  userMessage: "Erreur d'authentification"
}
­ƒÜ¿ DooDates Error: {
  message: 'No authentication token found',
  name: 'DooDatesError',
  stack: 'DooDatesError: No authentication token found\n' +
    '    at Object.auth (C:\\Users\\Julien Fritsch\\Documents\\GitHub\\DooDates\\src\\lib\\error-handling.ts:144:5)\n' +
    '    at createSupabaseConversation (C:\\Users\\Julien Fritsch\\Documents\\GitHub\\DooDates\\src\\lib\\storage\\ConversationStorageSupabase.ts:276:26)\n' +
    '    at C:\\Users\\Julien Fritsch\\Documents\\GitHub\\DooDates\\src\\hooks\\useAutoSave.ts:185:35',
  timestamp: '2025-11-20T09:58:13.774Z',
  context: {
    component: 'ConversationStorageSupabase',
    operation: 'createConversation'
  },
  severity: 'high',
  category: 'auth',
  userMessage: "Erreur d'authentification"
}

stderr | src/hooks/__tests__/useAutoSave.titleGeneration.test.ts > useAutoSave - G├®n├®ration de Titre (Sc├®nario R├®el) > devrait g├®n├®rer un titre apr├¿s cr├®ation de sondage
­ƒÜ¿ DooDates Error: {
  message: 'Erreur synchronisation Supabase (non-bloquant)',
  name: 'DooDatesError',
  stack: 'DooDatesError: Erreur synchronisation Supabase (non-bloquant)\n' +
    '    at Object.storage (C:\\Users\\Julien Fritsch\\Documents\\GitHub\\DooDates\\src\\lib\\error-handling.ts:141:5)\n' +
    '    at C:\\Users\\Julien Fritsch\\Documents\\GitHub\\DooDates\\src\\hooks\\useAutoSave.ts:231:30',
  timestamp: '2025-11-20T09:58:13.777Z',
  context: {
    metadata: {
      originalError: [DooDatesError],
      requestId: 'fb7ff402-977d-44ac-809f-786ce4122a4d',
      timestamp: '2025-11-20T09:58:13.733Z'
    }
  },
  severity: 'high',
  category: 'storage',
  userMessage: 'Une erreur est survenue lors de la synchronisation avec Supabase'
}
­ƒÜ¿ DooDates Error: {
  message: 'No authentication token found',
  name: 'DooDatesError',
  stack: 'DooDatesError: No authentication token found\n' +
    '    at Object.auth (C:\\Users\\Julien Fritsch\\Documents\\GitHub\\DooDates\\src\\lib\\error-handling.ts:144:5)\n' +
    '    at supabaseRestApi (C:\\Users\\Julien Fritsch\\Documents\\GitHub\\DooDates\\src\\lib\\supabaseApi.ts:123:24)\n' +
    '    at supabaseSelect (C:\\Users\\Julien Fritsch\\Documents\\GitHub\\DooDates\\src\\lib\\supabaseApi.ts:260:16)\n' +
    '    at getConversation (C:\\Users\\Julien Fritsch\\Documents\\GitHub\\DooDates\\src\\lib\\storage\\ConversationStorageSupabase.ts:176:24)\n' +
    '    at getMessages (C:\\Users\\Julien Fritsch\\Documents\\GitHub\\DooDates\\src\\lib\\storage\\ConversationStorageSupabase.ts:488:32)\n' +
    '    at addSupabaseMessages (C:\\Users\\Julien Fritsch\\Documents\\GitHub\\DooDates\\src\\lib\\storage\\ConversationStorageSupabase.ts:680:36)\n' +
    '    at Object.addMessage (C:\\Users\\Julien Fritsch\\Documents\\GitHub\\DooDates\\src\\hooks\\useAutoSave.ts:616:32)\n' +
    '    at C:\\Users\\Julien Fritsch\\Documents\\GitHub\\DooDates\\src\\hooks\\__tests__\\useAutoSave.titleGeneration.test.ts:130:7',
  timestamp: '2025-11-20T09:58:13.780Z',
  context: {
    component: 'ConversationStorageSupabase',
    operation: 'getConversation'
  },
  severity: 'high',
  category: 'auth',
  userMessage: 'Please sign in to continue'
}
­ƒÜ¿ DooDates Error: {
  message: 'No authentication token found',
  name: 'DooDatesError',
  stack: 'DooDatesError: No authentication token found\n' +
    '    at Object.auth (C:\\Users\\Julien Fritsch\\Documents\\GitHub\\DooDates\\src\\lib\\error-handling.ts:144:5)\n' +
    '    at supabaseRestApi (C:\\Users\\Julien Fritsch\\Documents\\GitHub\\DooDates\\src\\lib\\supabaseApi.ts:123:24)\n' +
    '    at supabaseSelect (C:\\Users\\Julien Fritsch\\Documents\\GitHub\\DooDates\\src\\lib\\supabaseApi.ts:260:16)\n' +
    '    at getConversation (C:\\Users\\Julien Fritsch\\Documents\\GitHub\\DooDates\\src\\lib\\storage\\ConversationStorageSupabase.ts:176:24)\n' +
    '    at getMessages (C:\\Users\\Julien Fritsch\\Documents\\GitHub\\DooDates\\src\\lib\\storage\\ConversationStorageSupabase.ts:488:32)\n' +
    '    at addSupabaseMessages (C:\\Users\\Julien Fritsch\\Documents\\GitHub\\DooDates\\src\\lib\\storage\\ConversationStorageSupabase.ts:680:36)\n' +
    '    at Object.addMessage (C:\\Users\\Julien Fritsch\\Documents\\GitHub\\DooDates\\src\\hooks\\useAutoSave.ts:616:32)\n' +
    '    at C:\\Users\\Julien Fritsch\\Documents\\GitHub\\DooDates\\src\\hooks\\__tests__\\useAutoSave.titleGeneration.test.ts:130:7',
  timestamp: '2025-11-20T09:58:13.781Z',
  context: {
    component: 'ConversationStorageSupabase',
    operation: 'getConversation',
    conversationId: 'conv-123'
  },
  severity: 'high',
  category: 'auth',
  userMessage: 'Please sign in to continue'
}

stderr | src/hooks/__tests__/useAutoSave.titleGeneration.test.ts > useAutoSave - G├®n├®ration de Titre (Sc├®nario R├®el) > devrait g├®n├®rer un titre apr├¿s cr├®ation de sondage
­ƒÜ¿ DooDates Error: {
  message: 'No authentication token found',
  name: 'DooDatesError',
  stack: 'DooDatesError: No authentication token found\n' +
    '    at Object.auth (C:\\Users\\Julien Fritsch\\Documents\\GitHub\\DooDates\\src\\lib\\error-handling.ts:144:5)\n' +
    '    at supabaseRestApi (C:\\Users\\Julien Fritsch\\Documents\\GitHub\\DooDates\\src\\lib\\supabaseApi.ts:123:24)\n' +
    '    at supabaseSelect (C:\\Users\\Julien Fritsch\\Documents\\GitHub\\DooDates\\src\\lib\\supabaseApi.ts:260:16)\n' +
    '    at getConversation (C:\\Users\\Julien Fritsch\\Documents\\GitHub\\DooDates\\src\\lib\\storage\\ConversationStorageSupabase.ts:176:24)\n' +
    '    at getMessages (C:\\Users\\Julien Fritsch\\Documents\\GitHub\\DooDates\\src\\lib\\storage\\ConversationStorageSupabase.ts:488:32)\n' +
    '    at addSupabaseMessages (C:\\Users\\Julien Fritsch\\Documents\\GitHub\\DooDates\\src\\lib\\storage\\ConversationStorageSupabase.ts:680:36)\n' +
    '    at Object.addMessage (C:\\Users\\Julien Fritsch\\Documents\\GitHub\\DooDates\\src\\hooks\\useAutoSave.ts:616:32)\n' +
    '    at C:\\Users\\Julien Fritsch\\Documents\\GitHub\\DooDates\\src\\hooks\\__tests__\\useAutoSave.titleGeneration.test.ts:130:7',
  timestamp: '2025-11-20T09:58:13.781Z',
  context: {
    component: 'ConversationStorageSupabase',
    operation: 'getMessages'
  },
  severity: 'high',
  category: 'auth',
  userMessage: 'Please sign in to continue'
}
­ƒÜ¿ DooDates Error: {
  message: 'No authentication token found',
  name: 'DooDatesError',
  stack: 'DooDatesError: No authentication token found\n' +
    '    at Object.auth (C:\\Users\\Julien Fritsch\\Documents\\GitHub\\DooDates\\src\\lib\\error-handling.ts:144:5)\n' +
    '    at supabaseRestApi (C:\\Users\\Julien Fritsch\\Documents\\GitHub\\DooDates\\src\\lib\\supabaseApi.ts:123:24)\n' +
    '    at supabaseSelect (C:\\Users\\Julien Fritsch\\Documents\\GitHub\\DooDates\\src\\lib\\supabaseApi.ts:260:16)\n' +
    '    at getConversation (C:\\Users\\Julien Fritsch\\Documents\\GitHub\\DooDates\\src\\lib\\storage\\ConversationStorageSupabase.ts:176:24)\n' +
    '    at getMessages (C:\\Users\\Julien Fritsch\\Documents\\GitHub\\DooDates\\src\\lib\\storage\\ConversationStorageSupabase.ts:488:32)\n' +
    '    at addSupabaseMessages (C:\\Users\\Julien Fritsch\\Documents\\GitHub\\DooDates\\src\\lib\\storage\\ConversationStorageSupabase.ts:680:36)\n' +
    '    at Object.addMessage (C:\\Users\\Julien Fritsch\\Documents\\GitHub\\DooDates\\src\\hooks\\useAutoSave.ts:616:32)\n' +
    '    at C:\\Users\\Julien Fritsch\\Documents\\GitHub\\DooDates\\src\\hooks\\__tests__\\useAutoSave.titleGeneration.test.ts:130:7',
  timestamp: '2025-11-20T09:58:13.781Z',
  context: {
    component: 'ConversationStorageSupabase',
    operation: 'getMessages',
    conversationId: 'conv-123'
  },
  severity: 'high',
  category: 'auth',
  userMessage: 'Please sign in to continue'
}

stderr | src/hooks/__tests__/useAutoSave.titleGeneration.test.ts > useAutoSave - G├®n├®ration de Titre (Sc├®nario R├®el) > devrait g├®n├®rer un titre apr├¿s cr├®ation de sondage
­ƒÜ¿ DooDates Error: {
  message: 'No authentication token found',
  name: 'DooDatesError',
  stack: 'DooDatesError: No authentication token found\n' +
    '    at Object.auth (C:\\Users\\Julien Fritsch\\Documents\\GitHub\\DooDates\\src\\lib\\error-handling.ts:144:5)\n' +
    '    at supabaseRestApi (C:\\Users\\Julien Fritsch\\Documents\\GitHub\\DooDates\\src\\lib\\supabaseApi.ts:123:24)\n' +
    '    at supabaseSelect (C:\\Users\\Julien Fritsch\\Documents\\GitHub\\DooDates\\src\\lib\\supabaseApi.ts:260:16)\n' +
    '    at getConversation (C:\\Users\\Julien Fritsch\\Documents\\GitHub\\DooDates\\src\\lib\\storage\\ConversationStorageSupabase.ts:176:24)\n' +
    '    at getMessages (C:\\Users\\Julien Fritsch\\Documents\\GitHub\\DooDates\\src\\lib\\storage\\ConversationStorageSupabase.ts:488:32)\n' +
    '    at addSupabaseMessages (C:\\Users\\Julien Fritsch\\Documents\\GitHub\\DooDates\\src\\lib\\storage\\ConversationStorageSupabase.ts:680:36)\n' +
    '    at Object.addMessage (C:\\Users\\Julien Fritsch\\Documents\\GitHub\\DooDates\\src\\hooks\\useAutoSave.ts:616:32)\n' +
    '    at C:\\Users\\Julien Fritsch\\Documents\\GitHub\\DooDates\\src\\hooks\\__tests__\\useAutoSave.titleGeneration.test.ts:130:7',
  timestamp: '2025-11-20T09:58:13.781Z',
  context: {
    component: 'ConversationStorageSupabase',
    operation: 'addMessages'
  },
  severity: 'high',
  category: 'auth',
  userMessage: 'Please sign in to continue'
}
­ƒÜ¿ DooDates Error: {
  message: 'No authentication token found',
  name: 'DooDatesError',
  stack: 'DooDatesError: No authentication token found\n' +
    '    at Object.auth (C:\\Users\\Julien Fritsch\\Documents\\GitHub\\DooDates\\src\\lib\\error-handling.ts:144:5)\n' +
    '    at supabaseRestApi (C:\\Users\\Julien Fritsch\\Documents\\GitHub\\DooDates\\src\\lib\\supabaseApi.ts:123:24)\n' +
    '    at supabaseSelect (C:\\Users\\Julien Fritsch\\Documents\\GitHub\\DooDates\\src\\lib\\supabaseApi.ts:260:16)\n' +
    '    at getConversation (C:\\Users\\Julien Fritsch\\Documents\\GitHub\\DooDates\\src\\lib\\storage\\ConversationStorageSupabase.ts:176:24)\n' +
    '    at getMessages (C:\\Users\\Julien Fritsch\\Documents\\GitHub\\DooDates\\src\\lib\\storage\\ConversationStorageSupabase.ts:488:32)\n' +
    '    at addSupabaseMessages (C:\\Users\\Julien Fritsch\\Documents\\GitHub\\DooDates\\src\\lib\\storage\\ConversationStorageSupabase.ts:680:36)\n' +
    '    at Object.addMessage (C:\\Users\\Julien Fritsch\\Documents\\GitHub\\DooDates\\src\\hooks\\useAutoSave.ts:616:32)\n' +
    '    at C:\\Users\\Julien Fritsch\\Documents\\GitHub\\DooDates\\src\\hooks\\__tests__\\useAutoSave.titleGeneration.test.ts:130:7',
  timestamp: '2025-11-20T09:58:13.781Z',
  context: {
    component: 'ConversationStorageSupabase',
    operation: 'addMessages',
    conversationId: 'conv-123'
  },
  severity: 'high',
  category: 'auth',
  userMessage: 'Please sign in to continue'
}

stderr | src/hooks/__tests__/useAutoSave.titleGeneration.test.ts > useAutoSave - G├®n├®ration de Titre (Sc├®nario R├®el) > devrait g├®n├®rer un titre apr├¿s cr├®ation de sondage
­ƒÜ¿ DooDates Error: {
  message: 'Erreur Supabase',
  name: 'DooDatesError',
  stack: 'DooDatesError: Erreur Supabase\n' +
    '    at Object.storage (C:\\Users\\Julien Fritsch\\Documents\\GitHub\\DooDates\\src\\lib\\error-handling.ts:141:5)\n' +
    '    at Object.addMessage (C:\\Users\\Julien Fritsch\\Documents\\GitHub\\DooDates\\src\\hooks\\useAutoSave.ts:631:28)\n' +
    '    at C:\\Users\\Julien Fritsch\\Documents\\GitHub\\DooDates\\src\\hooks\\__tests__\\useAutoSave.titleGeneration.test.ts:130:7',
  timestamp: '2025-11-20T09:58:13.782Z',
  context: {
    metadata: {
      originalError: [DooDatesError],
      requestId: '72987225-7693-467f-bfef-354497ded3a6',
      timestamp: '2025-11-20T09:58:13.730Z'
    }
  },
  severity: 'high',
  category: 'storage',
  userMessage: 'Une erreur est survenue lors de la sauvegarde dans Supabase'
}
­ƒÜ¿ DooDates Error: {
  message: "Erreur Supabase lors de l'ajout du message",
  name: 'DooDatesError',
  stack: "DooDatesError: Erreur Supabase lors de l'ajout du message\n" +
    '    at Object.storage (C:\\Users\\Julien Fritsch\\Documents\\GitHub\\DooDates\\src\\lib\\error-handling.ts:141:5)\n' +
    '    at Object.addMessage (C:\\Users\\Julien Fritsch\\Documents\\GitHub\\DooDates\\src\\hooks\\useAutoSave.ts:639:28)\n' +
    '    at C:\\Users\\Julien Fritsch\\Documents\\GitHub\\DooDates\\src\\hooks\\__tests__\\useAutoSave.titleGeneration.test.ts:130:7',
  timestamp: '2025-11-20T09:58:13.783Z',
  context: {
    operation: 'useAutoSave.addMessage',
    conversationId: 'conv-123',
    metadata: {
      requestId: '72987225-7693-467f-bfef-354497ded3a6',
      userId: 'test-user-123',
      error: [DooDatesError],
      errorMessage: 'No authentication token found'
    }
  },
  severity: 'high',
  category: 'storage',
  userMessage: 'Le message sera sauvegard├® localement'
}
ÔØî Ôä╣´©Å Erreur lors de l'ajout du message dans Supabase, utilisation de localStorage {
  error: DooDatesError: No authentication token found
      at Object.auth (C:\Users\Julien Fritsch\Documents\GitHub\DooDates\src\lib\error-handling.ts:144:5)
      at supabaseRestApi (C:\Users\Julien Fritsch\Documents\GitHub\DooDates\src\lib\supabaseApi.ts:123:24)
      at supabaseSelect (C:\Users\Julien Fritsch\Documents\GitHub\DooDates\src\lib\supabaseApi.ts:260:16)
      at getConversation (C:\Users\Julien Fritsch\Documents\GitHub\DooDates\src\lib\storage\ConversationStorageSupabase.ts:176:24)
      at getMessages (C:\Users\Julien Fritsch\Documents\GitHub\DooDates\src\lib\storage\ConversationStorageSupabase.ts:488:32)
      at addSupabaseMessages (C:\Users\Julien Fritsch\Documents\GitHub\DooDates\src\lib\storage\ConversationStorageSupabase.ts:680:36)
      at Object.addMessage (C:\Users\Julien Fritsch\Documents\GitHub\DooDates\src\hooks\useAutoSave.ts:616:32)
      at C:\Users\Julien Fritsch\Documents\GitHub\DooDates\src\hooks\__tests__\useAutoSave.titleGeneration.test.ts:130:7 {
    severity: 'high',
    category: 'auth',
    context: {},
    timestamp: '2025-11-20T09:58:13.777Z',
    userMessage: 'Please sign in to continue'
  },
  errorMessage: 'No authentication token found'
}

stderr | src/hooks/__tests__/useAutoSave.titleGeneration.test.ts > useAutoSave - G├®n├®ration de Titre (Sc├®nario R├®el) > devrait g├®n├®rer un titre apr├¿s cr├®ation de sondage
­ƒÜ¿ DooDates Error: {
  message: 'No authentication token found',
  name: 'DooDatesError',
  stack: 'DooDatesError: No authentication token found\n' +
    '    at Object.auth (C:\\Users\\Julien Fritsch\\Documents\\GitHub\\DooDates\\src\\lib\\error-handling.ts:144:5)\n' +
    '    at supabaseRestApi (C:\\Users\\Julien Fritsch\\Documents\\GitHub\\DooDates\\src\\lib\\supabaseApi.ts:123:24)\n' +
    '    at supabaseSelect (C:\\Users\\Julien Fritsch\\Documents\\GitHub\\DooDates\\src\\lib\\supabaseApi.ts:260:16)\n' +
    '    at getConversation (C:\\Users\\Julien Fritsch\\Documents\\GitHub\\DooDates\\src\\lib\\storage\\ConversationStorageSupabase.ts:176:24)\n' +
    '    at getMessages (C:\\Users\\Julien Fritsch\\Documents\\GitHub\\DooDates\\src\\lib\\storage\\ConversationStorageSupabase.ts:488:32)\n' +
    '    at addSupabaseMessages (C:\\Users\\Julien Fritsch\\Documents\\GitHub\\DooDates\\src\\lib\\storage\\ConversationStorageSupabase.ts:680:36)\n' +
    '    at Object.addMessage (C:\\Users\\Julien Fritsch\\Documents\\GitHub\\DooDates\\src\\hooks\\useAutoSave.ts:616:32)\n' +
    '    at C:\\Users\\Julien Fritsch\\Documents\\GitHub\\DooDates\\src\\hooks\\__tests__\\useAutoSave.titleGeneration.test.ts:143:7',
  timestamp: '2025-11-20T09:58:13.787Z',
  context: {
    component: 'ConversationStorageSupabase',
    operation: 'getConversation'
  },
  severity: 'high',
  category: 'auth',
  userMessage: 'Please sign in to continue'
}
­ƒÜ¿ DooDates Error: {
  message: 'No authentication token found',
  name: 'DooDatesError',
  stack: 'DooDatesError: No authentication token found\n' +
    '    at Object.auth (C:\\Users\\Julien Fritsch\\Documents\\GitHub\\DooDates\\src\\lib\\error-handling.ts:144:5)\n' +
    '    at supabaseRestApi (C:\\Users\\Julien Fritsch\\Documents\\GitHub\\DooDates\\src\\lib\\supabaseApi.ts:123:24)\n' +
    '    at supabaseSelect (C:\\Users\\Julien Fritsch\\Documents\\GitHub\\DooDates\\src\\lib\\supabaseApi.ts:260:16)\n' +
    '    at getConversation (C:\\Users\\Julien Fritsch\\Documents\\GitHub\\DooDates\\src\\lib\\storage\\ConversationStorageSupabase.ts:176:24)\n' +
    '    at getMessages (C:\\Users\\Julien Fritsch\\Documents\\GitHub\\DooDates\\src\\lib\\storage\\ConversationStorageSupabase.ts:488:32)\n' +
    '    at addSupabaseMessages (C:\\Users\\Julien Fritsch\\Documents\\GitHub\\DooDates\\src\\lib\\storage\\ConversationStorageSupabase.ts:680:36)\n' +
    '    at Object.addMessage (C:\\Users\\Julien Fritsch\\Documents\\GitHub\\DooDates\\src\\hooks\\useAutoSave.ts:616:32)\n' +
    '    at C:\\Users\\Julien Fritsch\\Documents\\GitHub\\DooDates\\src\\hooks\\__tests__\\useAutoSave.titleGeneration.test.ts:143:7',
  timestamp: '2025-11-20T09:58:13.787Z',
  context: {
    component: 'ConversationStorageSupabase',
    operation: 'getConversation',
    conversationId: 'conv-123'
  },
  severity: 'high',
  category: 'auth',
  userMessage: 'Please sign in to continue'
}

stderr | src/hooks/__tests__/useAutoSave.titleGeneration.test.ts > useAutoSave - G├®n├®ration de Titre (Sc├®nario R├®el) > devrait g├®n├®rer un titre apr├¿s cr├®ation de sondage
­ƒÜ¿ DooDates Error: {
  message: 'No authentication token found',
  name: 'DooDatesError',
  stack: 'DooDatesError: No authentication token found\n' +
    '    at Object.auth (C:\\Users\\Julien Fritsch\\Documents\\GitHub\\DooDates\\src\\lib\\error-handling.ts:144:5)\n' +
    '    at supabaseRestApi (C:\\Users\\Julien Fritsch\\Documents\\GitHub\\DooDates\\src\\lib\\supabaseApi.ts:123:24)\n' +
    '    at supabaseSelect (C:\\Users\\Julien Fritsch\\Documents\\GitHub\\DooDates\\src\\lib\\supabaseApi.ts:260:16)\n' +
    '    at getConversation (C:\\Users\\Julien Fritsch\\Documents\\GitHub\\DooDates\\src\\lib\\storage\\ConversationStorageSupabase.ts:176:24)\n' +
    '    at getMessages (C:\\Users\\Julien Fritsch\\Documents\\GitHub\\DooDates\\src\\lib\\storage\\ConversationStorageSupabase.ts:488:32)\n' +
    '    at addSupabaseMessages (C:\\Users\\Julien Fritsch\\Documents\\GitHub\\DooDates\\src\\lib\\storage\\ConversationStorageSupabase.ts:680:36)\n' +
    '    at Object.addMessage (C:\\Users\\Julien Fritsch\\Documents\\GitHub\\DooDates\\src\\hooks\\useAutoSave.ts:616:32)\n' +
    '    at C:\\Users\\Julien Fritsch\\Documents\\GitHub\\DooDates\\src\\hooks\\__tests__\\useAutoSave.titleGeneration.test.ts:143:7',
  timestamp: '2025-11-20T09:58:13.788Z',
  context: {
    component: 'ConversationStorageSupabase',
    operation: 'getMessages'
  },
  severity: 'high',
  category: 'auth',
  userMessage: 'Please sign in to continue'
}
­ƒÜ¿ DooDates Error: {
  message: 'No authentication token found',
  name: 'DooDatesError',
  stack: 'DooDatesError: No authentication token found\n' +
    '    at Object.auth (C:\\Users\\Julien Fritsch\\Documents\\GitHub\\DooDates\\src\\lib\\error-handling.ts:144:5)\n' +
    '    at supabaseRestApi (C:\\Users\\Julien Fritsch\\Documents\\GitHub\\DooDates\\src\\lib\\supabaseApi.ts:123:24)\n' +
    '    at supabaseSelect (C:\\Users\\Julien Fritsch\\Documents\\GitHub\\DooDates\\src\\lib\\supabaseApi.ts:260:16)\n' +
    '    at getConversation (C:\\Users\\Julien Fritsch\\Documents\\GitHub\\DooDates\\src\\lib\\storage\\ConversationStorageSupabase.ts:176:24)\n' +
    '    at getMessages (C:\\Users\\Julien Fritsch\\Documents\\GitHub\\DooDates\\src\\lib\\storage\\ConversationStorageSupabase.ts:488:32)\n' +
    '    at addSupabaseMessages (C:\\Users\\Julien Fritsch\\Documents\\GitHub\\DooDates\\src\\lib\\storage\\ConversationStorageSupabase.ts:680:36)\n' +
    '    at Object.addMessage (C:\\Users\\Julien Fritsch\\Documents\\GitHub\\DooDates\\src\\hooks\\useAutoSave.ts:616:32)\n' +
    '    at C:\\Users\\Julien Fritsch\\Documents\\GitHub\\DooDates\\src\\hooks\\__tests__\\useAutoSave.titleGeneration.test.ts:143:7',
  timestamp: '2025-11-20T09:58:13.788Z',
  context: {
    component: 'ConversationStorageSupabase',
    operation: 'getMessages',
    conversationId: 'conv-123'
  },
  severity: 'high',
  category: 'auth',
  userMessage: 'Please sign in to continue'
}

stderr | src/hooks/__tests__/useAutoSave.titleGeneration.test.ts > useAutoSave - G├®n├®ration de Titre (Sc├®nario R├®el) > devrait g├®n├®rer un titre apr├¿s cr├®ation de sondage
­ƒÜ¿ DooDates Error: {
  message: 'No authentication token found',
  name: 'DooDatesError',
  stack: 'DooDatesError: No authentication token found\n' +
    '    at Object.auth (C:\\Users\\Julien Fritsch\\Documents\\GitHub\\DooDates\\src\\lib\\error-handling.ts:144:5)\n' +
    '    at supabaseRestApi (C:\\Users\\Julien Fritsch\\Documents\\GitHub\\DooDates\\src\\lib\\supabaseApi.ts:123:24)\n' +
    '    at supabaseSelect (C:\\Users\\Julien Fritsch\\Documents\\GitHub\\DooDates\\src\\lib\\supabaseApi.ts:260:16)\n' +
    '    at getConversation (C:\\Users\\Julien Fritsch\\Documents\\GitHub\\DooDates\\src\\lib\\storage\\ConversationStorageSupabase.ts:176:24)\n' +
    '    at getMessages (C:\\Users\\Julien Fritsch\\Documents\\GitHub\\DooDates\\src\\lib\\storage\\ConversationStorageSupabase.ts:488:32)\n' +
    '    at addSupabaseMessages (C:\\Users\\Julien Fritsch\\Documents\\GitHub\\DooDates\\src\\lib\\storage\\ConversationStorageSupabase.ts:680:36)\n' +
    '    at Object.addMessage (C:\\Users\\Julien Fritsch\\Documents\\GitHub\\DooDates\\src\\hooks\\useAutoSave.ts:616:32)\n' +
    '    at C:\\Users\\Julien Fritsch\\Documents\\GitHub\\DooDates\\src\\hooks\\__tests__\\useAutoSave.titleGeneration.test.ts:143:7',
  timestamp: '2025-11-20T09:58:13.788Z',
  context: {
    component: 'ConversationStorageSupabase',
    operation: 'addMessages'
  },
  severity: 'high',
  category: 'auth',
  userMessage: 'Please sign in to continue'
}
­ƒÜ¿ DooDates Error: {
  message: 'No authentication token found',
  name: 'DooDatesError',
  stack: 'DooDatesError: No authentication token found\n' +
    '    at Object.auth (C:\\Users\\Julien Fritsch\\Documents\\GitHub\\DooDates\\src\\lib\\error-handling.ts:144:5)\n' +
    '    at supabaseRestApi (C:\\Users\\Julien Fritsch\\Documents\\GitHub\\DooDates\\src\\lib\\supabaseApi.ts:123:24)\n' +
    '    at supabaseSelect (C:\\Users\\Julien Fritsch\\Documents\\GitHub\\DooDates\\src\\lib\\supabaseApi.ts:260:16)\n' +
    '    at getConversation (C:\\Users\\Julien Fritsch\\Documents\\GitHub\\DooDates\\src\\lib\\storage\\ConversationStorageSupabase.ts:176:24)\n' +
    '    at getMessages (C:\\Users\\Julien Fritsch\\Documents\\GitHub\\DooDates\\src\\lib\\storage\\ConversationStorageSupabase.ts:488:32)\n' +
    '    at addSupabaseMessages (C:\\Users\\Julien Fritsch\\Documents\\GitHub\\DooDates\\src\\lib\\storage\\ConversationStorageSupabase.ts:680:36)\n' +
    '    at Object.addMessage (C:\\Users\\Julien Fritsch\\Documents\\GitHub\\DooDates\\src\\hooks\\useAutoSave.ts:616:32)\n' +
    '    at C:\\Users\\Julien Fritsch\\Documents\\GitHub\\DooDates\\src\\hooks\\__tests__\\useAutoSave.titleGeneration.test.ts:143:7',
  timestamp: '2025-11-20T09:58:13.788Z',
  context: {
    component: 'ConversationStorageSupabase',
    operation: 'addMessages',
    conversationId: 'conv-123'
  },
  severity: 'high',
  category: 'auth',
  userMessage: 'Please sign in to continue'
}

stderr | src/hooks/__tests__/useAutoSave.titleGeneration.test.ts > useAutoSave - G├®n├®ration de Titre (Sc├®nario R├®el) > devrait g├®n├®rer un titre apr├¿s cr├®ation de sondage
­ƒÜ¿ DooDates Error: {
  message: 'Erreur Supabase',
  name: 'DooDatesError',
  stack: 'DooDatesError: Erreur Supabase\n' +
    '    at Object.storage (C:\\Users\\Julien Fritsch\\Documents\\GitHub\\DooDates\\src\\lib\\error-handling.ts:141:5)\n' +
    '    at Object.addMessage (C:\\Users\\Julien Fritsch\\Documents\\GitHub\\DooDates\\src\\hooks\\useAutoSave.ts:631:28)\n' +
    '    at C:\\Users\\Julien Fritsch\\Documents\\GitHub\\DooDates\\src\\hooks\\__tests__\\useAutoSave.titleGeneration.test.ts:143:7',
  timestamp: '2025-11-20T09:58:13.788Z',
  context: {
    metadata: {
      originalError: [DooDatesError],
      requestId: '19efd906-9bdf-46d2-8aea-302757813dc1',
      timestamp: '2025-11-20T09:58:13.785Z'
    }
  },
  severity: 'high',
  category: 'storage',
  userMessage: 'Une erreur est survenue lors de la sauvegarde dans Supabase'
}
­ƒÜ¿ DooDates Error: {
  message: "Erreur Supabase lors de l'ajout du message",
  name: 'DooDatesError',
  stack: "DooDatesError: Erreur Supabase lors de l'ajout du message\n" +
    '    at Object.storage (C:\\Users\\Julien Fritsch\\Documents\\GitHub\\DooDates\\src\\lib\\error-handling.ts:141:5)\n' +
    '    at Object.addMessage (C:\\Users\\Julien Fritsch\\Documents\\GitHub\\DooDates\\src\\hooks\\useAutoSave.ts:639:28)\n' +
    '    at C:\\Users\\Julien Fritsch\\Documents\\GitHub\\DooDates\\src\\hooks\\__tests__\\useAutoSave.titleGeneration.test.ts:143:7',
  timestamp: '2025-11-20T09:58:13.789Z',
  context: {
    operation: 'useAutoSave.addMessage',
    conversationId: 'conv-123',
    metadata: {
      requestId: '19efd906-9bdf-46d2-8aea-302757813dc1',
      userId: 'test-user-123',
      error: [DooDatesError],
      errorMessage: 'No authentication token found'
    }
  },
  severity: 'high',
  category: 'storage',
  userMessage: 'Le message sera sauvegard├® localement'
}
ÔØî Ôä╣´©Å Erreur lors de l'ajout du message dans Supabase, utilisation de localStorage {
  error: DooDatesError: No authentication token found
      at Object.auth (C:\Users\Julien Fritsch\Documents\GitHub\DooDates\src\lib\error-handling.ts:144:5)
      at supabaseRestApi (C:\Users\Julien Fritsch\Documents\GitHub\DooDates\src\lib\supabaseApi.ts:123:24)
      at supabaseSelect (C:\Users\Julien Fritsch\Documents\GitHub\DooDates\src\lib\supabaseApi.ts:260:16)
      at getConversation (C:\Users\Julien Fritsch\Documents\GitHub\DooDates\src\lib\storage\ConversationStorageSupabase.ts:176:24)
      at getMessages (C:\Users\Julien Fritsch\Documents\GitHub\DooDates\src\lib\storage\ConversationStorageSupabase.ts:488:32)
      at addSupabaseMessages (C:\Users\Julien Fritsch\Documents\GitHub\DooDates\src\lib\storage\ConversationStorageSupabase.ts:680:36)
      at Object.addMessage (C:\Users\Julien Fritsch\Documents\GitHub\DooDates\src\hooks\useAutoSave.ts:616:32)
      at C:\Users\Julien Fritsch\Documents\GitHub\DooDates\src\hooks\__tests__\useAutoSave.titleGeneration.test.ts:143:7 {
    severity: 'high',
    category: 'auth',
    context: {},
    timestamp: '2025-11-20T09:58:13.787Z',
    userMessage: 'Please sign in to continue'
  },
  errorMessage: 'No authentication token found'
}

stderr | src/components/polls/__tests__/PollAnalyticsPanel.test.tsx > PollAnalyticsPanel > Rendu initial > affiche le titre et le header
Warning: An update to PollAnalyticsPanel inside a test was not wrapped in act(...).

When testing, code that causes React state updates should be wrapped into act(...):

act(() => {
  /* fire events that update state */
});
/* assert on the output */

This ensures that you're testing the behavior the user would see in the browser. Learn more at https://reactjs.org/link/wrap-tests-with-act
    at PollAnalyticsPanel (C:\Users\Julien Fritsch\Documents\GitHub\DooDates\src\components\polls\PollAnalyticsPanel.tsx:24:31)
Warning: An update to PollAnalyticsPanel inside a test was not wrapped in act(...).

When testing, code that causes React state updates should be wrapped into act(...):

act(() => {
  /* fire events that update state */
});
/* assert on the output */

This ensures that you're testing the behavior the user would see in the browser. Learn more at https://reactjs.org/link/wrap-tests-with-act
    at PollAnalyticsPanel (C:\Users\Julien Fritsch\Documents\GitHub\DooDates\src\components\polls\PollAnalyticsPanel.tsx:24:31)

stderr | src/components/polls/__tests__/PollAnalyticsPanel.test.tsx > PollAnalyticsPanel > Rendu initial > affiche le bouton d'actualisation
Warning: An update to PollAnalyticsPanel inside a test was not wrapped in act(...).

When testing, code that causes React state updates should be wrapped into act(...):

act(() => {
  /* fire events that update state */
});
/* assert on the output */

This ensures that you're testing the behavior the user would see in the browser. Learn more at https://reactjs.org/link/wrap-tests-with-act
    at PollAnalyticsPanel (C:\Users\Julien Fritsch\Documents\GitHub\DooDates\src\components\polls\PollAnalyticsPanel.tsx:24:31)
Warning: An update to PollAnalyticsPanel inside a test was not wrapped in act(...).

When testing, code that causes React state updates should be wrapped into act(...):

act(() => {
  /* fire events that update state */
});
/* assert on the output */

This ensures that you're testing the behavior the user would see in the browser. Learn more at https://reactjs.org/link/wrap-tests-with-act
    at PollAnalyticsPanel (C:\Users\Julien Fritsch\Documents\GitHub\DooDates\src\components\polls\PollAnalyticsPanel.tsx:24:31)

stderr | src/components/polls/__tests__/PollAnalyticsPanel.test.tsx > PollAnalyticsPanel > Rendu initial > affiche le formulaire de requ├¬te
Warning: An update to PollAnalyticsPanel inside a test was not wrapped in act(...).

When testing, code that causes React state updates should be wrapped into act(...):

act(() => {
  /* fire events that update state */
});
/* assert on the output */

This ensures that you're testing the behavior the user would see in the browser. Learn more at https://reactjs.org/link/wrap-tests-with-act
    at PollAnalyticsPanel (C:\Users\Julien Fritsch\Documents\GitHub\DooDates\src\components\polls\PollAnalyticsPanel.tsx:24:31)
Warning: An update to PollAnalyticsPanel inside a test was not wrapped in act(...).

When testing, code that causes React state updates should be wrapped into act(...):

act(() => {
  /* fire events that update state */
});
/* assert on the output */

This ensures that you're testing the behavior the user would see in the browser. Learn more at https://reactjs.org/link/wrap-tests-with-act
    at PollAnalyticsPanel (C:\Users\Julien Fritsch\Documents\GitHub\DooDates\src\components\polls\PollAnalyticsPanel.tsx:24:31)

stderr | src/components/polls/__tests__/PollAnalyticsPanel.test.tsx > PollAnalyticsPanel > Rendu initial > affiche les quick queries
Warning: An update to PollAnalyticsPanel inside a test was not wrapped in act(...).

When testing, code that causes React state updates should be wrapped into act(...):

act(() => {
  /* fire events that update state */
});
/* assert on the output */

This ensures that you're testing the behavior the user would see in the browser. Learn more at https://reactjs.org/link/wrap-tests-with-act
    at PollAnalyticsPanel (C:\Users\Julien Fritsch\Documents\GitHub\DooDates\src\components\polls\PollAnalyticsPanel.tsx:24:31)
Warning: An update to PollAnalyticsPanel inside a test was not wrapped in act(...).

When testing, code that causes React state updates should be wrapped into act(...):

act(() => {
  /* fire events that update state */
});
/* assert on the output */

This ensures that you're testing the behavior the user would see in the browser. Learn more at https://reactjs.org/link/wrap-tests-with-act
    at PollAnalyticsPanel (C:\Users\Julien Fritsch\Documents\GitHub\DooDates\src\components\polls\PollAnalyticsPanel.tsx:24:31)

stderr | src/components/polls/__tests__/PollAnalyticsPanel.test.tsx > PollAnalyticsPanel > Rendu initial > affiche l'indicateur de quota
Warning: An update to PollAnalyticsPanel inside a test was not wrapped in act(...).

When testing, code that causes React state updates should be wrapped into act(...):

act(() => {
  /* fire events that update state */
});
/* assert on the output */

This ensures that you're testing the behavior the user would see in the browser. Learn more at https://reactjs.org/link/wrap-tests-with-act
    at PollAnalyticsPanel (C:\Users\Julien Fritsch\Documents\GitHub\DooDates\src\components\polls\PollAnalyticsPanel.tsx:24:31)
Warning: An update to PollAnalyticsPanel inside a test was not wrapped in act(...).

When testing, code that causes React state updates should be wrapped into act(...):

act(() => {
  /* fire events that update state */
});
/* assert on the output */

This ensures that you're testing the behavior the user would see in the browser. Learn more at https://reactjs.org/link/wrap-tests-with-act
    at PollAnalyticsPanel (C:\Users\Julien Fritsch\Documents\GitHub\DooDates\src\components\polls\PollAnalyticsPanel.tsx:24:31)

stderr | src/components/polls/__tests__/PollAnalyticsPanel.test.tsx > PollAnalyticsPanel > Soumission de requ├¬te > n'envoie pas de requ├¬te si input vide
Warning: An update to PollAnalyticsPanel inside a test was not wrapped in act(...).

When testing, code that causes React state updates should be wrapped into act(...):

act(() => {
  /* fire events that update state */
});
/* assert on the output */

This ensures that you're testing the behavior the user would see in the browser. Learn more at https://reactjs.org/link/wrap-tests-with-act
    at PollAnalyticsPanel (C:\Users\Julien Fritsch\Documents\GitHub\DooDates\src\components\polls\PollAnalyticsPanel.tsx:24:31)
Warning: An update to PollAnalyticsPanel inside a test was not wrapped in act(...).

When testing, code that causes React state updates should be wrapped into act(...):

act(() => {
  /* fire events that update state */
});
/* assert on the output */

This ensures that you're testing the behavior the user would see in the browser. Learn more at https://reactjs.org/link/wrap-tests-with-act
    at PollAnalyticsPanel (C:\Users\Julien Fritsch\Documents\GitHub\DooDates\src\components\polls\PollAnalyticsPanel.tsx:24:31)

stderr | src/hooks/__tests__/useAutoSave.titleGeneration.test.ts > useAutoSave - G├®n├®ration de Titre (Sc├®nario R├®el) > devrait g├®n├®rer un titre apr├¿s cr├®ation de sondage
­ƒÜ¿ DooDates Error: {
  message: 'No authentication token found',
  name: 'DooDatesError',
  stack: 'DooDatesError: No authentication token found\n' +
    '    at Object.auth (C:\\Users\\Julien Fritsch\\Documents\\GitHub\\DooDates\\src\\lib\\error-handling.ts:144:5)\n' +
    '    at supabaseRestApi (C:\\Users\\Julien Fritsch\\Documents\\GitHub\\DooDates\\src\\lib\\supabaseApi.ts:123:24)\n' +
    '    at supabaseUpdate (C:\\Users\\Julien Fritsch\\Documents\\GitHub\\DooDates\\src\\lib\\supabaseApi.ts:221:24)\n' +
    '    at updateSupabaseConversation (C:\\Users\\Julien Fritsch\\Documents\\GitHub\\DooDates\\src\\lib\\storage\\ConversationStorageSupabase.ts:385:24)\n' +
    '    at Timeout._onTimeout (C:\\Users\\Julien Fritsch\\Documents\\GitHub\\DooDates\\src\\hooks\\useAutoSave.ts:358:27)',
  timestamp: '2025-11-20T09:58:15.295Z',
  context: {
    component: 'ConversationStorageSupabase',
    operation: 'updateConversation'
  },
  severity: 'high',
  category: 'auth',
  userMessage: 'Please sign in to continue'
}
­ƒÜ¿ DooDates Error: {
  message: 'No authentication token found',
  name: 'DooDatesError',
  stack: 'DooDatesError: No authentication token found\n' +
    '    at Object.auth (C:\\Users\\Julien Fritsch\\Documents\\GitHub\\DooDates\\src\\lib\\error-handling.ts:144:5)\n' +
    '    at supabaseRestApi (C:\\Users\\Julien Fritsch\\Documents\\GitHub\\DooDates\\src\\lib\\supabaseApi.ts:123:24)\n' +
    '    at supabaseUpdate (C:\\Users\\Julien Fritsch\\Documents\\GitHub\\DooDates\\src\\lib\\supabaseApi.ts:221:24)\n' +
    '    at updateSupabaseConversation (C:\\Users\\Julien Fritsch\\Documents\\GitHub\\DooDates\\src\\lib\\storage\\ConversationStorageSupabase.ts:385:24)\n' +
    '    at Timeout._onTimeout (C:\\Users\\Julien Fritsch\\Documents\\GitHub\\DooDates\\src\\hooks\\useAutoSave.ts:358:27)',
  timestamp: '2025-11-20T09:58:15.295Z',
  context: {
    component: 'ConversationStorageSupabase',
    operation: 'updateConversation',
    conversationId: 'conv-123'
  },
  severity: 'high',
  category: 'auth',
  userMessage: 'Please sign in to continue'
}

stderr | src/hooks/__tests__/useAutoSave.titleGeneration.test.ts > useAutoSave - G├®n├®ration de Titre (Sc├®nario R├®el) > devrait g├®n├®rer un titre apr├¿s cr├®ation de sondage
ÔØî Ôä╣´©Å Erreur lors de la mise ├á jour du titre dans Supabase DooDatesError: No authentication token found
    at Object.auth (C:\Users\Julien Fritsch\Documents\GitHub\DooDates\src\lib\error-handling.ts:144:5)
    at supabaseRestApi (C:\Users\Julien Fritsch\Documents\GitHub\DooDates\src\lib\supabaseApi.ts:123:24)
    at supabaseUpdate (C:\Users\Julien Fritsch\Documents\GitHub\DooDates\src\lib\supabaseApi.ts:221:24)
    at updateSupabaseConversation (C:\Users\Julien Fritsch\Documents\GitHub\DooDates\src\lib\storage\ConversationStorageSupabase.ts:385:24)
    at Timeout._onTimeout (C:\Users\Julien Fritsch\Documents\GitHub\DooDates\src\hooks\useAutoSave.ts:358:27) {
  severity: 'high',
  category: 'auth',
  context: {},
  timestamp: '2025-11-20T09:58:15.295Z',
  userMessage: 'Please sign in to continue'
}

stderr | src/components/polls/__tests__/PollAnalyticsPanel.test.tsx > PollAnalyticsPanel > Gestion des quotas > affiche l'indicateur de quota ├®puis├®
Warning: An update to PollAnalyticsPanel inside a test was not wrapped in act(...).

When testing, code that causes React state updates should be wrapped into act(...):

act(() => {
  /* fire events that update state */
});
/* assert on the output */

This ensures that you're testing the behavior the user would see in the browser. Learn more at https://reactjs.org/link/wrap-tests-with-act
    at PollAnalyticsPanel (C:\Users\Julien Fritsch\Documents\GitHub\DooDates\src\components\polls\PollAnalyticsPanel.tsx:24:31)
Warning: An update to PollAnalyticsPanel inside a test was not wrapped in act(...).

When testing, code that causes React state updates should be wrapped into act(...):

act(() => {
  /* fire events that update state */
});
/* assert on the output */

This ensures that you're testing the behavior the user would see in the browser. Learn more at https://reactjs.org/link/wrap-tests-with-act
    at PollAnalyticsPanel (C:\Users\Julien Fritsch\Documents\GitHub\DooDates\src\components\polls\PollAnalyticsPanel.tsx:24:31)

stderr | src/components/polls/__tests__/PollAnalyticsPanel.test.tsx > PollAnalyticsPanel > Gestion des quotas > affiche le nombre de requ├¬tes utilis├®es
Warning: An update to PollAnalyticsPanel inside a test was not wrapped in act(...).

When testing, code that causes React state updates should be wrapped into act(...):

act(() => {
  /* fire events that update state */
});
/* assert on the output */

This ensures that you're testing the behavior the user would see in the browser. Learn more at https://reactjs.org/link/wrap-tests-with-act
    at PollAnalyticsPanel (C:\Users\Julien Fritsch\Documents\GitHub\DooDates\src\components\polls\PollAnalyticsPanel.tsx:24:31)
Warning: An update to PollAnalyticsPanel inside a test was not wrapped in act(...).

When testing, code that causes React state updates should be wrapped into act(...):

act(() => {
  /* fire events that update state */
});
/* assert on the output */

This ensures that you're testing the behavior the user would see in the browser. Learn more at https://reactjs.org/link/wrap-tests-with-act
    at PollAnalyticsPanel (C:\Users\Julien Fritsch\Documents\GitHub\DooDates\src\components\polls\PollAnalyticsPanel.tsx:24:31)

stderr | src/hooks/__tests__/useConversations.test.ts > useConversations > conversations list > should fetch and return conversations
ÔØî Ôä╣´©Å Erreur lors du chargement depuis Supabase, utilisation de localStorage Error: Storage error
    at C:\Users\Julien Fritsch\Documents\GitHub\DooDates\src\hooks\__tests__\useConversations.test.ts:100:72
    at file:///C:/Users/Julien%20Fritsch/Documents/GitHub/DooDates/node_modules/@vitest/runner/dist/chunk-hooks.js:155:11
    at file:///C:/Users/Julien%20Fritsch/Documents/GitHub/DooDates/node_modules/@vitest/runner/dist/chunk-hooks.js:1897:20
    at new Promise (<anonymous>)
    at runWithTimeout (file:///C:/Users/Julien%20Fritsch/Documents/GitHub/DooDates/node_modules/@vitest/runner/dist/chunk-hooks.js:1863:10)
    at runHook (file:///C:/Users/Julien%20Fritsch/Documents/GitHub/DooDates/node_modules/@vitest/runner/dist/chunk-hooks.js:1436:51)
    at callSuiteHook (file:///C:/Users/Julien%20Fritsch/Documents/GitHub/DooDates/node_modules/@vitest/runner/dist/chunk-hooks.js:1442:25)
    at callSuiteHook (file:///C:/Users/Julien%20Fritsch/Documents/GitHub/DooDates/node_modules/@vitest/runner/dist/chunk-hooks.js:1429:21)
    at runTest (file:///C:/Users/Julien%20Fritsch/Documents/GitHub/DooDates/node_modules/@vitest/runner/dist/chunk-hooks.js:1566:26)
    at runSuite (file:///C:/Users/Julien%20Fritsch/Documents/GitHub/DooDates/node_modules/@vitest/runner/dist/chunk-hooks.js:1729:8)

stderr | src/hooks/__tests__/useConversations.test.ts > useConversations > conversations list > should handle empty conversations list
ÔØî Ôä╣´©Å Erreur lors du chargement depuis Supabase, utilisation de localStorage Error: Storage error
    at C:\Users\Julien Fritsch\Documents\GitHub\DooDates\src\hooks\__tests__\useConversations.test.ts:100:72
    at file:///C:/Users/Julien%20Fritsch/Documents/GitHub/DooDates/node_modules/@vitest/runner/dist/chunk-hooks.js:155:11
    at file:///C:/Users/Julien%20Fritsch/Documents/GitHub/DooDates/node_modules/@vitest/runner/dist/chunk-hooks.js:1897:20
    at new Promise (<anonymous>)
    at runWithTimeout (file:///C:/Users/Julien%20Fritsch/Documents/GitHub/DooDates/node_modules/@vitest/runner/dist/chunk-hooks.js:1863:10)
    at runHook (file:///C:/Users/Julien%20Fritsch/Documents/GitHub/DooDates/node_modules/@vitest/runner/dist/chunk-hooks.js:1436:51)
    at callSuiteHook (file:///C:/Users/Julien%20Fritsch/Documents/GitHub/DooDates/node_modules/@vitest/runner/dist/chunk-hooks.js:1442:25)
    at callSuiteHook (file:///C:/Users/Julien%20Fritsch/Documents/GitHub/DooDates/node_modules/@vitest/runner/dist/chunk-hooks.js:1429:21)
    at runTest (file:///C:/Users/Julien%20Fritsch/Documents/GitHub/DooDates/node_modules/@vitest/runner/dist/chunk-hooks.js:1566:26)
    at runSuite (file:///C:/Users/Julien%20Fritsch/Documents/GitHub/DooDates/node_modules/@vitest/runner/dist/chunk-hooks.js:1729:8)

stderr | src/hooks/__tests__/useConversations.test.ts > useConversations > conversations list > should handle storage errors gracefully
ÔØî Ôä╣´©Å Erreur lors du chargement depuis Supabase, utilisation de localStorage Error: Storage error
    at C:\Users\Julien Fritsch\Documents\GitHub\DooDates\src\hooks\__tests__\useConversations.test.ts:100:72
    at file:///C:/Users/Julien%20Fritsch/Documents/GitHub/DooDates/node_modules/@vitest/runner/dist/chunk-hooks.js:155:11
    at file:///C:/Users/Julien%20Fritsch/Documents/GitHub/DooDates/node_modules/@vitest/runner/dist/chunk-hooks.js:1897:20
    at new Promise (<anonymous>)
    at runWithTimeout (file:///C:/Users/Julien%20Fritsch/Documents/GitHub/DooDates/node_modules/@vitest/runner/dist/chunk-hooks.js:1863:10)
    at runHook (file:///C:/Users/Julien%20Fritsch/Documents/GitHub/DooDates/node_modules/@vitest/runner/dist/chunk-hooks.js:1436:51)
    at callSuiteHook (file:///C:/Users/Julien%20Fritsch/Documents/GitHub/DooDates/node_modules/@vitest/runner/dist/chunk-hooks.js:1442:25)
    at callSuiteHook (file:///C:/Users/Julien%20Fritsch/Documents/GitHub/DooDates/node_modules/@vitest/runner/dist/chunk-hooks.js:1429:21)
    at runTest (file:///C:/Users/Julien%20Fritsch/Documents/GitHub/DooDates/node_modules/@vitest/runner/dist/chunk-hooks.js:1566:26)
    at runSuite (file:///C:/Users/Julien%20Fritsch/Documents/GitHub/DooDates/node_modules/@vitest/runner/dist/chunk-hooks.js:1729:8)
ÔØî Ôä╣´©Å [useConversations] Erreur chargement 

stderr | src/hooks/__tests__/useConversations.test.ts > useConversations > conversations list > should apply filters correctly
ÔØî Ôä╣´©Å Erreur lors du chargement depuis Supabase, utilisation de localStorage Error: Storage error
    at C:\Users\Julien Fritsch\Documents\GitHub\DooDates\src\hooks\__tests__\useConversations.test.ts:100:72
    at file:///C:/Users/Julien%20Fritsch/Documents/GitHub/DooDates/node_modules/@vitest/runner/dist/chunk-hooks.js:155:11
    at file:///C:/Users/Julien%20Fritsch/Documents/GitHub/DooDates/node_modules/@vitest/runner/dist/chunk-hooks.js:1897:20
    at new Promise (<anonymous>)
    at runWithTimeout (file:///C:/Users/Julien%20Fritsch/Documents/GitHub/DooDates/node_modules/@vitest/runner/dist/chunk-hooks.js:1863:10)
    at runHook (file:///C:/Users/Julien%20Fritsch/Documents/GitHub/DooDates/node_modules/@vitest/runner/dist/chunk-hooks.js:1436:51)
    at callSuiteHook (file:///C:/Users/Julien%20Fritsch/Documents/GitHub/DooDates/node_modules/@vitest/runner/dist/chunk-hooks.js:1442:25)
    at callSuiteHook (file:///C:/Users/Julien%20Fritsch/Documents/GitHub/DooDates/node_modules/@vitest/runner/dist/chunk-hooks.js:1429:21)
    at runTest (file:///C:/Users/Julien%20Fritsch/Documents/GitHub/DooDates/node_modules/@vitest/runner/dist/chunk-hooks.js:1566:26)
    at runSuite (file:///C:/Users/Julien%20Fritsch/Documents/GitHub/DooDates/node_modules/@vitest/runner/dist/chunk-hooks.js:1729:8)

stderr | src/hooks/__tests__/useConversations.test.ts > useConversations > conversations list > should handle pagination config
ÔØî Ôä╣´©Å Erreur lors du chargement depuis Supabase, utilisation de localStorage Error: Storage error
    at C:\Users\Julien Fritsch\Documents\GitHub\DooDates\src\hooks\__tests__\useConversations.test.ts:100:72
    at file:///C:/Users/Julien%20Fritsch/Documents/GitHub/DooDates/node_modules/@vitest/runner/dist/chunk-hooks.js:155:11
    at file:///C:/Users/Julien%20Fritsch/Documents/GitHub/DooDates/node_modules/@vitest/runner/dist/chunk-hooks.js:1897:20
    at new Promise (<anonymous>)
    at runWithTimeout (file:///C:/Users/Julien%20Fritsch/Documents/GitHub/DooDates/node_modules/@vitest/runner/dist/chunk-hooks.js:1863:10)
    at runHook (file:///C:/Users/Julien%20Fritsch/Documents/GitHub/DooDates/node_modules/@vitest/runner/dist/chunk-hooks.js:1436:51)
    at callSuiteHook (file:///C:/Users/Julien%20Fritsch/Documents/GitHub/DooDates/node_modules/@vitest/runner/dist/chunk-hooks.js:1442:25)
    at callSuiteHook (file:///C:/Users/Julien%20Fritsch/Documents/GitHub/DooDates/node_modules/@vitest/runner/dist/chunk-hooks.js:1429:21)
    at runTest (file:///C:/Users/Julien%20Fritsch/Documents/GitHub/DooDates/node_modules/@vitest/runner/dist/chunk-hooks.js:1566:26)
    at runSuite (file:///C:/Users/Julien%20Fritsch/Documents/GitHub/DooDates/node_modules/@vitest/runner/dist/chunk-hooks.js:1729:8)

stderr | src/hooks/__tests__/useConversations.test.ts > useConversations > single conversation > should return conversation and messages
ÔØî Ôä╣´©Å Erreur lors du chargement depuis Supabase, utilisation de localStorage Error: Storage error
    at C:\Users\Julien Fritsch\Documents\GitHub\DooDates\src\hooks\__tests__\useConversations.test.ts:100:72
    at file:///C:/Users/Julien%20Fritsch/Documents/GitHub/DooDates/node_modules/@vitest/runner/dist/chunk-hooks.js:155:11
    at file:///C:/Users/Julien%20Fritsch/Documents/GitHub/DooDates/node_modules/@vitest/runner/dist/chunk-hooks.js:1897:20
    at new Promise (<anonymous>)
    at runWithTimeout (file:///C:/Users/Julien%20Fritsch/Documents/GitHub/DooDates/node_modules/@vitest/runner/dist/chunk-hooks.js:1863:10)
    at runHook (file:///C:/Users/Julien%20Fritsch/Documents/GitHub/DooDates/node_modules/@vitest/runner/dist/chunk-hooks.js:1436:51)
    at callSuiteHook (file:///C:/Users/Julien%20Fritsch/Documents/GitHub/DooDates/node_modules/@vitest/runner/dist/chunk-hooks.js:1442:25)
    at callSuiteHook (file:///C:/Users/Julien%20Fritsch/Documents/GitHub/DooDates/node_modules/@vitest/runner/dist/chunk-hooks.js:1429:21)
    at runTest (file:///C:/Users/Julien%20Fritsch/Documents/GitHub/DooDates/node_modules/@vitest/runner/dist/chunk-hooks.js:1566:26)
    at runSuite (file:///C:/Users/Julien%20Fritsch/Documents/GitHub/DooDates/node_modules/@vitest/runner/dist/chunk-hooks.js:1729:8)

stderr | src/hooks/__tests__/useConversations.test.ts > useConversations > single conversation > should return conversation and messages
­ƒÜ¿ DooDates Error: {
  message: 'No authentication token found',
  name: 'DooDatesError',
  stack: 'DooDatesError: No authentication token found\n' +
    '    at Object.auth (C:\\Users\\Julien Fritsch\\Documents\\GitHub\\DooDates\\src\\lib\\error-handling.ts:144:5)\n' +
    '    at supabaseRestApi (C:\\Users\\Julien Fritsch\\Documents\\GitHub\\DooDates\\src\\lib\\supabaseApi.ts:123:24)\n' +
    '    at supabaseSelect (C:\\Users\\Julien Fritsch\\Documents\\GitHub\\DooDates\\src\\lib\\supabaseApi.ts:260:16)\n' +
    '    at getSupabaseConversation (C:\\Users\\Julien Fritsch\\Documents\\GitHub\\DooDates\\src\\lib\\storage\\ConversationStorageSupabase.ts:176:24)\n' +
    '    at queryFn (C:\\Users\\Julien Fritsch\\Documents\\GitHub\\DooDates\\src\\hooks\\useConversations.ts:341:40)',
  timestamp: '2025-11-20T09:58:20.455Z',
  context: {
    component: 'ConversationStorageSupabase',
    operation: 'getConversation'
  },
  severity: 'high',
  category: 'auth',
  userMessage: 'Please sign in to continue'
}
­ƒÜ¿ DooDates Error: {
  message: 'No authentication token found',
  name: 'DooDatesError',
  stack: 'DooDatesError: No authentication token found\n' +
    '    at Object.auth (C:\\Users\\Julien Fritsch\\Documents\\GitHub\\DooDates\\src\\lib\\error-handling.ts:144:5)\n' +
    '    at supabaseRestApi (C:\\Users\\Julien Fritsch\\Documents\\GitHub\\DooDates\\src\\lib\\supabaseApi.ts:123:24)\n' +
    '    at supabaseSelect (C:\\Users\\Julien Fritsch\\Documents\\GitHub\\DooDates\\src\\lib\\supabaseApi.ts:260:16)\n' +
    '    at getSupabaseConversation (C:\\Users\\Julien Fritsch\\Documents\\GitHub\\DooDates\\src\\lib\\storage\\ConversationStorageSupabase.ts:176:24)\n' +
    '    at queryFn (C:\\Users\\Julien Fritsch\\Documents\\GitHub\\DooDates\\src\\hooks\\useConversations.ts:341:40)',
  timestamp: '2025-11-20T09:58:20.456Z',
  context: {
    component: 'ConversationStorageSupabase',
    operation: 'getConversation',
    conversationId: 'conv-1'
  },
  severity: 'high',
  category: 'auth',
  userMessage: 'Please sign in to continue'
}
­ƒÜ¿ DooDates Error: {
  message: 'No authentication token found',
  name: 'DooDatesError',
  stack: 'DooDatesError: No authentication token found\n' +
    '    at Object.auth (C:\\Users\\Julien Fritsch\\Documents\\GitHub\\DooDates\\src\\lib\\error-handling.ts:144:5)\n' +
    '    at supabaseRestApi (C:\\Users\\Julien Fritsch\\Documents\\GitHub\\DooDates\\src\\lib\\supabaseApi.ts:123:24)\n' +
    '    at supabaseSelect (C:\\Users\\Julien Fritsch\\Documents\\GitHub\\DooDates\\src\\lib\\supabaseApi.ts:260:16)\n' +
    '    at getConversation (C:\\Users\\Julien Fritsch\\Documents\\GitHub\\DooDates\\src\\lib\\storage\\ConversationStorageSupabase.ts:176:24)\n' +
    '    at getSupabaseMessages (C:\\Users\\Julien Fritsch\\Documents\\GitHub\\DooDates\\src\\lib\\storage\\ConversationStorageSupabase.ts:488:32)\n' +
    '    at queryFn (C:\\Users\\Julien Fritsch\\Documents\\GitHub\\DooDates\\src\\hooks\\useConversations.ts:372:44)',
  timestamp: '2025-11-20T09:58:20.457Z',
  context: {
    component: 'ConversationStorageSupabase',
    operation: 'getConversation'
  },
  severity: 'high',
  category: 'auth',
  userMessage: 'Please sign in to continue'
}
­ƒÜ¿ DooDates Error: {
  message: 'No authentication token found',
  name: 'DooDatesError',
  stack: 'DooDatesError: No authentication token found\n' +
    '    at Object.auth (C:\\Users\\Julien Fritsch\\Documents\\GitHub\\DooDates\\src\\lib\\error-handling.ts:144:5)\n' +
    '    at supabaseRestApi (C:\\Users\\Julien Fritsch\\Documents\\GitHub\\DooDates\\src\\lib\\supabaseApi.ts:123:24)\n' +
    '    at supabaseSelect (C:\\Users\\Julien Fritsch\\Documents\\GitHub\\DooDates\\src\\lib\\supabaseApi.ts:260:16)\n' +
    '    at getConversation (C:\\Users\\Julien Fritsch\\Documents\\GitHub\\DooDates\\src\\lib\\storage\\ConversationStorageSupabase.ts:176:24)\n' +
    '    at getSupabaseMessages (C:\\Users\\Julien Fritsch\\Documents\\GitHub\\DooDates\\src\\lib\\storage\\ConversationStorageSupabase.ts:488:32)\n' +
    '    at queryFn (C:\\Users\\Julien Fritsch\\Documents\\GitHub\\DooDates\\src\\hooks\\useConversations.ts:372:44)',
  timestamp: '2025-11-20T09:58:20.458Z',
  context: {
    component: 'ConversationStorageSupabase',
    operation: 'getConversation',
    conversationId: 'conv-1'
  },
  severity: 'high',
  category: 'auth',
  userMessage: 'Please sign in to continue'
}
ÔØî Ôä╣´©Å Erreur lors du chargement depuis Supabase, utilisation de localStorage DooDatesError: No authentication token found
    at Object.auth (C:\Users\Julien Fritsch\Documents\GitHub\DooDates\src\lib\error-handling.ts:144:5)
    at supabaseRestApi (C:\Users\Julien Fritsch\Documents\GitHub\DooDates\src\lib\supabaseApi.ts:123:24)
    at supabaseSelect (C:\Users\Julien Fritsch\Documents\GitHub\DooDates\src\lib\supabaseApi.ts:260:16)
    at getSupabaseConversation (C:\Users\Julien Fritsch\Documents\GitHub\DooDates\src\lib\storage\ConversationStorageSupabase.ts:176:24)
    at queryFn (C:\Users\Julien Fritsch\Documents\GitHub\DooDates\src\hooks\useConversations.ts:341:40) {
  severity: 'high',
  category: 'auth',
  context: {},
  timestamp: '2025-11-20T09:58:20.451Z',
  userMessage: 'Please sign in to continue'
}
­ƒÜ¿ DooDates Error: {
  message: 'No authentication token found',
  name: 'DooDatesError',
  stack: 'DooDatesError: No authentication token found\n' +
    '    at Object.auth (C:\\Users\\Julien Fritsch\\Documents\\GitHub\\DooDates\\src\\lib\\error-handling.ts:144:5)\n' +
    '    at supabaseRestApi (C:\\Users\\Julien Fritsch\\Documents\\GitHub\\DooDates\\src\\lib\\supabaseApi.ts:123:24)\n' +
    '    at supabaseSelect (C:\\Users\\Julien Fritsch\\Documents\\GitHub\\DooDates\\src\\lib\\supabaseApi.ts:260:16)\n' +
    '    at getConversation (C:\\Users\\Julien Fritsch\\Documents\\GitHub\\DooDates\\src\\lib\\storage\\ConversationStorageSupabase.ts:176:24)\n' +
    '    at getSupabaseMessages (C:\\Users\\Julien Fritsch\\Documents\\GitHub\\DooDates\\src\\lib\\storage\\ConversationStorageSupabase.ts:488:32)\n' +
    '    at queryFn (C:\\Users\\Julien Fritsch\\Documents\\GitHub\\DooDates\\src\\hooks\\useConversations.ts:372:44)',
  timestamp: '2025-11-20T09:58:20.458Z',
  context: {
    component: 'ConversationStorageSupabase',
    operation: 'getMessages'
  },
  severity: 'high',
  category: 'auth',
  userMessage: 'Please sign in to continue'
}
­ƒÜ¿ DooDates Error: {
  message: 'No authentication token found',
  name: 'DooDatesError',
  stack: 'DooDatesError: No authentication token found\n' +
    '    at Object.auth (C:\\Users\\Julien Fritsch\\Documents\\GitHub\\DooDates\\src\\lib\\error-handling.ts:144:5)\n' +
    '    at supabaseRestApi (C:\\Users\\Julien Fritsch\\Documents\\GitHub\\DooDates\\src\\lib\\supabaseApi.ts:123:24)\n' +
    '    at supabaseSelect (C:\\Users\\Julien Fritsch\\Documents\\GitHub\\DooDates\\src\\lib\\supabaseApi.ts:260:16)\n' +
    '    at getConversation (C:\\Users\\Julien Fritsch\\Documents\\GitHub\\DooDates\\src\\lib\\storage\\ConversationStorageSupabase.ts:176:24)\n' +
    '    at getSupabaseMessages (C:\\Users\\Julien Fritsch\\Documents\\GitHub\\DooDates\\src\\lib\\storage\\ConversationStorageSupabase.ts:488:32)\n' +
    '    at queryFn (C:\\Users\\Julien Fritsch\\Documents\\GitHub\\DooDates\\src\\hooks\\useConversations.ts:372:44)',
  timestamp: '2025-11-20T09:58:20.458Z',
  context: {
    component: 'ConversationStorageSupabase',
    operation: 'getMessages',
    conversationId: 'conv-1'
  },
  severity: 'high',
  category: 'auth',
  userMessage: 'Please sign in to continue'
}

stderr | src/hooks/__tests__/useConversations.test.ts > useConversations > single conversation > should return conversation and messages
ÔØî Ôä╣´©Å Erreur lors du chargement des messages depuis Supabase, utilisation de localStorage DooDatesError: No authentication token found
    at Object.auth (C:\Users\Julien Fritsch\Documents\GitHub\DooDates\src\lib\error-handling.ts:144:5)
    at supabaseRestApi (C:\Users\Julien Fritsch\Documents\GitHub\DooDates\src\lib\supabaseApi.ts:123:24)
    at supabaseSelect (C:\Users\Julien Fritsch\Documents\GitHub\DooDates\src\lib\supabaseApi.ts:260:16)
    at getConversation (C:\Users\Julien Fritsch\Documents\GitHub\DooDates\src\lib\storage\ConversationStorageSupabase.ts:176:24)
    at getSupabaseMessages (C:\Users\Julien Fritsch\Documents\GitHub\DooDates\src\lib\storage\ConversationStorageSupabase.ts:488:32)
    at queryFn (C:\Users\Julien Fritsch\Documents\GitHub\DooDates\src\hooks\useConversations.ts:372:44) {
  severity: 'high',
  category: 'auth',
  context: {},
  timestamp: '2025-11-20T09:58:20.452Z',
  userMessage: 'Please sign in to continue'
}

stderr | src/hooks/__tests__/useConversations.test.ts > useConversations > CRUD operations > should create conversation
ÔØî Ôä╣´©Å Erreur lors du chargement depuis Supabase, utilisation de localStorage Error: Storage error
    at C:\Users\Julien Fritsch\Documents\GitHub\DooDates\src\hooks\__tests__\useConversations.test.ts:100:72
    at file:///C:/Users/Julien%20Fritsch/Documents/GitHub/DooDates/node_modules/@vitest/runner/dist/chunk-hooks.js:155:11
    at file:///C:/Users/Julien%20Fritsch/Documents/GitHub/DooDates/node_modules/@vitest/runner/dist/chunk-hooks.js:1897:20
    at new Promise (<anonymous>)
    at runWithTimeout (file:///C:/Users/Julien%20Fritsch/Documents/GitHub/DooDates/node_modules/@vitest/runner/dist/chunk-hooks.js:1863:10)
    at runHook (file:///C:/Users/Julien%20Fritsch/Documents/GitHub/DooDates/node_modules/@vitest/runner/dist/chunk-hooks.js:1436:51)
    at callSuiteHook (file:///C:/Users/Julien%20Fritsch/Documents/GitHub/DooDates/node_modules/@vitest/runner/dist/chunk-hooks.js:1442:25)
    at callSuiteHook (file:///C:/Users/Julien%20Fritsch/Documents/GitHub/DooDates/node_modules/@vitest/runner/dist/chunk-hooks.js:1429:21)
    at runTest (file:///C:/Users/Julien%20Fritsch/Documents/GitHub/DooDates/node_modules/@vitest/runner/dist/chunk-hooks.js:1566:26)
    at runSuite (file:///C:/Users/Julien%20Fritsch/Documents/GitHub/DooDates/node_modules/@vitest/runner/dist/chunk-hooks.js:1729:8)

stderr | src/hooks/__tests__/useConversations.test.ts > useConversations > CRUD operations > should create conversation
­ƒÜ¿ DooDates Error: {
  message: 'Erreur consommation serveur',
  name: 'DooDatesError',
  stack: 'DooDatesError: Erreur consommation serveur\n' +
    '    at Object.storage (C:\\Users\\Julien Fritsch\\Documents\\GitHub\\DooDates\\src\\lib\\error-handling.ts:141:5)\n' +
    '    at consumeCredits (C:\\Users\\Julien Fritsch\\Documents\\GitHub\\DooDates\\src\\lib\\quotaTracking.ts:680:24)\n' +
    '    at incrementConversationCreated (C:\\Users\\Julien Fritsch\\Documents\\GitHub\\DooDates\\src\\lib\\quotaTracking.ts:802:3)\n' +
    '    at Object.mutationFn (C:\\Users\\Julien Fritsch\\Documents\\GitHub\\DooDates\\src\\hooks\\useConversations.ts:443:7)',
  timestamp: '2025-11-20T09:58:20.641Z',
  context: {
    metadata: {
      error: [DooDatesError],
      action: 'conversation_created',
      credits: 1,
      userId: 'test-user-id'
    }
  },
  severity: 'high',
  category: 'storage',
  userMessage: 'Une erreur est survenue lors de la consommation des cr├®dits'
}
ÔÜá´©Å ­ƒÆ│ Erreur consommation serveur, fallback localStorage { error: 'No authentication token found' }

stderr | src/hooks/__tests__/useConversations.test.ts > useConversations > CRUD operations > should create conversation
ÔØî Ôä╣´©Å Erreur lors de la cr├®ation dans Supabase, utilisation de localStorage Error: Storage error
    at C:\Users\Julien Fritsch\Documents\GitHub\DooDates\src\hooks\__tests__\useConversations.test.ts:105:7
    at file:///C:/Users/Julien%20Fritsch/Documents/GitHub/DooDates/node_modules/@vitest/runner/dist/chunk-hooks.js:155:11
    at file:///C:/Users/Julien%20Fritsch/Documents/GitHub/DooDates/node_modules/@vitest/runner/dist/chunk-hooks.js:1897:20
    at new Promise (<anonymous>)
    at runWithTimeout (file:///C:/Users/Julien%20Fritsch/Documents/GitHub/DooDates/node_modules/@vitest/runner/dist/chunk-hooks.js:1863:10)
    at runHook (file:///C:/Users/Julien%20Fritsch/Documents/GitHub/DooDates/node_modules/@vitest/runner/dist/chunk-hooks.js:1436:51)
    at callSuiteHook (file:///C:/Users/Julien%20Fritsch/Documents/GitHub/DooDates/node_modules/@vitest/runner/dist/chunk-hooks.js:1442:25)
    at callSuiteHook (file:///C:/Users/Julien%20Fritsch/Documents/GitHub/DooDates/node_modules/@vitest/runner/dist/chunk-hooks.js:1429:21)
    at runTest (file:///C:/Users/Julien%20Fritsch/Documents/GitHub/DooDates/node_modules/@vitest/runner/dist/chunk-hooks.js:1566:26)
    at runSuite (file:///C:/Users/Julien%20Fritsch/Documents/GitHub/DooDates/node_modules/@vitest/runner/dist/chunk-hooks.js:1729:8)

stderr | src/hooks/__tests__/useConversations.test.ts > useConversations > CRUD operations > should create conversation
ÔØî Ôä╣´©Å Erreur lors du chargement depuis Supabase, utilisation de localStorage Error: Storage error
    at C:\Users\Julien Fritsch\Documents\GitHub\DooDates\src\hooks\__tests__\useConversations.test.ts:100:72
    at file:///C:/Users/Julien%20Fritsch/Documents/GitHub/DooDates/node_modules/@vitest/runner/dist/chunk-hooks.js:155:11
    at file:///C:/Users/Julien%20Fritsch/Documents/GitHub/DooDates/node_modules/@vitest/runner/dist/chunk-hooks.js:1897:20
    at new Promise (<anonymous>)
    at runWithTimeout (file:///C:/Users/Julien%20Fritsch/Documents/GitHub/DooDates/node_modules/@vitest/runner/dist/chunk-hooks.js:1863:10)
    at runHook (file:///C:/Users/Julien%20Fritsch/Documents/GitHub/DooDates/node_modules/@vitest/runner/dist/chunk-hooks.js:1436:51)
    at callSuiteHook (file:///C:/Users/Julien%20Fritsch/Documents/GitHub/DooDates/node_modules/@vitest/runner/dist/chunk-hooks.js:1442:25)
    at callSuiteHook (file:///C:/Users/Julien%20Fritsch/Documents/GitHub/DooDates/node_modules/@vitest/runner/dist/chunk-hooks.js:1429:21)
    at runTest (file:///C:/Users/Julien%20Fritsch/Documents/GitHub/DooDates/node_modules/@vitest/runner/dist/chunk-hooks.js:1566:26)
    at runSuite (file:///C:/Users/Julien%20Fritsch/Documents/GitHub/DooDates/node_modules/@vitest/runner/dist/chunk-hooks.js:1729:8)

stderr | src/hooks/__tests__/useConversations.test.ts > useConversations > CRUD operations > should create conversation
­ƒÜ¿ DooDates Error: {
  message: 'No authentication token found',
  name: 'DooDatesError',
  stack: 'DooDatesError: No authentication token found\n' +
    '    at Object.auth (C:\\Users\\Julien Fritsch\\Documents\\GitHub\\DooDates\\src\\lib\\error-handling.ts:144:5)\n' +
    '    at supabaseRestApi (C:\\Users\\Julien Fritsch\\Documents\\GitHub\\DooDates\\src\\lib\\supabaseApi.ts:123:24)\n' +
    '    at supabaseSelect (C:\\Users\\Julien Fritsch\\Documents\\GitHub\\DooDates\\src\\lib\\supabaseApi.ts:260:16)\n' +
    '    at getSupabaseConversations (C:\\Users\\Julien Fritsch\\Documents\\GitHub\\DooDates\\src\\lib\\storage\\ConversationStorageSupabase.ts:104:24)\n' +
    '    at queryFn (C:\\Users\\Julien Fritsch\\Documents\\GitHub\\DooDates\\src\\hooks\\useConversations.ts:153:49)\n' +
    '    at fetchPage (file:///C:/Users/Julien%20Fritsch/Documents/GitHub/DooDates/node_modules/@tanstack/query-core/build/modern/infiniteQueryBehavior.js:49:24)\n' +
    '    at Object.fetchFn [as fn] (file:///C:/Users/Julien%20Fritsch/Documents/GitHub/DooDates/node_modules/@tanstack/query-core/build/modern/infiniteQueryBehavior.js:73:22)',
  timestamp: '2025-11-20T09:58:20.650Z',
  context: {
    component: 'ConversationStorageSupabase',
    operation: 'getConversations'
  },
  severity: 'high',
  category: 'auth',
  userMessage: 'Please sign in to continue'
}
­ƒÜ¿ DooDates Error: {
  message: 'No authentication token found',
  name: 'DooDatesError',
  stack: 'DooDatesError: No authentication token found\n' +
    '    at Object.auth (C:\\Users\\Julien Fritsch\\Documents\\GitHub\\DooDates\\src\\lib\\error-handling.ts:144:5)\n' +
    '    at supabaseRestApi (C:\\Users\\Julien Fritsch\\Documents\\GitHub\\DooDates\\src\\lib\\supabaseApi.ts:123:24)\n' +
    '    at supabaseSelect (C:\\Users\\Julien Fritsch\\Documents\\GitHub\\DooDates\\src\\lib\\supabaseApi.ts:260:16)\n' +
    '    at getSupabaseConversations (C:\\Users\\Julien Fritsch\\Documents\\GitHub\\DooDates\\src\\lib\\storage\\ConversationStorageSupabase.ts:104:24)\n' +
    '    at queryFn (C:\\Users\\Julien Fritsch\\Documents\\GitHub\\DooDates\\src\\hooks\\useConversations.ts:153:49)\n' +
    '    at fetchPage (file:///C:/Users/Julien%20Fritsch/Documents/GitHub/DooDates/node_modules/@tanstack/query-core/build/modern/infiniteQueryBehavior.js:49:24)\n' +
    '    at Object.fetchFn [as fn] (file:///C:/Users/Julien%20Fritsch/Documents/GitHub/DooDates/node_modules/@tanstack/query-core/build/modern/infiniteQueryBehavior.js:73:22)',
  timestamp: '2025-11-20T09:58:20.650Z',
  context: {
    component: 'ConversationStorageSupabase',
    operation: 'getConversations'
  },
  severity: 'high',
  category: 'auth',
  userMessage: 'Please sign in to continue'
}

stderr | src/hooks/__tests__/useConversations.test.ts > useConversations > CRUD operations > should create conversation
ÔØî Ôä╣´©Å Erreur lors du chargement depuis Supabase, utilisation de localStorage DooDatesError: No authentication token found
    at Object.auth (C:\Users\Julien Fritsch\Documents\GitHub\DooDates\src\lib\error-handling.ts:144:5)
    at supabaseRestApi (C:\Users\Julien Fritsch\Documents\GitHub\DooDates\src\lib\supabaseApi.ts:123:24)
    at supabaseSelect (C:\Users\Julien Fritsch\Documents\GitHub\DooDates\src\lib\supabaseApi.ts:260:16)
    at getSupabaseConversations (C:\Users\Julien Fritsch\Documents\GitHub\DooDates\src\lib\storage\ConversationStorageSupabase.ts:104:24)
    at queryFn (C:\Users\Julien Fritsch\Documents\GitHub\DooDates\src\hooks\useConversations.ts:153:49)
    at fetchPage (file:///C:/Users/Julien%20Fritsch/Documents/GitHub/DooDates/node_modules/@tanstack/query-core/build/modern/infiniteQueryBehavior.js:49:24)
    at Object.fetchFn [as fn] (file:///C:/Users/Julien%20Fritsch/Documents/GitHub/DooDates/node_modules/@tanstack/query-core/build/modern/infiniteQueryBehavior.js:73:22) {
  severity: 'high',
  category: 'auth',
  context: {},
  timestamp: '2025-11-20T09:58:20.650Z',
  userMessage: 'Please sign in to continue'
}

stderr | src/hooks/__tests__/useConversations.test.ts > useConversations > CRUD operations > should update conversation
ÔØî Ôä╣´©Å Erreur lors du chargement depuis Supabase, utilisation de localStorage Error: Storage error
    at C:\Users\Julien Fritsch\Documents\GitHub\DooDates\src\hooks\__tests__\useConversations.test.ts:100:72
    at file:///C:/Users/Julien%20Fritsch/Documents/GitHub/DooDates/node_modules/@vitest/runner/dist/chunk-hooks.js:155:11
    at file:///C:/Users/Julien%20Fritsch/Documents/GitHub/DooDates/node_modules/@vitest/runner/dist/chunk-hooks.js:1897:20
    at new Promise (<anonymous>)
    at runWithTimeout (file:///C:/Users/Julien%20Fritsch/Documents/GitHub/DooDates/node_modules/@vitest/runner/dist/chunk-hooks.js:1863:10)
    at runHook (file:///C:/Users/Julien%20Fritsch/Documents/GitHub/DooDates/node_modules/@vitest/runner/dist/chunk-hooks.js:1436:51)
    at callSuiteHook (file:///C:/Users/Julien%20Fritsch/Documents/GitHub/DooDates/node_modules/@vitest/runner/dist/chunk-hooks.js:1442:25)
    at callSuiteHook (file:///C:/Users/Julien%20Fritsch/Documents/GitHub/DooDates/node_modules/@vitest/runner/dist/chunk-hooks.js:1429:21)
    at runTest (file:///C:/Users/Julien%20Fritsch/Documents/GitHub/DooDates/node_modules/@vitest/runner/dist/chunk-hooks.js:1566:26)
    at runSuite (file:///C:/Users/Julien%20Fritsch/Documents/GitHub/DooDates/node_modules/@vitest/runner/dist/chunk-hooks.js:1729:8)

stderr | src/hooks/__tests__/useConversations.test.ts > useConversations > CRUD operations > should update conversation
ÔØî Ôä╣´©Å Erreur lors du chargement depuis Supabase, utilisation de localStorage Error: Storage error
    at C:\Users\Julien Fritsch\Documents\GitHub\DooDates\src\hooks\__tests__\useConversations.test.ts:100:72
    at file:///C:/Users/Julien%20Fritsch/Documents/GitHub/DooDates/node_modules/@vitest/runner/dist/chunk-hooks.js:155:11
    at file:///C:/Users/Julien%20Fritsch/Documents/GitHub/DooDates/node_modules/@vitest/runner/dist/chunk-hooks.js:1897:20
    at new Promise (<anonymous>)
    at runWithTimeout (file:///C:/Users/Julien%20Fritsch/Documents/GitHub/DooDates/node_modules/@vitest/runner/dist/chunk-hooks.js:1863:10)
    at runHook (file:///C:/Users/Julien%20Fritsch/Documents/GitHub/DooDates/node_modules/@vitest/runner/dist/chunk-hooks.js:1436:51)
    at callSuiteHook (file:///C:/Users/Julien%20Fritsch/Documents/GitHub/DooDates/node_modules/@vitest/runner/dist/chunk-hooks.js:1442:25)
    at callSuiteHook (file:///C:/Users/Julien%20Fritsch/Documents/GitHub/DooDates/node_modules/@vitest/runner/dist/chunk-hooks.js:1429:21)
    at runTest (file:///C:/Users/Julien%20Fritsch/Documents/GitHub/DooDates/node_modules/@vitest/runner/dist/chunk-hooks.js:1566:26)
    at runSuite (file:///C:/Users/Julien%20Fritsch/Documents/GitHub/DooDates/node_modules/@vitest/runner/dist/chunk-hooks.js:1729:8)

stderr | src/hooks/__tests__/useConversations.test.ts > useConversations > CRUD operations > should delete conversation
ÔØî Ôä╣´©Å Erreur lors du chargement depuis Supabase, utilisation de localStorage Error: Storage error
    at C:\Users\Julien Fritsch\Documents\GitHub\DooDates\src\hooks\__tests__\useConversations.test.ts:100:72
    at file:///C:/Users/Julien%20Fritsch/Documents/GitHub/DooDates/node_modules/@vitest/runner/dist/chunk-hooks.js:155:11
    at file:///C:/Users/Julien%20Fritsch/Documents/GitHub/DooDates/node_modules/@vitest/runner/dist/chunk-hooks.js:1897:20
    at new Promise (<anonymous>)
    at runWithTimeout (file:///C:/Users/Julien%20Fritsch/Documents/GitHub/DooDates/node_modules/@vitest/runner/dist/chunk-hooks.js:1863:10)
    at runHook (file:///C:/Users/Julien%20Fritsch/Documents/GitHub/DooDates/node_modules/@vitest/runner/dist/chunk-hooks.js:1436:51)
    at callSuiteHook (file:///C:/Users/Julien%20Fritsch/Documents/GitHub/DooDates/node_modules/@vitest/runner/dist/chunk-hooks.js:1442:25)
    at callSuiteHook (file:///C:/Users/Julien%20Fritsch/Documents/GitHub/DooDates/node_modules/@vitest/runner/dist/chunk-hooks.js:1429:21)
    at runTest (file:///C:/Users/Julien%20Fritsch/Documents/GitHub/DooDates/node_modules/@vitest/runner/dist/chunk-hooks.js:1566:26)
    at runSuite (file:///C:/Users/Julien%20Fritsch/Documents/GitHub/DooDates/node_modules/@vitest/runner/dist/chunk-hooks.js:1729:8)

stderr | src/hooks/__tests__/useConversations.test.ts > useConversations > CRUD operations > should delete conversation
ÔØî Ôä╣´©Å Erreur lors du chargement depuis Supabase, utilisation de localStorage Error: Storage error
    at C:\Users\Julien Fritsch\Documents\GitHub\DooDates\src\hooks\__tests__\useConversations.test.ts:100:72
    at file:///C:/Users/Julien%20Fritsch/Documents/GitHub/DooDates/node_modules/@vitest/runner/dist/chunk-hooks.js:155:11
    at file:///C:/Users/Julien%20Fritsch/Documents/GitHub/DooDates/node_modules/@vitest/runner/dist/chunk-hooks.js:1897:20
    at new Promise (<anonymous>)
    at runWithTimeout (file:///C:/Users/Julien%20Fritsch/Documents/GitHub/DooDates/node_modules/@vitest/runner/dist/chunk-hooks.js:1863:10)
    at runHook (file:///C:/Users/Julien%20Fritsch/Documents/GitHub/DooDates/node_modules/@vitest/runner/dist/chunk-hooks.js:1436:51)
    at callSuiteHook (file:///C:/Users/Julien%20Fritsch/Documents/GitHub/DooDates/node_modules/@vitest/runner/dist/chunk-hooks.js:1442:25)
    at callSuiteHook (file:///C:/Users/Julien%20Fritsch/Documents/GitHub/DooDates/node_modules/@vitest/runner/dist/chunk-hooks.js:1429:21)
    at runTest (file:///C:/Users/Julien%20Fritsch/Documents/GitHub/DooDates/node_modules/@vitest/runner/dist/chunk-hooks.js:1566:26)
    at runSuite (file:///C:/Users/Julien%20Fritsch/Documents/GitHub/DooDates/node_modules/@vitest/runner/dist/chunk-hooks.js:1729:8)

stderr | src/hooks/__tests__/useConversations.test.ts > useConversations > CRUD operations > should add message to conversation
ÔØî Ôä╣´©Å Erreur lors du chargement depuis Supabase, utilisation de localStorage Error: Storage error
    at C:\Users\Julien Fritsch\Documents\GitHub\DooDates\src\hooks\__tests__\useConversations.test.ts:100:72
    at file:///C:/Users/Julien%20Fritsch/Documents/GitHub/DooDates/node_modules/@vitest/runner/dist/chunk-hooks.js:155:11
    at file:///C:/Users/Julien%20Fritsch/Documents/GitHub/DooDates/node_modules/@vitest/runner/dist/chunk-hooks.js:1897:20
    at new Promise (<anonymous>)
    at runWithTimeout (file:///C:/Users/Julien%20Fritsch/Documents/GitHub/DooDates/node_modules/@vitest/runner/dist/chunk-hooks.js:1863:10)
    at runHook (file:///C:/Users/Julien%20Fritsch/Documents/GitHub/DooDates/node_modules/@vitest/runner/dist/chunk-hooks.js:1436:51)
    at callSuiteHook (file:///C:/Users/Julien%20Fritsch/Documents/GitHub/DooDates/node_modules/@vitest/runner/dist/chunk-hooks.js:1442:25)
    at callSuiteHook (file:///C:/Users/Julien%20Fritsch/Documents/GitHub/DooDates/node_modules/@vitest/runner/dist/chunk-hooks.js:1429:21)
    at runTest (file:///C:/Users/Julien%20Fritsch/Documents/GitHub/DooDates/node_modules/@vitest/runner/dist/chunk-hooks.js:1566:26)
    at runSuite (file:///C:/Users/Julien%20Fritsch/Documents/GitHub/DooDates/node_modules/@vitest/runner/dist/chunk-hooks.js:1729:8)

stderr | src/hooks/__tests__/useConversations.test.ts > useConversations > CRUD operations > should add message to conversation
ÔØî Ôä╣´©Å Erreur lors du chargement depuis Supabase, utilisation de localStorage Error: Storage error
    at C:\Users\Julien Fritsch\Documents\GitHub\DooDates\src\hooks\__tests__\useConversations.test.ts:100:72
    at file:///C:/Users/Julien%20Fritsch/Documents/GitHub/DooDates/node_modules/@vitest/runner/dist/chunk-hooks.js:155:11
    at file:///C:/Users/Julien%20Fritsch/Documents/GitHub/DooDates/node_modules/@vitest/runner/dist/chunk-hooks.js:1897:20
    at new Promise (<anonymous>)
    at runWithTimeout (file:///C:/Users/Julien%20Fritsch/Documents/GitHub/DooDates/node_modules/@vitest/runner/dist/chunk-hooks.js:1863:10)
    at runHook (file:///C:/Users/Julien%20Fritsch/Documents/GitHub/DooDates/node_modules/@vitest/runner/dist/chunk-hooks.js:1436:51)
    at callSuiteHook (file:///C:/Users/Julien%20Fritsch/Documents/GitHub/DooDates/node_modules/@vitest/runner/dist/chunk-hooks.js:1442:25)
    at callSuiteHook (file:///C:/Users/Julien%20Fritsch/Documents/GitHub/DooDates/node_modules/@vitest/runner/dist/chunk-hooks.js:1429:21)
    at runTest (file:///C:/Users/Julien%20Fritsch/Documents/GitHub/DooDates/node_modules/@vitest/runner/dist/chunk-hooks.js:1566:26)
    at runSuite (file:///C:/Users/Julien%20Fritsch/Documents/GitHub/DooDates/node_modules/@vitest/runner/dist/chunk-hooks.js:1729:8)

stderr | src/hooks/__tests__/useConversations.test.ts > useConversations > utilities > should search conversations
ÔØî Ôä╣´©Å Erreur lors du chargement depuis Supabase, utilisation de localStorage Error: Storage error
    at C:\Users\Julien Fritsch\Documents\GitHub\DooDates\src\hooks\__tests__\useConversations.test.ts:100:72
    at file:///C:/Users/Julien%20Fritsch/Documents/GitHub/DooDates/node_modules/@vitest/runner/dist/chunk-hooks.js:155:11
    at file:///C:/Users/Julien%20Fritsch/Documents/GitHub/DooDates/node_modules/@vitest/runner/dist/chunk-hooks.js:1897:20
    at new Promise (<anonymous>)
    at runWithTimeout (file:///C:/Users/Julien%20Fritsch/Documents/GitHub/DooDates/node_modules/@vitest/runner/dist/chunk-hooks.js:1863:10)
    at runHook (file:///C:/Users/Julien%20Fritsch/Documents/GitHub/DooDates/node_modules/@vitest/runner/dist/chunk-hooks.js:1436:51)
    at callSuiteHook (file:///C:/Users/Julien%20Fritsch/Documents/GitHub/DooDates/node_modules/@vitest/runner/dist/chunk-hooks.js:1442:25)
    at callSuiteHook (file:///C:/Users/Julien%20Fritsch/Documents/GitHub/DooDates/node_modules/@vitest/runner/dist/chunk-hooks.js:1429:21)
    at runTest (file:///C:/Users/Julien%20Fritsch/Documents/GitHub/DooDates/node_modules/@vitest/runner/dist/chunk-hooks.js:1566:26)
    at runSuite (file:///C:/Users/Julien%20Fritsch/Documents/GitHub/DooDates/node_modules/@vitest/runner/dist/chunk-hooks.js:1729:8)

stderr | src/hooks/__tests__/useConversations.test.ts > useConversations > utilities > should refresh conversations
ÔØî Ôä╣´©Å Erreur lors du chargement depuis Supabase, utilisation de localStorage Error: Storage error
    at C:\Users\Julien Fritsch\Documents\GitHub\DooDates\src\hooks\__tests__\useConversations.test.ts:100:72
    at file:///C:/Users/Julien%20Fritsch/Documents/GitHub/DooDates/node_modules/@vitest/runner/dist/chunk-hooks.js:155:11
    at file:///C:/Users/Julien%20Fritsch/Documents/GitHub/DooDates/node_modules/@vitest/runner/dist/chunk-hooks.js:1897:20
    at new Promise (<anonymous>)
    at runWithTimeout (file:///C:/Users/Julien%20Fritsch/Documents/GitHub/DooDates/node_modules/@vitest/runner/dist/chunk-hooks.js:1863:10)
    at runHook (file:///C:/Users/Julien%20Fritsch/Documents/GitHub/DooDates/node_modules/@vitest/runner/dist/chunk-hooks.js:1436:51)
    at callSuiteHook (file:///C:/Users/Julien%20Fritsch/Documents/GitHub/DooDates/node_modules/@vitest/runner/dist/chunk-hooks.js:1442:25)
    at callSuiteHook (file:///C:/Users/Julien%20Fritsch/Documents/GitHub/DooDates/node_modules/@vitest/runner/dist/chunk-hooks.js:1429:21)
    at runTest (file:///C:/Users/Julien%20Fritsch/Documents/GitHub/DooDates/node_modules/@vitest/runner/dist/chunk-hooks.js:1566:26)
    at runSuite (file:///C:/Users/Julien%20Fritsch/Documents/GitHub/DooDates/node_modules/@vitest/runner/dist/chunk-hooks.js:1729:8)

stderr | src/hooks/__tests__/useConversations.test.ts > useConversations > utilities > should refresh conversations
ÔØî Ôä╣´©Å Erreur lors du chargement depuis Supabase, utilisation de localStorage Error: Storage error
    at C:\Users\Julien Fritsch\Documents\GitHub\DooDates\src\hooks\__tests__\useConversations.test.ts:100:72
    at file:///C:/Users/Julien%20Fritsch/Documents/GitHub/DooDates/node_modules/@vitest/runner/dist/chunk-hooks.js:155:11
    at file:///C:/Users/Julien%20Fritsch/Documents/GitHub/DooDates/node_modules/@vitest/runner/dist/chunk-hooks.js:1897:20
    at new Promise (<anonymous>)
    at runWithTimeout (file:///C:/Users/Julien%20Fritsch/Documents/GitHub/DooDates/node_modules/@vitest/runner/dist/chunk-hooks.js:1863:10)
    at runHook (file:///C:/Users/Julien%20Fritsch/Documents/GitHub/DooDates/node_modules/@vitest/runner/dist/chunk-hooks.js:1436:51)
    at callSuiteHook (file:///C:/Users/Julien%20Fritsch/Documents/GitHub/DooDates/node_modules/@vitest/runner/dist/chunk-hooks.js:1442:25)
    at callSuiteHook (file:///C:/Users/Julien%20Fritsch/Documents/GitHub/DooDates/node_modules/@vitest/runner/dist/chunk-hooks.js:1429:21)
    at runTest (file:///C:/Users/Julien%20Fritsch/Documents/GitHub/DooDates/node_modules/@vitest/runner/dist/chunk-hooks.js:1566:26)
    at runSuite (file:///C:/Users/Julien%20Fritsch/Documents/GitHub/DooDates/node_modules/@vitest/runner/dist/chunk-hooks.js:1729:8)

stderr | src/hooks/__tests__/useConversations.test.ts > useConversations > configuration > should respect configuration options
ÔØî Ôä╣´©Å Erreur lors du chargement depuis Supabase, utilisation de localStorage Error: Storage error
    at C:\Users\Julien Fritsch\Documents\GitHub\DooDates\src\hooks\__tests__\useConversations.test.ts:100:72
    at file:///C:/Users/Julien%20Fritsch/Documents/GitHub/DooDates/node_modules/@vitest/runner/dist/chunk-hooks.js:155:11
    at file:///C:/Users/Julien%20Fritsch/Documents/GitHub/DooDates/node_modules/@vitest/runner/dist/chunk-hooks.js:1897:20
    at new Promise (<anonymous>)
    at runWithTimeout (file:///C:/Users/Julien%20Fritsch/Documents/GitHub/DooDates/node_modules/@vitest/runner/dist/chunk-hooks.js:1863:10)
    at runHook (file:///C:/Users/Julien%20Fritsch/Documents/GitHub/DooDates/node_modules/@vitest/runner/dist/chunk-hooks.js:1436:51)
    at callSuiteHook (file:///C:/Users/Julien%20Fritsch/Documents/GitHub/DooDates/node_modules/@vitest/runner/dist/chunk-hooks.js:1442:25)
    at callSuiteHook (file:///C:/Users/Julien%20Fritsch/Documents/GitHub/DooDates/node_modules/@vitest/runner/dist/chunk-hooks.js:1429:21)
    at runTest (file:///C:/Users/Julien%20Fritsch/Documents/GitHub/DooDates/node_modules/@vitest/runner/dist/chunk-hooks.js:1566:26)
    at runSuite (file:///C:/Users/Julien%20Fritsch/Documents/GitHub/DooDates/node_modules/@vitest/runner/dist/chunk-hooks.js:1729:8)

stderr | src/__tests__/error-handling-enforcement.test.ts > Centralized Error Handling Enforcement > should import centralized error handling where errors are used
Warning: 98 file(s) use error handling without centralized imports:
App.tsx - Uses error handling but does not import centralized error system
services\userPreferences.ts - Uses error handling but does not import centralized error system
services\temporaryReservation.ts - Uses error handling but does not import centralized error system
services\SurveyRequestAggregator.ts - Uses error handling but does not import centralized error system
services\SecureGeminiService.ts - Uses error handling but does not import centralized error system
services\schedulingOptimizer.ts - Uses error handling but does not import centralized error system
services\QuotaService.ts - Uses error handling but does not import centralized error system
services\PollTypeSwitchDetector.ts - Uses error handling but does not import centralized error system
services\PollCreatorService.ts - Uses error handling but does not import centralized error system
services\PollCreationBusinessLogic.ts - Uses error handling but does not import centralized error system
services\PollAnalyticsService.ts - Uses error handling but does not import centralized error system
services\IntentService.ts - Uses error handling but does not import centralized error system
services\GeminiIntentService.ts - Uses error handling but does not import centralized error system
services\EmailService.ts - Uses error handling but does not import centralized error system
services\DirectGeminiService.ts - Uses error handling but does not import centralized error system
services\ConversationService.ts - Uses error handling but does not import centralized error system
services\ConversationSearchService.ts - Uses error handling but does not import centralized error system
services\BetaKeyService.ts - Uses error handling but does not import centralized error system
pages\Docs.tsx - Uses error handling but does not import centralized error system
pages\ConsumptionJournal.tsx - Uses error handling but does not import centralized error system
pages\AvailabilityPollVote.tsx - Uses error handling but does not import centralized error system
pages\AvailabilityPollResults.tsx - Uses error handling but does not import centralized error system
lib\temporalParser.ts - Uses error handling but does not import centralized error system
lib\supabaseApi.ts - Uses error handling but does not import centralized error system
lib\supabase-fetch.ts - Uses error handling but does not import centralized error system
lib\quotaTracking.ts - Uses error handling but does not import centralized error system
lib\progressive-calendar.ts - Uses error handling but does not import centralized error system
lib\pollStorage.ts - Uses error handling but does not import centralized error system
lib\performance-measurement.ts - Uses error handling but does not import centralized error system
lib\guestQuotaService.ts - Uses error handling but does not import centralized error system
lib\google-calendar.ts - Uses error handling but does not import centralized error system
lib\gemini.ts - Uses error handling but does not import centralized error system
lib\exports.ts - Uses error handling but does not import centralized error system
lib\enhanced-gemini.ts - Uses error handling but does not import centralized error system
lib\email-service.ts - Uses error handling but does not import centralized error system
lib\ConversationPollLink.ts - Uses error handling but does not import centralized error system
lib\calendar-data.ts - Uses error handling but does not import centralized error system
lib\browserFingerprint.ts - Uses error handling but does not import centralized error system
lib\availability-parser.ts - Uses error handling but does not import centralized error system
hooks\useVoting.ts - Uses error handling but does not import centralized error system
hooks\useVoiceRecognition.ts - Uses error handling but does not import centralized error system
hooks\useQuota.ts - Uses error handling but does not import centralized error system
hooks\usePolls.ts - Uses error handling but does not import centralized error system
hooks\usePollDeletionCascade.ts - Uses error handling but does not import centralized error system
hooks\usePollConversationLink.ts - Uses error handling but does not import centralized error system
hooks\useMessageSender.ts - Uses error handling but does not import centralized error system
hooks\useGeminiAPI.ts - Uses error handling but does not import centralized error system
hooks\useFreemiumQuota.ts - Uses error handling but does not import centralized error system
hooks\useConversationStorage.ts - Uses error handling but does not import centralized error system
hooks\useConversationSearch.ts - Uses error handling but does not import centralized error system
hooks\useConversations.ts - Uses error handling but does not import centralized error system
hooks\useConversationResume.ts - Uses error handling but does not import centralized error system
hooks\useConversationQuota.ts - Uses error handling but does not import centralized error system
hooks\useConnectionStatus.ts - Uses error handling but does not import centralized error system
hooks\useAutoSave.ts - Uses error handling but does not import centralized error system
hooks\useAnalyticsQuota.ts - Uses error handling but does not import centralized error system
contexts\OnboardingContext.tsx - Uses error handling but does not import centralized error system
contexts\AuthContext.tsx - Uses error handling but does not import centralized error system
components\PollCreator.tsx - Uses error handling but does not import centralized error system
components\GeminiChatInterface.tsx - Uses error handling but does not import centralized error system
components\Dashboard.tsx - Uses error handling but does not import centralized error system
components\ConversationalAI.tsx - Uses error handling but does not import centralized error system
lib\storage\useMigration.ts - Uses error handling but does not import centralized error system
lib\storage\TagStorage.ts - Uses error handling but does not import centralized error system
lib\storage\storageUtils.ts - Uses error handling but does not import centralized error system
lib\storage\statsStorage.ts - Uses error handling but does not import centralized error system
lib\storage\FolderStorage.ts - Uses error handling but does not import centralized error system
lib\storage\ConversationStorageSupabase.ts - Uses error handling but does not import centralized error system
lib\storage\ConversationMigrationService.ts - Uses error handling but does not import centralized error system
lib\storage\autoMigrateGuestConversations.ts - Uses error handling but does not import centralized error system
lib\services\titleGeneration.ts - Uses error handling but does not import centralized error system
lib\services\deleteCascade.ts - Uses error handling but does not import centralized error system
lib\simulation\SimulationService.ts - Uses error handling but does not import centralized error system
lib\simulation\SimulationComparison.ts - Uses error handling but does not import centralized error system
lib\simulation\SimulationAnalyzer.ts - Uses error handling but does not import centralized error system
components\voting\VoterForm.tsx - Uses error handling but does not import centralized error system
components\voting\VoteResults.tsx - Uses error handling but does not import centralized error system
components\voting\ex-VotingSwipe.tsx - Uses error handling but does not import centralized error system
components\prototype\WorkspaceProvider.tsx - Uses error handling but does not import centralized error system
components\prototype\WorkspaceLayoutPrototype.tsx - Uses error handling but does not import centralized error system
components\prototype\UIStateProvider.tsx - Uses error handling but does not import centralized error system
components\prototype\PollPreview.tsx - Uses error handling but does not import centralized error system
components\prototype\EditorStateProvider.tsx - Uses error handling but does not import centralized error system
components\prototype\ConversationStateProvider.tsx - Uses error handling but does not import centralized error system
components\prototype\AICreationWorkspace.tsx - Uses error handling but does not import centralized error system
components\modals\BetaKeyModal.tsx - Uses error handling but does not import centralized error system
components\polls\PollAnalyticsPanel.tsx - Uses error handling but does not import centralized error system
components\polls\PollActions.tsx - Uses error handling but does not import centralized error system
components\polls\AIProposalFeedback.tsx - Uses error handling but does not import centralized error system
components\docs\DocsViewer.tsx - Uses error handling but does not import centralized error system
components\layout\HistoryPanel.tsx - Uses error handling but does not import centralized error system
components\layout\CreatePageLayout.tsx - Uses error handling but does not import centralized error system
components\dashboard\useDashboardData.ts - Uses error handling but does not import centralized error system
components\dashboard\ManageTagsFolderDialog.tsx - Uses error handling but does not import centralized error system
components\dashboard\DashboardTableView.tsx - Uses error handling but does not import centralized error system
components\dashboard\DashboardFilters.tsx - Uses error handling but does not import centralized error system
components\dashboard\ConversationCard.tsx - Uses error handling but does not import centralized error system
components\conversations\ConversationActions.tsx - Uses error handling but does not import centralized error system

stderr | src/__tests__/error-handling-enforcement.test.ts > Error Handling Integration Tests > should properly categorize and handle errors
­ƒÜ¿ DooDates Error: {
  message: 'Test error',
  name: 'DooDatesError',
  stack: 'DooDatesError: Test error\n' +
    '    at Object.validation (C:\\Users\\Julien Fritsch\\Documents\\GitHub\\DooDates\\src\\lib\\error-handling.ts:136:5)\n' +
    '    at C:\\Users\\Julien Fritsch\\Documents\\GitHub\\DooDates\\src\\__tests__\\error-handling-enforcement.test.ts:288:36\n' +
    '    at file:///C:/Users/Julien%20Fritsch/Documents/GitHub/DooDates/node_modules/@vitest/runner/dist/chunk-hooks.js:752:20',
  timestamp: '2025-11-20T09:58:27.175Z',
  context: { component: 'test' },
  severity: 'medium',
  category: 'validation',
  userMessage: 'Test user message'
}

stderr | src/pages/LandingPage.test.tsx > LandingPage > How it works section > should render the three steps
ÔÜá´©Å React Router Future Flag Warning: React Router will begin wrapping state updates in `React.startTransition` in v7. You can use the `v7_startTransition` future flag to opt-in early. For more information, see https://reactrouter.com/v6/upgrading/future#v7_starttransition.
ÔÜá´©Å React Router Future Flag Warning: Relative route resolution within Splat routes is changing in v7. You can use the `v7_relativeSplatPath` future flag to opt-in early. For more information, see https://reactrouter.com/v6/upgrading/future#v7_relativesplatpath.

stderr | src/components/polls/__tests__/MultiStepFormVote.test.tsx > MultiStepFormVote > affiche la premi├¿re question au chargement
ÔÜá´©Å React Router Future Flag Warning: React Router will begin wrapping state updates in `React.startTransition` in v7. You can use the `v7_startTransition` future flag to opt-in early. For more information, see https://reactrouter.com/v6/upgrading/future#v7_starttransition.
ÔÜá´©Å React Router Future Flag Warning: Relative route resolution within Splat routes is changing in v7. You can use the `v7_relativeSplatPath` future flag to opt-in early. For more information, see https://reactrouter.com/v6/upgrading/future#v7_relativesplatpath.

stderr | src/services/__tests__/IntentDetectionService.test.ts
Using an object as a third argument is deprecated. Vitest 4 will throw an error if the third argument is not a timeout number. Please use the second argument for options. See more at https://vitest.dev/guide/migration

stderr | src/services/__tests__/IntentDetectionService.test.ts > IntentDetectionService > REMOVE_DATE (Jours de la semaine) > d├®tecte "retire mercredi"
ÔÜá´©Å Jour de la semaine non trouv├® dans les dates existantes { weekday: 'mercredi', existingDates: [ '2025-11-24', '2025-11-25' ] }

stderr | src/services/__tests__/IntentDetectionService.test.ts > IntentDetectionService > Edge cases > retourne null si message non reconnu
ÔÜá´©Å Ôä╣´©Å ÔØî Aucune action d├®tect├®e { message: 'blabla random' }

stderr | src/services/__tests__/IntentDetectionService.test.ts > IntentDetectionService > Edge cases > retourne null pour message vide
ÔÜá´©Å Ôä╣´©Å ÔØî Aucune action d├®tect├®e { message: '' }

stderr | src/components/polls/__tests__/PollActions.close.test.tsx > PollActions - Bouton Terminer > devrait afficher le bouton Terminer pour un poll actif
ÔÜá´©Å React Router Future Flag Warning: React Router will begin wrapping state updates in `React.startTransition` in v7. You can use the `v7_startTransition` future flag to opt-in early. For more information, see https://reactrouter.com/v6/upgrading/future#v7_starttransition.
ÔÜá´©Å React Router Future Flag Warning: Relative route resolution within Splat routes is changing in v7. You can use the `v7_relativeSplatPath` future flag to opt-in early. For more information, see https://reactrouter.com/v6/upgrading/future#v7_relativesplatpath.

stderr | src/components/dashboard/__tests__/DashboardTableView.test.tsx > DashboardTableView > should render table with items
ÔÜá´©Å React Router Future Flag Warning: React Router will begin wrapping state updates in `React.startTransition` in v7. You can use the `v7_startTransition` future flag to opt-in early. For more information, see https://reactrouter.com/v6/upgrading/future#v7_starttransition.
ÔÜá´©Å React Router Future Flag Warning: Relative route resolution within Splat routes is changing in v7. You can use the `v7_relativeSplatPath` future flag to opt-in early. For more information, see https://reactrouter.com/v6/upgrading/future#v7_relativesplatpath.

stderr | src/components/__tests__/PollActions.test.tsx > PollActions > copies the poll link on copy action
Warning: An update to PollActions inside a test was not wrapped in act(...).

When testing, code that causes React state updates should be wrapped into act(...):

act(() => {
  /* fire events that update state */
});
/* assert on the output */

This ensures that you're testing the behavior the user would see in the browser. Learn more at https://reactjs.org/link/wrap-tests-with-act
    at PollActions (C:\Users\Julien Fritsch\Documents\GitHub\DooDates\src\components\polls\PollActions.tsx:16:24)

stderr | src/components/__tests__/PollActions.test.tsx > PollActions > copies the poll link on copy action
Warning: An update to Tooltip inside a test was not wrapped in act(...).

When testing, code that causes React state updates should be wrapped into act(...):

act(() => {
  /* fire events that update state */
});
/* assert on the output */

This ensures that you're testing the behavior the user would see in the browser. Learn more at https://reactjs.org/link/wrap-tests-with-act
    at Tooltip (file:///C:/Users/Julien%20Fritsch/Documents/GitHub/DooDates/node_modules/@radix-ui/react-tooltip/dist/index.mjs:73:5)
    at div
    at Provider (file:///C:/Users/Julien%20Fritsch/Documents/GitHub/DooDates/node_modules/@radix-ui/react-context/dist/index.mjs:27:15)
    at TooltipProvider (file:///C:/Users/Julien%20Fritsch/Documents/GitHub/DooDates/node_modules/@radix-ui/react-tooltip/dist/index.mjs:29:5)
    at PollActions (C:\Users\Julien Fritsch\Documents\GitHub\DooDates\src\components\polls\PollActions.tsx:16:24)
Warning: An update to Tooltip inside a test was not wrapped in act(...).

When testing, code that causes React state updates should be wrapped into act(...):

act(() => {
  /* fire events that update state */
});
/* assert on the output */

This ensures that you're testing the behavior the user would see in the browser. Learn more at https://reactjs.org/link/wrap-tests-with-act
    at Tooltip (file:///C:/Users/Julien%20Fritsch/Documents/GitHub/DooDates/node_modules/@radix-ui/react-tooltip/dist/index.mjs:73:5)
    at div
    at Provider (file:///C:/Users/Julien%20Fritsch/Documents/GitHub/DooDates/node_modules/@radix-ui/react-context/dist/index.mjs:27:15)
    at TooltipProvider (file:///C:/Users/Julien%20Fritsch/Documents/GitHub/DooDates/node_modules/@radix-ui/react-tooltip/dist/index.mjs:29:5)
    at PollActions (C:\Users\Julien Fritsch\Documents\GitHub\DooDates\src\components\polls\PollActions.tsx:16:24)
Warning: An update to Tooltip inside a test was not wrapped in act(...).

When testing, code that causes React state updates should be wrapped into act(...):

act(() => {
  /* fire events that update state */
});
/* assert on the output */

This ensures that you're testing the behavior the user would see in the browser. Learn more at https://reactjs.org/link/wrap-tests-with-act
    at Tooltip (file:///C:/Users/Julien%20Fritsch/Documents/GitHub/DooDates/node_modules/@radix-ui/react-tooltip/dist/index.mjs:73:5)
    at div
    at Provider (file:///C:/Users/Julien%20Fritsch/Documents/GitHub/DooDates/node_modules/@radix-ui/react-context/dist/index.mjs:27:15)
    at TooltipProvider (file:///C:/Users/Julien%20Fritsch/Documents/GitHub/DooDates/node_modules/@radix-ui/react-tooltip/dist/index.mjs:29:5)
    at PollActions (C:\Users\Julien Fritsch\Documents\GitHub\DooDates\src\components\polls\PollActions.tsx:16:24)
Warning: An update to Tooltip inside a test was not wrapped in act(...).

When testing, code that causes React state updates should be wrapped into act(...):

act(() => {
  /* fire events that update state */
});
/* assert on the output */

This ensures that you're testing the behavior the user would see in the browser. Learn more at https://reactjs.org/link/wrap-tests-with-act
    at Tooltip (file:///C:/Users/Julien%20Fritsch/Documents/GitHub/DooDates/node_modules/@radix-ui/react-tooltip/dist/index.mjs:73:5)
    at div
    at Provider (file:///C:/Users/Julien%20Fritsch/Documents/GitHub/DooDates/node_modules/@radix-ui/react-context/dist/index.mjs:27:15)
    at TooltipProvider (file:///C:/Users/Julien%20Fritsch/Documents/GitHub/DooDates/node_modules/@radix-ui/react-tooltip/dist/index.mjs:29:5)
    at PollActions (C:\Users\Julien Fritsch\Documents\GitHub\DooDates\src\components\polls\PollActions.tsx:16:24)
Warning: An update to Tooltip inside a test was not wrapped in act(...).

When testing, code that causes React state updates should be wrapped into act(...):

act(() => {
  /* fire events that update state */
});
/* assert on the output */

This ensures that you're testing the behavior the user would see in the browser. Learn more at https://reactjs.org/link/wrap-tests-with-act
    at Tooltip (file:///C:/Users/Julien%20Fritsch/Documents/GitHub/DooDates/node_modules/@radix-ui/react-tooltip/dist/index.mjs:73:5)
    at div
    at Provider (file:///C:/Users/Julien%20Fritsch/Documents/GitHub/DooDates/node_modules/@radix-ui/react-context/dist/index.mjs:27:15)
    at TooltipProvider (file:///C:/Users/Julien%20Fritsch/Documents/GitHub/DooDates/node_modules/@radix-ui/react-tooltip/dist/index.mjs:29:5)
    at PollActions (C:\Users\Julien Fritsch\Documents\GitHub\DooDates\src\components\polls\PollActions.tsx:16:24)
Warning: An update to Tooltip inside a test was not wrapped in act(...).

When testing, code that causes React state updates should be wrapped into act(...):

act(() => {
  /* fire events that update state */
});
/* assert on the output */

This ensures that you're testing the behavior the user would see in the browser. Learn more at https://reactjs.org/link/wrap-tests-with-act
    at Tooltip (file:///C:/Users/Julien%20Fritsch/Documents/GitHub/DooDates/node_modules/@radix-ui/react-tooltip/dist/index.mjs:73:5)
    at div
    at Provider (file:///C:/Users/Julien%20Fritsch/Documents/GitHub/DooDates/node_modules/@radix-ui/react-context/dist/index.mjs:27:15)
    at TooltipProvider (file:///C:/Users/Julien%20Fritsch/Documents/GitHub/DooDates/node_modules/@radix-ui/react-tooltip/dist/index.mjs:29:5)
    at PollActions (C:\Users\Julien Fritsch\Documents\GitHub\DooDates\src\components\polls\PollActions.tsx:16:24)
Warning: An update to Tooltip inside a test was not wrapped in act(...).

When testing, code that causes React state updates should be wrapped into act(...):

act(() => {
  /* fire events that update state */
});
/* assert on the output */

This ensures that you're testing the behavior the user would see in the browser. Learn more at https://reactjs.org/link/wrap-tests-with-act
    at Tooltip (file:///C:/Users/Julien%20Fritsch/Documents/GitHub/DooDates/node_modules/@radix-ui/react-tooltip/dist/index.mjs:73:5)
    at div
    at Provider (file:///C:/Users/Julien%20Fritsch/Documents/GitHub/DooDates/node_modules/@radix-ui/react-context/dist/index.mjs:27:15)
    at TooltipProvider (file:///C:/Users/Julien%20Fritsch/Documents/GitHub/DooDates/node_modules/@radix-ui/react-tooltip/dist/index.mjs:29:5)
    at PollActions (C:\Users\Julien Fritsch\Documents\GitHub\DooDates\src\components\polls\PollActions.tsx:16:24)
Warning: An update to Tooltip inside a test was not wrapped in act(...).

When testing, code that causes React state updates should be wrapped into act(...):

act(() => {
  /* fire events that update state */
});
/* assert on the output */

This ensures that you're testing the behavior the user would see in the browser. Learn more at https://reactjs.org/link/wrap-tests-with-act
    at Tooltip (file:///C:/Users/Julien%20Fritsch/Documents/GitHub/DooDates/node_modules/@radix-ui/react-tooltip/dist/index.mjs:73:5)
    at div
    at Provider (file:///C:/Users/Julien%20Fritsch/Documents/GitHub/DooDates/node_modules/@radix-ui/react-context/dist/index.mjs:27:15)
    at TooltipProvider (file:///C:/Users/Julien%20Fritsch/Documents/GitHub/DooDates/node_modules/@radix-ui/react-tooltip/dist/index.mjs:29:5)
    at PollActions (C:\Users\Julien Fritsch\Documents\GitHub\DooDates\src\components\polls\PollActions.tsx:16:24)
Warning: An update to Tooltip inside a test was not wrapped in act(...).

When testing, code that causes React state updates should be wrapped into act(...):

act(() => {
  /* fire events that update state */
});
/* assert on the output */

This ensures that you're testing the behavior the user would see in the browser. Learn more at https://reactjs.org/link/wrap-tests-with-act
    at Tooltip (file:///C:/Users/Julien%20Fritsch/Documents/GitHub/DooDates/node_modules/@radix-ui/react-tooltip/dist/index.mjs:73:5)
    at div
    at Provider (file:///C:/Users/Julien%20Fritsch/Documents/GitHub/DooDates/node_modules/@radix-ui/react-context/dist/index.mjs:27:15)
    at TooltipProvider (file:///C:/Users/Julien%20Fritsch/Documents/GitHub/DooDates/node_modules/@radix-ui/react-tooltip/dist/index.mjs:29:5)
    at PollActions (C:\Users\Julien Fritsch\Documents\GitHub\DooDates\src\components\polls\PollActions.tsx:16:24)
Warning: An update to Tooltip inside a test was not wrapped in act(...).

When testing, code that causes React state updates should be wrapped into act(...):

act(() => {
  /* fire events that update state */
});
/* assert on the output */

This ensures that you're testing the behavior the user would see in the browser. Learn more at https://reactjs.org/link/wrap-tests-with-act
    at Tooltip (file:///C:/Users/Julien%20Fritsch/Documents/GitHub/DooDates/node_modules/@radix-ui/react-tooltip/dist/index.mjs:73:5)
    at div
    at Provider (file:///C:/Users/Julien%20Fritsch/Documents/GitHub/DooDates/node_modules/@radix-ui/react-context/dist/index.mjs:27:15)
    at TooltipProvider (file:///C:/Users/Julien%20Fritsch/Documents/GitHub/DooDates/node_modules/@radix-ui/react-tooltip/dist/index.mjs:29:5)
    at PollActions (C:\Users\Julien Fritsch\Documents\GitHub\DooDates\src\components\polls\PollActions.tsx:16:24)
Warning: An update to Tooltip inside a test was not wrapped in act(...).

When testing, code that causes React state updates should be wrapped into act(...):

act(() => {
  /* fire events that update state */
});
/* assert on the output */

This ensures that you're testing the behavior the user would see in the browser. Learn more at https://reactjs.org/link/wrap-tests-with-act
    at Tooltip (file:///C:/Users/Julien%20Fritsch/Documents/GitHub/DooDates/node_modules/@radix-ui/react-tooltip/dist/index.mjs:73:5)
    at div
    at Provider (file:///C:/Users/Julien%20Fritsch/Documents/GitHub/DooDates/node_modules/@radix-ui/react-context/dist/index.mjs:27:15)
    at TooltipProvider (file:///C:/Users/Julien%20Fritsch/Documents/GitHub/DooDates/node_modules/@radix-ui/react-tooltip/dist/index.mjs:29:5)
    at PollActions (C:\Users\Julien Fritsch\Documents\GitHub\DooDates\src\components\polls\PollActions.tsx:16:24)
Warning: An update to Tooltip inside a test was not wrapped in act(...).

When testing, code that causes React state updates should be wrapped into act(...):

act(() => {
  /* fire events that update state */
});
/* assert on the output */

This ensures that you're testing the behavior the user would see in the browser. Learn more at https://reactjs.org/link/wrap-tests-with-act
    at Tooltip (file:///C:/Users/Julien%20Fritsch/Documents/GitHub/DooDates/node_modules/@radix-ui/react-tooltip/dist/index.mjs:73:5)
    at div
    at Provider (file:///C:/Users/Julien%20Fritsch/Documents/GitHub/DooDates/node_modules/@radix-ui/react-context/dist/index.mjs:27:15)
    at TooltipProvider (file:///C:/Users/Julien%20Fritsch/Documents/GitHub/DooDates/node_modules/@radix-ui/react-tooltip/dist/index.mjs:29:5)
    at PollActions (C:\Users\Julien Fritsch\Documents\GitHub\DooDates\src\components\polls\PollActions.tsx:16:24)

stderr | src/hooks/__tests__/useViewportItems.test.ts > useViewportItems > should update when viewport size changes
Warning: An update to TestComponent inside a test was not wrapped in act(...).

When testing, code that causes React state updates should be wrapped into act(...):

act(() => {
  /* fire events that update state */
});
/* assert on the output */

This ensures that you're testing the behavior the user would see in the browser. Learn more at https://reactjs.org/link/wrap-tests-with-act
    at TestComponent (C:\Users\Julien Fritsch\Documents\GitHub\DooDates\node_modules\@testing-library\react\dist\pure.js:329:5)

stderr | src/lib/services/__tests__/titleGeneration.useAutoSave.test.ts > titleGeneration + useAutoSave Integration > Title Generation Integration > should determine when to regenerate titles based on message count
­ƒÜ¿ DooDates Error: {
  message: 'Erreur synchronisation Supabase (non-bloquant)',
  name: 'DooDatesError',
  stack: 'DooDatesError: Erreur synchronisation Supabase (non-bloquant)\n' +
    '    at Object.storage (C:\\Users\\Julien Fritsch\\Documents\\GitHub\\DooDates\\src\\lib\\error-handling.ts:141:5)\n' +
    '    at C:\\Users\\Julien Fritsch\\Documents\\GitHub\\DooDates\\src\\hooks\\useAutoSave.ts:231:30',
  timestamp: '2025-11-20T09:58:42.123Z',
  context: {
    metadata: {
      originalError: Error: Supabase not available in tests
          at C:\Users\Julien Fritsch\Documents\GitHub\DooDates\src\lib\services\__tests__\titleGeneration.useAutoSave.test.ts:54:49
          at ManualMockedModule.factory (file:///C:/Users/Julien%20Fritsch/Documents/GitHub/DooDates/node_modules/vitest/dist/chunks/vi.bdSIJ99Y.js:3904:78)
          at ManualMockedModule.resolve (file:///C:/Users/Julien%20Fritsch/Documents/GitHub/DooDates/node_modules/@vitest/mocker/dist/chunk-registry.js:158:25)
          at VitestMocker.callFunctionMock (file:///C:/Users/Julien%20Fritsch/Documents/GitHub/DooDates/node_modules/vitest/dist/chunks/execute.B7h3T_Hc.js:322:30)
          at VitestMocker.requestWithMock (file:///C:/Users/Julien%20Fritsch/Documents/GitHub/DooDates/node_modules/vitest/dist/chunks/execute.B7h3T_Hc.js:433:22)
          at VitestExecutor.dependencyRequest (file:///C:/Users/Julien%20Fritsch/Documents/GitHub/DooDates/node_modules/vitest/dist/chunks/execute.B7h3T_Hc.js:692:36)
          at request (file:///C:/Users/Julien%20Fritsch/Documents/GitHub/DooDates/node_modules/vite-node/dist/client.mjs:264:16)
          at C:\Users\Julien Fritsch\Documents\GitHub\DooDates\src\hooks\useAutoSave.ts:173:74,
      requestId: '9ea46c0b-e7e6-4cc4-af47-e3116767d1c3',
      timestamp: '2025-11-20T09:58:42.113Z'
    }
  },
  severity: 'high',
  category: 'storage',
  userMessage: 'Une erreur est survenue lors de la synchronisation avec Supabase'
}

stderr | src/lib/services/__tests__/titleGeneration.useAutoSave.test.ts > titleGeneration + useAutoSave Integration > Title Generation Integration > should not regenerate custom titles
­ƒÜ¿ DooDates Error: {
  message: 'Erreur synchronisation Supabase (non-bloquant)',
  name: 'DooDatesError',
  stack: 'DooDatesError: Erreur synchronisation Supabase (non-bloquant)\n' +
    '    at Object.storage (C:\\Users\\Julien Fritsch\\Documents\\GitHub\\DooDates\\src\\lib\\error-handling.ts:141:5)\n' +
    '    at C:\\Users\\Julien Fritsch\\Documents\\GitHub\\DooDates\\src\\hooks\\useAutoSave.ts:231:30',
  timestamp: '2025-11-20T09:58:42.137Z',
  context: {
    metadata: {
      originalError: [DooDatesError],
      requestId: 'e1180c65-c89b-4b0e-af1a-4ae80ecb68b1',
      timestamp: '2025-11-20T09:58:42.134Z'
    }
  },
  severity: 'high',
  category: 'storage',
  userMessage: 'Une erreur est survenue lors de la synchronisation avec Supabase'
}

stderr | src/lib/services/__tests__/titleGeneration.useAutoSave.test.ts > titleGeneration + useAutoSave Integration > Title Generation Integration > should handle multilingual content correctly
­ƒÜ¿ DooDates Error: {
  message: 'Erreur synchronisation Supabase (non-bloquant)',
  name: 'DooDatesError',
  stack: 'DooDatesError: Erreur synchronisation Supabase (non-bloquant)\n' +
    '    at Object.storage (C:\\Users\\Julien Fritsch\\Documents\\GitHub\\DooDates\\src\\lib\\error-handling.ts:141:5)\n' +
    '    at C:\\Users\\Julien Fritsch\\Documents\\GitHub\\DooDates\\src\\hooks\\useAutoSave.ts:231:30',
  timestamp: '2025-11-20T09:58:42.143Z',
  context: {
    metadata: {
      originalError: [DooDatesError],
      requestId: '6afec18d-f368-4113-82f3-a573933e8c8b',
      timestamp: '2025-11-20T09:58:42.141Z'
    }
  },
  severity: 'high',
  category: 'storage',
  userMessage: 'Une erreur est survenue lors de la synchronisation avec Supabase'
}

stderr | src/lib/services/__tests__/titleGeneration.useAutoSave.test.ts > titleGeneration + useAutoSave Integration > Title Generation Integration > should integrate with conversation storage updates
­ƒÜ¿ DooDates Error: {
  message: 'Erreur synchronisation Supabase (non-bloquant)',
  name: 'DooDatesError',
  stack: 'DooDatesError: Erreur synchronisation Supabase (non-bloquant)\n' +
    '    at Object.storage (C:\\Users\\Julien Fritsch\\Documents\\GitHub\\DooDates\\src\\lib\\error-handling.ts:141:5)\n' +
    '    at C:\\Users\\Julien Fritsch\\Documents\\GitHub\\DooDates\\src\\hooks\\useAutoSave.ts:231:30',
  timestamp: '2025-11-20T09:58:42.153Z',
  context: {
    metadata: {
      originalError: [DooDatesError],
      requestId: '956c66d0-adcb-476d-a1f1-aed310e5aef9',
      timestamp: '2025-11-20T09:58:42.152Z'
    }
  },
  severity: 'high',
  category: 'storage',
  userMessage: 'Une erreur est survenue lors de la synchronisation avec Supabase'
}

stderr | src/lib/services/__tests__/titleGeneration.useAutoSave.test.ts > titleGeneration + useAutoSave Integration > Title Generation Integration > should handle edge cases gracefully
­ƒÜ¿ DooDates Error: {
  message: 'Erreur synchronisation Supabase (non-bloquant)',
  name: 'DooDatesError',
  stack: 'DooDatesError: Erreur synchronisation Supabase (non-bloquant)\n' +
    '    at Object.storage (C:\\Users\\Julien Fritsch\\Documents\\GitHub\\DooDates\\src\\lib\\error-handling.ts:141:5)\n' +
    '    at C:\\Users\\Julien Fritsch\\Documents\\GitHub\\DooDates\\src\\hooks\\useAutoSave.ts:231:30',
  timestamp: '2025-11-20T09:58:42.160Z',
  context: {
    metadata: {
      originalError: [DooDatesError],
      requestId: '89226ce9-e77e-4704-8278-33b8ff420b93',
      timestamp: '2025-11-20T09:58:42.158Z'
    }
  },
  severity: 'high',
  category: 'storage',
  userMessage: 'Une erreur est survenue lors de la synchronisation avec Supabase'
}

stderr | src/lib/services/__tests__/titleGeneration.useAutoSave.test.ts > titleGeneration + useAutoSave Integration > Title Generation Integration > should preserve conversation state during title generation
­ƒÜ¿ DooDates Error: {
  message: 'Erreur synchronisation Supabase (non-bloquant)',
  name: 'DooDatesError',
  stack: 'DooDatesError: Erreur synchronisation Supabase (non-bloquant)\n' +
    '    at Object.storage (C:\\Users\\Julien Fritsch\\Documents\\GitHub\\DooDates\\src\\lib\\error-handling.ts:141:5)\n' +
    '    at C:\\Users\\Julien Fritsch\\Documents\\GitHub\\DooDates\\src\\hooks\\useAutoSave.ts:231:30',
  timestamp: '2025-11-20T09:58:42.164Z',
  context: {
    metadata: {
      originalError: [DooDatesError],
      requestId: 'f148710f-e00b-4ae0-ac0d-e27769ab2131',
      timestamp: '2025-11-20T09:58:42.163Z'
    }
  },
  severity: 'high',
  category: 'storage',
  userMessage: 'Une erreur est survenue lors de la synchronisation avec Supabase'
}

stderr | src/lib/services/__tests__/titleGeneration.useAutoSave.test.ts > titleGeneration + useAutoSave Integration > Error Handling Integration > should handle title generation errors gracefully
­ƒÜ¿ DooDates Error: {
  message: 'Erreur synchronisation Supabase (non-bloquant)',
  name: 'DooDatesError',
  stack: 'DooDatesError: Erreur synchronisation Supabase (non-bloquant)\n' +
    '    at Object.storage (C:\\Users\\Julien Fritsch\\Documents\\GitHub\\DooDates\\src\\lib\\error-handling.ts:141:5)\n' +
    '    at C:\\Users\\Julien Fritsch\\Documents\\GitHub\\DooDates\\src\\hooks\\useAutoSave.ts:231:30',
  timestamp: '2025-11-20T09:58:42.168Z',
  context: {
    metadata: {
      originalError: [DooDatesError],
      requestId: '301d577d-4be4-4285-b1b1-925605458e37',
      timestamp: '2025-11-20T09:58:42.167Z'
    }
  },
  severity: 'high',
  category: 'storage',
  userMessage: 'Une erreur est survenue lors de la synchronisation avec Supabase'
}

stderr | src/lib/services/__tests__/titleGeneration.useAutoSave.test.ts > titleGeneration + useAutoSave Integration > Error Handling Integration > should handle title generation errors gracefully
­ƒÜ¿ DooDates Error: {
  message: 'Erreur dans addMessage',
  name: 'DooDatesError',
  stack: 'DooDatesError: Erreur dans addMessage\n' +
    '    at Object.storage (C:\\Users\\Julien Fritsch\\Documents\\GitHub\\DooDates\\src\\lib\\error-handling.ts:141:5)\n' +
    '    at Object.addMessage (C:\\Users\\Julien Fritsch\\Documents\\GitHub\\DooDates\\src\\hooks\\useAutoSave.ts:689:24)\n' +
    '    at C:\\Users\\Julien Fritsch\\Documents\\GitHub\\DooDates\\src\\lib\\services\\__tests__\\titleGeneration.useAutoSave.test.ts:571:9',
  timestamp: '2025-11-20T09:58:42.169Z',
  context: {
    operation: 'useAutoSave.addMessage',
    metadata: {
      requestId: '91534b4f-aa84-4d4f-8730-54c14df75b97',
      messageId: 'msg-1',
      error: Error: Storage error
          at Proxy.<anonymous> (C:\Users\Julien Fritsch\Documents\GitHub\DooDates\src\lib\services\__tests__\titleGeneration.useAutoSave.test.ts:543:15)
          at Proxy.mockCall (file:///C:/Users/Julien%20Fritsch/Documents/GitHub/DooDates/node_modules/@vitest/spy/dist/index.js:96:15)
          at Proxy.addMessages (file:///C:/Users/Julien%20Fritsch/Documents/GitHub/DooDates/node_modules/tinyspy/dist/index.js:47:80)
          at Object.addMessage (C:\Users\Julien Fritsch\Documents\GitHub\DooDates\src\hooks\useAutoSave.ts:670:29)
          at C:\Users\Julien Fritsch\Documents\GitHub\DooDates\src\lib\services\__tests__\titleGeneration.useAutoSave.test.ts:571:9
    }
  },
  severity: 'high',
  category: 'storage',
  userMessage: 'Impossible de sauvegarder le message'
}
ÔØî Ôä╣´©Å Failed to save message immediately Error: Storage error
    at Proxy.<anonymous> (C:\Users\Julien Fritsch\Documents\GitHub\DooDates\src\lib\services\__tests__\titleGeneration.useAutoSave.test.ts:543:15)
    at Proxy.mockCall (file:///C:/Users/Julien%20Fritsch/Documents/GitHub/DooDates/node_modules/@vitest/spy/dist/index.js:96:15)
    at Proxy.addMessages (file:///C:/Users/Julien%20Fritsch/Documents/GitHub/DooDates/node_modules/tinyspy/dist/index.js:47:80)
    at Object.addMessage (C:\Users\Julien Fritsch\Documents\GitHub\DooDates\src\hooks\useAutoSave.ts:670:29)
    at C:\Users\Julien Fritsch\Documents\GitHub\DooDates\src\lib\services\__tests__\titleGeneration.useAutoSave.test.ts:571:9

stderr | src/services/__tests__/PollAnalyticsService.test.ts > PollAnalyticsService > queryPoll > l├¿ve une erreur si Gemini n'est pas initialis├®
­ƒÜ¿ DooDates Error: {
  message: 'Gemini model not initialized',
  name: 'DooDatesError',
  stack: 'DooDatesError: Gemini model not initialized\n' +
    '    at Object.api (C:\\Users\\Julien Fritsch\\Documents\\GitHub\\DooDates\\src\\lib\\error-handling.ts:150:8)\n' +
    '    at PollAnalyticsService.queryPoll (C:\\Users\\Julien Fritsch\\Documents\\GitHub\\DooDates\\src\\services\\PollAnalyticsService.ts:242:28)\n' +
    '    at C:\\Users\\Julien Fritsch\\Documents\\GitHub\\DooDates\\src\\services\\__tests__\\PollAnalyticsService.test.ts:260:38\n' +
    '    at file:///C:/Users/Julien%20Fritsch/Documents/GitHub/DooDates/node_modules/@vitest/runner/dist/chunk-hooks.js:155:11\n' +
    '    at file:///C:/Users/Julien%20Fritsch/Documents/GitHub/DooDates/node_modules/@vitest/runner/dist/chunk-hooks.js:752:26\n' +
    '    at file:///C:/Users/Julien%20Fritsch/Documents/GitHub/DooDates/node_modules/@vitest/runner/dist/chunk-hooks.js:1897:20\n' +
    '    at new Promise (<anonymous>)\n' +
    '    at runWithTimeout (file:///C:/Users/Julien%20Fritsch/Documents/GitHub/DooDates/node_modules/@vitest/runner/dist/chunk-hooks.js:1863:10)\n' +
    '    at runTest (file:///C:/Users/Julien%20Fritsch/Documents/GitHub/DooDates/node_modules/@vitest/runner/dist/chunk-hooks.js:1574:12)\n' +
    '    at runSuite (file:///C:/Users/Julien%20Fritsch/Documents/GitHub/DooDates/node_modules/@vitest/runner/dist/chunk-hooks.js:1729:8)',
  timestamp: '2025-11-20T09:58:45.139Z',
  context: { component: 'PollAnalyticsService', operation: 'queryPoll' },
  severity: 'high',
  category: 'api',
  userMessage: "Service d'analytics non disponible"
}

stderr | src/services/__tests__/PollAnalyticsService.test.ts > PollAnalyticsService > queryPoll > l├¿ve une erreur si le poll n'existe pas
­ƒÜ¿ DooDates Error: {
  message: 'Poll not found',
  name: 'DooDatesError',
  stack: 'DooDatesError: Poll not found\n' +
    '    at Object.validation (C:\\Users\\Julien Fritsch\\Documents\\GitHub\\DooDates\\src\\lib\\error-handling.ts:136:5)\n' +
    '    at PollAnalyticsService.queryPoll (C:\\Users\\Julien Fritsch\\Documents\\GitHub\\DooDates\\src\\services\\PollAnalyticsService.ts:252:28)\n' +
    '    at C:\\Users\\Julien Fritsch\\Documents\\GitHub\\DooDates\\src\\services\\__tests__\\PollAnalyticsService.test.ts:271:7\n' +
    '    at file:///C:/Users/Julien%20Fritsch/Documents/GitHub/DooDates/node_modules/@vitest/runner/dist/chunk-hooks.js:752:20',
  timestamp: '2025-11-20T09:58:45.143Z',
  context: { component: 'PollAnalyticsService', operation: 'queryPoll' },
  severity: 'medium',
  category: 'validation',
  userMessage: 'Sondage introuvable'
}

stderr | src/services/__tests__/PollAnalyticsService.test.ts > PollAnalyticsService > queryPoll > g├¿re les erreurs de Gemini gracieusement
­ƒÜ¿ DooDates Error: {
  message: 'API Error',
  name: 'DooDatesError',
  stack: 'DooDatesError: API Error\n' +
    '    at handleError (C:\\Users\\Julien Fritsch\\Documents\\GitHub\\DooDates\\src\\lib\\error-handling.ts:103:22)\n' +
    '    at PollAnalyticsService.queryPoll (C:\\Users\\Julien Fritsch\\Documents\\GitHub\\DooDates\\src\\services\\PollAnalyticsService.ts:333:30)\n' +
    '    at C:\\Users\\Julien Fritsch\\Documents\\GitHub\\DooDates\\src\\services\\__tests__\\PollAnalyticsService.test.ts:282:7\n' +
    '    at file:///C:/Users/Julien%20Fritsch/Documents/GitHub/DooDates/node_modules/@vitest/runner/dist/chunk-hooks.js:752:20',
  timestamp: '2025-11-20T09:58:45.145Z',
  context: { component: 'PollAnalyticsService', operation: 'queryPoll' },
  severity: 'medium',
  category: 'system',
  userMessage: "Erreur lors de l'analyse du sondage"
}

stderr | src/services/__tests__/PollAnalyticsService.test.ts > PollAnalyticsService > generateAutoInsights > retourne un tableau vide si Gemini ├®choue (non-bloquant)
­ƒÜ¿ DooDates Error: {
  message: 'API Error',
  name: 'DooDatesError',
  stack: 'DooDatesError: API Error\n' +
    '    at handleError (C:\\Users\\Julien Fritsch\\Documents\\GitHub\\DooDates\\src\\lib\\error-handling.ts:103:22)\n' +
    '    at PollAnalyticsService.generateAutoInsights (C:\\Users\\Julien Fritsch\\Documents\\GitHub\\DooDates\\src\\services\\PollAnalyticsService.ts:439:29)\n' +
    '    at C:\\Users\\Julien Fritsch\\Documents\\GitHub\\DooDates\\src\\services\\__tests__\\PollAnalyticsService.test.ts:364:24\n' +
    '    at file:///C:/Users/Julien%20Fritsch/Documents/GitHub/DooDates/node_modules/@vitest/runner/dist/chunk-hooks.js:752:20',
  timestamp: '2025-11-20T09:58:45.156Z',
  context: {
    component: 'PollAnalyticsService',
    operation: 'generateAutoInsights'
  },
  severity: 'medium',
  category: 'system',
  userMessage: 'Erreur lors de la g├®n├®ration des insights'
}

stderr | src/services/__tests__/PollAnalyticsService.test.ts > PollAnalyticsService > generateAutoInsights > retourne un tableau vide si Gemini n'est pas initialis├® (non-bloquant)
­ƒÜ¿ DooDates Error: {
  message: 'Gemini model not initialized',
  name: 'DooDatesError',
  stack: 'DooDatesError: Gemini model not initialized\n' +
    '    at Object.api (C:\\Users\\Julien Fritsch\\Documents\\GitHub\\DooDates\\src\\lib\\error-handling.ts:150:8)\n' +
    '    at PollAnalyticsService.generateAutoInsights (C:\\Users\\Julien Fritsch\\Documents\\GitHub\\DooDates\\src\\services\\PollAnalyticsService.ts:358:28)\n' +
    '    at C:\\Users\\Julien Fritsch\\Documents\\GitHub\\DooDates\\src\\services\\__tests__\\PollAnalyticsService.test.ts:375:48\n' +
    '    at file:///C:/Users/Julien%20Fritsch/Documents/GitHub/DooDates/node_modules/@vitest/runner/dist/chunk-hooks.js:155:11\n' +
    '    at file:///C:/Users/Julien%20Fritsch/Documents/GitHub/DooDates/node_modules/@vitest/runner/dist/chunk-hooks.js:752:26\n' +
    '    at file:///C:/Users/Julien%20Fritsch/Documents/GitHub/DooDates/node_modules/@vitest/runner/dist/chunk-hooks.js:1897:20\n' +
    '    at new Promise (<anonymous>)\n' +
    '    at runWithTimeout (file:///C:/Users/Julien%20Fritsch/Documents/GitHub/DooDates/node_modules/@vitest/runner/dist/chunk-hooks.js:1863:10)\n' +
    '    at runTest (file:///C:/Users/Julien%20Fritsch/Documents/GitHub/DooDates/node_modules/@vitest/runner/dist/chunk-hooks.js:1574:12)\n' +
    '    at runSuite (file:///C:/Users/Julien%20Fritsch/Documents/GitHub/DooDates/node_modules/@vitest/runner/dist/chunk-hooks.js:1729:8)',
  timestamp: '2025-11-20T09:58:45.158Z',
  context: {
    component: 'PollAnalyticsService',
    operation: 'generateAutoInsights'
  },
  severity: 'high',
  category: 'api',
  userMessage: "Service d'analytics non disponible"
}

stderr | src/services/__tests__/PollAnalyticsService.test.ts > PollAnalyticsService > generateAutoInsights > retourne un tableau vide si le poll n'existe pas (non-bloquant)
­ƒÜ¿ DooDates Error: {
  message: 'Poll not found',
  name: 'DooDatesError',
  stack: 'DooDatesError: Poll not found\n' +
    '    at Object.validation (C:\\Users\\Julien Fritsch\\Documents\\GitHub\\DooDates\\src\\lib\\error-handling.ts:136:5)\n' +
    '    at PollAnalyticsService.generateAutoInsights (C:\\Users\\Julien Fritsch\\Documents\\GitHub\\DooDates\\src\\services\\PollAnalyticsService.ts:367:28)\n' +
    '    at C:\\Users\\Julien Fritsch\\Documents\\GitHub\\DooDates\\src\\services\\__tests__\\PollAnalyticsService.test.ts:384:24\n' +
    '    at file:///C:/Users/Julien%20Fritsch/Documents/GitHub/DooDates/node_modules/@vitest/runner/dist/chunk-hooks.js:752:20',
  timestamp: '2025-11-20T09:58:45.159Z',
  context: {
    component: 'PollAnalyticsService',
    operation: 'generateAutoInsights'
  },
  severity: 'medium',
  category: 'validation',
  userMessage: 'Sondage introuvable'
}

stderr | src/hooks/__tests__/useAutoSave.test.ts > useAutoSave > Error Handling > should handle title generation timeout errors
­ƒÜ¿ DooDates Error: {
  message: 'Erreur dans addMessage',
  name: 'DooDatesError',
  stack: 'DooDatesError: Erreur dans addMessage\n' +
    '    at Object.storage (C:\\Users\\Julien Fritsch\\Documents\\GitHub\\DooDates\\src\\lib\\error-handling.ts:141:5)\n' +
    '    at Object.addMessage (C:\\Users\\Julien Fritsch\\Documents\\GitHub\\DooDates\\src\\hooks\\useAutoSave.ts:689:24)',
  timestamp: '2025-11-20T09:58:45.199Z',
  context: {
    operation: 'useAutoSave.addMessage',
    metadata: {
      requestId: 'dbb088f6-4983-46e0-8597-0a2bba6d223b',
      messageId: 'msg-1',
      error: Error: Timeout
          at Proxy.<anonymous> (C:\Users\Julien Fritsch\Documents\GitHub\DooDates\src\hooks\__tests__\useAutoSave.test.ts:361:15)
          at Proxy.mockCall (file:///C:/Users/Julien%20Fritsch/Documents/GitHub/DooDates/node_modules/@vitest/spy/dist/index.js:96:15)
          at Proxy.getConversation (file:///C:/Users/Julien%20Fritsch/Documents/GitHub/DooDates/node_modules/tinyspy/dist/index.js:47:80)
          at Object.addMessage (C:\Users\Julien Fritsch\Documents\GitHub\DooDates\src\hooks\useAutoSave.ts:433:48)
    }
  },
  severity: 'high',
  category: 'storage',
  userMessage: 'Impossible de sauvegarder le message'
}
ÔØî Ôä╣´©Å Failed to save message immediately Error: Timeout
    at Proxy.<anonymous> (C:\Users\Julien Fritsch\Documents\GitHub\DooDates\src\hooks\__tests__\useAutoSave.test.ts:361:15)
    at Proxy.mockCall (file:///C:/Users/Julien%20Fritsch/Documents/GitHub/DooDates/node_modules/@vitest/spy/dist/index.js:96:15)
    at Proxy.getConversation (file:///C:/Users/Julien%20Fritsch/Documents/GitHub/DooDates/node_modules/tinyspy/dist/index.js:47:80)
    at Object.addMessage (C:\Users\Julien Fritsch\Documents\GitHub\DooDates\src\hooks\useAutoSave.ts:433:48)

stderr | src/hooks/__tests__/usePollDeletionCascade.test.ts > usePollDeletionCascade > cleanupConversationLink > should handle cleanup errors gracefully
­ƒÜ¿ DooDates Error: {
  message: 'Update failed',
  name: 'DooDatesError',
  stack: 'DooDatesError: Update failed\n' +
    '    at handleError (C:\\Users\\Julien Fritsch\\Documents\\GitHub\\DooDates\\src\\lib\\error-handling.ts:103:22)\n' +
    '    at Object.cleanupConversationLink (C:\\Users\\Julien Fritsch\\Documents\\GitHub\\DooDates\\src\\hooks\\usePollDeletionCascade.ts:73:32)\n' +
    '    at C:\\Users\\Julien Fritsch\\Documents\\GitHub\\DooDates\\src\\hooks\\__tests__\\usePollDeletionCascade.test.ts:110:25',
  timestamp: '2025-11-20T09:58:46.116Z',
  context: {
    component: 'usePollDeletionCascade',
    operation: 'cleanupConversationLink'
  },
  severity: 'medium',
  category: 'system',
  userMessage: 'Erreur lors du nettoyage des liens de conversation'
}
­ƒÜ¿ DooDates Error: {
  message: 'Update failed',
  name: 'DooDatesError',
  stack: 'DooDatesError: Update failed\n' +
    '    at handleError (C:\\Users\\Julien Fritsch\\Documents\\GitHub\\DooDates\\src\\lib\\error-handling.ts:103:22)\n' +
    '    at Object.cleanupConversationLink (C:\\Users\\Julien Fritsch\\Documents\\GitHub\\DooDates\\src\\hooks\\usePollDeletionCascade.ts:73:32)\n' +
    '    at C:\\Users\\Julien Fritsch\\Documents\\GitHub\\DooDates\\src\\hooks\\__tests__\\usePollDeletionCascade.test.ts:110:25',
  timestamp: '2025-11-20T09:58:46.117Z',
  context: {
    component: 'usePollDeletionCascade',
    operation: 'cleanupConversationLink'
  },
  severity: 'medium',
  category: 'system',
  userMessage: 'Erreur lors du nettoyage des liens de conversation'
}

stderr | src/hooks/__tests__/usePollDeletionCascade.test.ts > usePollDeletionCascade > deletePollWithCascade > should handle poll deletion failure
­ƒÜ¿ DooDates Error: {
  message: 'Storage error',
  name: 'DooDatesError',
  stack: 'DooDatesError: Storage error\n' +
    '    at handleError (C:\\Users\\Julien Fritsch\\Documents\\GitHub\\DooDates\\src\\lib\\error-handling.ts:103:22)\n' +
    '    at Object.deletePollWithCascade (C:\\Users\\Julien Fritsch\\Documents\\GitHub\\DooDates\\src\\hooks\\usePollDeletionCascade.ts:144:34)\n' +
    '    at C:\\Users\\Julien Fritsch\\Documents\\GitHub\\DooDates\\src\\hooks\\__tests__\\usePollDeletionCascade.test.ts:156:33',
  timestamp: '2025-11-20T09:58:46.129Z',
  context: { component: 'usePollDeletionCascade', operation: 'deletePoll' },
  severity: 'medium',
  category: 'system',
  userMessage: 'Erreur lors de la suppression du sondage'
}
­ƒÜ¿ DooDates Error: {
  message: 'Storage error',
  name: 'DooDatesError',
  stack: 'DooDatesError: Storage error\n' +
    '    at handleError (C:\\Users\\Julien Fritsch\\Documents\\GitHub\\DooDates\\src\\lib\\error-handling.ts:103:22)\n' +
    '    at Object.deletePollWithCascade (C:\\Users\\Julien Fritsch\\Documents\\GitHub\\DooDates\\src\\hooks\\usePollDeletionCascade.ts:144:34)\n' +
    '    at C:\\Users\\Julien Fritsch\\Documents\\GitHub\\DooDates\\src\\hooks\\__tests__\\usePollDeletionCascade.test.ts:156:33',
  timestamp: '2025-11-20T09:58:46.130Z',
  context: { component: 'usePollDeletionCascade', operation: 'deletePoll' },
  severity: 'medium',
  category: 'system',
  userMessage: 'Erreur lors de la suppression du sondage'
}

stderr | src/hooks/__tests__/usePollDeletionCascade.test.ts > usePollDeletionCascade > cleanupOrphanedLinks > should handle cleanup errors gracefully
­ƒÜ¿ DooDates Error: {
  message: 'Update failed',
  name: 'DooDatesError',
  stack: 'DooDatesError: Update failed\n' +
    '    at handleError (C:\\Users\\Julien Fritsch\\Documents\\GitHub\\DooDates\\src\\lib\\error-handling.ts:103:22)\n' +
    '    at Object.cleanupOrphanedLinks (C:\\Users\\Julien Fritsch\\Documents\\GitHub\\DooDates\\src\\hooks\\usePollDeletionCascade.ts:297:30)\n' +
    '    at C:\\Users\\Julien Fritsch\\Documents\\GitHub\\DooDates\\src\\hooks\\__tests__\\usePollDeletionCascade.test.ts:274:30',
  timestamp: '2025-11-20T09:58:46.150Z',
  context: {
    component: 'usePollDeletionCascade',
    operation: 'cleanupOrphanedLinks'
  },
  severity: 'medium',
  category: 'system',
  userMessage: 'Erreur lors du nettoyage des liens orphelins'
}
­ƒÜ¿ DooDates Error: {
  message: 'Update failed',
  name: 'DooDatesError',
  stack: 'DooDatesError: Update failed\n' +
    '    at handleError (C:\\Users\\Julien Fritsch\\Documents\\GitHub\\DooDates\\src\\lib\\error-handling.ts:103:22)\n' +
    '    at Object.cleanupOrphanedLinks (C:\\Users\\Julien Fritsch\\Documents\\GitHub\\DooDates\\src\\hooks\\usePollDeletionCascade.ts:297:30)\n' +
    '    at C:\\Users\\Julien Fritsch\\Documents\\GitHub\\DooDates\\src\\hooks\\__tests__\\usePollDeletionCascade.test.ts:274:30',
  timestamp: '2025-11-20T09:58:46.150Z',
  context: {
    component: 'usePollDeletionCascade',
    operation: 'cleanupOrphanedLinks'
  },
  severity: 'medium',
  category: 'system',
  userMessage: 'Erreur lors du nettoyage des liens orphelins'
}

stderr | src/hooks/__tests__/usePolls.createPoll.test.ts > usePolls.createPoll > rejects creation when selectedDates is empty
­ƒÜ¿ DooDates Error: {
  message: 'No dates selected for poll creation',
  name: 'DooDatesError',
  stack: 'DooDatesError: No dates selected for poll creation\n' +
    '    at Object.validation (C:\\Users\\Julien Fritsch\\Documents\\GitHub\\DooDates\\src\\lib\\error-handling.ts:136:5)\n' +
    '    at Object.createPoll (C:\\Users\\Julien Fritsch\\Documents\\GitHub\\DooDates\\src\\hooks\\usePolls.ts:156:32)\n' +
    '    at C:\\Users\\Julien Fritsch\\Documents\\GitHub\\DooDates\\src\\hooks\\__tests__\\usePolls.createPoll.test.ts:89:30\n' +
    '    at C:\\Users\\Julien Fritsch\\Documents\\GitHub\\DooDates\\node_modules\\@testing-library\\react\\dist\\act-compat.js:48:24\n' +
    '    at act (C:\\Users\\Julien Fritsch\\Documents\\GitHub\\DooDates\\node_modules\\react\\cjs\\react.development.js:2512:16)\n' +
    '    at Proxy.act (C:\\Users\\Julien Fritsch\\Documents\\GitHub\\DooDates\\node_modules\\@testing-library\\react\\dist\\act-compat.js:47:25)\n' +
    '    at C:\\Users\\Julien Fritsch\\Documents\\GitHub\\DooDates\\src\\hooks\\__tests__\\usePolls.createPoll.test.ts:87:23\n' +
    '    at file:///C:/Users/Julien%20Fritsch/Documents/GitHub/DooDates/node_modules/@vitest/runner/dist/chunk-hooks.js:155:11\n' +
    '    at file:///C:/Users/Julien%20Fritsch/Documents/GitHub/DooDates/node_modules/@vitest/runner/dist/chunk-hooks.js:752:26\n' +
    '    at file:///C:/Users/Julien%20Fritsch/Documents/GitHub/DooDates/node_modules/@vitest/runner/dist/chunk-hooks.js:1897:20',
  timestamp: '2025-11-20T09:58:48.927Z',
  context: { component: 'usePolls', operation: 'createPoll' },
  severity: 'medium',
  category: 'validation',
  userMessage: 'S├®lectionnez au moins une date pour cr├®er le sondage.'
}
­ƒÜ¿ DooDates Error: {
  message: 'No dates selected for poll creation',
  name: 'DooDatesError',
  stack: 'DooDatesError: No dates selected for poll creation\n' +
    '    at Object.validation (C:\\Users\\Julien Fritsch\\Documents\\GitHub\\DooDates\\src\\lib\\error-handling.ts:136:5)\n' +
    '    at Object.createPoll (C:\\Users\\Julien Fritsch\\Documents\\GitHub\\DooDates\\src\\hooks\\usePolls.ts:156:32)\n' +
    '    at C:\\Users\\Julien Fritsch\\Documents\\GitHub\\DooDates\\src\\hooks\\__tests__\\usePolls.createPoll.test.ts:89:30\n' +
    '    at C:\\Users\\Julien Fritsch\\Documents\\GitHub\\DooDates\\node_modules\\@testing-library\\react\\dist\\act-compat.js:48:24\n' +
    '    at act (C:\\Users\\Julien Fritsch\\Documents\\GitHub\\DooDates\\node_modules\\react\\cjs\\react.development.js:2512:16)\n' +
    '    at Proxy.act (C:\\Users\\Julien Fritsch\\Documents\\GitHub\\DooDates\\node_modules\\@testing-library\\react\\dist\\act-compat.js:47:25)\n' +
    '    at C:\\Users\\Julien Fritsch\\Documents\\GitHub\\DooDates\\src\\hooks\\__tests__\\usePolls.createPoll.test.ts:87:23\n' +
    '    at file:///C:/Users/Julien%20Fritsch/Documents/GitHub/DooDates/node_modules/@vitest/runner/dist/chunk-hooks.js:155:11\n' +
    '    at file:///C:/Users/Julien%20Fritsch/Documents/GitHub/DooDates/node_modules/@vitest/runner/dist/chunk-hooks.js:752:26\n' +
    '    at file:///C:/Users/Julien%20Fritsch/Documents/GitHub/DooDates/node_modules/@vitest/runner/dist/chunk-hooks.js:1897:20',
  timestamp: '2025-11-20T09:58:48.928Z',
  context: { component: 'usePolls', operation: 'createPoll' },
  severity: 'medium',
  category: 'validation',
  userMessage: 'S├®lectionnez au moins une date pour cr├®er le sondage.'
}

stderr | Logger.logWithLevel (C:\Users\Julien Fritsch\Documents\GitHub\DooDates\src\lib\logger.ts:155:17)
ÔØî ­ƒöÆ Failed to get fingerprint {
  error: ReferenceError: localStorage is not defined
      at getCachedFingerprint (C:\Users\Julien Fritsch\Documents\GitHub\DooDates\src\lib\browserFingerprint.ts:278:5)
      at ensureGuestQuota (C:\Users\Julien Fritsch\Documents\GitHub\DooDates\src\lib\guestQuotaService.ts:352:25)
      at consumeGuestCredits (C:\Users\Julien Fritsch\Documents\GitHub\DooDates\src\lib\guestQuotaService.ts:601:24)
      at consumeCredits (C:\Users\Julien Fritsch\Documents\GitHub\DooDates\src\lib\quotaTracking.ts:551:24)
      at incrementPollCreated (C:\Users\Julien Fritsch\Documents\GitHub\DooDates\src\lib\quotaTracking.ts:819:3)
}

stderr | src/hooks/__tests__/usePollConversationLink.test.ts > usePollConversationLink > linkPollToConversation > should handle linking errors gracefully
­ƒÜ¿ DooDates Error: {
  message: undefined,
  name: undefined,
  stack: undefined,
  timestamp: '2025-11-20T09:58:48.996Z',
  context: Error: Update failed
      at C:\Users\Julien Fritsch\Documents\GitHub\DooDates\src\hooks\__tests__\usePollConversationLink.test.ts:95:60
      at file:///C:/Users/Julien%20Fritsch/Documents/GitHub/DooDates/node_modules/@vitest/runner/dist/chunk-hooks.js:155:11
      at file:///C:/Users/Julien%20Fritsch/Documents/GitHub/DooDates/node_modules/@vitest/runner/dist/chunk-hooks.js:752:26
      at file:///C:/Users/Julien%20Fritsch/Documents/GitHub/DooDates/node_modules/@vitest/runner/dist/chunk-hooks.js:1897:20
      at new Promise (<anonymous>)
      at runWithTimeout (file:///C:/Users/Julien%20Fritsch/Documents/GitHub/DooDates/node_modules/@vitest/runner/dist/chunk-hooks.js:1863:10)
      at runTest (file:///C:/Users/Julien%20Fritsch/Documents/GitHub/DooDates/node_modules/@vitest/runner/dist/chunk-hooks.js:1574:12)
      at runSuite (file:///C:/Users/Julien%20Fritsch/Documents/GitHub/DooDates/node_modules/@vitest/runner/dist/chunk-hooks.js:1729:8)
      at runSuite (file:///C:/Users/Julien%20Fritsch/Documents/GitHub/DooDates/node_modules/@vitest/runner/dist/chunk-hooks.js:1729:8)
      at runSuite (file:///C:/Users/Julien%20Fritsch/Documents/GitHub/DooDates/node_modules/@vitest/runner/dist/chunk-hooks.js:1729:8)
}

stderr | src/hooks/__tests__/usePollConversationLink.1to1.test.ts > usePollConversationLink - 1:1 Relations (Task 2.1) > 1:1 Link Creation > should handle linking errors gracefully
­ƒÜ¿ DooDates Error: {
  message: undefined,
  name: undefined,
  stack: undefined,
  timestamp: '2025-11-20T09:58:49.001Z',
  context: Error: Update failed
      at C:\Users\Julien Fritsch\Documents\GitHub\DooDates\src\hooks\__tests__\usePollConversationLink.1to1.test.ts:63:60
      at file:///C:/Users/Julien%20Fritsch/Documents/GitHub/DooDates/node_modules/@vitest/runner/dist/chunk-hooks.js:155:11
      at file:///C:/Users/Julien%20Fritsch/Documents/GitHub/DooDates/node_modules/@vitest/runner/dist/chunk-hooks.js:752:26
      at file:///C:/Users/Julien%20Fritsch/Documents/GitHub/DooDates/node_modules/@vitest/runner/dist/chunk-hooks.js:1897:20
      at new Promise (<anonymous>)
      at runWithTimeout (file:///C:/Users/Julien%20Fritsch/Documents/GitHub/DooDates/node_modules/@vitest/runner/dist/chunk-hooks.js:1863:10)
      at runTest (file:///C:/Users/Julien%20Fritsch/Documents/GitHub/DooDates/node_modules/@vitest/runner/dist/chunk-hooks.js:1574:12)
      at runSuite (file:///C:/Users/Julien%20Fritsch/Documents/GitHub/DooDates/node_modules/@vitest/runner/dist/chunk-hooks.js:1729:8)
      at runSuite (file:///C:/Users/Julien%20Fritsch/Documents/GitHub/DooDates/node_modules/@vitest/runner/dist/chunk-hooks.js:1729:8)
      at runSuite (file:///C:/Users/Julien%20Fritsch/Documents/GitHub/DooDates/node_modules/@vitest/runner/dist/chunk-hooks.js:1729:8)
}

stderr | src/hooks/__tests__/usePollConversationLink.1to1.test.ts > usePollConversationLink - 1:1 Relations (Task 2.1) > Navigation > should navigate to conversation from poll
Error: Not implemented: navigation (except hash changes)
    at module.exports (C:\Users\Julien Fritsch\Documents\GitHub\DooDates\node_modules\jsdom\lib\jsdom\browser\not-implemented.js:9:17)
    at navigateFetch (C:\Users\Julien Fritsch\Documents\GitHub\DooDates\node_modules\jsdom\lib\jsdom\living\window\navigation.js:77:3)
    at exports.navigate (C:\Users\Julien Fritsch\Documents\GitHub\DooDates\node_modules\jsdom\lib\jsdom\living\window\navigation.js:55:3)
    at LocationImpl._locationObjectNavigate (C:\Users\Julien Fritsch\Documents\GitHub\DooDates\node_modules\jsdom\lib\jsdom\living\window\Location-impl.js:30:5)
    at LocationImpl._locationObjectSetterNavigate (C:\Users\Julien Fritsch\Documents\GitHub\DooDates\node_modules\jsdom\lib\jsdom\living\window\Location-impl.js:24:17)
    at LocationImpl.set href [as href] (C:\Users\Julien Fritsch\Documents\GitHub\DooDates\node_modules\jsdom\lib\jsdom\living\window\Location-impl.js:46:10)
    at Location.set href [as href] (C:\Users\Julien Fritsch\Documents\GitHub\DooDates\node_modules\jsdom\lib\jsdom\living\generated\Location.js:125:37)
    at Object.navigateToConversation (C:\Users\Julien Fritsch\Documents\GitHub\DooDates\src\hooks\usePollConversationLink.ts:103:25)
    at C:\Users\Julien Fritsch\Documents\GitHub\DooDates\src\hooks\__tests__\usePollConversationLink.1to1.test.ts:132:24
    at C:\Users\Julien Fritsch\Documents\GitHub\DooDates\node_modules\@testing-library\react\dist\act-compat.js:48:24 undefined

stderr | src/hooks/__tests__/usePollConversationLink.1to1.test.ts > usePollConversationLink - 1:1 Relations (Task 2.1) > Navigation > should navigate to poll from conversation
Error: Not implemented: navigation (except hash changes)
    at module.exports (C:\Users\Julien Fritsch\Documents\GitHub\DooDates\node_modules\jsdom\lib\jsdom\browser\not-implemented.js:9:17)
    at navigateFetch (C:\Users\Julien Fritsch\Documents\GitHub\DooDates\node_modules\jsdom\lib\jsdom\living\window\navigation.js:77:3)
    at exports.navigate (C:\Users\Julien Fritsch\Documents\GitHub\DooDates\node_modules\jsdom\lib\jsdom\living\window\navigation.js:55:3)
    at LocationImpl._locationObjectNavigate (C:\Users\Julien Fritsch\Documents\GitHub\DooDates\node_modules\jsdom\lib\jsdom\living\window\Location-impl.js:30:5)
    at LocationImpl._locationObjectSetterNavigate (C:\Users\Julien Fritsch\Documents\GitHub\DooDates\node_modules\jsdom\lib\jsdom\living\window\Location-impl.js:24:17)
    at LocationImpl.set href [as href] (C:\Users\Julien Fritsch\Documents\GitHub\DooDates\node_modules\jsdom\lib\jsdom\living\window\Location-impl.js:46:10)
    at Location.set href [as href] (C:\Users\Julien Fritsch\Documents\GitHub\DooDates\node_modules\jsdom\lib\jsdom\living\generated\Location.js:125:37)
    at Object.navigateToPoll (C:\Users\Julien Fritsch\Documents\GitHub\DooDates\src\hooks\usePollConversationLink.ts:112:25)
    at C:\Users\Julien Fritsch\Documents\GitHub\DooDates\src\hooks\__tests__\usePollConversationLink.1to1.test.ts:143:24
    at C:\Users\Julien Fritsch\Documents\GitHub\DooDates\node_modules\@testing-library\react\dist\act-compat.js:48:24 undefined

stderr | src/lib/__tests__/pollStorage.test.ts > pollStorage > addPoll() should validate form polls: title is required
­ƒÜ¿ DooDates Error: {
  message: 'Invalid form poll: title must be a non-empty string',
  name: 'DooDatesError',
  stack: 'DooDatesError: Invalid form poll: title must be a non-empty string\n' +
    '    at Object.validation (C:\\Users\\Julien Fritsch\\Documents\\GitHub\\DooDates\\src\\lib\\error-handling.ts:136:5)\n' +
    '    at validatePoll (C:\\Users\\Julien Fritsch\\Documents\\GitHub\\DooDates\\src\\lib\\pollStorage.ts:490:44)\n' +
    '    at addPoll (C:\\Users\\Julien Fritsch\\Documents\\GitHub\\DooDates\\src\\lib\\pollStorage.ts:348:3)\n' +
    '    at C:\\Users\\Julien Fritsch\\Documents\\GitHub\\DooDates\\src\\lib\\__tests__\\pollStorage.test.ts:202:18\n' +
    '    at file:///C:/Users/Julien%20Fritsch/Documents/GitHub/DooDates/node_modules/@vitest/runner/dist/chunk-hooks.js:752:20',
  timestamp: '2025-11-20T09:58:52.771Z',
  context: { component: 'pollStorage', operation: 'validateFormPoll' },
  severity: 'medium',
  category: 'validation',
  userMessage: 'Le titre du formulaire est obligatoire'
}

stderr | src/lib/__tests__/browserFingerprint.test.ts > browserFingerprint > getCachedFingerprint > should handle invalid cache gracefully
ÔÜá´©Å ­ƒöÆ Invalid fingerprint cache {
  key: '__dd_fingerprint',
  error: SyntaxError: Unexpected token 'i', "invalid json" is not valid JSON
      at JSON.parse (<anonymous>)
      at readCache (C:\Users\Julien Fritsch\Documents\GitHub\DooDates\src\lib\browserFingerprint.ts:251:31)
      at getCachedFingerprint (C:\Users\Julien Fritsch\Documents\GitHub\DooDates\src\lib\browserFingerprint.ts:262:20)
      at C:\Users\Julien Fritsch\Documents\GitHub\DooDates\src\lib\__tests__\browserFingerprint.test.ts:272:28
      at file:///C:/Users/Julien%20Fritsch/Documents/GitHub/DooDates/node_modules/@vitest/runner/dist/chunk-hooks.js:155:11
      at file:///C:/Users/Julien%20Fritsch/Documents/GitHub/DooDates/node_modules/@vitest/runner/dist/chunk-hooks.js:752:26
      at file:///C:/Users/Julien%20Fritsch/Documents/GitHub/DooDates/node_modules/@vitest/runner/dist/chunk-hooks.js:1897:20
      at new Promise (<anonymous>)
      at runWithTimeout (file:///C:/Users/Julien%20Fritsch/Documents/GitHub/DooDates/node_modules/@vitest/runner/dist/chunk-hooks.js:1863:10)
      at runTest (file:///C:/Users/Julien%20Fritsch/Documents/GitHub/DooDates/node_modules/@vitest/runner/dist/chunk-hooks.js:1574:12)
}

stderr | src/lib/__tests__/browserFingerprint.test.ts > browserFingerprint > Edge cases > should handle localStorage errors gracefully
ÔØî ­ƒöÆ Failed to get fingerprint {
  error: Error: Storage quota exceeded
      at Object.<anonymous> (C:\Users\Julien Fritsch\Documents\GitHub\DooDates\src\lib\__tests__\browserFingerprint.test.ts:302:15)
      at Object.mockCall (file:///C:/Users/Julien%20Fritsch/Documents/GitHub/DooDates/node_modules/@vitest/spy/dist/index.js:96:15)
      at Object.getItem (file:///C:/Users/Julien%20Fritsch/Documents/GitHub/DooDates/node_modules/tinyspy/dist/index.js:47:80)
      at readCache (C:\Users\Julien Fritsch\Documents\GitHub\DooDates\src\lib\browserFingerprint.ts:248:34)
      at getCachedFingerprint (C:\Users\Julien Fritsch\Documents\GitHub\DooDates\src\lib\browserFingerprint.ts:262:20)
      at C:\Users\Julien Fritsch\Documents\GitHub\DooDates\src\lib\__tests__\browserFingerprint.test.ts:305:28
      at file:///C:/Users/Julien%20Fritsch/Documents/GitHub/DooDates/node_modules/@vitest/runner/dist/chunk-hooks.js:155:11
      at file:///C:/Users/Julien%20Fritsch/Documents/GitHub/DooDates/node_modules/@vitest/runner/dist/chunk-hooks.js:752:26
      at file:///C:/Users/Julien%20Fritsch/Documents/GitHub/DooDates/node_modules/@vitest/runner/dist/chunk-hooks.js:1897:20
      at new Promise (<anonymous>)
}

stderr | src/lib/__tests__/gemini-form-parsing.test.ts > GeminiService - Form Poll Parsing > parseFormPollResponse - Invalid responses > filtre les questions single sans options
ÔÜá´©Å ­ƒîÉ Question "Question invalide" de type single ignor├®e : options invalides 

stderr | src/lib/__tests__/gemini-form-parsing.test.ts > GeminiService - Form Poll Parsing > parseFormPollResponse - Invalid responses > filtre les questions single avec moins de 2 options
ÔÜá´©Å ­ƒîÉ Question "Question avec 1 option" de type single ignor├®e : options invalides 

stderr | src/lib/__tests__/gemini-form-parsing.test.ts > GeminiService - Form Poll Parsing > parseFormPollResponse - Invalid responses > rejette tout si aucune question valide
ÔÜá´©Å ­ƒîÉ Question "Question invalide 1" de type single ignor├®e : options invalides 
ÔÜá´©Å ­ƒîÉ Question "Question invalide 2" de type multiple ignor├®e : options invalides 
­ƒÜ¿ DooDates Error: {
  message: 'No valid questions in form poll',
  name: 'DooDatesError',
  stack: 'DooDatesError: No valid questions in form poll\n' +
    '    at Object.validation (C:\\Users\\Julien Fritsch\\Documents\\GitHub\\DooDates\\src\\lib\\error-handling.ts:136:5)\n' +
    '    at GeminiService.parseFormPollResponse (C:\\Users\\Julien Fritsch\\Documents\\GitHub\\DooDates\\src\\lib\\gemini.ts:1891:28)\n' +
    '    at C:\\Users\\Julien Fritsch\\Documents\\GitHub\\DooDates\\src\\lib\\__tests__\\gemini-form-parsing.test.ts:322:30\n' +
    '    at file:///C:/Users/Julien%20Fritsch/Documents/GitHub/DooDates/node_modules/@vitest/runner/dist/chunk-hooks.js:155:11\n' +
    '    at file:///C:/Users/Julien%20Fritsch/Documents/GitHub/DooDates/node_modules/@vitest/runner/dist/chunk-hooks.js:752:26\n' +
    '    at file:///C:/Users/Julien%20Fritsch/Documents/GitHub/DooDates/node_modules/@vitest/runner/dist/chunk-hooks.js:1897:20\n' +
    '    at new Promise (<anonymous>)\n' +
    '    at runWithTimeout (file:///C:/Users/Julien%20Fritsch/Documents/GitHub/DooDates/node_modules/@vitest/runner/dist/chunk-hooks.js:1863:10)\n' +
    '    at runTest (file:///C:/Users/Julien%20Fritsch/Documents/GitHub/DooDates/node_modules/@vitest/runner/dist/chunk-hooks.js:1574:12)\n' +
    '    at runSuite (file:///C:/Users/Julien%20Fritsch/Documents/GitHub/DooDates/node_modules/@vitest/runner/dist/chunk-hooks.js:1729:8)',
  timestamp: '2025-11-20T09:58:59.850Z',
  context: { component: 'GeminiService', operation: 'parseFormPollResponse' },
  severity: 'medium',
  category: 'validation',
  userMessage: 'Aucune question valide dans le questionnaire'
}


ÔÄ»ÔÄ»ÔÄ»ÔÄ»ÔÄ»ÔÄ»ÔÄ»ÔÄ»ÔÄ»ÔÄ»ÔÄ»ÔÄ»ÔÄ»ÔÄ»ÔÄ»ÔÄ»ÔÄ»ÔÄ»ÔÄ»ÔÄ»ÔÄ»ÔÄ»ÔÄ»ÔÄ»ÔÄ»ÔÄ»ÔÄ»ÔÄ»ÔÄ»ÔÄ»ÔÄ»ÔÄ»ÔÄ»ÔÄ»ÔÄ»ÔÄ»ÔÄ»ÔÄ»ÔÄ»ÔÄ»ÔÄ» Failed Tests 53 ÔÄ»ÔÄ»ÔÄ»ÔÄ»ÔÄ»ÔÄ»ÔÄ»ÔÄ»ÔÄ»ÔÄ»ÔÄ»ÔÄ»ÔÄ»ÔÄ»ÔÄ»ÔÄ»ÔÄ»ÔÄ»ÔÄ»ÔÄ»ÔÄ»ÔÄ»ÔÄ»ÔÄ»ÔÄ»ÔÄ»ÔÄ»ÔÄ»ÔÄ»ÔÄ»ÔÄ»ÔÄ»ÔÄ»ÔÄ»ÔÄ»ÔÄ»ÔÄ»ÔÄ»ÔÄ»ÔÄ»ÔÄ»ÔÄ»

 FAIL  src/contexts/AuthContext.test.tsx > AuthContext > Authentication methods > should handle Google OAuth sign in
AssertionError: expected null to be '/dashboard' // Object.is equality

- Expected: 
"/dashboard"

+ Received: 
null

 ÔØ» src/contexts/AuthContext.test.tsx:327:54
    325|         },
    326|       });
    327|       expect(localStorage.getItem("auth_return_to")).toBe("/dashboard");
       |                                                      ^
    328|     });
    329| 

ÔÄ»ÔÄ»ÔÄ»ÔÄ»ÔÄ»ÔÄ»ÔÄ»ÔÄ»ÔÄ»ÔÄ»ÔÄ»ÔÄ»ÔÄ»ÔÄ»ÔÄ»ÔÄ»ÔÄ»ÔÄ»ÔÄ»ÔÄ»ÔÄ»ÔÄ»ÔÄ»ÔÄ»ÔÄ»ÔÄ»ÔÄ»ÔÄ»ÔÄ»ÔÄ»ÔÄ»ÔÄ»ÔÄ»ÔÄ»ÔÄ»ÔÄ»ÔÄ»ÔÄ»ÔÄ»ÔÄ»ÔÄ»ÔÄ»ÔÄ»ÔÄ»ÔÄ»ÔÄ»ÔÄ»ÔÄ»ÔÄ»ÔÄ»ÔÄ»ÔÄ»ÔÄ»ÔÄ»ÔÄ»ÔÄ»ÔÄ»ÔÄ»ÔÄ»ÔÄ»ÔÄ»ÔÄ»ÔÄ»ÔÄ»ÔÄ»ÔÄ»ÔÄ»ÔÄ»ÔÄ»ÔÄ»ÔÄ»ÔÄ»ÔÄ»ÔÄ»ÔÄ»ÔÄ»ÔÄ»ÔÄ»ÔÄ»ÔÄ»ÔÄ»ÔÄ»ÔÄ»ÔÄ»ÔÄ»ÔÄ»ÔÄ»ÔÄ»ÔÄ»ÔÄ»ÔÄ»ÔÄ»ÔÄ»[1/53]ÔÄ»

 FAIL  src/contexts/AuthContext.test.tsx > AuthContext > Profile management > should handle update profile without authenticated user
AssertionError: expected last "spy" call to have been called with [ ObjectContaining{ÔÇª} ]

Ignored nodes: comments, script, style
<html>
  <head />
  <body>
    <div>
      <div>
        <div
          data-testid="user-id"
        >
          test-user-id
        </div>
        <div
          data-testid="loading"
        >
          not-loading
        </div>
        <div
          data-testid="error"
        >
          no-error
        </div>
      </div>
    </div>
  </body>
</html>

- Expected
+ Received

  [
-   ObjectContaining {
+   {
+     "error": null,
      "loading": false,
-     "user": null,
+     "profile": undefined,
+     "refreshProfile": [Function refreshProfile],
+     "session": {
+       "access_token": "test-token",
+       "expires_in": 3600,
+       "refresh_token": "test-refresh-token",
+       "token_type": "bearer",
+       "user": {
+         "app_metadata": {
+           "provider": "email",
+         },
+         "aud": "authenticated",
+         "created_at": "2024-01-01T00:00:00Z",
+         "email": "test@example.com",
+         "id": "test-user-id",
+         "user_metadata": {},
+       },
+     },
+     "signIn": [Function signIn],
+     "signInWithGoogle": [Function signInWithGoogle],
+     "signOut": [Function signOut],
+     "signUp": [Function signUp],
+     "updateProfile": [Function updateProfile],
+     "user": {
+       "app_metadata": {
+         "provider": "email",
+       },
+       "aud": "authenticated",
+       "created_at": "2024-01-01T00:00:00Z",
+       "email": "test@example.com",
+       "id": "test-user-id",
+       "user_metadata": {},
+     },
    },
  ]

 ÔØ» src/contexts/AuthContext.test.tsx:425:28
    423|       // Wait for initial load (no user)
    424|       await waitFor(() => {
    425|         expect(mockOnAuth).toHaveBeenLastCalledWith(
       |                            ^
    426|           expect.objectContaining({ user: null, loading: false })
    427|         );
 ÔØ» runWithExpensiveErrorDiagnosticsDisabled node_modules/@testing-library/dom/dist/config.js:47:12
 ÔØ» checkCallback node_modules/@testing-library/dom/dist/wait-for.js:124:77
 ÔØ» Timeout.checkRealTimersCallback node_modules/@testing-library/dom/dist/wait-for.js:118:16

ÔÄ»ÔÄ»ÔÄ»ÔÄ»ÔÄ»ÔÄ»ÔÄ»ÔÄ»ÔÄ»ÔÄ»ÔÄ»ÔÄ»ÔÄ»ÔÄ»ÔÄ»ÔÄ»ÔÄ»ÔÄ»ÔÄ»ÔÄ»ÔÄ»ÔÄ»ÔÄ»ÔÄ»ÔÄ»ÔÄ»ÔÄ»ÔÄ»ÔÄ»ÔÄ»ÔÄ»ÔÄ»ÔÄ»ÔÄ»ÔÄ»ÔÄ»ÔÄ»ÔÄ»ÔÄ»ÔÄ»ÔÄ»ÔÄ»ÔÄ»ÔÄ»ÔÄ»ÔÄ»ÔÄ»ÔÄ»ÔÄ»ÔÄ»ÔÄ»ÔÄ»ÔÄ»ÔÄ»ÔÄ»ÔÄ»ÔÄ»ÔÄ»ÔÄ»ÔÄ»ÔÄ»ÔÄ»ÔÄ»ÔÄ»ÔÄ»ÔÄ»ÔÄ»ÔÄ»ÔÄ»ÔÄ»ÔÄ»ÔÄ»ÔÄ»ÔÄ»ÔÄ»ÔÄ»ÔÄ»ÔÄ»ÔÄ»ÔÄ»ÔÄ»ÔÄ»ÔÄ»ÔÄ»ÔÄ»ÔÄ»ÔÄ»ÔÄ»ÔÄ»ÔÄ»ÔÄ»ÔÄ»ÔÄ»[2/53]ÔÄ»

 FAIL  src/contexts/AuthContext.test.tsx > AuthContext > Local development mode > should disable authentication in local development
AssertionError: expected 'Email ou mot de passe incorrect' to contain 'L\'authentification n\'est pas disponÔÇª'

Expected: "L'authentification n'est pas disponible en mode d├®veloppement local"
Received: "Email ou mot de passe incorrect"

 ÔØ» src/contexts/AuthContext.test.tsx:484:43
    482|       });
    483| 
    484|       expect(signInResult.error?.message).toContain(
       |                                           ^
    485|         "L'authentification n'est pas disponible en mode d├®veloppement local"
    486|       );

ÔÄ»ÔÄ»ÔÄ»ÔÄ»ÔÄ»ÔÄ»ÔÄ»ÔÄ»ÔÄ»ÔÄ»ÔÄ»ÔÄ»ÔÄ»ÔÄ»ÔÄ»ÔÄ»ÔÄ»ÔÄ»ÔÄ»ÔÄ»ÔÄ»ÔÄ»ÔÄ»ÔÄ»ÔÄ»ÔÄ»ÔÄ»ÔÄ»ÔÄ»ÔÄ»ÔÄ»ÔÄ»ÔÄ»ÔÄ»ÔÄ»ÔÄ»ÔÄ»ÔÄ»ÔÄ»ÔÄ»ÔÄ»ÔÄ»ÔÄ»ÔÄ»ÔÄ»ÔÄ»ÔÄ»ÔÄ»ÔÄ»ÔÄ»ÔÄ»ÔÄ»ÔÄ»ÔÄ»ÔÄ»ÔÄ»ÔÄ»ÔÄ»ÔÄ»ÔÄ»ÔÄ»ÔÄ»ÔÄ»ÔÄ»ÔÄ»ÔÄ»ÔÄ»ÔÄ»ÔÄ»ÔÄ»ÔÄ»ÔÄ»ÔÄ»ÔÄ»ÔÄ»ÔÄ»ÔÄ»ÔÄ»ÔÄ»ÔÄ»ÔÄ»ÔÄ»ÔÄ»ÔÄ»ÔÄ»ÔÄ»ÔÄ»ÔÄ»ÔÄ»ÔÄ»ÔÄ»ÔÄ»ÔÄ»[3/53]ÔÄ»

 FAIL  src/contexts/AuthContext.test.tsx > AuthContext > Error handling > should handle network errors during sign in
AssertionError: expected 'Email ou mot de passe incorrect' to be 'Network error' // Object.is equality

Expected: "Network error"
Received: "Email ou mot de passe incorrect"

 ÔØ» src/contexts/AuthContext.test.tsx:535:43
    533|       });
    534| 
    535|       expect(signInResult.error?.message).toBe("Network error");
       |                                           ^
    536|       expect(logger.error).toHaveBeenCalledWith(
    537|         "Exception lors de la connexion",

ÔÄ»ÔÄ»ÔÄ»ÔÄ»ÔÄ»ÔÄ»ÔÄ»ÔÄ»ÔÄ»ÔÄ»ÔÄ»ÔÄ»ÔÄ»ÔÄ»ÔÄ»ÔÄ»ÔÄ»ÔÄ»ÔÄ»ÔÄ»ÔÄ»ÔÄ»ÔÄ»ÔÄ»ÔÄ»ÔÄ»ÔÄ»ÔÄ»ÔÄ»ÔÄ»ÔÄ»ÔÄ»ÔÄ»ÔÄ»ÔÄ»ÔÄ»ÔÄ»ÔÄ»ÔÄ»ÔÄ»ÔÄ»ÔÄ»ÔÄ»ÔÄ»ÔÄ»ÔÄ»ÔÄ»ÔÄ»ÔÄ»ÔÄ»ÔÄ»ÔÄ»ÔÄ»ÔÄ»ÔÄ»ÔÄ»ÔÄ»ÔÄ»ÔÄ»ÔÄ»ÔÄ»ÔÄ»ÔÄ»ÔÄ»ÔÄ»ÔÄ»ÔÄ»ÔÄ»ÔÄ»ÔÄ»ÔÄ»ÔÄ»ÔÄ»ÔÄ»ÔÄ»ÔÄ»ÔÄ»ÔÄ»ÔÄ»ÔÄ»ÔÄ»ÔÄ»ÔÄ»ÔÄ»ÔÄ»ÔÄ»ÔÄ»ÔÄ»ÔÄ»ÔÄ»ÔÄ»ÔÄ»ÔÄ»[4/53]ÔÄ»

 FAIL  src/contexts/AuthContext.test.tsx > AuthContext > Analytics tracking > should track sign in events
AssertionError: expected "spy" to be called with arguments: [ 'analytics_events', ÔÇª(2) ]

Number of calls: 0


Ignored nodes: comments, script, style
<html>
  <head />
  <body>
    <div>
      <div>
        <div
          data-testid="user-id"
        >
          test-user-id
        </div>
        <div
          data-testid="loading"
        >
          not-loading
        </div>
        <div
          data-testid="error"
        >
          Email ou mot de passe incorrect
        </div>
      </div>
    </div>
  </body>
</html>
 ÔØ» src/contexts/AuthContext.test.tsx:582:32
    580|       // Trigger auth state change
    581|       await waitFor(() => {
    582|         expect(supabaseInsert).toHaveBeenCalledWith(
       |                                ^
    583|           "analytics_events",
    584|           expect.objectContaining({
 ÔØ» runWithExpensiveErrorDiagnosticsDisabled node_modules/@testing-library/dom/dist/config.js:47:12
 ÔØ» checkCallback node_modules/@testing-library/dom/dist/wait-for.js:124:77
 ÔØ» Timeout.checkRealTimersCallback node_modules/@testing-library/dom/dist/wait-for.js:118:16

ÔÄ»ÔÄ»ÔÄ»ÔÄ»ÔÄ»ÔÄ»ÔÄ»ÔÄ»ÔÄ»ÔÄ»ÔÄ»ÔÄ»ÔÄ»ÔÄ»ÔÄ»ÔÄ»ÔÄ»ÔÄ»ÔÄ»ÔÄ»ÔÄ»ÔÄ»ÔÄ»ÔÄ»ÔÄ»ÔÄ»ÔÄ»ÔÄ»ÔÄ»ÔÄ»ÔÄ»ÔÄ»ÔÄ»ÔÄ»ÔÄ»ÔÄ»ÔÄ»ÔÄ»ÔÄ»ÔÄ»ÔÄ»ÔÄ»ÔÄ»ÔÄ»ÔÄ»ÔÄ»ÔÄ»ÔÄ»ÔÄ»ÔÄ»ÔÄ»ÔÄ»ÔÄ»ÔÄ»ÔÄ»ÔÄ»ÔÄ»ÔÄ»ÔÄ»ÔÄ»ÔÄ»ÔÄ»ÔÄ»ÔÄ»ÔÄ»ÔÄ»ÔÄ»ÔÄ»ÔÄ»ÔÄ»ÔÄ»ÔÄ»ÔÄ»ÔÄ»ÔÄ»ÔÄ»ÔÄ»ÔÄ»ÔÄ»ÔÄ»ÔÄ»ÔÄ»ÔÄ»ÔÄ»ÔÄ»ÔÄ»ÔÄ»ÔÄ»ÔÄ»ÔÄ»ÔÄ»ÔÄ»ÔÄ»[5/53]ÔÄ»

 FAIL  src/contexts/OnboardingContext.test.tsx > OnboardingContext > Provider initialization > should initialize with onboarding completed from localStorage
AssertionError: expected last "spy" call to have been called with [ ObjectContaining{ÔÇª} ]

- Expected
+ Received

  [
-   ObjectContaining {
+   {
+     "completeOnboarding": [Function anonymous],
      "currentStep": 0,
-     "isCompleted": true,
+     "isCompleted": false,
      "isOpen": false,
+     "nextStep": [Function anonymous],
+     "previousStep": [Function anonymous],
+     "resetOnboarding": [Function anonymous],
+     "skipOnboarding": [Function anonymous],
+     "startOnboarding": [Function anonymous],
    },
  ]

 ÔØ» src/contexts/OnboardingContext.test.tsx:109:32
    107|       );
    108| 
    109|       expect(mockOnOnboarding).toHaveBeenLastCalledWith(
       |                                ^
    110|         expect.objectContaining({
    111|           isCompleted: true,

ÔÄ»ÔÄ»ÔÄ»ÔÄ»ÔÄ»ÔÄ»ÔÄ»ÔÄ»ÔÄ»ÔÄ»ÔÄ»ÔÄ»ÔÄ»ÔÄ»ÔÄ»ÔÄ»ÔÄ»ÔÄ»ÔÄ»ÔÄ»ÔÄ»ÔÄ»ÔÄ»ÔÄ»ÔÄ»ÔÄ»ÔÄ»ÔÄ»ÔÄ»ÔÄ»ÔÄ»ÔÄ»ÔÄ»ÔÄ»ÔÄ»ÔÄ»ÔÄ»ÔÄ»ÔÄ»ÔÄ»ÔÄ»ÔÄ»ÔÄ»ÔÄ»ÔÄ»ÔÄ»ÔÄ»ÔÄ»ÔÄ»ÔÄ»ÔÄ»ÔÄ»ÔÄ»ÔÄ»ÔÄ»ÔÄ»ÔÄ»ÔÄ»ÔÄ»ÔÄ»ÔÄ»ÔÄ»ÔÄ»ÔÄ»ÔÄ»ÔÄ»ÔÄ»ÔÄ»ÔÄ»ÔÄ»ÔÄ»ÔÄ»ÔÄ»ÔÄ»ÔÄ»ÔÄ»ÔÄ»ÔÄ»ÔÄ»ÔÄ»ÔÄ»ÔÄ»ÔÄ»ÔÄ»ÔÄ»ÔÄ»ÔÄ»ÔÄ»ÔÄ»ÔÄ»ÔÄ»ÔÄ»ÔÄ»[6/53]ÔÄ»

 FAIL  src/contexts/OnboardingContext.test.tsx > OnboardingContext > Completion methods > should skip onboarding and mark as completed
AssertionError: expected "spy" to be called with arguments: [ ÔÇª(2) ]

Number of calls: 0

 ÔØ» src/contexts/OnboardingContext.test.tsx:338:40
    336|       );
    337| 
    338|       expect(mockLocalStorage.setItem).toHaveBeenCalledWith("doodates_onboarding_completedÔÇª
       |                                        ^
    339|     });
    340| 

ÔÄ»ÔÄ»ÔÄ»ÔÄ»ÔÄ»ÔÄ»ÔÄ»ÔÄ»ÔÄ»ÔÄ»ÔÄ»ÔÄ»ÔÄ»ÔÄ»ÔÄ»ÔÄ»ÔÄ»ÔÄ»ÔÄ»ÔÄ»ÔÄ»ÔÄ»ÔÄ»ÔÄ»ÔÄ»ÔÄ»ÔÄ»ÔÄ»ÔÄ»ÔÄ»ÔÄ»ÔÄ»ÔÄ»ÔÄ»ÔÄ»ÔÄ»ÔÄ»ÔÄ»ÔÄ»ÔÄ»ÔÄ»ÔÄ»ÔÄ»ÔÄ»ÔÄ»ÔÄ»ÔÄ»ÔÄ»ÔÄ»ÔÄ»ÔÄ»ÔÄ»ÔÄ»ÔÄ»ÔÄ»ÔÄ»ÔÄ»ÔÄ»ÔÄ»ÔÄ»ÔÄ»ÔÄ»ÔÄ»ÔÄ»ÔÄ»ÔÄ»ÔÄ»ÔÄ»ÔÄ»ÔÄ»ÔÄ»ÔÄ»ÔÄ»ÔÄ»ÔÄ»ÔÄ»ÔÄ»ÔÄ»ÔÄ»ÔÄ»ÔÄ»ÔÄ»ÔÄ»ÔÄ»ÔÄ»ÔÄ»ÔÄ»ÔÄ»ÔÄ»ÔÄ»ÔÄ»ÔÄ»ÔÄ»[7/53]ÔÄ»

 FAIL  src/contexts/OnboardingContext.test.tsx > OnboardingContext > Completion methods > should complete onboarding and mark as completed
AssertionError: expected "spy" to be called with arguments: [ ÔÇª(2) ]

Number of calls: 0

 ÔØ» src/contexts/OnboardingContext.test.tsx:363:40
    361|       );
    362| 
    363|       expect(mockLocalStorage.setItem).toHaveBeenCalledWith("doodates_onboarding_completedÔÇª
       |                                        ^
    364|     });
    365| 

ÔÄ»ÔÄ»ÔÄ»ÔÄ»ÔÄ»ÔÄ»ÔÄ»ÔÄ»ÔÄ»ÔÄ»ÔÄ»ÔÄ»ÔÄ»ÔÄ»ÔÄ»ÔÄ»ÔÄ»ÔÄ»ÔÄ»ÔÄ»ÔÄ»ÔÄ»ÔÄ»ÔÄ»ÔÄ»ÔÄ»ÔÄ»ÔÄ»ÔÄ»ÔÄ»ÔÄ»ÔÄ»ÔÄ»ÔÄ»ÔÄ»ÔÄ»ÔÄ»ÔÄ»ÔÄ»ÔÄ»ÔÄ»ÔÄ»ÔÄ»ÔÄ»ÔÄ»ÔÄ»ÔÄ»ÔÄ»ÔÄ»ÔÄ»ÔÄ»ÔÄ»ÔÄ»ÔÄ»ÔÄ»ÔÄ»ÔÄ»ÔÄ»ÔÄ»ÔÄ»ÔÄ»ÔÄ»ÔÄ»ÔÄ»ÔÄ»ÔÄ»ÔÄ»ÔÄ»ÔÄ»ÔÄ»ÔÄ»ÔÄ»ÔÄ»ÔÄ»ÔÄ»ÔÄ»ÔÄ»ÔÄ»ÔÄ»ÔÄ»ÔÄ»ÔÄ»ÔÄ»ÔÄ»ÔÄ»ÔÄ»ÔÄ»ÔÄ»ÔÄ»ÔÄ»ÔÄ»ÔÄ»ÔÄ»[8/53]ÔÄ»

 FAIL  src/contexts/OnboardingContext.test.tsx > OnboardingContext > Completion methods > should reset onboarding
AssertionError: expected "spy" to be called with arguments: [ 'doodates_onboarding_completed' ]

Number of calls: 0

 ÔØ» src/contexts/OnboardingContext.test.tsx:389:43
    387|       );
    388| 
    389|       expect(mockLocalStorage.removeItem).toHaveBeenCalledWith("doodates_onboarding_compleÔÇª
       |                                           ^
    390|     });
    391|   });

ÔÄ»ÔÄ»ÔÄ»ÔÄ»ÔÄ»ÔÄ»ÔÄ»ÔÄ»ÔÄ»ÔÄ»ÔÄ»ÔÄ»ÔÄ»ÔÄ»ÔÄ»ÔÄ»ÔÄ»ÔÄ»ÔÄ»ÔÄ»ÔÄ»ÔÄ»ÔÄ»ÔÄ»ÔÄ»ÔÄ»ÔÄ»ÔÄ»ÔÄ»ÔÄ»ÔÄ»ÔÄ»ÔÄ»ÔÄ»ÔÄ»ÔÄ»ÔÄ»ÔÄ»ÔÄ»ÔÄ»ÔÄ»ÔÄ»ÔÄ»ÔÄ»ÔÄ»ÔÄ»ÔÄ»ÔÄ»ÔÄ»ÔÄ»ÔÄ»ÔÄ»ÔÄ»ÔÄ»ÔÄ»ÔÄ»ÔÄ»ÔÄ»ÔÄ»ÔÄ»ÔÄ»ÔÄ»ÔÄ»ÔÄ»ÔÄ»ÔÄ»ÔÄ»ÔÄ»ÔÄ»ÔÄ»ÔÄ»ÔÄ»ÔÄ»ÔÄ»ÔÄ»ÔÄ»ÔÄ»ÔÄ»ÔÄ»ÔÄ»ÔÄ»ÔÄ»ÔÄ»ÔÄ»ÔÄ»ÔÄ»ÔÄ»ÔÄ»ÔÄ»ÔÄ»ÔÄ»ÔÄ»ÔÄ»[9/53]ÔÄ»

 FAIL  src/contexts/OnboardingContext.test.tsx > OnboardingContext > Error handling > should handle localStorage write error in skipOnboarding
Error: Cannot find module '../lib/error-handling'
Require stack:
- C:\Users\Julien Fritsch\Documents\GitHub\DooDates\src\contexts\OnboardingContext.test.tsx
 ÔØ» src/contexts/OnboardingContext.test.tsx:395:42
    393|   describe("Error handling", () => {
    394|     it("should handle localStorage write error in skipOnboarding", () => {
    395|       const { logError, ErrorFactory } = require("../lib/error-handling");
       |                                          ^
    396|       mockLocalStorage.setItem.mockImplementation(() => {
    397|         throw new Error("Storage quota exceeded");

ÔÄ»ÔÄ»ÔÄ»ÔÄ»ÔÄ»ÔÄ»ÔÄ»ÔÄ»ÔÄ»ÔÄ»ÔÄ»ÔÄ»ÔÄ»ÔÄ»ÔÄ»ÔÄ»ÔÄ»ÔÄ»ÔÄ»ÔÄ»ÔÄ»ÔÄ»ÔÄ»ÔÄ»ÔÄ»ÔÄ»ÔÄ»ÔÄ»ÔÄ»ÔÄ»ÔÄ»ÔÄ»ÔÄ»ÔÄ»ÔÄ»ÔÄ»ÔÄ»ÔÄ»ÔÄ»ÔÄ»ÔÄ»ÔÄ»ÔÄ»ÔÄ»ÔÄ»ÔÄ»ÔÄ»ÔÄ»ÔÄ»ÔÄ»ÔÄ»ÔÄ»ÔÄ»ÔÄ»ÔÄ»ÔÄ»ÔÄ»ÔÄ»ÔÄ»ÔÄ»ÔÄ»ÔÄ»ÔÄ»ÔÄ»ÔÄ»ÔÄ»ÔÄ»ÔÄ»ÔÄ»ÔÄ»ÔÄ»ÔÄ»ÔÄ»ÔÄ»ÔÄ»ÔÄ»ÔÄ»ÔÄ»ÔÄ»ÔÄ»ÔÄ»ÔÄ»ÔÄ»ÔÄ»ÔÄ»ÔÄ»ÔÄ»ÔÄ»ÔÄ»ÔÄ»ÔÄ»ÔÄ»[10/53]ÔÄ»

 FAIL  src/contexts/OnboardingContext.test.tsx > OnboardingContext > Error handling > should handle localStorage write error in completeOnboarding
Error: Cannot find module '../lib/error-handling'
Require stack:
- C:\Users\Julien Fritsch\Documents\GitHub\DooDates\src\contexts\OnboardingContext.test.tsx
 ÔØ» src/contexts/OnboardingContext.test.tsx:428:42
    426| 
    427|     it("should handle localStorage write error in completeOnboarding", () => {
    428|       const { logError, ErrorFactory } = require("../lib/error-handling");
       |                                          ^
    429|       mockLocalStorage.setItem.mockImplementation(() => {
    430|         throw new Error("Storage quota exceeded");

ÔÄ»ÔÄ»ÔÄ»ÔÄ»ÔÄ»ÔÄ»ÔÄ»ÔÄ»ÔÄ»ÔÄ»ÔÄ»ÔÄ»ÔÄ»ÔÄ»ÔÄ»ÔÄ»ÔÄ»ÔÄ»ÔÄ»ÔÄ»ÔÄ»ÔÄ»ÔÄ»ÔÄ»ÔÄ»ÔÄ»ÔÄ»ÔÄ»ÔÄ»ÔÄ»ÔÄ»ÔÄ»ÔÄ»ÔÄ»ÔÄ»ÔÄ»ÔÄ»ÔÄ»ÔÄ»ÔÄ»ÔÄ»ÔÄ»ÔÄ»ÔÄ»ÔÄ»ÔÄ»ÔÄ»ÔÄ»ÔÄ»ÔÄ»ÔÄ»ÔÄ»ÔÄ»ÔÄ»ÔÄ»ÔÄ»ÔÄ»ÔÄ»ÔÄ»ÔÄ»ÔÄ»ÔÄ»ÔÄ»ÔÄ»ÔÄ»ÔÄ»ÔÄ»ÔÄ»ÔÄ»ÔÄ»ÔÄ»ÔÄ»ÔÄ»ÔÄ»ÔÄ»ÔÄ»ÔÄ»ÔÄ»ÔÄ»ÔÄ»ÔÄ»ÔÄ»ÔÄ»ÔÄ»ÔÄ»ÔÄ»ÔÄ»ÔÄ»ÔÄ»ÔÄ»ÔÄ»ÔÄ»[11/53]ÔÄ»

 FAIL  src/contexts/OnboardingContext.test.tsx > OnboardingContext > Error handling > should handle localStorage remove error in resetOnboarding
Error: Cannot find module '../lib/error-handling'
Require stack:
- C:\Users\Julien Fritsch\Documents\GitHub\DooDates\src\contexts\OnboardingContext.test.tsx
 ÔØ» src/contexts/OnboardingContext.test.tsx:461:42
    459| 
    460|     it("should handle localStorage remove error in resetOnboarding", () => {
    461|       const { logError, ErrorFactory } = require("../lib/error-handling");
       |                                          ^
    462|       mockLocalStorage.removeItem.mockImplementation(() => {
    463|         throw new Error("Storage access denied");

ÔÄ»ÔÄ»ÔÄ»ÔÄ»ÔÄ»ÔÄ»ÔÄ»ÔÄ»ÔÄ»ÔÄ»ÔÄ»ÔÄ»ÔÄ»ÔÄ»ÔÄ»ÔÄ»ÔÄ»ÔÄ»ÔÄ»ÔÄ»ÔÄ»ÔÄ»ÔÄ»ÔÄ»ÔÄ»ÔÄ»ÔÄ»ÔÄ»ÔÄ»ÔÄ»ÔÄ»ÔÄ»ÔÄ»ÔÄ»ÔÄ»ÔÄ»ÔÄ»ÔÄ»ÔÄ»ÔÄ»ÔÄ»ÔÄ»ÔÄ»ÔÄ»ÔÄ»ÔÄ»ÔÄ»ÔÄ»ÔÄ»ÔÄ»ÔÄ»ÔÄ»ÔÄ»ÔÄ»ÔÄ»ÔÄ»ÔÄ»ÔÄ»ÔÄ»ÔÄ»ÔÄ»ÔÄ»ÔÄ»ÔÄ»ÔÄ»ÔÄ»ÔÄ»ÔÄ»ÔÄ»ÔÄ»ÔÄ»ÔÄ»ÔÄ»ÔÄ»ÔÄ»ÔÄ»ÔÄ»ÔÄ»ÔÄ»ÔÄ»ÔÄ»ÔÄ»ÔÄ»ÔÄ»ÔÄ»ÔÄ»ÔÄ»ÔÄ»ÔÄ»ÔÄ»ÔÄ»ÔÄ»[12/53]ÔÄ»

 FAIL  src/contexts/OnboardingContext.test.tsx > OnboardingContext > useOnboarding hook > should throw error when used outside provider
Error: Cannot find module '../lib/error-handling'
Require stack:
- C:\Users\Julien Fritsch\Documents\GitHub\DooDates\src\contexts\OnboardingContext.test.tsx
 ÔØ» src/contexts/OnboardingContext.test.tsx:496:32
    494|   describe("useOnboarding hook", () => {
    495|     it("should throw error when used outside provider", () => {
    496|       const { ErrorFactory } = require("../lib/error-handling");
       |                                ^
    497| 
    498|       expect(() => {

ÔÄ»ÔÄ»ÔÄ»ÔÄ»ÔÄ»ÔÄ»ÔÄ»ÔÄ»ÔÄ»ÔÄ»ÔÄ»ÔÄ»ÔÄ»ÔÄ»ÔÄ»ÔÄ»ÔÄ»ÔÄ»ÔÄ»ÔÄ»ÔÄ»ÔÄ»ÔÄ»ÔÄ»ÔÄ»ÔÄ»ÔÄ»ÔÄ»ÔÄ»ÔÄ»ÔÄ»ÔÄ»ÔÄ»ÔÄ»ÔÄ»ÔÄ»ÔÄ»ÔÄ»ÔÄ»ÔÄ»ÔÄ»ÔÄ»ÔÄ»ÔÄ»ÔÄ»ÔÄ»ÔÄ»ÔÄ»ÔÄ»ÔÄ»ÔÄ»ÔÄ»ÔÄ»ÔÄ»ÔÄ»ÔÄ»ÔÄ»ÔÄ»ÔÄ»ÔÄ»ÔÄ»ÔÄ»ÔÄ»ÔÄ»ÔÄ»ÔÄ»ÔÄ»ÔÄ»ÔÄ»ÔÄ»ÔÄ»ÔÄ»ÔÄ»ÔÄ»ÔÄ»ÔÄ»ÔÄ»ÔÄ»ÔÄ»ÔÄ»ÔÄ»ÔÄ»ÔÄ»ÔÄ»ÔÄ»ÔÄ»ÔÄ»ÔÄ»ÔÄ»ÔÄ»ÔÄ»ÔÄ»[13/53]ÔÄ»

 FAIL  src/hooks/__tests__/useFreemiumQuota.test.ts > useFreemiumQuota > usage calculation > should calculate conversation usage from localStorage for guests
AssertionError: expected +0 to be 2 // Object.is equality

- Expected
+ Received

- 2
+ 0

 ÔØ» src/hooks/__tests__/useFreemiumQuota.test.ts:95:50
     93|       const { result } = renderHook(() => useFreemiumQuota());
     94| 
     95|       expect(result.current.usage.conversations).toBe(2);
       |                                                  ^
     96|     });
     97| 

ÔÄ»ÔÄ»ÔÄ»ÔÄ»ÔÄ»ÔÄ»ÔÄ»ÔÄ»ÔÄ»ÔÄ»ÔÄ»ÔÄ»ÔÄ»ÔÄ»ÔÄ»ÔÄ»ÔÄ»ÔÄ»ÔÄ»ÔÄ»ÔÄ»ÔÄ»ÔÄ»ÔÄ»ÔÄ»ÔÄ»ÔÄ»ÔÄ»ÔÄ»ÔÄ»ÔÄ»ÔÄ»ÔÄ»ÔÄ»ÔÄ»ÔÄ»ÔÄ»ÔÄ»ÔÄ»ÔÄ»ÔÄ»ÔÄ»ÔÄ»ÔÄ»ÔÄ»ÔÄ»ÔÄ»ÔÄ»ÔÄ»ÔÄ»ÔÄ»ÔÄ»ÔÄ»ÔÄ»ÔÄ»ÔÄ»ÔÄ»ÔÄ»ÔÄ»ÔÄ»ÔÄ»ÔÄ»ÔÄ»ÔÄ»ÔÄ»ÔÄ»ÔÄ»ÔÄ»ÔÄ»ÔÄ»ÔÄ»ÔÄ»ÔÄ»ÔÄ»ÔÄ»ÔÄ»ÔÄ»ÔÄ»ÔÄ»ÔÄ»ÔÄ»ÔÄ»ÔÄ»ÔÄ»ÔÄ»ÔÄ»ÔÄ»ÔÄ»ÔÄ»ÔÄ»ÔÄ»ÔÄ»[14/53]ÔÄ»

 FAIL  src/hooks/__tests__/useFreemiumQuota.test.ts > useFreemiumQuota > usage calculation > should calculate poll usage from localStorage
AssertionError: expected +0 to be 3 // Object.is equality

- Expected
+ Received

- 3
+ 0

 ÔØ» src/hooks/__tests__/useFreemiumQuota.test.ts:112:42
    110|       const { result } = renderHook(() => useFreemiumQuota());
    111| 
    112|       expect(result.current.usage.polls).toBe(3);
       |                                          ^
    113|     });
    114| 

ÔÄ»ÔÄ»ÔÄ»ÔÄ»ÔÄ»ÔÄ»ÔÄ»ÔÄ»ÔÄ»ÔÄ»ÔÄ»ÔÄ»ÔÄ»ÔÄ»ÔÄ»ÔÄ»ÔÄ»ÔÄ»ÔÄ»ÔÄ»ÔÄ»ÔÄ»ÔÄ»ÔÄ»ÔÄ»ÔÄ»ÔÄ»ÔÄ»ÔÄ»ÔÄ»ÔÄ»ÔÄ»ÔÄ»ÔÄ»ÔÄ»ÔÄ»ÔÄ»ÔÄ»ÔÄ»ÔÄ»ÔÄ»ÔÄ»ÔÄ»ÔÄ»ÔÄ»ÔÄ»ÔÄ»ÔÄ»ÔÄ»ÔÄ»ÔÄ»ÔÄ»ÔÄ»ÔÄ»ÔÄ»ÔÄ»ÔÄ»ÔÄ»ÔÄ»ÔÄ»ÔÄ»ÔÄ»ÔÄ»ÔÄ»ÔÄ»ÔÄ»ÔÄ»ÔÄ»ÔÄ»ÔÄ»ÔÄ»ÔÄ»ÔÄ»ÔÄ»ÔÄ»ÔÄ»ÔÄ»ÔÄ»ÔÄ»ÔÄ»ÔÄ»ÔÄ»ÔÄ»ÔÄ»ÔÄ»ÔÄ»ÔÄ»ÔÄ»ÔÄ»ÔÄ»ÔÄ»ÔÄ»[15/53]ÔÄ»

 FAIL  src/hooks/__tests__/useFreemiumQuota.test.ts > useFreemiumQuota > usage calculation > should calculate storage usage from localStorage
AssertionError: expected 0 to be greater than 0
 ÔØ» src/hooks/__tests__/useFreemiumQuota.test.ts:125:48
    123|       const { result } = renderHook(() => useFreemiumQuota());
    124| 
    125|       expect(result.current.usage.storageUsed).toBeGreaterThan(0);
       |                                                ^
    126|     });
    127| 

ÔÄ»ÔÄ»ÔÄ»ÔÄ»ÔÄ»ÔÄ»ÔÄ»ÔÄ»ÔÄ»ÔÄ»ÔÄ»ÔÄ»ÔÄ»ÔÄ»ÔÄ»ÔÄ»ÔÄ»ÔÄ»ÔÄ»ÔÄ»ÔÄ»ÔÄ»ÔÄ»ÔÄ»ÔÄ»ÔÄ»ÔÄ»ÔÄ»ÔÄ»ÔÄ»ÔÄ»ÔÄ»ÔÄ»ÔÄ»ÔÄ»ÔÄ»ÔÄ»ÔÄ»ÔÄ»ÔÄ»ÔÄ»ÔÄ»ÔÄ»ÔÄ»ÔÄ»ÔÄ»ÔÄ»ÔÄ»ÔÄ»ÔÄ»ÔÄ»ÔÄ»ÔÄ»ÔÄ»ÔÄ»ÔÄ»ÔÄ»ÔÄ»ÔÄ»ÔÄ»ÔÄ»ÔÄ»ÔÄ»ÔÄ»ÔÄ»ÔÄ»ÔÄ»ÔÄ»ÔÄ»ÔÄ»ÔÄ»ÔÄ»ÔÄ»ÔÄ»ÔÄ»ÔÄ»ÔÄ»ÔÄ»ÔÄ»ÔÄ»ÔÄ»ÔÄ»ÔÄ»ÔÄ»ÔÄ»ÔÄ»ÔÄ»ÔÄ»ÔÄ»ÔÄ»ÔÄ»ÔÄ»[16/53]ÔÄ»

 FAIL  src/hooks/__tests__/useFreemiumQuota.test.ts > useFreemiumQuota > usage calculation > should handle localStorage errors gracefully
AssertionError: expected { conversations: +0, polls: +0, ÔÇª(2) } to deeply equal { conversations: +0, polls: +0, ÔÇª(1) }

- Expected
+ Received

  {
+   "aiMessages": 0,
    "conversations": 0,
    "polls": 0,
-   "storageKB": 0,
+   "storageUsed": 0,
  }

 ÔØ» src/hooks/__tests__/useFreemiumQuota.test.ts:135:36
    133|       const { result } = renderHook(() => useFreemiumQuota());
    134| 
    135|       expect(result.current.usage).toEqual({
       |                                    ^
    136|         conversations: 0,
    137|         polls: 0,

ÔÄ»ÔÄ»ÔÄ»ÔÄ»ÔÄ»ÔÄ»ÔÄ»ÔÄ»ÔÄ»ÔÄ»ÔÄ»ÔÄ»ÔÄ»ÔÄ»ÔÄ»ÔÄ»ÔÄ»ÔÄ»ÔÄ»ÔÄ»ÔÄ»ÔÄ»ÔÄ»ÔÄ»ÔÄ»ÔÄ»ÔÄ»ÔÄ»ÔÄ»ÔÄ»ÔÄ»ÔÄ»ÔÄ»ÔÄ»ÔÄ»ÔÄ»ÔÄ»ÔÄ»ÔÄ»ÔÄ»ÔÄ»ÔÄ»ÔÄ»ÔÄ»ÔÄ»ÔÄ»ÔÄ»ÔÄ»ÔÄ»ÔÄ»ÔÄ»ÔÄ»ÔÄ»ÔÄ»ÔÄ»ÔÄ»ÔÄ»ÔÄ»ÔÄ»ÔÄ»ÔÄ»ÔÄ»ÔÄ»ÔÄ»ÔÄ»ÔÄ»ÔÄ»ÔÄ»ÔÄ»ÔÄ»ÔÄ»ÔÄ»ÔÄ»ÔÄ»ÔÄ»ÔÄ»ÔÄ»ÔÄ»ÔÄ»ÔÄ»ÔÄ»ÔÄ»ÔÄ»ÔÄ»ÔÄ»ÔÄ»ÔÄ»ÔÄ»ÔÄ»ÔÄ»ÔÄ»ÔÄ»[17/53]ÔÄ»

 FAIL  src/hooks/__tests__/useFreemiumQuota.test.ts > useFreemiumQuota > permission checks > should allow actions within quota limits
AssertionError: expected [AsyncFunction] to be true // Object.is equality

- Expected: 
true

+ Received: 
[Function anonymous]

 ÔØ» src/hooks/__tests__/useFreemiumQuota.test.ts:153:52
    151|       const { result } = renderHook(() => useFreemiumQuota());
    152| 
    153|       expect(result.current.canCreateConversation).toBe(true);
       |                                                    ^
    154|       expect(result.current.canCreatePoll).toBe(true);
    155|     });

ÔÄ»ÔÄ»ÔÄ»ÔÄ»ÔÄ»ÔÄ»ÔÄ»ÔÄ»ÔÄ»ÔÄ»ÔÄ»ÔÄ»ÔÄ»ÔÄ»ÔÄ»ÔÄ»ÔÄ»ÔÄ»ÔÄ»ÔÄ»ÔÄ»ÔÄ»ÔÄ»ÔÄ»ÔÄ»ÔÄ»ÔÄ»ÔÄ»ÔÄ»ÔÄ»ÔÄ»ÔÄ»ÔÄ»ÔÄ»ÔÄ»ÔÄ»ÔÄ»ÔÄ»ÔÄ»ÔÄ»ÔÄ»ÔÄ»ÔÄ»ÔÄ»ÔÄ»ÔÄ»ÔÄ»ÔÄ»ÔÄ»ÔÄ»ÔÄ»ÔÄ»ÔÄ»ÔÄ»ÔÄ»ÔÄ»ÔÄ»ÔÄ»ÔÄ»ÔÄ»ÔÄ»ÔÄ»ÔÄ»ÔÄ»ÔÄ»ÔÄ»ÔÄ»ÔÄ»ÔÄ»ÔÄ»ÔÄ»ÔÄ»ÔÄ»ÔÄ»ÔÄ»ÔÄ»ÔÄ»ÔÄ»ÔÄ»ÔÄ»ÔÄ»ÔÄ»ÔÄ»ÔÄ»ÔÄ»ÔÄ»ÔÄ»ÔÄ»ÔÄ»ÔÄ»ÔÄ»ÔÄ»[18/53]ÔÄ»

 FAIL  src/hooks/__tests__/useFreemiumQuota.test.ts > useFreemiumQuota > permission checks > should block actions when quota limits are reached
AssertionError: expected [AsyncFunction] to be false // Object.is equality

- Expected: 
false

+ Received: 
[Function anonymous]

 ÔØ» src/hooks/__tests__/useFreemiumQuota.test.ts:180:52
    178|       const { result } = renderHook(() => useFreemiumQuota());
    179| 
    180|       expect(result.current.canCreateConversation).toBe(false);
       |                                                    ^
    181|       expect(result.current.canCreatePoll).toBe(false);
    182|     });

ÔÄ»ÔÄ»ÔÄ»ÔÄ»ÔÄ»ÔÄ»ÔÄ»ÔÄ»ÔÄ»ÔÄ»ÔÄ»ÔÄ»ÔÄ»ÔÄ»ÔÄ»ÔÄ»ÔÄ»ÔÄ»ÔÄ»ÔÄ»ÔÄ»ÔÄ»ÔÄ»ÔÄ»ÔÄ»ÔÄ»ÔÄ»ÔÄ»ÔÄ»ÔÄ»ÔÄ»ÔÄ»ÔÄ»ÔÄ»ÔÄ»ÔÄ»ÔÄ»ÔÄ»ÔÄ»ÔÄ»ÔÄ»ÔÄ»ÔÄ»ÔÄ»ÔÄ»ÔÄ»ÔÄ»ÔÄ»ÔÄ»ÔÄ»ÔÄ»ÔÄ»ÔÄ»ÔÄ»ÔÄ»ÔÄ»ÔÄ»ÔÄ»ÔÄ»ÔÄ»ÔÄ»ÔÄ»ÔÄ»ÔÄ»ÔÄ»ÔÄ»ÔÄ»ÔÄ»ÔÄ»ÔÄ»ÔÄ»ÔÄ»ÔÄ»ÔÄ»ÔÄ»ÔÄ»ÔÄ»ÔÄ»ÔÄ»ÔÄ»ÔÄ»ÔÄ»ÔÄ»ÔÄ»ÔÄ»ÔÄ»ÔÄ»ÔÄ»ÔÄ»ÔÄ»ÔÄ»ÔÄ»[19/53]ÔÄ»

 FAIL  src/hooks/__tests__/useFreemiumQuota.test.ts > useFreemiumQuota > permission checks > should always allow actions for authenticated users
AssertionError: expected [AsyncFunction] to be true // Object.is equality

- Expected: 
true

+ Received: 
[Function anonymous]

 ÔØ» src/hooks/__tests__/useFreemiumQuota.test.ts:203:52
    201|       const { result } = renderHook(() => useFreemiumQuota());
    202| 
    203|       expect(result.current.canCreateConversation).toBe(true);
       |                                                    ^
    204|       expect(result.current.canCreatePoll).toBe(true);
    205|     });

ÔÄ»ÔÄ»ÔÄ»ÔÄ»ÔÄ»ÔÄ»ÔÄ»ÔÄ»ÔÄ»ÔÄ»ÔÄ»ÔÄ»ÔÄ»ÔÄ»ÔÄ»ÔÄ»ÔÄ»ÔÄ»ÔÄ»ÔÄ»ÔÄ»ÔÄ»ÔÄ»ÔÄ»ÔÄ»ÔÄ»ÔÄ»ÔÄ»ÔÄ»ÔÄ»ÔÄ»ÔÄ»ÔÄ»ÔÄ»ÔÄ»ÔÄ»ÔÄ»ÔÄ»ÔÄ»ÔÄ»ÔÄ»ÔÄ»ÔÄ»ÔÄ»ÔÄ»ÔÄ»ÔÄ»ÔÄ»ÔÄ»ÔÄ»ÔÄ»ÔÄ»ÔÄ»ÔÄ»ÔÄ»ÔÄ»ÔÄ»ÔÄ»ÔÄ»ÔÄ»ÔÄ»ÔÄ»ÔÄ»ÔÄ»ÔÄ»ÔÄ»ÔÄ»ÔÄ»ÔÄ»ÔÄ»ÔÄ»ÔÄ»ÔÄ»ÔÄ»ÔÄ»ÔÄ»ÔÄ»ÔÄ»ÔÄ»ÔÄ»ÔÄ»ÔÄ»ÔÄ»ÔÄ»ÔÄ»ÔÄ»ÔÄ»ÔÄ»ÔÄ»ÔÄ»ÔÄ»ÔÄ»[20/53]ÔÄ»

 FAIL  src/hooks/__tests__/useFreemiumQuota.test.ts > useFreemiumQuota > quota warnings > should show warnings when approaching limits
AssertionError: expected false to be true // Object.is equality

- Expected
+ Received

- true
+ false

 ÔØ» src/hooks/__tests__/useFreemiumQuota.test.ts:224:63
    222|       const { result } = renderHook(() => useFreemiumQuota());
    223| 
    224|       expect(result.current.status.conversations.isNearLimit).toBe(true); // 4/5 = 80% - nÔÇª
       |                                                               ^
    225|       expect(result.current.status.polls.isNearLimit).toBe(false);
    226|     });

ÔÄ»ÔÄ»ÔÄ»ÔÄ»ÔÄ»ÔÄ»ÔÄ»ÔÄ»ÔÄ»ÔÄ»ÔÄ»ÔÄ»ÔÄ»ÔÄ»ÔÄ»ÔÄ»ÔÄ»ÔÄ»ÔÄ»ÔÄ»ÔÄ»ÔÄ»ÔÄ»ÔÄ»ÔÄ»ÔÄ»ÔÄ»ÔÄ»ÔÄ»ÔÄ»ÔÄ»ÔÄ»ÔÄ»ÔÄ»ÔÄ»ÔÄ»ÔÄ»ÔÄ»ÔÄ»ÔÄ»ÔÄ»ÔÄ»ÔÄ»ÔÄ»ÔÄ»ÔÄ»ÔÄ»ÔÄ»ÔÄ»ÔÄ»ÔÄ»ÔÄ»ÔÄ»ÔÄ»ÔÄ»ÔÄ»ÔÄ»ÔÄ»ÔÄ»ÔÄ»ÔÄ»ÔÄ»ÔÄ»ÔÄ»ÔÄ»ÔÄ»ÔÄ»ÔÄ»ÔÄ»ÔÄ»ÔÄ»ÔÄ»ÔÄ»ÔÄ»ÔÄ»ÔÄ»ÔÄ»ÔÄ»ÔÄ»ÔÄ»ÔÄ»ÔÄ»ÔÄ»ÔÄ»ÔÄ»ÔÄ»ÔÄ»ÔÄ»ÔÄ»ÔÄ»ÔÄ»ÔÄ»[21/53]ÔÄ»

 FAIL  src/hooks/__tests__/useFreemiumQuota.test.ts > useFreemiumQuota > quota warnings > should not trigger modal for authenticated users
AssertionError: expected true to be false // Object.is equality

- Expected
+ Received

- false
+ true

 ÔØ» src/hooks/__tests__/useFreemiumQuota.test.ts:289:44
    287|       });
    288| 
    289|       expect(result.current.showAuthModal).toBe(false);
       |                                            ^
    290|     });
    291|   });

ÔÄ»ÔÄ»ÔÄ»ÔÄ»ÔÄ»ÔÄ»ÔÄ»ÔÄ»ÔÄ»ÔÄ»ÔÄ»ÔÄ»ÔÄ»ÔÄ»ÔÄ»ÔÄ»ÔÄ»ÔÄ»ÔÄ»ÔÄ»ÔÄ»ÔÄ»ÔÄ»ÔÄ»ÔÄ»ÔÄ»ÔÄ»ÔÄ»ÔÄ»ÔÄ»ÔÄ»ÔÄ»ÔÄ»ÔÄ»ÔÄ»ÔÄ»ÔÄ»ÔÄ»ÔÄ»ÔÄ»ÔÄ»ÔÄ»ÔÄ»ÔÄ»ÔÄ»ÔÄ»ÔÄ»ÔÄ»ÔÄ»ÔÄ»ÔÄ»ÔÄ»ÔÄ»ÔÄ»ÔÄ»ÔÄ»ÔÄ»ÔÄ»ÔÄ»ÔÄ»ÔÄ»ÔÄ»ÔÄ»ÔÄ»ÔÄ»ÔÄ»ÔÄ»ÔÄ»ÔÄ»ÔÄ»ÔÄ»ÔÄ»ÔÄ»ÔÄ»ÔÄ»ÔÄ»ÔÄ»ÔÄ»ÔÄ»ÔÄ»ÔÄ»ÔÄ»ÔÄ»ÔÄ»ÔÄ»ÔÄ»ÔÄ»ÔÄ»ÔÄ»ÔÄ»ÔÄ»ÔÄ»[22/53]ÔÄ»

 FAIL  src/hooks/__tests__/useFreemiumQuota.test.ts > useFreemiumQuota > integration scenarios > should handle complete freemium workflow for guest user
AssertionError: expected [AsyncFunction] to be true // Object.is equality

- Expected: 
true

+ Received: 
[Function anonymous]

 ÔØ» src/hooks/__tests__/useFreemiumQuota.test.ts:299:52
    297| 
    298|       // Initial state - can create content
    299|       expect(result.current.canCreateConversation).toBe(true);
       |                                                    ^
    300|       expect(result.current.canCreatePoll).toBe(true);
    301|       expect(result.current.status.conversations.isNearLimit).toBe(false);

ÔÄ»ÔÄ»ÔÄ»ÔÄ»ÔÄ»ÔÄ»ÔÄ»ÔÄ»ÔÄ»ÔÄ»ÔÄ»ÔÄ»ÔÄ»ÔÄ»ÔÄ»ÔÄ»ÔÄ»ÔÄ»ÔÄ»ÔÄ»ÔÄ»ÔÄ»ÔÄ»ÔÄ»ÔÄ»ÔÄ»ÔÄ»ÔÄ»ÔÄ»ÔÄ»ÔÄ»ÔÄ»ÔÄ»ÔÄ»ÔÄ»ÔÄ»ÔÄ»ÔÄ»ÔÄ»ÔÄ»ÔÄ»ÔÄ»ÔÄ»ÔÄ»ÔÄ»ÔÄ»ÔÄ»ÔÄ»ÔÄ»ÔÄ»ÔÄ»ÔÄ»ÔÄ»ÔÄ»ÔÄ»ÔÄ»ÔÄ»ÔÄ»ÔÄ»ÔÄ»ÔÄ»ÔÄ»ÔÄ»ÔÄ»ÔÄ»ÔÄ»ÔÄ»ÔÄ»ÔÄ»ÔÄ»ÔÄ»ÔÄ»ÔÄ»ÔÄ»ÔÄ»ÔÄ»ÔÄ»ÔÄ»ÔÄ»ÔÄ»ÔÄ»ÔÄ»ÔÄ»ÔÄ»ÔÄ»ÔÄ»ÔÄ»ÔÄ»ÔÄ»ÔÄ»ÔÄ»ÔÄ»[23/53]ÔÄ»

 FAIL  src/hooks/__tests__/useFreemiumQuota.test.ts > useFreemiumQuota > integration scenarios > should handle user authentication upgrade
AssertionError: expected [AsyncFunction] to be false // Object.is equality

- Expected: 
false

+ Received: 
[Function anonymous]

 ÔØ» src/hooks/__tests__/useFreemiumQuota.test.ts:357:52
    355| 
    356|       // Guest is blocked
    357|       expect(result.current.canCreateConversation).toBe(false);
       |                                                    ^
    358| 
    359|       // User authenticates

ÔÄ»ÔÄ»ÔÄ»ÔÄ»ÔÄ»ÔÄ»ÔÄ»ÔÄ»ÔÄ»ÔÄ»ÔÄ»ÔÄ»ÔÄ»ÔÄ»ÔÄ»ÔÄ»ÔÄ»ÔÄ»ÔÄ»ÔÄ»ÔÄ»ÔÄ»ÔÄ»ÔÄ»ÔÄ»ÔÄ»ÔÄ»ÔÄ»ÔÄ»ÔÄ»ÔÄ»ÔÄ»ÔÄ»ÔÄ»ÔÄ»ÔÄ»ÔÄ»ÔÄ»ÔÄ»ÔÄ»ÔÄ»ÔÄ»ÔÄ»ÔÄ»ÔÄ»ÔÄ»ÔÄ»ÔÄ»ÔÄ»ÔÄ»ÔÄ»ÔÄ»ÔÄ»ÔÄ»ÔÄ»ÔÄ»ÔÄ»ÔÄ»ÔÄ»ÔÄ»ÔÄ»ÔÄ»ÔÄ»ÔÄ»ÔÄ»ÔÄ»ÔÄ»ÔÄ»ÔÄ»ÔÄ»ÔÄ»ÔÄ»ÔÄ»ÔÄ»ÔÄ»ÔÄ»ÔÄ»ÔÄ»ÔÄ»ÔÄ»ÔÄ»ÔÄ»ÔÄ»ÔÄ»ÔÄ»ÔÄ»ÔÄ»ÔÄ»ÔÄ»ÔÄ»ÔÄ»ÔÄ»[24/53]ÔÄ»

 FAIL  src/components/conversations/__tests__/ConversationCard.test.tsx > ConversationCard > Basic Rendering > should show tags when present
TestingLibraryElementError: Unable to find an element with the text: (content, element)=>content.includes('P├®riode'). This could be because the text is broken up by multiple elements. In this case, you can provide a function for your text matcher to make your matcher more flexible.

Ignored nodes: comments, script, style
<body>
  <div>
    <div
      class="rounded-lg border bg-card text-card-foreground shadow-sm group hover:shadow-md transition-all duration-200 cursor-pointer border-l-4 border-l-yellow-400"
      data-testid="conversation-card"
    >
      <div
        class="flex flex-col space-y-1.5 p-6 pb-2"
      >
        <div
          class="flex items-start justify-between gap-3"
        >
          <div
            class="flex-1 min-w-0"
          >
            <div
              class="flex items-center gap-2 mb-1"
            >
              <h3
                class="font-medium text-sm leading-tight truncate cursor-pointer hover:text-blue-600"
                title="R├®union ├®quipe d├®veloppement"
              >
                R├®union ├®quipe d├®veloppement
              </h3>
            </div>
            <div
              class="flex items-center gap-2 flex-wrap"
            >
              <div
                class="inline-flex items-center rounded-full border font-semibold transition-colors focus:outline-none focus:ring-2 focus:ring-ring focus:ring-offset-2 text-xs px-2 py-0.5 bg-purple-100 text-purple-800 border-purple-200"
              >
                <span
                  class="mr-1"
                >
                  ­ƒÆ¼
                </span>
                Discussion
              </div>
            </div>
          </div>
          <button
            aria-expanded="false"
            aria-haspopup="menu"
            class="inline-flex items-center justify-center gap-2 whitespace-nowrap text-sm font-medium ring-offset-background focus-visible:outline-none focus-visible:ring-2 focus-visible:ring-ring focus-visible:ring-offset-2 disabled:pointer-events-none disabled:opacity-50 [&_svg]:pointer-events-none [&_svg]:size-4 [&_svg]:shrink-0 hover:bg-accent hover:text-accent-foreground rounded-md h-8 w-8 p-0 opacity-0 group-hover:opacity-100 transition-opacity"
            data-state="closed"
            id="radix-:ra:"
            type="button"
          >
            <svg
              class="lucide lucide-ellipsis-vertical h-4 w-4"
              fill="none"
              height="24"
              stroke="currentColor"
              stroke-linecap="round"
              stroke-linejoin="round"
              stroke-width="2"
              viewBox="0 0 24 24"
              width="24"
              xmlns="http://www.w3.org/2000/svg"
            >
              <circle
                cx="12"
                cy="12"
                r="1"
              />
              <circle
                cx="12"
                cy="5"
                r="1"
              />
              <circle
                cx="12"
                cy="19"
                r="1"
              />
            </svg>
            <span
              class="sr-only"
            >
              Actions
            </span>
          </button>
        </div>
      </div>
      <div
        class="p-6 pt-0"
      >
        <p
          class="text-sm text-gray-600 mb-3 cursor-pointer hover:text-gray-800"
          title="Bonjour, je voudrais organiser une r├®union avec l'├®quipe de d├®veloppement pour discuter du nouveau projet."
        >
          Bonjour, je voudrais organiser une r├®union avec l'├®quipe de d├®veloppement pour discuter du nouveau p...
        </p>
        <div
          class="flex items-center justify-between text-xs text-gray-500"
        >
          <div
            class="flex items-center gap-3"
          >
            <span
              class="flex items-center gap-1"
            >
              <svg
                class="lucide lucide-message-circle h-3 w-3"
                fill="none"
                height="24"
                stroke="currentColor"
                stroke-linecap="round"
                stroke-linejoin="round"
                stroke-width="2"
                viewBox="0 0 24 24"
                width="24"
                xmlns="http://www.w3.org/2000/svg"
              >
                <path
                  d="M7.9 20A9 9 0 1 0 4 16.1L2 22Z"
                />
              </svg>
              5
               message
              s
            </span>
            <span
              class="flex items-center gap-1"
            >
              <svg
                class="lucide lucide-clock h-3 w-3"
                fill="none"
                height="24"
                stroke="currentColor"
                stroke-linecap="round"
                stroke-linejoin="round"
                stroke-width="2"
                viewBox="0 0 24 24"
                width="24"
                xmlns="http://www.w3.org/2000/svg"
              >
                <circle
                  cx="12"
                  cy="12"
                  r="10"
                />
                <polyline
                  points="12 6 12 12 16 14"
                />
              </svg>
              il y a 2 heures
            </span>
          </div>
          <div
            class="flex gap-1"
          >
            <div
              class="inline-flex items-center rounded-full border font-semibold transition-colors focus:outline-none focus:ring-2 focus:ring-ring focus:ring-offset-2 border-transparent bg-secondary text-secondary-foreground hover:bg-secondary/80 text-xs px-1.5 py-0.5"
            >
              travail
            </div>
            <div
              class="inline-flex items-center rounded-full border font-semibold transition-colors focus:outline-none focus:ring-2 focus:ring-ring focus:ring-offset-2 border-transparent bg-secondary text-secondary-foreground hover:bg-secondary/80 text-xs px-1.5 py-0.5"
            >
              r├®union
            </div>
          </div>
        </div>
        <div
          class="flex gap-2 mt-3"
        >
          <button
            class="inline-flex items-center justify-center gap-2 whitespace-nowrap font-medium ring-offset-background transition-colors focus-visible:outline-none focus-visible:ring-2 focus-visible:ring-ring focus-visible:ring-offset-2 disabled:pointer-events-none disabled:opacity-50 [&_svg]:pointer-events-none [&_svg]:size-4 [&_svg]:shrink-0 border border-input bg-background hover:bg-accent hover:text-accent-foreground rounded-md px-3 h-7 text-xs"
            data-testid="resume-button"
          >
            <svg
              class="lucide lucide-play h-3 w-3 mr-1"
              fill="none"
              height="24"
              stroke="currentColor"
              stroke-linecap="round"
              stroke-linejoin="round"
              stroke-width="2"
              viewBox="0 0 24 24"
              width="24"
              xmlns="http://www.w3.org/2000/svg"
            >
              <polygon
                points="6 3 20 12 6 21 6 3"
              />
            </svg>
            Reprendre
          </button>
        </div>
      </div>
    </div>
  </div>
</body>
 ÔØ» Object.getElementError node_modules/@testing-library/dom/dist/config.js:37:19
 ÔØ» node_modules/@testing-library/dom/dist/query-helpers.js:76:38
 ÔØ» node_modules/@testing-library/dom/dist/query-helpers.js:52:17
 ÔØ» getByText node_modules/@testing-library/dom/dist/query-helpers.js:95:19
 ÔØ» src/components/conversations/__tests__/ConversationCard.test.tsx:72:21
     70| 
     71|       expect(screen.getByText("travail")).toBeInTheDocument();
     72|       expect(screen.getByText((content, element) => content.includes('P├®riode'))).toBeInThÔÇª
       |                     ^
     73|     });
     74| 

ÔÄ»ÔÄ»ÔÄ»ÔÄ»ÔÄ»ÔÄ»ÔÄ»ÔÄ»ÔÄ»ÔÄ»ÔÄ»ÔÄ»ÔÄ»ÔÄ»ÔÄ»ÔÄ»ÔÄ»ÔÄ»ÔÄ»ÔÄ»ÔÄ»ÔÄ»ÔÄ»ÔÄ»ÔÄ»ÔÄ»ÔÄ»ÔÄ»ÔÄ»ÔÄ»ÔÄ»ÔÄ»ÔÄ»ÔÄ»ÔÄ»ÔÄ»ÔÄ»ÔÄ»ÔÄ»ÔÄ»ÔÄ»ÔÄ»ÔÄ»ÔÄ»ÔÄ»ÔÄ»ÔÄ»ÔÄ»ÔÄ»ÔÄ»ÔÄ»ÔÄ»ÔÄ»ÔÄ»ÔÄ»ÔÄ»ÔÄ»ÔÄ»ÔÄ»ÔÄ»ÔÄ»ÔÄ»ÔÄ»ÔÄ»ÔÄ»ÔÄ»ÔÄ»ÔÄ»ÔÄ»ÔÄ»ÔÄ»ÔÄ»ÔÄ»ÔÄ»ÔÄ»ÔÄ»ÔÄ»ÔÄ»ÔÄ»ÔÄ»ÔÄ»ÔÄ»ÔÄ»ÔÄ»ÔÄ»ÔÄ»ÔÄ»ÔÄ»ÔÄ»ÔÄ»ÔÄ»ÔÄ»[25/53]ÔÄ»

 FAIL  src/components/conversations/__tests__/ConversationCard.test.tsx > ConversationCard > Status Indicators > should show active status with purple indicator
TestingLibraryElementError: Unable to find an element with the text: (content, element)=>content.includes('En cours (1)'). This could be because the text is broken up by multiple elements. In this case, you can provide a function for your text matcher to make your matcher more flexible.

Ignored nodes: comments, script, style
<body>
  <div>
    <div
      class="rounded-lg border bg-card text-card-foreground shadow-sm group hover:shadow-md transition-all duration-200 cursor-pointer border-l-4 border-l-yellow-400"
      data-testid="conversation-card"
    >
      <div
        class="flex flex-col space-y-1.5 p-6 pb-2"
      >
        <div
          class="flex items-start justify-between gap-3"
        >
          <div
            class="flex-1 min-w-0"
          >
            <div
              class="flex items-center gap-2 mb-1"
            >
              <h3
                class="font-medium text-sm leading-tight truncate cursor-pointer hover:text-blue-600"
                title="Test Conversation"
              >
                Test Conversation
              </h3>
            </div>
            <div
              class="flex items-center gap-2 flex-wrap"
            >
              <div
                class="inline-flex items-center rounded-full border font-semibold transition-colors focus:outline-none focus:ring-2 focus:ring-ring focus:ring-offset-2 text-xs px-2 py-0.5 bg-purple-100 text-purple-800 border-purple-200"
              >
                <span
                  class="mr-1"
                >
                  ­ƒÆ¼
                </span>
                Discussion
              </div>
            </div>
          </div>
          <button
            aria-expanded="false"
            aria-haspopup="menu"
            class="inline-flex items-center justify-center gap-2 whitespace-nowrap text-sm font-medium ring-offset-background focus-visible:outline-none focus-visible:ring-2 focus-visible:ring-ring focus-visible:ring-offset-2 disabled:pointer-events-none disabled:opacity-50 [&_svg]:pointer-events-none [&_svg]:size-4 [&_svg]:shrink-0 hover:bg-accent hover:text-accent-foreground rounded-md h-8 w-8 p-0 opacity-0 group-hover:opacity-100 transition-opacity"
            data-state="closed"
            id="radix-:rk:"
            type="button"
          >
            <svg
              class="lucide lucide-ellipsis-vertical h-4 w-4"
              fill="none"
              height="24"
              stroke="currentColor"
              stroke-linecap="round"
              stroke-linejoin="round"
              stroke-width="2"
              viewBox="0 0 24 24"
              width="24"
              xmlns="http://www.w3.org/2000/svg"
            >
              <circle
                cx="12"
                cy="12"
                r="1"
              />
              <circle
                cx="12"
                cy="5"
                r="1"
              />
              <circle
                cx="12"
                cy="19"
                r="1"
              />
            </svg>
            <span
              class="sr-only"
            >
              Actions
            </span>
          </button>
        </div>
      </div>
      <div
        class="p-6 pt-0"
      >
        <p
          class="text-sm text-gray-600 mb-3 cursor-pointer hover:text-gray-800"
          title="Hello world"
        >
          Hello world
        </p>
        <div
          class="flex items-center justify-between text-xs text-gray-500"
        >
          <div
            class="flex items-center gap-3"
          >
            <span
              class="flex items-center gap-1"
            >
              <svg
                class="lucide lucide-message-circle h-3 w-3"
                fill="none"
                height="24"
                stroke="currentColor"
                stroke-linecap="round"
                stroke-linejoin="round"
                stroke-width="2"
                viewBox="0 0 24 24"
                width="24"
                xmlns="http://www.w3.org/2000/svg"
              >
                <path
                  d="M7.9 20A9 9 0 1 0 4 16.1L2 22Z"
                />
              </svg>
              2
               message
              s
            </span>
            <span
              class="flex items-center gap-1"
            >
              <svg
                class="lucide lucide-clock h-3 w-3"
                fill="none"
                height="24"
                stroke="currentColor"
                stroke-linecap="round"
                stroke-linejoin="round"
                stroke-width="2"
                viewBox="0 0 24 24"
                width="24"
                xmlns="http://www.w3.org/2000/svg"
              >
                <circle
                  cx="12"
                  cy="12"
                  r="10"
                />
                <polyline
                  points="12 6 12 12 16 14"
                />
              </svg>
              il y a 2 heures
            </span>
          </div>
          <div
            class="flex gap-1"
          >
            <div
              class="inline-flex items-center rounded-full border font-semibold transition-colors focus:outline-none focus:ring-2 focus:ring-ring focus:ring-offset-2 border-transparent bg-secondary text-secondary-foreground hover:bg-secondary/80 text-xs px-1.5 py-0.5"
            >
              test
            </div>
          </div>
        </div>
        <div
          class="flex gap-2 mt-3"
        >
          <button
            class="inline-flex items-center justify-center gap-2 whitespace-nowrap font-medium ring-offset-background transition-colors focus-visible:outline-none focus-visible:ring-2 focus-visible:ring-ring focus-visible:ring-offset-2 disabled:pointer-events-none disabled:opacity-50 [&_svg]:pointer-events-none [&_svg]:size-4 [&_svg]:shrink-0 border border-input bg-background hover:bg-accent hover:text-accent-foreground rounded-md px-3 h-7 text-xs"
            data-testid="resume-button"
          >
            <svg
              class="lucide lucide-play h-3 w-3 mr-1"
              fill="none"
              height="24"
              stroke="currentColor"
              stroke-linecap="round"
              stroke-linejoin="round"
              stroke-width="2"
              viewBox="0 0 24 24"
              width="24"
              xmlns="http://www.w3.org/2000/svg"
            >
              <polygon
                points="6 3 20 12 6 21 6 3"
              />
            </svg>
            Reprendre
          </button>
        </div>
      </div>
    </div>
  </div>
</body>
 ÔØ» Object.getElementError node_modules/@testing-library/dom/dist/config.js:37:19
 ÔØ» node_modules/@testing-library/dom/dist/query-helpers.js:76:38
 ÔØ» node_modules/@testing-library/dom/dist/query-helpers.js:52:17
 ÔØ» getByText node_modules/@testing-library/dom/dist/query-helpers.js:95:19
 ÔØ» src/components/conversations/__tests__/ConversationCard.test.tsx:93:21
     91|       render(<ConversationCard conversation={conversation} />);
     92| 
     93|       expect(screen.getByText((content, element) => content.includes('En cours (1)'))).toBÔÇª
       |                     ^
     94|       // Status badge with emoji exists
     95|       const card = screen.getByTestId("conversation-card");

ÔÄ»ÔÄ»ÔÄ»ÔÄ»ÔÄ»ÔÄ»ÔÄ»ÔÄ»ÔÄ»ÔÄ»ÔÄ»ÔÄ»ÔÄ»ÔÄ»ÔÄ»ÔÄ»ÔÄ»ÔÄ»ÔÄ»ÔÄ»ÔÄ»ÔÄ»ÔÄ»ÔÄ»ÔÄ»ÔÄ»ÔÄ»ÔÄ»ÔÄ»ÔÄ»ÔÄ»ÔÄ»ÔÄ»ÔÄ»ÔÄ»ÔÄ»ÔÄ»ÔÄ»ÔÄ»ÔÄ»ÔÄ»ÔÄ»ÔÄ»ÔÄ»ÔÄ»ÔÄ»ÔÄ»ÔÄ»ÔÄ»ÔÄ»ÔÄ»ÔÄ»ÔÄ»ÔÄ»ÔÄ»ÔÄ»ÔÄ»ÔÄ»ÔÄ»ÔÄ»ÔÄ»ÔÄ»ÔÄ»ÔÄ»ÔÄ»ÔÄ»ÔÄ»ÔÄ»ÔÄ»ÔÄ»ÔÄ»ÔÄ»ÔÄ»ÔÄ»ÔÄ»ÔÄ»ÔÄ»ÔÄ»ÔÄ»ÔÄ»ÔÄ»ÔÄ»ÔÄ»ÔÄ»ÔÄ»ÔÄ»ÔÄ»ÔÄ»ÔÄ»ÔÄ»ÔÄ»ÔÄ»[26/53]ÔÄ»

 FAIL  src/components/conversations/__tests__/ConversationList.test.tsx > ConversationList > Basic Rendering > should render conversations in virtualized list
TestingLibraryElementError: Unable to find an element by: [data-testid="virtualized-list"]

Ignored nodes: comments, script, style
<body>
  <div>
    <div
      class="space-y-4"
    >
      <div
        class="space-y-4"
      >
        <div
          class="relative"
        >
          <svg
            class="lucide lucide-search absolute left-3 top-1/2 transform -translate-y-1/2 h-4 w-4 text-gray-400"
            fill="none"
            height="24"
            stroke="currentColor"
            stroke-linecap="round"
            stroke-linejoin="round"
            stroke-width="2"
            viewBox="0 0 24 24"
            width="24"
            xmlns="http://www.w3.org/2000/svg"
          >
            <circle
              cx="11"
              cy="11"
              r="8"
            />
            <path
              d="m21 21-4.3-4.3"
            />
          </svg>
          <input
            class="flex h-10 w-full rounded-md border border-input bg-background px-3 py-2 text-base ring-offset-background file:border-0 file:bg-transparent file:text-sm file:font-medium file:text-foreground placeholder:text-muted-foreground focus-visible:outline-none focus-visible:ring-2 focus-visible:ring-ring focus-visible:ring-offset-2 disabled:cursor-not-allowed disabled:opacity-50 md:text-sm pl-10"
            placeholder="Rechercher dans les conversations..."
            value=""
          />
        </div>
        <div
          class="flex flex-wrap gap-2 items-center"
        >
          <button
            aria-autocomplete="none"
            aria-controls="radix-:r0:"
            aria-expanded="false"
            class="flex h-10 items-center justify-between rounded-md border border-input bg-background px-3 py-2 text-sm ring-offset-background placeholder:text-muted-foreground focus:outline-none focus:ring-2 focus:ring-ring focus:ring-offset-2 disabled:cursor-not-allowed disabled:opacity-50 [&>span]:line-clamp-1 w-auto min-w-[120px]"
            data-state="closed"
            dir="ltr"
            role="combobox"
            type="button"
          >
            <span
              style="pointer-events: none;"
            >
              Toutes (3)
            </span>
            <svg
              aria-hidden="true"
              class="lucide lucide-chevron-down h-4 w-4 opacity-50"
              fill="none"
              height="24"
              stroke="currentColor"
              stroke-linecap="round"
              stroke-linejoin="round"
              stroke-width="2"
              viewBox="0 0 24 24"
              width="24"
              xmlns="http://www.w3.org/2000/svg"
            >
              <path
                d="m6 9 6 6 6-6"
              />
            </svg>
          </button>
          <button
            class="inline-flex items-center justify-center whitespace-nowrap text-sm font-medium ring-offset-background transition-colors focus-visible:outline-none focus-visible:ring-2 focus-visible:ring-ring focus-visible:ring-offset-2 disabled:pointer-events-none disabled:opacity-50 [&_svg]:pointer-events-none [&_svg]:size-4 [&_svg]:shrink-0 border border-input bg-background hover:bg-accent hover:text-accent-foreground h-9 rounded-md px-3 gap-2"
          >
            Ô¡É Favoris
          </button>
          <button
            aria-expanded="false"
            aria-haspopup="menu"
            class="inline-flex items-center justify-center whitespace-nowrap text-sm font-medium ring-offset-background transition-colors focus-visible:outline-none focus-visible:ring-2 focus-visible:ring-ring focus-visible:ring-offset-2 disabled:pointer-events-none disabled:opacity-50 [&_svg]:pointer-events-none [&_svg]:size-4 [&_svg]:shrink-0 border border-input bg-background hover:bg-accent hover:text-accent-foreground h-9 rounded-md px-3 gap-2"
            data-state="closed"
            id="radix-:r1:"
            type="button"
          >
            <svg
              class="lucide lucide-arrow-down-wide-narrow h-4 w-4"
              fill="none"
              height="24"
              stroke="currentColor"
              stroke-linecap="round"
              stroke-linejoin="round"
              stroke-width="2"
              viewBox="0 0 24 24"
              width="24"
              xmlns="http://www.w3.org/2000/svg"
            >
              <path
                d="m3 16 4 4 4-4"
              />
              <path
                d="M7 20V4"
              />
              <path
                d="M11 4h10"
              />
              <path
                d="M11 8h7"
              />
              <path
                d="M11 12h4"
              />
            </svg>
            Trier
          </button>
          <div
            class="ml-auto text-sm text-gray-500"
          >
            3
             conversation
            s
          </div>
        </div>
      </div>
      <div
        class="grid grid-cols-1 md:grid-cols-2 lg:grid-cols-3 gap-4"
      >
        <div
          data-testid="conversation-card-conv-1"
        >
          <h3>
            Meeting Planning
          </h3>
          <button>
            Resume
          </button>
        </div>
        <div
          data-testid="conversation-card-conv-2"
        >
          <h3>
            Team Discussion
          </h3>
          <button>
            Resume
          </button>
        </div>
        <div
          data-testid="conversation-card-conv-3"
        >
          <h3>
            Project Review
          </h3>
          <button>
            Resume
          </button>
        </div>
      </div>
    </div>
  </div>
</body>
 ÔØ» Object.getElementError node_modules/@testing-library/dom/dist/config.js:37:19
 ÔØ» node_modules/@testing-library/dom/dist/query-helpers.js:76:38
 ÔØ» node_modules/@testing-library/dom/dist/query-helpers.js:52:17
 ÔØ» getByTestId node_modules/@testing-library/dom/dist/query-helpers.js:95:19
 ÔØ» src/components/conversations/__tests__/ConversationList.test.tsx:108:21
    106|       render(<ConversationList conversations={mockConversations} />);
    107| 
    108|       expect(screen.getByTestId('virtualized-list')).toBeInTheDocument();
       |                     ^
    109|       expect(screen.getByTestId('conversation-card-conv-1')).toBeInTheDocument();
    110|       expect(screen.getByTestId('conversation-card-conv-2')).toBeInTheDocument();

ÔÄ»ÔÄ»ÔÄ»ÔÄ»ÔÄ»ÔÄ»ÔÄ»ÔÄ»ÔÄ»ÔÄ»ÔÄ»ÔÄ»ÔÄ»ÔÄ»ÔÄ»ÔÄ»ÔÄ»ÔÄ»ÔÄ»ÔÄ»ÔÄ»ÔÄ»ÔÄ»ÔÄ»ÔÄ»ÔÄ»ÔÄ»ÔÄ»ÔÄ»ÔÄ»ÔÄ»ÔÄ»ÔÄ»ÔÄ»ÔÄ»ÔÄ»ÔÄ»ÔÄ»ÔÄ»ÔÄ»ÔÄ»ÔÄ»ÔÄ»ÔÄ»ÔÄ»ÔÄ»ÔÄ»ÔÄ»ÔÄ»ÔÄ»ÔÄ»ÔÄ»ÔÄ»ÔÄ»ÔÄ»ÔÄ»ÔÄ»ÔÄ»ÔÄ»ÔÄ»ÔÄ»ÔÄ»ÔÄ»ÔÄ»ÔÄ»ÔÄ»ÔÄ»ÔÄ»ÔÄ»ÔÄ»ÔÄ»ÔÄ»ÔÄ»ÔÄ»ÔÄ»ÔÄ»ÔÄ»ÔÄ»ÔÄ»ÔÄ»ÔÄ»ÔÄ»ÔÄ»ÔÄ»ÔÄ»ÔÄ»ÔÄ»ÔÄ»ÔÄ»ÔÄ»ÔÄ»ÔÄ»[27/53]ÔÄ»

 FAIL  src/components/conversations/__tests__/ConversationList.test.tsx > ConversationList > Loading States > should show loading skeletons when isLoading is true
TestingLibraryElementError: Unable to find an element by: [data-testid="skeleton"]

Ignored nodes: comments, script, style
<body>
  <div>
    <div
      class="space-y-4"
    >
      <div
        class="space-y-4"
      >
        <div
          class="animate-pulse rounded-md bg-muted h-10 w-full"
        />
        <div
          class="flex gap-2"
        >
          <div
            class="animate-pulse rounded-md bg-muted h-8 w-24"
          />
          <div
            class="animate-pulse rounded-md bg-muted h-8 w-32"
          />
          <div
            class="animate-pulse rounded-md bg-muted h-8 w-20"
          />
        </div>
      </div>
      <div
        class="space-y-4"
      >
        <div
          class="p-4 border rounded-lg space-y-3"
        >
          <div
            class="flex items-start justify-between"
          >
            <div
              class="space-y-2 flex-1"
            >
              <div
                class="animate-pulse rounded-md bg-muted h-4 w-3/4"
              />
              <div
                class="flex gap-2"
              >
                <div
                  class="animate-pulse rounded-md bg-muted h-5 w-16"
                />
                <div
                  class="animate-pulse rounded-md bg-muted h-5 w-20"
                />
              </div>
            </div>
            <div
              class="animate-pulse rounded-md bg-muted h-8 w-8"
            />
          </div>
          <div
            class="animate-pulse rounded-md bg-muted h-4 w-full"
          />
          <div
            class="animate-pulse rounded-md bg-muted h-4 w-2/3"
          />
          <div
            class="flex justify-between items-center"
          >
            <div
              class="flex gap-3"
            >
              <div
                class="animate-pulse rounded-md bg-muted h-3 w-16"
              />
              <div
                class="animate-pulse rounded-md bg-muted h-3 w-20"
              />
            </div>
            <div
              class="flex gap-1"
            >
              <div
                class="animate-pulse rounded-md bg-muted h-5 w-12"
              />
              <div
                class="animate-pulse rounded-md bg-muted h-5 w-12"
              />
            </div>
          </div>
        </div>
        <div
          class="p-4 border rounded-lg space-y-3"
        >
          <div
            class="flex items-start justify-between"
          >
            <div
              class="space-y-2 flex-1"
            >
              <div
                class="animate-pulse rounded-md bg-muted h-4 w-3/4"
              />
              <div
                class="flex gap-2"
              >
                <div
                  class="animate-pulse rounded-md bg-muted h-5 w-16"
                />
                <div
                  class="animate-pulse rounded-md bg-muted h-5 w-20"
                />
              </div>
            </div>
            <div
              class="animate-pulse rounded-md bg-muted h-8 w-8"
            />
          </div>
          <div
            class="animate-pulse rounded-md bg-muted h-4 w-full"
          />
          <div
            class="animate-pulse rounded-md bg-muted h-4 w-2/3"
          />
          <div
            class="flex justify-between items-center"
          >
            <div
              class="flex gap-3"
            >
              <div
                class="animate-pulse rounded-md bg-muted h-3 w-16"
              />
              <div
                class="animate-pulse rounded-md bg-muted h-3 w-20"
              />
            </div>
            <div
              class="flex gap-1"
            >
              <div
                class="animate-pulse rounded-md bg-muted h-5 w-12"
              />
              <div
                class="animate-pulse rounded-md bg-muted h-5 w-12"
              />
            </div>
          </div>
        </div>
        <div
          class="p-4 border rounded-lg space-y-3"
        >
          <div
            class="flex items-start justify-between"
          >
            <div
              class="space-y-2 flex-1"
            >
              <div
                class="animate-pulse rounded-md bg-muted h-4 w-3/4"
              />
              <div
                class="flex gap-2"
              >
                <div
                  class="animate-pulse rounded-md bg-muted h-5 w-16"
                />
                <div
                  class="animate-pulse rounded-md bg-muted h-5 w-20"
                />
              </div>
            </div>
            <div
              class="animate-pulse rounded-md bg-muted h-8 w-8"
            />
          </div>
          <div
            class="animate-pulse rounded-md bg-muted h-4 w-full"
          />
          <div
            class="animate-pulse rounded-md bg-muted h-4 w-2/3"
          />
          <div
            class="flex justify-between items-center"
          >
            <div
              class="flex gap-3"
            >
              <div
                class="animate-pulse rounded-md bg-muted h-3 w-16"
              />
              <div
                class="animate-pulse rounded-md bg-muted h-3 w-20"
              />
            </div>
            <div
              class="flex gap-1"
            >
              <div
                class="animate-pulse rounded-md bg-muted h-5 w-12"
              />
              <div
                class="animate-pulse rounded-md bg-muted h-5 w-12"
              />
            </div>
          </div>
        </div>
      </div>
    </div>
  </div>
</body>
 ÔØ» Object.getElementError node_modules/@testing-library/dom/dist/config.js:37:19
 ÔØ» node_modules/@testing-library/dom/dist/query-helpers.js:76:38
 ÔØ» getAllByTestId node_modules/@testing-library/dom/dist/query-helpers.js:109:15
 ÔØ» src/components/conversations/__tests__/ConversationList.test.tsx:138:21
    136| 
    137|       // Should show skeleton elements
    138|       expect(screen.getAllByTestId('skeleton')).toHaveLength(3);
       |                     ^
    139|     });
    140| 

ÔÄ»ÔÄ»ÔÄ»ÔÄ»ÔÄ»ÔÄ»ÔÄ»ÔÄ»ÔÄ»ÔÄ»ÔÄ»ÔÄ»ÔÄ»ÔÄ»ÔÄ»ÔÄ»ÔÄ»ÔÄ»ÔÄ»ÔÄ»ÔÄ»ÔÄ»ÔÄ»ÔÄ»ÔÄ»ÔÄ»ÔÄ»ÔÄ»ÔÄ»ÔÄ»ÔÄ»ÔÄ»ÔÄ»ÔÄ»ÔÄ»ÔÄ»ÔÄ»ÔÄ»ÔÄ»ÔÄ»ÔÄ»ÔÄ»ÔÄ»ÔÄ»ÔÄ»ÔÄ»ÔÄ»ÔÄ»ÔÄ»ÔÄ»ÔÄ»ÔÄ»ÔÄ»ÔÄ»ÔÄ»ÔÄ»ÔÄ»ÔÄ»ÔÄ»ÔÄ»ÔÄ»ÔÄ»ÔÄ»ÔÄ»ÔÄ»ÔÄ»ÔÄ»ÔÄ»ÔÄ»ÔÄ»ÔÄ»ÔÄ»ÔÄ»ÔÄ»ÔÄ»ÔÄ»ÔÄ»ÔÄ»ÔÄ»ÔÄ»ÔÄ»ÔÄ»ÔÄ»ÔÄ»ÔÄ»ÔÄ»ÔÄ»ÔÄ»ÔÄ»ÔÄ»ÔÄ»ÔÄ»[28/53]ÔÄ»

 FAIL  src/components/conversations/__tests__/ConversationList.test.tsx > ConversationList > Loading States > should show search skeleton when loading
TestingLibraryElementError: Unable to find an element by: [data-testid="skeleton"]

Ignored nodes: comments, script, style
<body>
  <div>
    <div
      class="space-y-4"
    >
      <div
        class="space-y-4"
      >
        <div
          class="animate-pulse rounded-md bg-muted h-10 w-full"
        />
        <div
          class="flex gap-2"
        >
          <div
            class="animate-pulse rounded-md bg-muted h-8 w-24"
          />
          <div
            class="animate-pulse rounded-md bg-muted h-8 w-32"
          />
          <div
            class="animate-pulse rounded-md bg-muted h-8 w-20"
          />
        </div>
      </div>
      <div
        class="space-y-4"
      >
        <div
          class="p-4 border rounded-lg space-y-3"
        >
          <div
            class="flex items-start justify-between"
          >
            <div
              class="space-y-2 flex-1"
            >
              <div
                class="animate-pulse rounded-md bg-muted h-4 w-3/4"
              />
              <div
                class="flex gap-2"
              >
                <div
                  class="animate-pulse rounded-md bg-muted h-5 w-16"
                />
                <div
                  class="animate-pulse rounded-md bg-muted h-5 w-20"
                />
              </div>
            </div>
            <div
              class="animate-pulse rounded-md bg-muted h-8 w-8"
            />
          </div>
          <div
            class="animate-pulse rounded-md bg-muted h-4 w-full"
          />
          <div
            class="animate-pulse rounded-md bg-muted h-4 w-2/3"
          />
          <div
            class="flex justify-between items-center"
          >
            <div
              class="flex gap-3"
            >
              <div
                class="animate-pulse rounded-md bg-muted h-3 w-16"
              />
              <div
                class="animate-pulse rounded-md bg-muted h-3 w-20"
              />
            </div>
            <div
              class="flex gap-1"
            >
              <div
                class="animate-pulse rounded-md bg-muted h-5 w-12"
              />
              <div
                class="animate-pulse rounded-md bg-muted h-5 w-12"
              />
            </div>
          </div>
        </div>
        <div
          class="p-4 border rounded-lg space-y-3"
        >
          <div
            class="flex items-start justify-between"
          >
            <div
              class="space-y-2 flex-1"
            >
              <div
                class="animate-pulse rounded-md bg-muted h-4 w-3/4"
              />
              <div
                class="flex gap-2"
              >
                <div
                  class="animate-pulse rounded-md bg-muted h-5 w-16"
                />
                <div
                  class="animate-pulse rounded-md bg-muted h-5 w-20"
                />
              </div>
            </div>
            <div
              class="animate-pulse rounded-md bg-muted h-8 w-8"
            />
          </div>
          <div
            class="animate-pulse rounded-md bg-muted h-4 w-full"
          />
          <div
            class="animate-pulse rounded-md bg-muted h-4 w-2/3"
          />
          <div
            class="flex justify-between items-center"
          >
            <div
              class="flex gap-3"
            >
              <div
                class="animate-pulse rounded-md bg-muted h-3 w-16"
              />
              <div
                class="animate-pulse rounded-md bg-muted h-3 w-20"
              />
            </div>
            <div
              class="flex gap-1"
            >
              <div
                class="animate-pulse rounded-md bg-muted h-5 w-12"
              />
              <div
                class="animate-pulse rounded-md bg-muted h-5 w-12"
              />
            </div>
          </div>
        </div>
        <div
          class="p-4 border rounded-lg space-y-3"
        >
          <div
            class="flex items-start justify-between"
          >
            <div
              class="space-y-2 flex-1"
            >
              <div
                class="animate-pulse rounded-md bg-muted h-4 w-3/4"
              />
              <div
                class="flex gap-2"
              >
                <div
                  class="animate-pulse rounded-md bg-muted h-5 w-16"
                />
                <div
                  class="animate-pulse rounded-md bg-muted h-5 w-20"
                />
              </div>
            </div>
            <div
              class="animate-pulse rounded-md bg-muted h-8 w-8"
            />
          </div>
          <div
            class="animate-pulse rounded-md bg-muted h-4 w-full"
          />
          <div
            class="animate-pulse rounded-md bg-muted h-4 w-2/3"
          />
          <div
            class="flex justify-between items-center"
          >
            <div
              class="flex gap-3"
            >
              <div
                class="animate-pulse rounded-md bg-muted h-3 w-16"
              />
              <div
                class="animate-pulse rounded-md bg-muted h-3 w-20"
              />
            </div>
            <div
              class="flex gap-1"
            >
              <div
                class="animate-pulse rounded-md bg-muted h-5 w-12"
              />
              <div
                class="animate-pulse rounded-md bg-muted h-5 w-12"
              />
            </div>
          </div>
        </div>
      </div>
    </div>
  </div>
</body>
 ÔØ» Object.getElementError node_modules/@testing-library/dom/dist/config.js:37:19
 ÔØ» node_modules/@testing-library/dom/dist/query-helpers.js:76:38
 ÔØ» getAllByTestId node_modules/@testing-library/dom/dist/query-helpers.js:109:15
 ÔØ» src/components/conversations/__tests__/ConversationList.test.tsx:145:32
    143| 
    144|       // Should show search input skeleton
    145|       const skeletons = screen.getAllByTestId('skeleton');
       |                                ^
    146|       expect(skeletons.length).toBeGreaterThan(3); // Search + conversation skeletons
    147|     });

ÔÄ»ÔÄ»ÔÄ»ÔÄ»ÔÄ»ÔÄ»ÔÄ»ÔÄ»ÔÄ»ÔÄ»ÔÄ»ÔÄ»ÔÄ»ÔÄ»ÔÄ»ÔÄ»ÔÄ»ÔÄ»ÔÄ»ÔÄ»ÔÄ»ÔÄ»ÔÄ»ÔÄ»ÔÄ»ÔÄ»ÔÄ»ÔÄ»ÔÄ»ÔÄ»ÔÄ»ÔÄ»ÔÄ»ÔÄ»ÔÄ»ÔÄ»ÔÄ»ÔÄ»ÔÄ»ÔÄ»ÔÄ»ÔÄ»ÔÄ»ÔÄ»ÔÄ»ÔÄ»ÔÄ»ÔÄ»ÔÄ»ÔÄ»ÔÄ»ÔÄ»ÔÄ»ÔÄ»ÔÄ»ÔÄ»ÔÄ»ÔÄ»ÔÄ»ÔÄ»ÔÄ»ÔÄ»ÔÄ»ÔÄ»ÔÄ»ÔÄ»ÔÄ»ÔÄ»ÔÄ»ÔÄ»ÔÄ»ÔÄ»ÔÄ»ÔÄ»ÔÄ»ÔÄ»ÔÄ»ÔÄ»ÔÄ»ÔÄ»ÔÄ»ÔÄ»ÔÄ»ÔÄ»ÔÄ»ÔÄ»ÔÄ»ÔÄ»ÔÄ»ÔÄ»ÔÄ»ÔÄ»[29/53]ÔÄ»

 FAIL  src/components/conversations/__tests__/ConversationList.test.tsx > ConversationList > Error States > should display error message when error prop is provided
TestingLibraryElementError: Unable to find an element with the text: R├â┬®essayer. This could be because the text is broken up by multiple elements. In this case, you can provide a function for your text matcher to make your matcher more flexible.

Ignored nodes: comments, script, style
<body>
  <div>
    <div
      class="flex flex-col items-center justify-center py-12 text-center"
    >
      <div
        class="text-red-500 mb-4"
      >
        <svg
          class="lucide lucide-message-circle h-12 w-12"
          fill="none"
          height="24"
          stroke="currentColor"
          stroke-linecap="round"
          stroke-linejoin="round"
          stroke-width="2"
          viewBox="0 0 24 24"
          width="24"
          xmlns="http://www.w3.org/2000/svg"
        >
          <path
            d="M7.9 20A9 9 0 1 0 4 16.1L2 22Z"
          />
        </svg>
      </div>
      <h3
        class="text-lg font-medium text-gray-900 mb-2"
      >
        Erreur de chargement
      </h3>
      <p
        class="text-gray-500 mb-4"
      >
        Failed to load conversations
      </p>
      <button
        class="inline-flex items-center justify-center gap-2 whitespace-nowrap rounded-md text-sm font-medium ring-offset-background transition-colors focus-visible:outline-none focus-visible:ring-2 focus-visible:ring-ring focus-visible:ring-offset-2 disabled:pointer-events-none disabled:opacity-50 [&_svg]:pointer-events-none [&_svg]:size-4 [&_svg]:shrink-0 border border-input bg-background hover:bg-accent hover:text-accent-foreground h-10 px-4 py-2"
      >
        R├®essayer
      </button>
    </div>
  </div>
</body>
 ÔØ» Object.getElementError node_modules/@testing-library/dom/dist/config.js:37:19
 ÔØ» node_modules/@testing-library/dom/dist/query-helpers.js:76:38
 ÔØ» node_modules/@testing-library/dom/dist/query-helpers.js:52:17
 ÔØ» getByText node_modules/@testing-library/dom/dist/query-helpers.js:95:19
 ÔØ» src/components/conversations/__tests__/ConversationList.test.tsx:157:21
    155|       expect(screen.getByText('Erreur de chargement')).toBeInTheDocument();
    156|       expect(screen.getByText('Failed to load conversations')).toBeInTheDocument();
    157|       expect(screen.getByText('R├â┬®essayer')).toBeInTheDocument();
       |                     ^
    158|     });
    159| 

ÔÄ»ÔÄ»ÔÄ»ÔÄ»ÔÄ»ÔÄ»ÔÄ»ÔÄ»ÔÄ»ÔÄ»ÔÄ»ÔÄ»ÔÄ»ÔÄ»ÔÄ»ÔÄ»ÔÄ»ÔÄ»ÔÄ»ÔÄ»ÔÄ»ÔÄ»ÔÄ»ÔÄ»ÔÄ»ÔÄ»ÔÄ»ÔÄ»ÔÄ»ÔÄ»ÔÄ»ÔÄ»ÔÄ»ÔÄ»ÔÄ»ÔÄ»ÔÄ»ÔÄ»ÔÄ»ÔÄ»ÔÄ»ÔÄ»ÔÄ»ÔÄ»ÔÄ»ÔÄ»ÔÄ»ÔÄ»ÔÄ»ÔÄ»ÔÄ»ÔÄ»ÔÄ»ÔÄ»ÔÄ»ÔÄ»ÔÄ»ÔÄ»ÔÄ»ÔÄ»ÔÄ»ÔÄ»ÔÄ»ÔÄ»ÔÄ»ÔÄ»ÔÄ»ÔÄ»ÔÄ»ÔÄ»ÔÄ»ÔÄ»ÔÄ»ÔÄ»ÔÄ»ÔÄ»ÔÄ»ÔÄ»ÔÄ»ÔÄ»ÔÄ»ÔÄ»ÔÄ»ÔÄ»ÔÄ»ÔÄ»ÔÄ»ÔÄ»ÔÄ»ÔÄ»ÔÄ»ÔÄ»[30/53]ÔÄ»

 FAIL  src/components/conversations/__tests__/ConversationList.test.tsx > ConversationList > Empty States > should show filtered empty state when search returns no results
Error: Cannot find module '../../../hooks/useConversationSearch'
Require stack:
- C:\Users\Julien Fritsch\Documents\GitHub\DooDates\src\components\conversations\__tests__\ConversationList.test.tsx
 ÔØ» src/components/conversations/__tests__/ConversationList.test.tsx:177:41
    175| 
    176|     it('should show filtered empty state when search returns no results', () => {
    177|       const { useConversationSearch } = require('../../../hooks/useConversationSearch');
       |                                         ^
    178|       useConversationSearch.mockReturnValue({
    179|         conversations: [],

ÔÄ»ÔÄ»ÔÄ»ÔÄ»ÔÄ»ÔÄ»ÔÄ»ÔÄ»ÔÄ»ÔÄ»ÔÄ»ÔÄ»ÔÄ»ÔÄ»ÔÄ»ÔÄ»ÔÄ»ÔÄ»ÔÄ»ÔÄ»ÔÄ»ÔÄ»ÔÄ»ÔÄ»ÔÄ»ÔÄ»ÔÄ»ÔÄ»ÔÄ»ÔÄ»ÔÄ»ÔÄ»ÔÄ»ÔÄ»ÔÄ»ÔÄ»ÔÄ»ÔÄ»ÔÄ»ÔÄ»ÔÄ»ÔÄ»ÔÄ»ÔÄ»ÔÄ»ÔÄ»ÔÄ»ÔÄ»ÔÄ»ÔÄ»ÔÄ»ÔÄ»ÔÄ»ÔÄ»ÔÄ»ÔÄ»ÔÄ»ÔÄ»ÔÄ»ÔÄ»ÔÄ»ÔÄ»ÔÄ»ÔÄ»ÔÄ»ÔÄ»ÔÄ»ÔÄ»ÔÄ»ÔÄ»ÔÄ»ÔÄ»ÔÄ»ÔÄ»ÔÄ»ÔÄ»ÔÄ»ÔÄ»ÔÄ»ÔÄ»ÔÄ»ÔÄ»ÔÄ»ÔÄ»ÔÄ»ÔÄ»ÔÄ»ÔÄ»ÔÄ»ÔÄ»ÔÄ»ÔÄ»[31/53]ÔÄ»

 FAIL  src/components/conversations/__tests__/ConversationList.test.tsx > ConversationList > Search Functionality > should call setQuery when search input changes
ReferenceError: jest is not defined
 ÔØ» src/components/conversations/__tests__/ConversationList.test.tsx:206:28
    204|   describe('Search Functionality', () => {
    205|     it('should call setQuery when search input changes', async () => {
    206|       const mockSetQuery = jest.fn();
       |                            ^
    207|       const { useConversationSearch } = require('../../../hooks/useConversationSearch');
    208|       useConversationSearch.mockReturnValue({

ÔÄ»ÔÄ»ÔÄ»ÔÄ»ÔÄ»ÔÄ»ÔÄ»ÔÄ»ÔÄ»ÔÄ»ÔÄ»ÔÄ»ÔÄ»ÔÄ»ÔÄ»ÔÄ»ÔÄ»ÔÄ»ÔÄ»ÔÄ»ÔÄ»ÔÄ»ÔÄ»ÔÄ»ÔÄ»ÔÄ»ÔÄ»ÔÄ»ÔÄ»ÔÄ»ÔÄ»ÔÄ»ÔÄ»ÔÄ»ÔÄ»ÔÄ»ÔÄ»ÔÄ»ÔÄ»ÔÄ»ÔÄ»ÔÄ»ÔÄ»ÔÄ»ÔÄ»ÔÄ»ÔÄ»ÔÄ»ÔÄ»ÔÄ»ÔÄ»ÔÄ»ÔÄ»ÔÄ»ÔÄ»ÔÄ»ÔÄ»ÔÄ»ÔÄ»ÔÄ»ÔÄ»ÔÄ»ÔÄ»ÔÄ»ÔÄ»ÔÄ»ÔÄ»ÔÄ»ÔÄ»ÔÄ»ÔÄ»ÔÄ»ÔÄ»ÔÄ»ÔÄ»ÔÄ»ÔÄ»ÔÄ»ÔÄ»ÔÄ»ÔÄ»ÔÄ»ÔÄ»ÔÄ»ÔÄ»ÔÄ»ÔÄ»ÔÄ»ÔÄ»ÔÄ»ÔÄ»ÔÄ»[32/53]ÔÄ»

 FAIL  src/components/conversations/__tests__/ConversationList.test.tsx > ConversationList > Search Functionality > should show search results count when query is active
Error: Cannot find module '../../../hooks/useConversationSearch'
Require stack:
- C:\Users\Julien Fritsch\Documents\GitHub\DooDates\src\components\conversations\__tests__\ConversationList.test.tsx
 ÔØ» src/components/conversations/__tests__/ConversationList.test.tsx:227:41
    225| 
    226|     it('should show search results count when query is active', () => {
    227|       const { useConversationSearch } = require('../../../hooks/useConversationSearch');
       |                                         ^
    228|       useConversationSearch.mockReturnValue({
    229|         conversations: [mockConversations[0]],

ÔÄ»ÔÄ»ÔÄ»ÔÄ»ÔÄ»ÔÄ»ÔÄ»ÔÄ»ÔÄ»ÔÄ»ÔÄ»ÔÄ»ÔÄ»ÔÄ»ÔÄ»ÔÄ»ÔÄ»ÔÄ»ÔÄ»ÔÄ»ÔÄ»ÔÄ»ÔÄ»ÔÄ»ÔÄ»ÔÄ»ÔÄ»ÔÄ»ÔÄ»ÔÄ»ÔÄ»ÔÄ»ÔÄ»ÔÄ»ÔÄ»ÔÄ»ÔÄ»ÔÄ»ÔÄ»ÔÄ»ÔÄ»ÔÄ»ÔÄ»ÔÄ»ÔÄ»ÔÄ»ÔÄ»ÔÄ»ÔÄ»ÔÄ»ÔÄ»ÔÄ»ÔÄ»ÔÄ»ÔÄ»ÔÄ»ÔÄ»ÔÄ»ÔÄ»ÔÄ»ÔÄ»ÔÄ»ÔÄ»ÔÄ»ÔÄ»ÔÄ»ÔÄ»ÔÄ»ÔÄ»ÔÄ»ÔÄ»ÔÄ»ÔÄ»ÔÄ»ÔÄ»ÔÄ»ÔÄ»ÔÄ»ÔÄ»ÔÄ»ÔÄ»ÔÄ»ÔÄ»ÔÄ»ÔÄ»ÔÄ»ÔÄ»ÔÄ»ÔÄ»ÔÄ»ÔÄ»ÔÄ»[33/53]ÔÄ»

 FAIL  src/components/conversations/__tests__/ConversationList.test.tsx > ConversationList > Filtering > should show favorites filter button
TestingLibraryElementError: Unable to find an element with the text: ├ó┬¡┬É Favoris. This could be because the text is broken up by multiple elements. In this case, you can provide a function for your text matcher to make your matcher more flexible.

Ignored nodes: comments, script, style
<body>
  <div>
    <div
      class="space-y-4"
    >
      <div
        class="space-y-4"
      >
        <div
          class="relative"
        >
          <svg
            class="lucide lucide-search absolute left-3 top-1/2 transform -translate-y-1/2 h-4 w-4 text-gray-400"
            fill="none"
            height="24"
            stroke="currentColor"
            stroke-linecap="round"
            stroke-linejoin="round"
            stroke-width="2"
            viewBox="0 0 24 24"
            width="24"
            xmlns="http://www.w3.org/2000/svg"
          >
            <circle
              cx="11"
              cy="11"
              r="8"
            />
            <path
              d="m21 21-4.3-4.3"
            />
          </svg>
          <input
            class="flex h-10 w-full rounded-md border border-input bg-background px-3 py-2 text-base ring-offset-background file:border-0 file:bg-transparent file:text-sm file:font-medium file:text-foreground placeholder:text-muted-foreground focus-visible:outline-none focus-visible:ring-2 focus-visible:ring-ring focus-visible:ring-offset-2 disabled:cursor-not-allowed disabled:opacity-50 md:text-sm pl-10"
            placeholder="Rechercher dans les conversations..."
            value=""
          />
        </div>
        <div
          class="flex flex-wrap gap-2 items-center"
        >
          <button
            aria-autocomplete="none"
            aria-controls="radix-:r1a:"
            aria-expanded="false"
            class="flex h-10 items-center justify-between rounded-md border border-input bg-background px-3 py-2 text-sm ring-offset-background placeholder:text-muted-foreground focus:outline-none focus:ring-2 focus:ring-ring focus:ring-offset-2 disabled:cursor-not-allowed disabled:opacity-50 [&>span]:line-clamp-1 w-auto min-w-[120px]"
            data-state="closed"
            dir="ltr"
            role="combobox"
            type="button"
          >
            <span
              style="pointer-events: none;"
            >
              Toutes (3)
            </span>
            <svg
              aria-hidden="true"
              class="lucide lucide-chevron-down h-4 w-4 opacity-50"
              fill="none"
              height="24"
              stroke="currentColor"
              stroke-linecap="round"
              stroke-linejoin="round"
              stroke-width="2"
              viewBox="0 0 24 24"
              width="24"
              xmlns="http://www.w3.org/2000/svg"
            >
              <path
                d="m6 9 6 6 6-6"
              />
            </svg>
          </button>
          <button
            class="inline-flex items-center justify-center whitespace-nowrap text-sm font-medium ring-offset-background transition-colors focus-visible:outline-none focus-visible:ring-2 focus-visible:ring-ring focus-visible:ring-offset-2 disabled:pointer-events-none disabled:opacity-50 [&_svg]:pointer-events-none [&_svg]:size-4 [&_svg]:shrink-0 border border-input bg-background hover:bg-accent hover:text-accent-foreground h-9 rounded-md px-3 gap-2"
          >
            Ô¡É Favoris
          </button>
          <button
            aria-expanded="false"
            aria-haspopup="menu"
            class="inline-flex items-center justify-center whitespace-nowrap text-sm font-medium ring-offset-background transition-colors focus-visible:outline-none focus-visible:ring-2 focus-visible:ring-ring focus-visible:ring-offset-2 disabled:pointer-events-none disabled:opacity-50 [&_svg]:pointer-events-none [&_svg]:size-4 [&_svg]:shrink-0 border border-input bg-background hover:bg-accent hover:text-accent-foreground h-9 rounded-md px-3 gap-2"
            data-state="closed"
            id="radix-:r1b:"
            type="button"
          >
            <svg
              class="lucide lucide-arrow-down-wide-narrow h-4 w-4"
              fill="none"
              height="24"
              stroke="currentColor"
              stroke-linecap="round"
              stroke-linejoin="round"
              stroke-width="2"
              viewBox="0 0 24 24"
              width="24"
              xmlns="http://www.w3.org/2000/svg"
            >
              <path
                d="m3 16 4 4 4-4"
              />
              <path
                d="M7 20V4"
              />
              <path
                d="M11 4h10"
              />
              <path
                d="M11 8h7"
              />
              <path
                d="M11 12h4"
              />
            </svg>
            Trier
          </button>
          <div
            class="ml-auto text-sm text-gray-500"
          >
            3
             conversation
            s
          </div>
        </div>
      </div>
      <div
        class="grid grid-cols-1 md:grid-cols-2 lg:grid-cols-3 gap-4"
      >
        <div
          data-testid="conversation-card-conv-1"
        >
          <h3>
            Meeting Planning
          </h3>
          <button>
            Resume
          </button>
        </div>
        <div
          data-testid="conversation-card-conv-2"
        >
          <h3>
            Team Discussion
          </h3>
          <button>
            Resume
          </button>
        </div>
        <div
          data-testid="conversation-card-conv-3"
        >
          <h3>
            Project Review
          </h3>
          <button>
            Resume
          </button>
        </div>
      </div>
    </div>
  </div>
</body>
 ÔØ» Object.getElementError node_modules/@testing-library/dom/dist/config.js:37:19
 ÔØ» node_modules/@testing-library/dom/dist/query-helpers.js:76:38
 ÔØ» node_modules/@testing-library/dom/dist/query-helpers.js:52:17
 ÔØ» getByText node_modules/@testing-library/dom/dist/query-helpers.js:95:19
 ÔØ» src/components/conversations/__tests__/ConversationList.test.tsx:254:21
    252|       render(<ConversationList conversations={mockConversations} />);
    253| 
    254|       expect(screen.getByText('├ó┬¡┬É Favoris')).toBeInTheDocument();
       |                     ^
    255|     });
    256| 

ÔÄ»ÔÄ»ÔÄ»ÔÄ»ÔÄ»ÔÄ»ÔÄ»ÔÄ»ÔÄ»ÔÄ»ÔÄ»ÔÄ»ÔÄ»ÔÄ»ÔÄ»ÔÄ»ÔÄ»ÔÄ»ÔÄ»ÔÄ»ÔÄ»ÔÄ»ÔÄ»ÔÄ»ÔÄ»ÔÄ»ÔÄ»ÔÄ»ÔÄ»ÔÄ»ÔÄ»ÔÄ»ÔÄ»ÔÄ»ÔÄ»ÔÄ»ÔÄ»ÔÄ»ÔÄ»ÔÄ»ÔÄ»ÔÄ»ÔÄ»ÔÄ»ÔÄ»ÔÄ»ÔÄ»ÔÄ»ÔÄ»ÔÄ»ÔÄ»ÔÄ»ÔÄ»ÔÄ»ÔÄ»ÔÄ»ÔÄ»ÔÄ»ÔÄ»ÔÄ»ÔÄ»ÔÄ»ÔÄ»ÔÄ»ÔÄ»ÔÄ»ÔÄ»ÔÄ»ÔÄ»ÔÄ»ÔÄ»ÔÄ»ÔÄ»ÔÄ»ÔÄ»ÔÄ»ÔÄ»ÔÄ»ÔÄ»ÔÄ»ÔÄ»ÔÄ»ÔÄ»ÔÄ»ÔÄ»ÔÄ»ÔÄ»ÔÄ»ÔÄ»ÔÄ»ÔÄ»ÔÄ»[34/53]ÔÄ»

 FAIL  src/components/conversations/__tests__/ConversationList.test.tsx > ConversationList > Filtering > should call setFilters when status filter changes
ReferenceError: jest is not defined
 ÔØ» src/components/conversations/__tests__/ConversationList.test.tsx:258:30
    256| 
    257|     it('should call setFilters when status filter changes', async () => {
    258|       const mockSetFilters = jest.fn();
       |                              ^
    259|       const { useConversationSearch } = require('../../../hooks/useConversationSearch');
    260|       useConversationSearch.mockReturnValue({

ÔÄ»ÔÄ»ÔÄ»ÔÄ»ÔÄ»ÔÄ»ÔÄ»ÔÄ»ÔÄ»ÔÄ»ÔÄ»ÔÄ»ÔÄ»ÔÄ»ÔÄ»ÔÄ»ÔÄ»ÔÄ»ÔÄ»ÔÄ»ÔÄ»ÔÄ»ÔÄ»ÔÄ»ÔÄ»ÔÄ»ÔÄ»ÔÄ»ÔÄ»ÔÄ»ÔÄ»ÔÄ»ÔÄ»ÔÄ»ÔÄ»ÔÄ»ÔÄ»ÔÄ»ÔÄ»ÔÄ»ÔÄ»ÔÄ»ÔÄ»ÔÄ»ÔÄ»ÔÄ»ÔÄ»ÔÄ»ÔÄ»ÔÄ»ÔÄ»ÔÄ»ÔÄ»ÔÄ»ÔÄ»ÔÄ»ÔÄ»ÔÄ»ÔÄ»ÔÄ»ÔÄ»ÔÄ»ÔÄ»ÔÄ»ÔÄ»ÔÄ»ÔÄ»ÔÄ»ÔÄ»ÔÄ»ÔÄ»ÔÄ»ÔÄ»ÔÄ»ÔÄ»ÔÄ»ÔÄ»ÔÄ»ÔÄ»ÔÄ»ÔÄ»ÔÄ»ÔÄ»ÔÄ»ÔÄ»ÔÄ»ÔÄ»ÔÄ»ÔÄ»ÔÄ»ÔÄ»ÔÄ»[35/53]ÔÄ»

 FAIL  src/components/conversations/__tests__/ConversationList.test.tsx > ConversationList > Filtering > should toggle favorites filter when button is clicked
ReferenceError: jest is not defined
 ÔØ» src/components/conversations/__tests__/ConversationList.test.tsx:282:30
    280| 
    281|     it('should toggle favorites filter when button is clicked', async () => {
    282|       const mockSetFilters = jest.fn();
       |                              ^
    283|       const { useConversationSearch } = require('../../../hooks/useConversationSearch');
    284|       useConversationSearch.mockReturnValue({

ÔÄ»ÔÄ»ÔÄ»ÔÄ»ÔÄ»ÔÄ»ÔÄ»ÔÄ»ÔÄ»ÔÄ»ÔÄ»ÔÄ»ÔÄ»ÔÄ»ÔÄ»ÔÄ»ÔÄ»ÔÄ»ÔÄ»ÔÄ»ÔÄ»ÔÄ»ÔÄ»ÔÄ»ÔÄ»ÔÄ»ÔÄ»ÔÄ»ÔÄ»ÔÄ»ÔÄ»ÔÄ»ÔÄ»ÔÄ»ÔÄ»ÔÄ»ÔÄ»ÔÄ»ÔÄ»ÔÄ»ÔÄ»ÔÄ»ÔÄ»ÔÄ»ÔÄ»ÔÄ»ÔÄ»ÔÄ»ÔÄ»ÔÄ»ÔÄ»ÔÄ»ÔÄ»ÔÄ»ÔÄ»ÔÄ»ÔÄ»ÔÄ»ÔÄ»ÔÄ»ÔÄ»ÔÄ»ÔÄ»ÔÄ»ÔÄ»ÔÄ»ÔÄ»ÔÄ»ÔÄ»ÔÄ»ÔÄ»ÔÄ»ÔÄ»ÔÄ»ÔÄ»ÔÄ»ÔÄ»ÔÄ»ÔÄ»ÔÄ»ÔÄ»ÔÄ»ÔÄ»ÔÄ»ÔÄ»ÔÄ»ÔÄ»ÔÄ»ÔÄ»ÔÄ»ÔÄ»ÔÄ»[36/53]ÔÄ»

 FAIL  src/components/conversations/__tests__/ConversationList.test.tsx > ConversationList > Filtering > should show clear filters button when filters are active
TestingLibraryElementError: Unable to find an element with the text: ├ó┬¡┬É Favoris. This could be because the text is broken up by multiple elements. In this case, you can provide a function for your text matcher to make your matcher more flexible.

Ignored nodes: comments, script, style
<body>
  <div>
    <div
      class="space-y-4"
    >
      <div
        class="space-y-4"
      >
        <div
          class="relative"
        >
          <svg
            class="lucide lucide-search absolute left-3 top-1/2 transform -translate-y-1/2 h-4 w-4 text-gray-400"
            fill="none"
            height="24"
            stroke="currentColor"
            stroke-linecap="round"
            stroke-linejoin="round"
            stroke-width="2"
            viewBox="0 0 24 24"
            width="24"
            xmlns="http://www.w3.org/2000/svg"
          >
            <circle
              cx="11"
              cy="11"
              r="8"
            />
            <path
              d="m21 21-4.3-4.3"
            />
          </svg>
          <input
            class="flex h-10 w-full rounded-md border border-input bg-background px-3 py-2 text-base ring-offset-background file:border-0 file:bg-transparent file:text-sm file:font-medium file:text-foreground placeholder:text-muted-foreground focus-visible:outline-none focus-visible:ring-2 focus-visible:ring-ring focus-visible:ring-offset-2 disabled:cursor-not-allowed disabled:opacity-50 md:text-sm pl-10"
            placeholder="Rechercher dans les conversations..."
            value=""
          />
        </div>
        <div
          class="flex flex-wrap gap-2 items-center"
        >
          <button
            aria-autocomplete="none"
            aria-controls="radix-:r1h:"
            aria-expanded="false"
            class="flex h-10 items-center justify-between rounded-md border border-input bg-background px-3 py-2 text-sm ring-offset-background placeholder:text-muted-foreground focus:outline-none focus:ring-2 focus:ring-ring focus:ring-offset-2 disabled:cursor-not-allowed disabled:opacity-50 [&>span]:line-clamp-1 w-auto min-w-[120px]"
            data-state="closed"
            dir="ltr"
            role="combobox"
            type="button"
          >
            <span
              style="pointer-events: none;"
            >
              Toutes (3)
            </span>
            <svg
              aria-hidden="true"
              class="lucide lucide-chevron-down h-4 w-4 opacity-50"
              fill="none"
              height="24"
              stroke="currentColor"
              stroke-linecap="round"
              stroke-linejoin="round"
              stroke-width="2"
              viewBox="0 0 24 24"
              width="24"
              xmlns="http://www.w3.org/2000/svg"
            >
              <path
                d="m6 9 6 6 6-6"
              />
            </svg>
          </button>
          <button
            class="inline-flex items-center justify-center whitespace-nowrap text-sm font-medium ring-offset-background transition-colors focus-visible:outline-none focus-visible:ring-2 focus-visible:ring-ring focus-visible:ring-offset-2 disabled:pointer-events-none disabled:opacity-50 [&_svg]:pointer-events-none [&_svg]:size-4 [&_svg]:shrink-0 border border-input bg-background hover:bg-accent hover:text-accent-foreground h-9 rounded-md px-3 gap-2"
          >
            Ô¡É Favoris
          </button>
          <button
            aria-expanded="false"
            aria-haspopup="menu"
            class="inline-flex items-center justify-center whitespace-nowrap text-sm font-medium ring-offset-background transition-colors focus-visible:outline-none focus-visible:ring-2 focus-visible:ring-ring focus-visible:ring-offset-2 disabled:pointer-events-none disabled:opacity-50 [&_svg]:pointer-events-none [&_svg]:size-4 [&_svg]:shrink-0 border border-input bg-background hover:bg-accent hover:text-accent-foreground h-9 rounded-md px-3 gap-2"
            data-state="closed"
            id="radix-:r1i:"
            type="button"
          >
            <svg
              class="lucide lucide-arrow-down-wide-narrow h-4 w-4"
              fill="none"
              height="24"
              stroke="currentColor"
              stroke-linecap="round"
              stroke-linejoin="round"
              stroke-width="2"
              viewBox="0 0 24 24"
              width="24"
              xmlns="http://www.w3.org/2000/svg"
            >
              <path
                d="m3 16 4 4 4-4"
              />
              <path
                d="M7 20V4"
              />
              <path
                d="M11 4h10"
              />
              <path
                d="M11 8h7"
              />
              <path
                d="M11 12h4"
              />
            </svg>
            Trier
          </button>
          <div
            class="ml-auto text-sm text-gray-500"
          >
            3
             conversation
            s
          </div>
        </div>
      </div>
      <div
        class="grid grid-cols-1 md:grid-cols-2 lg:grid-cols-3 gap-4"
      >
        <div
          data-testid="conversation-card-conv-1"
        >
          <h3>
            Meeting Planning
          </h3>
          <button>
            Resume
          </button>
        </div>
        <div
          data-testid="conversation-card-conv-2"
        >
          <h3>
            Team Discussion
          </h3>
          <button>
            Resume
          </button>
        </div>
        <div
          data-testid="conversation-card-conv-3"
        >
          <h3>
            Project Review
          </h3>
          <button>
            Resume
          </button>
        </div>
      </div>
    </div>
  </div>
</body>
 ÔØ» Object.getElementError node_modules/@testing-library/dom/dist/config.js:37:19
 ÔØ» node_modules/@testing-library/dom/dist/query-helpers.js:76:38
 ÔØ» node_modules/@testing-library/dom/dist/query-helpers.js:52:17
 ÔØ» getByText node_modules/@testing-library/dom/dist/query-helpers.js:95:19
 ÔØ» src/components/conversations/__tests__/ConversationList.test.tsx:306:38
    304| 
    305|       // Activate favorites filter
    306|       const favoritesButton = screen.getByText('├ó┬¡┬É Favoris');
       |                                      ^
    307|       await userEvent.click(favoritesButton);
    308| 

ÔÄ»ÔÄ»ÔÄ»ÔÄ»ÔÄ»ÔÄ»ÔÄ»ÔÄ»ÔÄ»ÔÄ»ÔÄ»ÔÄ»ÔÄ»ÔÄ»ÔÄ»ÔÄ»ÔÄ»ÔÄ»ÔÄ»ÔÄ»ÔÄ»ÔÄ»ÔÄ»ÔÄ»ÔÄ»ÔÄ»ÔÄ»ÔÄ»ÔÄ»ÔÄ»ÔÄ»ÔÄ»ÔÄ»ÔÄ»ÔÄ»ÔÄ»ÔÄ»ÔÄ»ÔÄ»ÔÄ»ÔÄ»ÔÄ»ÔÄ»ÔÄ»ÔÄ»ÔÄ»ÔÄ»ÔÄ»ÔÄ»ÔÄ»ÔÄ»ÔÄ»ÔÄ»ÔÄ»ÔÄ»ÔÄ»ÔÄ»ÔÄ»ÔÄ»ÔÄ»ÔÄ»ÔÄ»ÔÄ»ÔÄ»ÔÄ»ÔÄ»ÔÄ»ÔÄ»ÔÄ»ÔÄ»ÔÄ»ÔÄ»ÔÄ»ÔÄ»ÔÄ»ÔÄ»ÔÄ»ÔÄ»ÔÄ»ÔÄ»ÔÄ»ÔÄ»ÔÄ»ÔÄ»ÔÄ»ÔÄ»ÔÄ»ÔÄ»ÔÄ»ÔÄ»ÔÄ»ÔÄ»[37/53]ÔÄ»

 FAIL  src/components/conversations/__tests__/ConversationList.test.tsx > ConversationList > Filtering > should clear all filters when clear button is clicked
ReferenceError: jest is not defined
 ÔØ» src/components/conversations/__tests__/ConversationList.test.tsx:315:31
    313| 
    314|     it('should clear all filters when clear button is clicked', async () => {
    315|       const mockClearSearch = jest.fn();
       |                               ^
    316|       const { useConversationSearch } = require('../../../hooks/useConversationSearch');
    317|       useConversationSearch.mockReturnValue({

ÔÄ»ÔÄ»ÔÄ»ÔÄ»ÔÄ»ÔÄ»ÔÄ»ÔÄ»ÔÄ»ÔÄ»ÔÄ»ÔÄ»ÔÄ»ÔÄ»ÔÄ»ÔÄ»ÔÄ»ÔÄ»ÔÄ»ÔÄ»ÔÄ»ÔÄ»ÔÄ»ÔÄ»ÔÄ»ÔÄ»ÔÄ»ÔÄ»ÔÄ»ÔÄ»ÔÄ»ÔÄ»ÔÄ»ÔÄ»ÔÄ»ÔÄ»ÔÄ»ÔÄ»ÔÄ»ÔÄ»ÔÄ»ÔÄ»ÔÄ»ÔÄ»ÔÄ»ÔÄ»ÔÄ»ÔÄ»ÔÄ»ÔÄ»ÔÄ»ÔÄ»ÔÄ»ÔÄ»ÔÄ»ÔÄ»ÔÄ»ÔÄ»ÔÄ»ÔÄ»ÔÄ»ÔÄ»ÔÄ»ÔÄ»ÔÄ»ÔÄ»ÔÄ»ÔÄ»ÔÄ»ÔÄ»ÔÄ»ÔÄ»ÔÄ»ÔÄ»ÔÄ»ÔÄ»ÔÄ»ÔÄ»ÔÄ»ÔÄ»ÔÄ»ÔÄ»ÔÄ»ÔÄ»ÔÄ»ÔÄ»ÔÄ»ÔÄ»ÔÄ»ÔÄ»ÔÄ»ÔÄ»[38/53]ÔÄ»

 FAIL  src/components/conversations/__tests__/ConversationList.test.tsx > ConversationList > Sorting > should show sort options when dropdown is opened
TestingLibraryElementError: Unable to find an element with the text: Date de cr├â┬®ation. This could be because the text is broken up by multiple elements. In this case, you can provide a function for your text matcher to make your matcher more flexible.

Ignored nodes: comments, script, style
<body
  data-scroll-locked="1"
  style="pointer-events: none;"
>
  <span
    aria-hidden="true"
    data-aria-hidden="true"
    data-radix-focus-guard=""
    style="outline: none; opacity: 0; position: fixed; pointer-events: none;"
    tabindex="0"
  />
  <div
    aria-hidden="true"
    data-aria-hidden="true"
  >
    <div
      class="space-y-4"
    >
      <div
        class="space-y-4"
      >
        <div
          class="relative"
        >
          <svg
            class="lucide lucide-search absolute left-3 top-1/2 transform -translate-y-1/2 h-4 w-4 text-gray-400"
            fill="none"
            height="24"
            stroke="currentColor"
            stroke-linecap="round"
            stroke-linejoin="round"
            stroke-width="2"
            viewBox="0 0 24 24"
            width="24"
            xmlns="http://www.w3.org/2000/svg"
          >
            <circle
              cx="11"
              cy="11"
              r="8"
            />
            <path
              d="m21 21-4.3-4.3"
            />
          </svg>
          <input
            class="flex h-10 w-full rounded-md border border-input bg-background px-3 py-2 text-base ring-offset-background file:border-0 file:bg-transparent file:text-sm file:font-medium file:text-foreground placeholder:text-muted-foreground focus-visible:outline-none focus-visible:ring-2 focus-visible:ring-ring focus-visible:ring-offset-2 disabled:cursor-not-allowed disabled:opacity-50 md:text-sm pl-10"
            placeholder="Rechercher dans les conversations..."
            value=""
          />
        </div>
        <div
          class="flex flex-wrap gap-2 items-center"
        >
          <button
            aria-autocomplete="none"
            aria-controls="radix-:r1v:"
            aria-expanded="false"
            class="flex h-10 items-center justify-between rounded-md border border-input bg-background px-3 py-2 text-sm ring-offset-background placeholder:text-muted-foreground focus:outline-none focus:ring-2 focus:ring-ring focus:ring-offset-2 disabled:cursor-not-allowed disabled:opacity-50 [&>span]:line-clamp-1 w-auto min-w-[120px]"
            data-state="closed"
            dir="ltr"
            role="combobox"
            type="button"
          >
            <span
              style="pointer-events: none;"
            >
              Toutes (3)
            </span>
            <svg
              aria-hidden="true"
              class="lucide lucide-chevron-down h-4 w-4 opacity-50"
              fill="none"
              height="24"
              stroke="currentColor"
              stroke-linecap="round"
              stroke-linejoin="round"
              stroke-width="2"
              viewBox="0 0 24 24"
              width="24"
              xmlns="http://www.w3.org/2000/svg"
            >
              <path
                d="m6 9 6 6 6-6"
              />
            </svg>
          </button>
          <button
            class="inline-flex items-center justify-center whitespace-nowrap text-sm font-medium ring-offset-background transition-colors focus-visible:outline-none focus-visible:ring-2 focus-visible:ring-ring focus-visible:ring-offset-2 disabled:pointer-events-none disabled:opacity-50 [&_svg]:pointer-events-none [&_svg]:size-4 [&_svg]:shrink-0 border border-input bg-background hover:bg-accent hover:text-accent-foreground h-9 rounded-md px-3 gap-2"
          >
            Ô¡É Favoris
          </button>
          <button
            aria-controls="radix-:r21:"
            aria-expanded="true"
            aria-haspopup="menu"
            class="inline-flex items-center justify-center whitespace-nowrap text-sm font-medium ring-offset-background transition-colors focus-visible:outline-none focus-visible:ring-2 focus-visible:ring-ring focus-visible:ring-offset-2 disabled:pointer-events-none disabled:opacity-50 [&_svg]:pointer-events-none [&_svg]:size-4 [&_svg]:shrink-0 border border-input bg-background hover:bg-accent hover:text-accent-foreground h-9 rounded-md px-3 gap-2"
            data-state="open"
            id="radix-:r20:"
            type="button"
          >
            <svg
              class="lucide lucide-arrow-down-wide-narrow h-4 w-4"
              fill="none"
              height="24"
              stroke="currentColor"
              stroke-linecap="round"
              stroke-linejoin="round"
              stroke-width="2"
              viewBox="0 0 24 24"
              width="24"
              xmlns="http://www.w3.org/2000/svg"
            >
              <path
                d="m3 16 4 4 4-4"
              />
              <path
                d="M7 20V4"
              />
              <path
                d="M11 4h10"
              />
              <path
                d="M11 8h7"
              />
              <path
                d="M11 12h4"
              />
            </svg>
            Trier
          </button>
          <div
            class="ml-auto text-sm text-gray-500"
          >
            3
             conversation
            s
          </div>
        </div>
      </div>
      <div
        class="grid grid-cols-1 md:grid-cols-2 lg:grid-cols-3 gap-4"
      >
        <div
          data-testid="conversation-card-conv-1"
        >
          <h3>
            Meeting Planning
          </h3>
          <button>
            Resume
          </button>
        </div>
        <div
          data-testid="conversation-card-conv-2"
        >
          <h3>
            Team Discussion
          </h3>
          <button>
            Resume
          </button>
        </div>
        <div
          data-testid="conversation-card-conv-3"
        >
          <h3>
            Project Review
          </h3>
          <button>
            Resume
          </button>
        </div>
      </div>
    </div>
  </div>
  <div
    data-radix-popper-content-wrapper=""
    dir="ltr"
    style="position: fixed; left: 0px; top: 0px; transform: translate(0px, 4px); min-width: max-content; --radix-popper-available-width: 0px; --radix-popper-available-height: -4px; --radix-popper-anchor-width: 0px; --radix-popper-anchor-height: 0px; --radix-popper-transform-origin: 50% 0px;"
  >
    <div
      aria-labelledby="radix-:r20:"
      aria-orientation="vertical"
      class="z-50 min-w-[8rem] overflow-hidden rounded-md border bg-popover p-1 text-popover-foreground shadow-md data-[state=open]:animate-in data-[state=closed]:animate-out data-[state=closed]:fade-out-0 data-[state=open]:fade-in-0 data-[state=closed]:zoom-out-95 data-[state=open]:zoom-in-95 data-[side=bottom]:slide-in-from-top-2 data-[side=left]:slide-in-from-right-2 data-[side=right]:slide-in-from-left-2 data-[side=top]:slide-in-from-bottom-2"
      data-align="center"
      data-orientation="vertical"
      data-radix-menu-content=""
      data-side="bottom"
      data-state="open"
      dir="ltr"
      id="radix-:r21:"
      role="menu"
      style="outline: none; --radix-dropdown-menu-content-transform-origin: var(--radix-popper-transform-origin); --radix-dropdown-menu-content-available-width: var(--radix-popper-available-width); --radix-dropdown-menu-content-available-height: var(--radix-popper-available-height); --radix-dropdown-menu-trigger-width: var(--radix-popper-anchor-width); --radix-dropdown-menu-trigger-height: var(--radix-popper-anchor-height); pointer-events: auto;"
      tabindex="-1"
    >
      <div
        class="relative flex cursor-default select-none items-center rounded-sm px-2 py-1.5 text-sm outline-none transition-colors focus:bg-accent focus:text-accent-foreground data-[disabled]:pointer-events-none data-[disabled]:opacity-50"
        data-orientation="vertical"
        data-radix-collection-item=""
        role="menuitem"
        tabindex="-1"
      >
        Derni├¿re modification
      </div>
      <div
        class="relative flex cursor-default select-none items-center rounded-sm px-2 py-1.5 text-sm outline-none transition-colors focus:bg-accent focus:text-accent-foreground data-[disabled]:pointer-events-none data-[disabled]:opacity-50"
        data-orientation="vertical"
        data-radix-collection-item=""
        role="menuitem"
        tabindex="-1"
      >
        Date de cr├®ation
      </div>
      <div
        class="relative flex cursor-default select-none items-center rounded-sm px-2 py-1.5 text-sm outline-none transition-colors focus:bg-accent focus:text-accent-foreground data-[disabled]:pointer-events-none data-[disabled]:opacity-50"
        data-orientation="vertical"
        data-radix-collection-item=""
        role="menuitem"
        tabindex="-1"
      >
        Titre
      </div>
      <div
        class="relative flex cursor-default select-none items-center rounded-sm px-2 py-1.5 text-sm outline-none transition-colors focus:bg-accent focus:text-accent-foreground data-[disabled]:pointer-events-none data-[disabled]:opacity-50"
        data-orientation="vertical"
        data-radix-collection-item=""
        role="menuitem"
        tabindex="-1"
      >
        Nombre de messages
      </div>
    </div>
  </div>
  <span
    aria-hidden="true"
    data-aria-hidden="true"
    data-radix-focus-guard=""
    style="outline: none; opacity: 0; position: fixed; pointer-events: none;"
    tabindex="0"
  />
</body>
 ÔØ» Object.getElementError node_modules/@testing-library/dom/dist/config.js:37:19
 ÔØ» node_modules/@testing-library/dom/dist/query-helpers.js:76:38
 ÔØ» node_modules/@testing-library/dom/dist/query-helpers.js:52:17
 ÔØ» getByText node_modules/@testing-library/dom/dist/query-helpers.js:95:19
 ÔØ» src/components/conversations/__tests__/ConversationList.test.tsx:351:21
    349| 
    350|       expect(screen.getByText((content, element) => content.includes('Derni├¿re modificatioÔÇª
    351|       expect(screen.getByText('Date de cr├â┬®ation')).toBeInTheDocument();
       |                     ^
    352|       expect(screen.getByText('Titre')).toBeInTheDocument();
    353|       expect(screen.getByText('Nombre de messages')).toBeInTheDocument();

ÔÄ»ÔÄ»ÔÄ»ÔÄ»ÔÄ»ÔÄ»ÔÄ»ÔÄ»ÔÄ»ÔÄ»ÔÄ»ÔÄ»ÔÄ»ÔÄ»ÔÄ»ÔÄ»ÔÄ»ÔÄ»ÔÄ»ÔÄ»ÔÄ»ÔÄ»ÔÄ»ÔÄ»ÔÄ»ÔÄ»ÔÄ»ÔÄ»ÔÄ»ÔÄ»ÔÄ»ÔÄ»ÔÄ»ÔÄ»ÔÄ»ÔÄ»ÔÄ»ÔÄ»ÔÄ»ÔÄ»ÔÄ»ÔÄ»ÔÄ»ÔÄ»ÔÄ»ÔÄ»ÔÄ»ÔÄ»ÔÄ»ÔÄ»ÔÄ»ÔÄ»ÔÄ»ÔÄ»ÔÄ»ÔÄ»ÔÄ»ÔÄ»ÔÄ»ÔÄ»ÔÄ»ÔÄ»ÔÄ»ÔÄ»ÔÄ»ÔÄ»ÔÄ»ÔÄ»ÔÄ»ÔÄ»ÔÄ»ÔÄ»ÔÄ»ÔÄ»ÔÄ»ÔÄ»ÔÄ»ÔÄ»ÔÄ»ÔÄ»ÔÄ»ÔÄ»ÔÄ»ÔÄ»ÔÄ»ÔÄ»ÔÄ»ÔÄ»ÔÄ»ÔÄ»ÔÄ»ÔÄ»[39/53]ÔÄ»

 FAIL  src/components/conversations/__tests__/ConversationList.test.tsx > ConversationList > Virtualization > should use correct item height for normal mode
TestingLibraryElementError: Unable to find an element by: [data-testid="virtualized-list"]

Ignored nodes: comments, script, style
<body
  style=""
>
  <div>
    <div
      class="space-y-4"
    >
      <div
        class="space-y-4"
      >
        <div
          class="relative"
        >
          <svg
            class="lucide lucide-search absolute left-3 top-1/2 transform -translate-y-1/2 h-4 w-4 text-gray-400"
            fill="none"
            height="24"
            stroke="currentColor"
            stroke-linecap="round"
            stroke-linejoin="round"
            stroke-width="2"
            viewBox="0 0 24 24"
            width="24"
            xmlns="http://www.w3.org/2000/svg"
          >
            <circle
              cx="11"
              cy="11"
              r="8"
            />
            <path
              d="m21 21-4.3-4.3"
            />
          </svg>
          <input
            class="flex h-10 w-full rounded-md border border-input bg-background px-3 py-2 text-base ring-offset-background file:border-0 file:bg-transparent file:text-sm file:font-medium file:text-foreground placeholder:text-muted-foreground focus-visible:outline-none focus-visible:ring-2 focus-visible:ring-ring focus-visible:ring-offset-2 disabled:cursor-not-allowed disabled:opacity-50 md:text-sm pl-10"
            placeholder="Rechercher dans les conversations..."
            value=""
          />
        </div>
        <div
          class="flex flex-wrap gap-2 items-center"
        >
          <button
            aria-autocomplete="none"
            aria-controls="radix-:r37:"
            aria-expanded="false"
            class="flex h-10 items-center justify-between rounded-md border border-input bg-background px-3 py-2 text-sm ring-offset-background placeholder:text-muted-foreground focus:outline-none focus:ring-2 focus:ring-ring focus:ring-offset-2 disabled:cursor-not-allowed disabled:opacity-50 [&>span]:line-clamp-1 w-auto min-w-[120px]"
            data-state="closed"
            dir="ltr"
            role="combobox"
            type="button"
          >
            <span
              style="pointer-events: none;"
            >
              Toutes (3)
            </span>
            <svg
              aria-hidden="true"
              class="lucide lucide-chevron-down h-4 w-4 opacity-50"
              fill="none"
              height="24"
              stroke="currentColor"
              stroke-linecap="round"
              stroke-linejoin="round"
              stroke-width="2"
              viewBox="0 0 24 24"
              width="24"
              xmlns="http://www.w3.org/2000/svg"
            >
              <path
                d="m6 9 6 6 6-6"
              />
            </svg>
          </button>
          <button
            class="inline-flex items-center justify-center whitespace-nowrap text-sm font-medium ring-offset-background transition-colors focus-visible:outline-none focus-visible:ring-2 focus-visible:ring-ring focus-visible:ring-offset-2 disabled:pointer-events-none disabled:opacity-50 [&_svg]:pointer-events-none [&_svg]:size-4 [&_svg]:shrink-0 border border-input bg-background hover:bg-accent hover:text-accent-foreground h-9 rounded-md px-3 gap-2"
          >
            Ô¡É Favoris
          </button>
          <button
            aria-expanded="false"
            aria-haspopup="menu"
            class="inline-flex items-center justify-center whitespace-nowrap text-sm font-medium ring-offset-background transition-colors focus-visible:outline-none focus-visible:ring-2 focus-visible:ring-ring focus-visible:ring-offset-2 disabled:pointer-events-none disabled:opacity-50 [&_svg]:pointer-events-none [&_svg]:size-4 [&_svg]:shrink-0 border border-input bg-background hover:bg-accent hover:text-accent-foreground h-9 rounded-md px-3 gap-2"
            data-state="closed"
            id="radix-:r38:"
            type="button"
          >
            <svg
              class="lucide lucide-arrow-down-wide-narrow h-4 w-4"
              fill="none"
              height="24"
              stroke="currentColor"
              stroke-linecap="round"
              stroke-linejoin="round"
              stroke-width="2"
              viewBox="0 0 24 24"
              width="24"
              xmlns="http://www.w3.org/2000/svg"
            >
              <path
                d="m3 16 4 4 4-4"
              />
              <path
                d="M7 20V4"
              />
              <path
                d="M11 4h10"
              />
              <path
                d="M11 8h7"
              />
              <path
                d="M11 12h4"
              />
            </svg>
            Trier
          </button>
          <div
            class="ml-auto text-sm text-gray-500"
          >
            3
             conversation
            s
          </div>
        </div>
      </div>
      <div
        class="grid grid-cols-1 md:grid-cols-2 lg:grid-cols-3 gap-4"
      >
        <div
          data-testid="conversation-card-conv-1"
        >
          <h3>
            Meeting Planning
          </h3>
          <button>
            Resume
          </button>
        </div>
        <div
          data-testid="conversation-card-conv-2"
        >
          <h3>
            Team Discussion
          </h3>
          <button>
            Resume
          </button>
        </div>
        <div
          data-testid="conversation-card-conv-3"
        >
          <h3>
            Project Review
          </h3>
          <button>
            Resume
          </button>
        </div>
      </div>
    </div>
  </div>
</body>
 ÔØ» Object.getElementError node_modules/@testing-library/dom/dist/config.js:37:19
 ÔØ» node_modules/@testing-library/dom/dist/query-helpers.js:76:38
 ÔØ» node_modules/@testing-library/dom/dist/query-helpers.js:52:17
 ÔØ» getByTestId node_modules/@testing-library/dom/dist/query-helpers.js:95:19
 ÔØ» src/components/conversations/__tests__/ConversationList.test.tsx:402:21
    400| 
    401|       // Virtualized list should be rendered
    402|       expect(screen.getByTestId('virtualized-list')).toBeInTheDocument();
       |                     ^
    403|     });
    404| 

ÔÄ»ÔÄ»ÔÄ»ÔÄ»ÔÄ»ÔÄ»ÔÄ»ÔÄ»ÔÄ»ÔÄ»ÔÄ»ÔÄ»ÔÄ»ÔÄ»ÔÄ»ÔÄ»ÔÄ»ÔÄ»ÔÄ»ÔÄ»ÔÄ»ÔÄ»ÔÄ»ÔÄ»ÔÄ»ÔÄ»ÔÄ»ÔÄ»ÔÄ»ÔÄ»ÔÄ»ÔÄ»ÔÄ»ÔÄ»ÔÄ»ÔÄ»ÔÄ»ÔÄ»ÔÄ»ÔÄ»ÔÄ»ÔÄ»ÔÄ»ÔÄ»ÔÄ»ÔÄ»ÔÄ»ÔÄ»ÔÄ»ÔÄ»ÔÄ»ÔÄ»ÔÄ»ÔÄ»ÔÄ»ÔÄ»ÔÄ»ÔÄ»ÔÄ»ÔÄ»ÔÄ»ÔÄ»ÔÄ»ÔÄ»ÔÄ»ÔÄ»ÔÄ»ÔÄ»ÔÄ»ÔÄ»ÔÄ»ÔÄ»ÔÄ»ÔÄ»ÔÄ»ÔÄ»ÔÄ»ÔÄ»ÔÄ»ÔÄ»ÔÄ»ÔÄ»ÔÄ»ÔÄ»ÔÄ»ÔÄ»ÔÄ»ÔÄ»ÔÄ»ÔÄ»ÔÄ»ÔÄ»[40/53]ÔÄ»

 FAIL  src/components/conversations/__tests__/ConversationList.test.tsx > ConversationList > Virtualization > should use correct item height for compact mode
TestingLibraryElementError: Unable to find an element by: [data-testid="virtualized-list"]

Ignored nodes: comments, script, style
<body
  style=""
>
  <div>
    <div
      class="space-y-4"
    >
      <div
        class="space-y-4"
      >
        <div
          class="relative"
        >
          <svg
            class="lucide lucide-search absolute left-3 top-1/2 transform -translate-y-1/2 h-4 w-4 text-gray-400"
            fill="none"
            height="24"
            stroke="currentColor"
            stroke-linecap="round"
            stroke-linejoin="round"
            stroke-width="2"
            viewBox="0 0 24 24"
            width="24"
            xmlns="http://www.w3.org/2000/svg"
          >
            <circle
              cx="11"
              cy="11"
              r="8"
            />
            <path
              d="m21 21-4.3-4.3"
            />
          </svg>
          <input
            class="flex h-10 w-full rounded-md border border-input bg-background px-3 py-2 text-base ring-offset-background file:border-0 file:bg-transparent file:text-sm file:font-medium file:text-foreground placeholder:text-muted-foreground focus-visible:outline-none focus-visible:ring-2 focus-visible:ring-ring focus-visible:ring-offset-2 disabled:cursor-not-allowed disabled:opacity-50 md:text-sm pl-10"
            placeholder="Rechercher dans les conversations..."
            value=""
          />
        </div>
        <div
          class="flex flex-wrap gap-2 items-center"
        >
          <button
            aria-autocomplete="none"
            aria-controls="radix-:r3e:"
            aria-expanded="false"
            class="flex h-10 items-center justify-between rounded-md border border-input bg-background px-3 py-2 text-sm ring-offset-background placeholder:text-muted-foreground focus:outline-none focus:ring-2 focus:ring-ring focus:ring-offset-2 disabled:cursor-not-allowed disabled:opacity-50 [&>span]:line-clamp-1 w-auto min-w-[120px]"
            data-state="closed"
            dir="ltr"
            role="combobox"
            type="button"
          >
            <span
              style="pointer-events: none;"
            >
              Toutes (3)
            </span>
            <svg
              aria-hidden="true"
              class="lucide lucide-chevron-down h-4 w-4 opacity-50"
              fill="none"
              height="24"
              stroke="currentColor"
              stroke-linecap="round"
              stroke-linejoin="round"
              stroke-width="2"
              viewBox="0 0 24 24"
              width="24"
              xmlns="http://www.w3.org/2000/svg"
            >
              <path
                d="m6 9 6 6 6-6"
              />
            </svg>
          </button>
          <button
            class="inline-flex items-center justify-center whitespace-nowrap text-sm font-medium ring-offset-background transition-colors focus-visible:outline-none focus-visible:ring-2 focus-visible:ring-ring focus-visible:ring-offset-2 disabled:pointer-events-none disabled:opacity-50 [&_svg]:pointer-events-none [&_svg]:size-4 [&_svg]:shrink-0 border border-input bg-background hover:bg-accent hover:text-accent-foreground h-9 rounded-md px-3 gap-2"
          >
            Ô¡É Favoris
          </button>
          <button
            aria-expanded="false"
            aria-haspopup="menu"
            class="inline-flex items-center justify-center whitespace-nowrap text-sm font-medium ring-offset-background transition-colors focus-visible:outline-none focus-visible:ring-2 focus-visible:ring-ring focus-visible:ring-offset-2 disabled:pointer-events-none disabled:opacity-50 [&_svg]:pointer-events-none [&_svg]:size-4 [&_svg]:shrink-0 border border-input bg-background hover:bg-accent hover:text-accent-foreground h-9 rounded-md px-3 gap-2"
            data-state="closed"
            id="radix-:r3f:"
            type="button"
          >
            <svg
              class="lucide lucide-arrow-down-wide-narrow h-4 w-4"
              fill="none"
              height="24"
              stroke="currentColor"
              stroke-linecap="round"
              stroke-linejoin="round"
              stroke-width="2"
              viewBox="0 0 24 24"
              width="24"
              xmlns="http://www.w3.org/2000/svg"
            >
              <path
                d="m3 16 4 4 4-4"
              />
              <path
                d="M7 20V4"
              />
              <path
                d="M11 4h10"
              />
              <path
                d="M11 8h7"
              />
              <path
                d="M11 12h4"
              />
            </svg>
            Trier
          </button>
          <div
            class="ml-auto text-sm text-gray-500"
          >
            3
             conversation
            s
          </div>
        </div>
      </div>
      <div
        class="grid grid-cols-1 md:grid-cols-2 lg:grid-cols-3 gap-4"
      >
        <div
          data-testid="conversation-card-conv-1"
        >
          <h3>
            Meeting Planning
          </h3>
          <button>
            Resume
          </button>
        </div>
        <div
          data-testid="conversation-card-conv-2"
        >
          <h3>
            Team Discussion
          </h3>
          <button>
            Resume
          </button>
        </div>
        <div
          data-testid="conversation-card-conv-3"
        >
          <h3>
            Project Review
          </h3>
          <button>
            Resume
          </button>
        </div>
      </div>
    </div>
  </div>
</body>
 ÔØ» Object.getElementError node_modules/@testing-library/dom/dist/config.js:37:19
 ÔØ» node_modules/@testing-library/dom/dist/query-helpers.js:76:38
 ÔØ» node_modules/@testing-library/dom/dist/query-helpers.js:52:17
 ÔØ» getByTestId node_modules/@testing-library/dom/dist/query-helpers.js:95:19
 ÔØ» src/components/conversations/__tests__/ConversationList.test.tsx:409:21
    407| 
    408|       // Should still render virtualized list in compact mode
    409|       expect(screen.getByTestId('virtualized-list')).toBeInTheDocument();
       |                     ^
    410|     });
    411| 

ÔÄ»ÔÄ»ÔÄ»ÔÄ»ÔÄ»ÔÄ»ÔÄ»ÔÄ»ÔÄ»ÔÄ»ÔÄ»ÔÄ»ÔÄ»ÔÄ»ÔÄ»ÔÄ»ÔÄ»ÔÄ»ÔÄ»ÔÄ»ÔÄ»ÔÄ»ÔÄ»ÔÄ»ÔÄ»ÔÄ»ÔÄ»ÔÄ»ÔÄ»ÔÄ»ÔÄ»ÔÄ»ÔÄ»ÔÄ»ÔÄ»ÔÄ»ÔÄ»ÔÄ»ÔÄ»ÔÄ»ÔÄ»ÔÄ»ÔÄ»ÔÄ»ÔÄ»ÔÄ»ÔÄ»ÔÄ»ÔÄ»ÔÄ»ÔÄ»ÔÄ»ÔÄ»ÔÄ»ÔÄ»ÔÄ»ÔÄ»ÔÄ»ÔÄ»ÔÄ»ÔÄ»ÔÄ»ÔÄ»ÔÄ»ÔÄ»ÔÄ»ÔÄ»ÔÄ»ÔÄ»ÔÄ»ÔÄ»ÔÄ»ÔÄ»ÔÄ»ÔÄ»ÔÄ»ÔÄ»ÔÄ»ÔÄ»ÔÄ»ÔÄ»ÔÄ»ÔÄ»ÔÄ»ÔÄ»ÔÄ»ÔÄ»ÔÄ»ÔÄ»ÔÄ»ÔÄ»ÔÄ»[41/53]ÔÄ»

 FAIL  src/components/conversations/__tests__/ConversationList.test.tsx > ConversationList > Virtualization > should handle custom height prop
TestingLibraryElementError: Unable to find an element by: [data-testid="virtualized-list"]

Ignored nodes: comments, script, style
<body
  style=""
>
  <div>
    <div
      class="space-y-4"
    >
      <div
        class="space-y-4"
      >
        <div
          class="relative"
        >
          <svg
            class="lucide lucide-search absolute left-3 top-1/2 transform -translate-y-1/2 h-4 w-4 text-gray-400"
            fill="none"
            height="24"
            stroke="currentColor"
            stroke-linecap="round"
            stroke-linejoin="round"
            stroke-width="2"
            viewBox="0 0 24 24"
            width="24"
            xmlns="http://www.w3.org/2000/svg"
          >
            <circle
              cx="11"
              cy="11"
              r="8"
            />
            <path
              d="m21 21-4.3-4.3"
            />
          </svg>
          <input
            class="flex h-10 w-full rounded-md border border-input bg-background px-3 py-2 text-base ring-offset-background file:border-0 file:bg-transparent file:text-sm file:font-medium file:text-foreground placeholder:text-muted-foreground focus-visible:outline-none focus-visible:ring-2 focus-visible:ring-ring focus-visible:ring-offset-2 disabled:cursor-not-allowed disabled:opacity-50 md:text-sm pl-10"
            placeholder="Rechercher dans les conversations..."
            value=""
          />
        </div>
        <div
          class="flex flex-wrap gap-2 items-center"
        >
          <button
            aria-autocomplete="none"
            aria-controls="radix-:r3l:"
            aria-expanded="false"
            class="flex h-10 items-center justify-between rounded-md border border-input bg-background px-3 py-2 text-sm ring-offset-background placeholder:text-muted-foreground focus:outline-none focus:ring-2 focus:ring-ring focus:ring-offset-2 disabled:cursor-not-allowed disabled:opacity-50 [&>span]:line-clamp-1 w-auto min-w-[120px]"
            data-state="closed"
            dir="ltr"
            role="combobox"
            type="button"
          >
            <span
              style="pointer-events: none;"
            >
              Toutes (3)
            </span>
            <svg
              aria-hidden="true"
              class="lucide lucide-chevron-down h-4 w-4 opacity-50"
              fill="none"
              height="24"
              stroke="currentColor"
              stroke-linecap="round"
              stroke-linejoin="round"
              stroke-width="2"
              viewBox="0 0 24 24"
              width="24"
              xmlns="http://www.w3.org/2000/svg"
            >
              <path
                d="m6 9 6 6 6-6"
              />
            </svg>
          </button>
          <button
            class="inline-flex items-center justify-center whitespace-nowrap text-sm font-medium ring-offset-background transition-colors focus-visible:outline-none focus-visible:ring-2 focus-visible:ring-ring focus-visible:ring-offset-2 disabled:pointer-events-none disabled:opacity-50 [&_svg]:pointer-events-none [&_svg]:size-4 [&_svg]:shrink-0 border border-input bg-background hover:bg-accent hover:text-accent-foreground h-9 rounded-md px-3 gap-2"
          >
            Ô¡É Favoris
          </button>
          <button
            aria-expanded="false"
            aria-haspopup="menu"
            class="inline-flex items-center justify-center whitespace-nowrap text-sm font-medium ring-offset-background transition-colors focus-visible:outline-none focus-visible:ring-2 focus-visible:ring-ring focus-visible:ring-offset-2 disabled:pointer-events-none disabled:opacity-50 [&_svg]:pointer-events-none [&_svg]:size-4 [&_svg]:shrink-0 border border-input bg-background hover:bg-accent hover:text-accent-foreground h-9 rounded-md px-3 gap-2"
            data-state="closed"
            id="radix-:r3m:"
            type="button"
          >
            <svg
              class="lucide lucide-arrow-down-wide-narrow h-4 w-4"
              fill="none"
              height="24"
              stroke="currentColor"
              stroke-linecap="round"
              stroke-linejoin="round"
              stroke-width="2"
              viewBox="0 0 24 24"
              width="24"
              xmlns="http://www.w3.org/2000/svg"
            >
              <path
                d="m3 16 4 4 4-4"
              />
              <path
                d="M7 20V4"
              />
              <path
                d="M11 4h10"
              />
              <path
                d="M11 8h7"
              />
              <path
                d="M11 12h4"
              />
            </svg>
            Trier
          </button>
          <div
            class="ml-auto text-sm text-gray-500"
          >
            3
             conversation
            s
          </div>
        </div>
      </div>
      <div
        class="grid grid-cols-1 md:grid-cols-2 lg:grid-cols-3 gap-4"
      >
        <div
          data-testid="conversation-card-conv-1"
        >
          <h3>
            Meeting Planning
          </h3>
          <button>
            Resume
          </button>
        </div>
        <div
          data-testid="conversation-card-conv-2"
        >
          <h3>
            Team Discussion
          </h3>
          <button>
            Resume
          </button>
        </div>
        <div
          data-testid="conversation-card-conv-3"
        >
          <h3>
            Project Review
          </h3>
          <button>
            Resume
          </button>
        </div>
      </div>
    </div>
  </div>
</body>
 ÔØ» Object.getElementError node_modules/@testing-library/dom/dist/config.js:37:19
 ÔØ» node_modules/@testing-library/dom/dist/query-helpers.js:76:38
 ÔØ» node_modules/@testing-library/dom/dist/query-helpers.js:52:17
 ÔØ» getByTestId node_modules/@testing-library/dom/dist/query-helpers.js:95:19
 ÔØ» src/components/conversations/__tests__/ConversationList.test.tsx:415:21
    413|       render(<ConversationList conversations={mockConversations} height={800} />);
    414| 
    415|       expect(screen.getByTestId('virtualized-list')).toBeInTheDocument();
       |                     ^
    416|     });
    417|   });

ÔÄ»ÔÄ»ÔÄ»ÔÄ»ÔÄ»ÔÄ»ÔÄ»ÔÄ»ÔÄ»ÔÄ»ÔÄ»ÔÄ»ÔÄ»ÔÄ»ÔÄ»ÔÄ»ÔÄ»ÔÄ»ÔÄ»ÔÄ»ÔÄ»ÔÄ»ÔÄ»ÔÄ»ÔÄ»ÔÄ»ÔÄ»ÔÄ»ÔÄ»ÔÄ»ÔÄ»ÔÄ»ÔÄ»ÔÄ»ÔÄ»ÔÄ»ÔÄ»ÔÄ»ÔÄ»ÔÄ»ÔÄ»ÔÄ»ÔÄ»ÔÄ»ÔÄ»ÔÄ»ÔÄ»ÔÄ»ÔÄ»ÔÄ»ÔÄ»ÔÄ»ÔÄ»ÔÄ»ÔÄ»ÔÄ»ÔÄ»ÔÄ»ÔÄ»ÔÄ»ÔÄ»ÔÄ»ÔÄ»ÔÄ»ÔÄ»ÔÄ»ÔÄ»ÔÄ»ÔÄ»ÔÄ»ÔÄ»ÔÄ»ÔÄ»ÔÄ»ÔÄ»ÔÄ»ÔÄ»ÔÄ»ÔÄ»ÔÄ»ÔÄ»ÔÄ»ÔÄ»ÔÄ»ÔÄ»ÔÄ»ÔÄ»ÔÄ»ÔÄ»ÔÄ»ÔÄ»ÔÄ»[42/53]ÔÄ»

 FAIL  src/components/conversations/__tests__/ConversationList.test.tsx > ConversationList > Edge Cases > should handle very large conversation lists
TestingLibraryElementError: Unable to find an element by: [data-testid="virtualized-list"]

Ignored nodes: comments, script, style
<body
  style=""
>
  <div>
    <div
      class="space-y-4"
    >
      <div
        class="space-y-4"
      >
        <div
          class="relative"
        >
          <svg
            class="lucide lucide-search absolute left-3 top-1/2 transform -translate-y-1/2 h-4 w-4 text-gray-400"
            fill="none"
            height="24"
            stroke="currentColor"
            stroke-linecap="round"
            stroke-linejoin="round"
            stroke-width="2"
            viewBox="0 0 24 24"
            width="24"
            xmlns="http://www.w3.org/2000/svg"
          >
            <circle
              cx="11"
              cy="11"
              r="8"
            />
            <path
              d="m21 21-4.3-4.3"
            />
          </svg>
          <input
            class="flex h-10 w-full rounded-md border border-input bg-background px-3 py-2 text-base ring-offset-background file:border-0 file:bg-transparent file:text-sm file:font-medium file:text-foreground placeholder:text-muted-foreground focus-visible:outline-none focus-visible:ring-2 focus-visible:ring-ring focus-visible:ring-offset-2 disabled:cursor-not-allowed disabled:opacity-50 md:text-sm pl-10"
            placeholder="Rechercher dans les conversations..."
            value=""
          />
        </div>
        <div
          class="flex flex-wrap gap-2 items-center"
        >
          <button
            aria-autocomplete="none"
            aria-controls="radix-:r56:"
            aria-expanded="false"
            class="flex h-10 items-center justify-between rounded-md border border-input bg-background px-3 py-2 text-sm ring-offset-background placeholder:text-muted-foreground focus:outline-none focus:ring-2 focus:ring-ring focus:ring-offset-2 disabled:cursor-not-allowed disabled:opacity-50 [&>span]:line-clamp-1 w-auto min-w-[120px]"
            data-state="closed"
            dir="ltr"
            role="combobox"
            type="button"
          >
            <span
              style="pointer-events: none;"
            >
              Toutes (1000)
            </span>
            <svg
              aria-hidden="true"
              class="lucide lucide-chevron-down h-4 w-4 opacity-50"
              fill="none"
              height="24"
              stroke="currentColor"
              stroke-linecap="round"
              stroke-linejoin="round"
              stroke-width="2"
              viewBox="0 0 24 24"
              width="24"
              xmlns="http://www.w3.org/2000/svg"
            >
              <path
                d="m6 9 6 6 6-6"
              />
            </svg>
          </button>
          <button
            class="inline-flex items-center justify-center whitespace-nowrap text-sm font-medium ring-offset-background transition-colors focus-visible:outline-none focus-visible:ring-2 focus-visible:ring-ring focus-visible:ring-offset-2 disabled:pointer-events-none disabled:opacity-50 [&_svg]:pointer-events-none [&_svg]:size-4 [&_svg]:shrink-0 border border-input bg-background hover:bg-accent hover:text-accent-foreground h-9 rounded-md px-3 gap-2"
          >
            Ô¡É Favoris
          </button>
          <button
            aria-expanded="false"
            aria-haspopup="menu"
            class="inline-flex items-center justify-center whitespace-nowrap text-sm font-medium ring-offset-background transition-colors focus-visible:outline-none focus-visible:ring-2 focus-visible:ring-ring focus-visible:ring-offset-2 disabled:pointer-events-none disabled:opacity-50 [&_svg]:pointer-events-none [&_svg]:size-4 [&_svg]:shrink-0 border border-input bg-background hover:bg-accent hover:text-accent-foreground h-9 rounded-md px-3 gap-2"
            data-state="closed"
            id="radix-:r57:"
            type="button"
          >
            <svg
              class="lucide lucide-arrow-down-wide-narrow h-4 w-4"
              fill="none"
              height="24"
              stroke="currentColor"
              stroke-linecap="round"
              stroke-linejoin="round"
              stroke-width="2"
              viewBox="0 0 24 24"
              width="24"
              xmlns="http://www.w3.org/2000/svg"
            >
              <path
                d="m3 16 4 4 4-4"
              />
              <path
                d="M7 20V4"
              />
              <path
                d="M11 4h10"
              />
              <path
                d="M11 8h7"
              />
              <path
                d="M11 12h4"
              />
            </svg>
            Trier
          </button>
          <div
            class="ml-auto text-sm text-gray-500"
          >
            1000
             conversation
            s
          </div>
        </div>
      </div>
      <div
        class="grid grid-cols-1 md:grid-cols-2 lg:grid-cols-3 gap-4"
      >
        <div
          data-testid="conversation-card-conv-0"
        >
          <h3>
            Conversation 0
      ...
 ÔØ» Object.getElementError node_modules/@testing-library/dom/dist/config.js:37:19
 ÔØ» node_modules/@testing-library/dom/dist/query-helpers.js:76:38
 ÔØ» node_modules/@testing-library/dom/dist/query-helpers.js:52:17
 ÔØ» getByTestId node_modules/@testing-library/dom/dist/query-helpers.js:95:19
 ÔØ» src/components/conversations/__tests__/ConversationList.test.tsx:474:21
    472| 
    473|       expect(screen.getByText('1000 conversations')).toBeInTheDocument();
    474|       expect(screen.getByTestId('virtualized-list')).toBeInTheDocument();
       |                     ^
    475|     });
    476|   });

ÔÄ»ÔÄ»ÔÄ»ÔÄ»ÔÄ»ÔÄ»ÔÄ»ÔÄ»ÔÄ»ÔÄ»ÔÄ»ÔÄ»ÔÄ»ÔÄ»ÔÄ»ÔÄ»ÔÄ»ÔÄ»ÔÄ»ÔÄ»ÔÄ»ÔÄ»ÔÄ»ÔÄ»ÔÄ»ÔÄ»ÔÄ»ÔÄ»ÔÄ»ÔÄ»ÔÄ»ÔÄ»ÔÄ»ÔÄ»ÔÄ»ÔÄ»ÔÄ»ÔÄ»ÔÄ»ÔÄ»ÔÄ»ÔÄ»ÔÄ»ÔÄ»ÔÄ»ÔÄ»ÔÄ»ÔÄ»ÔÄ»ÔÄ»ÔÄ»ÔÄ»ÔÄ»ÔÄ»ÔÄ»ÔÄ»ÔÄ»ÔÄ»ÔÄ»ÔÄ»ÔÄ»ÔÄ»ÔÄ»ÔÄ»ÔÄ»ÔÄ»ÔÄ»ÔÄ»ÔÄ»ÔÄ»ÔÄ»ÔÄ»ÔÄ»ÔÄ»ÔÄ»ÔÄ»ÔÄ»ÔÄ»ÔÄ»ÔÄ»ÔÄ»ÔÄ»ÔÄ»ÔÄ»ÔÄ»ÔÄ»ÔÄ»ÔÄ»ÔÄ»ÔÄ»ÔÄ»ÔÄ»[43/53]ÔÄ»

 FAIL  src/components/conversations/__tests__/ConversationList.test.tsx > ConversationList > Status Filter Options > should show correct counts in status filter options
TestingLibraryElementError: Found multiple elements with the text: Toutes (3)

Here are the matching elements:

Ignored nodes: comments, script, style
<span
  style="pointer-events: none;"
>
  Toutes (3)
</span>

Ignored nodes: comments, script, style
<span
  id="radix-:r5k:"
>
  Toutes (3)
</span>

(If this is intentional, then use the `*AllBy*` variant of the query (like `queryAllByText`, `getAllByText`, or `findAllByText`)).

Ignored nodes: comments, script, style
<body
  data-scroll-locked="1"
  style="pointer-events: none;"
>
  <span
    aria-hidden="true"
    data-aria-hidden="true"
    data-radix-focus-guard=""
    style="outline: none; opacity: 0; position: fixed; pointer-events: none;"
    tabindex="0"
  />
  <div
    aria-hidden="true"
    data-aria-hidden="true"
  >
    <div
      class="space-y-4"
    >
      <div
        class="space-y-4"
      >
        <div
          class="relative"
        >
          <svg
            class="lucide lucide-search absolute left-3 top-1/2 transform -translate-y-1/2 h-4 w-4 text-gray-400"
            fill="none"
            height="24"
            stroke="currentColor"
            stroke-linecap="round"
            stroke-linejoin="round"
            stroke-width="2"
            viewBox="0 0 24 24"
            width="24"
            xmlns="http://www.w3.org/2000/svg"
          >
            <circle
              cx="11"
              cy="11"
              r="8"
            />
            <path
              d="m21 21-4.3-4.3"
            />
          </svg>
          <input
            class="flex h-10 w-full rounded-md border border-input bg-background px-3 py-2 text-base ring-offset-background file:border-0 file:bg-transparent file:text-sm file:font-medium file:text-foreground placeholder:text-muted-foreground focus-visible:outline-none focus-visible:ring-2 focus-visible:ring-ring focus-visible:ring-offset-2 disabled:cursor-not-allowed disabled:opacity-50 md:text-sm pl-10"
            placeholder="Rechercher dans les conversations..."
            value=""
          />
        </div>
        <div
          class="flex flex-wrap gap-2 items-center"
        >
          <button
            aria-autocomplete="none"
            aria-controls="radix-:r5d:"
            aria-expanded="true"
            class="flex h-10 items-center justify-between rounded-md border border-input bg-background px-3 py-2 text-sm ring-offset-background placeholder:text-muted-foreground focus:outline-none focus:ring-2 focus:ring-ring focus:ring-offset-2 disabled:cursor-not-allowed disabled:opacity-50 [&>span]:line-clamp-1 w-auto min-w-[120px]"
            data-state="open"
            dir="ltr"
            role="combobox"
            type="button"
          >
            <span
              style="pointer-events: none;"
            >
              Toutes (3)
            </span>
            <svg
              aria-hidden="true"
              class="lucide lucide-chevron-down h-4 w-4 opacity-50"
              fill="none"
              height="24"
              stroke="currentColor"
              stroke-linecap="round"
              stroke-linejoin="round"
              stroke-width="2"
              viewBox="0 0 24 24"
              width="24"
              xmlns="http://www.w3.org/2000/svg"
            >
              <path
                d="m6 9 6 6 6-6"
              />
            </svg>
          </button>
          <button
            class="inline-flex items-center justify-center whitespace-nowrap text-sm font-medium ring-offset-background transition-colors focus-visible:outline-none focus-visible:ring-2 focus-visible:ring-ring focus-visible:ring-offset-2 disabled:pointer-events-none disabled:opacity-50 [&_svg]:pointer-events-none [&_svg]:size-4 [&_svg]:shrink-0 border border-input bg-background hover:bg-accent hover:text-accent-foreground h-9 rounded-md px-3 gap-2"
          >
            Ô¡É Favoris
          </button>
          <button
            aria-expanded="false"
            aria-haspopup="menu"
            class="inline-flex items-center justify-center whitespace-nowrap text-sm font-medium ring-offset-background transition-colors focus-visible:outline-none focus-visible:ring-2 focus-visible:ring-ring focus-visible:ring-offset-2 disabled:pointer-events-none disabled:opacity-50 [&_svg]:pointer-events-none [&_svg]:size-4 [&_svg]:shrink-0 border border-input bg-background hover:bg-accent hover:text-accent-foreground h-9 rounded-md px-3 gap-2"
            data-state="closed"
            id="radix-:r5e:"
            type="button"
          >
            <svg
              class="lucide lucide-arrow-down-wide-narrow h-4 w-4"
              fill="none"
              height="24"
              stroke="currentColor"
              stroke-linecap="round"
              stroke-linejoin="round"
              stroke-width="2"
              viewBox="0 0 24 24"
              width="24"
              xmlns="http://www.w3.org/2000/svg"
            >
              <path
                d="m3 16 4 4 4-4"
              />
              <path
                d="M7 20V4"
              />
              <path
                d="M11 4h10"
              />
              <path
                d="M11 8h7"
              />
              <path
                d="M11 12h4"
              />
            </svg>
            Trier
          </button>
          <div
            class="ml-auto text-sm text-gray-500"
          ...
 ÔØ» Object.getElementError node_modules/@testing-library/dom/dist/config.js:37:19
 ÔØ» getElementError node_modules/@testing-library/dom/dist/query-helpers.js:20:35
 ÔØ» getMultipleElementsFoundError node_modules/@testing-library/dom/dist/query-helpers.js:23:10
 ÔØ» node_modules/@testing-library/dom/dist/query-helpers.js:55:13
 ÔØ» getByText node_modules/@testing-library/dom/dist/query-helpers.js:95:19
 ÔØ» src/components/conversations/__tests__/ConversationList.test.tsx:485:21
    483|       await userEvent.click(statusFilter);
    484| 
    485|       expect(screen.getByText('Toutes (3)')).toBeInTheDocument();
       |                     ^
    486|       expect(screen.getByText((content, element) => content.includes('En cours (1)'))).toBÔÇª
    487|       expect(screen.getByText('Termin├®es (1)')).toBeInTheDocument();

ÔÄ»ÔÄ»ÔÄ»ÔÄ»ÔÄ»ÔÄ»ÔÄ»ÔÄ»ÔÄ»ÔÄ»ÔÄ»ÔÄ»ÔÄ»ÔÄ»ÔÄ»ÔÄ»ÔÄ»ÔÄ»ÔÄ»ÔÄ»ÔÄ»ÔÄ»ÔÄ»ÔÄ»ÔÄ»ÔÄ»ÔÄ»ÔÄ»ÔÄ»ÔÄ»ÔÄ»ÔÄ»ÔÄ»ÔÄ»ÔÄ»ÔÄ»ÔÄ»ÔÄ»ÔÄ»ÔÄ»ÔÄ»ÔÄ»ÔÄ»ÔÄ»ÔÄ»ÔÄ»ÔÄ»ÔÄ»ÔÄ»ÔÄ»ÔÄ»ÔÄ»ÔÄ»ÔÄ»ÔÄ»ÔÄ»ÔÄ»ÔÄ»ÔÄ»ÔÄ»ÔÄ»ÔÄ»ÔÄ»ÔÄ»ÔÄ»ÔÄ»ÔÄ»ÔÄ»ÔÄ»ÔÄ»ÔÄ»ÔÄ»ÔÄ»ÔÄ»ÔÄ»ÔÄ»ÔÄ»ÔÄ»ÔÄ»ÔÄ»ÔÄ»ÔÄ»ÔÄ»ÔÄ»ÔÄ»ÔÄ»ÔÄ»ÔÄ»ÔÄ»ÔÄ»ÔÄ»ÔÄ»[44/53]ÔÄ»

 FAIL  src/components/conversations/__tests__/ConversationSearch.test.tsx > ConversationSearch > Search Input > calls onFiltersChange when search query changes
AssertionError: expected "spy" to be called with arguments: [ { query: 'test query' } ]

Received: 

  1st spy call:

  [
    {
-     "query": "test query",
+     "query": "t",
    },
  ]

  2nd spy call:

  [
    {
-     "query": "test query",
+     "query": "e",
    },
  ]

  3rd spy call:

  [
    {
-     "query": "test query",
+     "query": "s",
    },
  ]

  4th spy call:

  [
    {
-     "query": "test query",
+     "query": "t",
    },
  ]

  5th spy call:

  [
    {
-     "query": "test query",
+     "query": " ",
    },
  ]

  6th spy call:

  [
    {
-     "query": "test query",
+     "query": "q",
    },
  ]

  7th spy call:

  [
    {
-     "query": "test query",
+     "query": "u",
    },
  ]

  8th spy call:

  [
    {
-     "query": "test query",
+     "query": "e",
    },
  ]

  9th spy call:

  [
    {
-     "query": "test query",
+     "query": "r",
    },
  ]

  10th spy call:

  [
    {
-     "query": "test query",
+     "query": "y",
    },
  ]


Number of calls: 10

 ÔØ» src/components/conversations/__tests__/ConversationSearch.test.tsx:64:35
     62|       await user.type(searchInput, 'test query');
     63|       
     64|       expect(mockOnFiltersChange).toHaveBeenCalledWith({ query: 'test query' });
       |                                   ^
     65|     });
     66| 

ÔÄ»ÔÄ»ÔÄ»ÔÄ»ÔÄ»ÔÄ»ÔÄ»ÔÄ»ÔÄ»ÔÄ»ÔÄ»ÔÄ»ÔÄ»ÔÄ»ÔÄ»ÔÄ»ÔÄ»ÔÄ»ÔÄ»ÔÄ»ÔÄ»ÔÄ»ÔÄ»ÔÄ»ÔÄ»ÔÄ»ÔÄ»ÔÄ»ÔÄ»ÔÄ»ÔÄ»ÔÄ»ÔÄ»ÔÄ»ÔÄ»ÔÄ»ÔÄ»ÔÄ»ÔÄ»ÔÄ»ÔÄ»ÔÄ»ÔÄ»ÔÄ»ÔÄ»ÔÄ»ÔÄ»ÔÄ»ÔÄ»ÔÄ»ÔÄ»ÔÄ»ÔÄ»ÔÄ»ÔÄ»ÔÄ»ÔÄ»ÔÄ»ÔÄ»ÔÄ»ÔÄ»ÔÄ»ÔÄ»ÔÄ»ÔÄ»ÔÄ»ÔÄ»ÔÄ»ÔÄ»ÔÄ»ÔÄ»ÔÄ»ÔÄ»ÔÄ»ÔÄ»ÔÄ»ÔÄ»ÔÄ»ÔÄ»ÔÄ»ÔÄ»ÔÄ»ÔÄ»ÔÄ»ÔÄ»ÔÄ»ÔÄ»ÔÄ»ÔÄ»ÔÄ»ÔÄ»ÔÄ»[45/53]ÔÄ»

 FAIL  src/components/conversations/__tests__/ConversationSearch.test.tsx > ConversationSearch > Search Input > shows clear button when query exists
TestingLibraryElementError: Unable to find an accessible element with the role "button" and name `/clear/i`

Here are the accessible roles:

  textbox:

  Name "":
  <input
    class="flex h-10 w-full rounded-md border border-input bg-background px-3 py-2 text-base ring-offset-background file:border-0 file:bg-transparent file:text-sm file:font-medium file:text-foreground placeholder:text-muted-foreground focus-visible:outline-none focus-visible:ring-2 focus-visible:ring-ring focus-visible:ring-offset-2 disabled:cursor-not-allowed disabled:opacity-50 md:text-sm pl-10 pr-4"
    placeholder="Rechercher dans les conversations..."
    value="existing query"
  />

  --------------------------------------------------
  button:

  Name "":
  <button
    class="inline-flex items-center justify-center gap-2 whitespace-nowrap text-sm font-medium ring-offset-background transition-colors focus-visible:outline-none focus-visible:ring-2 focus-visible:ring-ring focus-visible:ring-offset-2 disabled:pointer-events-none disabled:opacity-50 [&_svg]:pointer-events-none [&_svg]:size-4 [&_svg]:shrink-0 hover:bg-accent hover:text-accent-foreground rounded-md absolute right-2 top-1/2 transform -translate-y-1/2 h-6 w-6 p-0"
  />

  Name "Favoris":
  <button
    class="justify-center whitespace-nowrap text-sm font-medium ring-offset-background transition-colors focus-visible:outline-none focus-visible:ring-2 focus-visible:ring-ring focus-visible:ring-offset-2 disabled:pointer-events-none disabled:opacity-50 [&_svg]:pointer-events-none [&_svg]:size-4 [&_svg]:shrink-0 border border-input bg-background hover:bg-accent hover:text-accent-foreground h-9 rounded-md px-3 flex items-center gap-1"
  />

  Name "Avec sondage":
  <button
    class="justify-center whitespace-nowrap text-sm font-medium ring-offset-background transition-colors focus-visible:outline-none focus-visible:ring-2 focus-visible:ring-ring focus-visible:ring-offset-2 disabled:pointer-events-none disabled:opacity-50 [&_svg]:pointer-events-none [&_svg]:size-4 [&_svg]:shrink-0 border border-input bg-background hover:bg-accent hover:text-accent-foreground h-9 rounded-md px-3 flex items-center gap-1"
  />

  Name "Filtres 1":
  <button
    aria-expanded="false"
    aria-haspopup="menu"
    class="justify-center whitespace-nowrap text-sm font-medium ring-offset-background transition-colors focus-visible:outline-none focus-visible:ring-2 focus-visible:ring-ring focus-visible:ring-offset-2 disabled:pointer-events-none disabled:opacity-50 [&_svg]:pointer-events-none [&_svg]:size-4 [&_svg]:shrink-0 border border-input bg-background hover:bg-accent hover:text-accent-foreground h-9 rounded-md px-3 flex items-center gap-1"
    data-state="closed"
    id="radix-:rm:"
    type="button"
  />

  Name "Effacer les filtres":
  <button
    class="inline-flex items-center justify-center gap-2 whitespace-nowrap text-sm font-medium ring-offset-background transition-colors focus-visible:outline-none focus-visible:ring-2 focus-visible:ring-ring focus-visible:ring-offset-2 disabled:pointer-events-none disabled:opacity-50 [&_svg]:pointer-events-none [&_svg]:size-4 [&_svg]:shrink-0 hover:bg-accent h-9 rounded-md px-3 text-gray-500 hover:text-gray-700"
  />

  Name "":
  <button
    class="inline-flex items-center justify-center gap-2 whitespace-nowrap text-sm font-medium ring-offset-background transition-colors focus-visible:outline-none focus-visible:ring-2 focus-visible:ring-ring focus-visible:ring-offset-2 disabled:pointer-events-none disabled:opacity-50 [&_svg]:pointer-events-none [&_svg]:size-4 [&_svg]:shrink-0 hover:text-accent-foreground rounded-md h-4 w-4 p-0 ml-1 hover:bg-gray-200"
  />

  --------------------------------------------------
  combobox:

  Name "":
  <button
    aria-autocomplete="none"
    aria-controls="radix-:rl:"
    aria-expanded="false"
    class="flex h-10 items-center justify-between rounded-md border border-input bg-background px-3 py-2 text-sm ring-offset-background placeholder:text-muted-foreground focus:outline-none focus:ring-2 focus:ring-ring focus:ring-offset-2 disabled:cursor-not-allowed disabled:opacity-50 [&>span]:line-clamp-1 w-auto min-w-[120px]"
    data-state="closed"
    dir="ltr"
    role="combobox"
    type="button"
  />

  --------------------------------------------------

Ignored nodes: comments, script, style
<body>
  <div>
    <div
      class="space-y-4"
    >
      <div
        class="relative"
      >
        <svg
          class="lucide lucide-search absolute left-3 top-1/2 transform -translate-y-1/2 h-4 w-4 text-gray-400"
          fill="none"
          height="24"
          stroke="currentColor"
          stroke-linecap="round"
          stroke-linejoin="round"
          stroke-width="2"
          viewBox="0 0 24 24"
          width="24"
          xmlns="http://www.w3.org/2000/svg"
        >
          <circle
            cx="11"
            cy="11"
            r="8"
          />
          <path
            d="m21 21-4.3-4.3"
          />
        </svg>
        <input
          class="flex h-10 w-full rounded-md border border-input bg-background px-3 py-2 text-base ring-offset-background file:border-0 file:bg-transparent file:text-sm file:font-medium file:text-foreground placeholder:text-muted-foreground focus-visible:outline-none focus-visible:ring-2 focus-visible:ring-ring focus-visible:ring-offset-2 disabled:cursor-not-allowed disabled:opacity-50 md:text-sm pl-10 pr-4"
          placeholder="Rechercher dans les conversations..."
          value="existing query"
        />
        <button
          class="inline-flex items-center justify-center gap-2 whitespace-nowrap text-sm font-medium ring-offset-background transition-colors focus-visible:outline-none focus-visible:ring-2 focus-visible:ring-ring focus-visible:ring-offset-2 disabled:pointer-events-none disabled:opacity-50 [&_svg]:pointer-events-none [&_svg]:size-4 [&_svg]:shrink-0 hover:bg-accent hover:text-accent-foreground rounded-md absolute right-2 top-1/2 transform -translate-y-1/2 h-6 w-6 p-0"
        >
          <svg
            class="lucide lucide-x h-3 w-3"
            fill="none"
            height="24"
            stroke="currentColor"
            stroke-linecap="round"
            stroke-linejoin="round"
            stroke-width="2"
            viewBox="0 0 24 24"
            width="24"
            xmlns="http://www.w3.org/2000/svg"
          >
            <path
              d="M18 6 6 18"
            />
            <path
              d="m6 6 12 12"
            />
          </svg>
        </button>
      </div>
      <div
        class="flex flex-wrap items-center gap-2"
      >
        <button
          aria-autocomplete="none"
          aria-controls="radix-:rl:"
          aria-expanded="false"
          class="flex h-10 items-center justify-between rounded-md border border-input bg-background px-3 py-2 text-sm ring-offset-background placeholder:text-muted-foreground focus:outline-none focus:ring-2 focus:ring-ring focus:ring-offset-2 disabled:cursor-not-allowed disabled:opacity-50 [&>span]:line-clamp-1 w-auto min-w-[120px]"
          data-state="closed"
          dir="ltr"
          role="combobox"
          type="button"
        >
          <span
            style="pointer-events: none;"
          >
            Tous les statuts
          </span>
          <svg
            aria-hidden="true"
            class="lucide lucide-chevron-down h-4 w-4 opacity-50"
            fill="none"
            height="24"
            stroke="currentColor"
            stroke-linecap="round"
            stroke-linejoin="round"
            stroke-width="2"
            viewBox="0 0 24 24"
            width="24"
            xmlns="http://www.w3.org/2000/svg"
          >
            <path
              d="m6 9 6 6 6-6"
            />
          </svg>
        </button>
        <button
          class="justify-center whitespace-nowrap text-sm font-medium ring-offset-background transition-colors focus-visible:outline-none focus-visible:ring-2 focus-visible:ring-ring focus-visible:ring-offset-2 disabled:pointer-events-none disabled:opacity-50 [&_svg]:pointer-events-none [&_svg]:size-4 [&_svg]:shrink-0 border border-input bg-background hover:bg-accent hover:text-accent-foreground h-9 rounded-md px-3 flex items-center gap-1"
        >
          <svg
            class="lucide lucide-star h-3 w-3"
            fill="none"
            height="24"
            stroke="currentColor"
            stroke-linecap="round"
            stroke-linejoin="round"
            stroke-width="2"
            viewBox="0 0 24 24"
            width="24"
            xmlns="http://www.w3.org/2000/svg"
          >
            <path
              d="M11.525 2.295a.53.53 0 0 1 .95 0l2.31 4.679a2.123 2.123 0 0 0 1.595 1.16l5.166.756a.53.53 0 0 1 .294.904l-3.736 3.638a2.123 2.123 0 0 0-.611 1.878l.882 5.14a.53.53 0 0 1-.771.56l-4.618-2.428a2.122 2.122 0 0 0-1.973 0L6.396 21.01a.53.53 0 0 1-.77-.56l.881-5.139a2.122 2.122 0 0 0-.611-1.879L2.16 9.795a.53.53 0 0 1 .294-.906l5.165-.755a2.122 2.122 0 0 0 1.597-1.16z"
            />
          </svg>
          Favoris
        </button>
        <button
          class="justify-center whitespace-nowrap text-sm font-medium ring-offset-background transition-colors focus-visible:outline-none focus-visible:ring-2 focus-visible:ring-ring focus-visible:ring-offset-2 disabled:pointer-events-none disabled:opacity-50 [&_svg]:pointer-events-none [&_svg]:size-4 [&_svg]:shrink-0 border border-input bg-background hover:bg-accent hover:t...
 ÔØ» Object.getElementError node_modules/@testing-library/dom/dist/config.js:37:19
 ÔØ» node_modules/@testing-library/dom/dist/query-helpers.js:76:38
 ÔØ» node_modules/@testing-library/dom/dist/query-helpers.js:52:17
 ÔØ» getByRole node_modules/@testing-library/dom/dist/query-helpers.js:95:19
 ÔØ» src/components/conversations/__tests__/ConversationSearch.test.tsx:75:21
     73|       );
     74|       
     75|       expect(screen.getByRole('button', { name: /clear/i })).toBeInTheDocument();
       |                     ^
     76|     });
     77| 

ÔÄ»ÔÄ»ÔÄ»ÔÄ»ÔÄ»ÔÄ»ÔÄ»ÔÄ»ÔÄ»ÔÄ»ÔÄ»ÔÄ»ÔÄ»ÔÄ»ÔÄ»ÔÄ»ÔÄ»ÔÄ»ÔÄ»ÔÄ»ÔÄ»ÔÄ»ÔÄ»ÔÄ»ÔÄ»ÔÄ»ÔÄ»ÔÄ»ÔÄ»ÔÄ»ÔÄ»ÔÄ»ÔÄ»ÔÄ»ÔÄ»ÔÄ»ÔÄ»ÔÄ»ÔÄ»ÔÄ»ÔÄ»ÔÄ»ÔÄ»ÔÄ»ÔÄ»ÔÄ»ÔÄ»ÔÄ»ÔÄ»ÔÄ»ÔÄ»ÔÄ»ÔÄ»ÔÄ»ÔÄ»ÔÄ»ÔÄ»ÔÄ»ÔÄ»ÔÄ»ÔÄ»ÔÄ»ÔÄ»ÔÄ»ÔÄ»ÔÄ»ÔÄ»ÔÄ»ÔÄ»ÔÄ»ÔÄ»ÔÄ»ÔÄ»ÔÄ»ÔÄ»ÔÄ»ÔÄ»ÔÄ»ÔÄ»ÔÄ»ÔÄ»ÔÄ»ÔÄ»ÔÄ»ÔÄ»ÔÄ»ÔÄ»ÔÄ»ÔÄ»ÔÄ»ÔÄ»ÔÄ»[46/53]ÔÄ»

 FAIL  src/components/conversations/__tests__/ConversationSearch.test.tsx > ConversationSearch > Search Input > clears query when clear button is clicked
TestingLibraryElementError: Unable to find an accessible element with the role "button" and name `/clear/i`

Here are the accessible roles:

  textbox:

  Name "":
  <input
    class="flex h-10 w-full rounded-md border border-input bg-background px-3 py-2 text-base ring-offset-background file:border-0 file:bg-transparent file:text-sm file:font-medium file:text-foreground placeholder:text-muted-foreground focus-visible:outline-none focus-visible:ring-2 focus-visible:ring-ring focus-visible:ring-offset-2 disabled:cursor-not-allowed disabled:opacity-50 md:text-sm pl-10 pr-4"
    placeholder="Rechercher dans les conversations..."
    value="existing query"
  />

  --------------------------------------------------
  button:

  Name "":
  <button
    class="inline-flex items-center justify-center gap-2 whitespace-nowrap text-sm font-medium ring-offset-background transition-colors focus-visible:outline-none focus-visible:ring-2 focus-visible:ring-ring focus-visible:ring-offset-2 disabled:pointer-events-none disabled:opacity-50 [&_svg]:pointer-events-none [&_svg]:size-4 [&_svg]:shrink-0 hover:bg-accent hover:text-accent-foreground rounded-md absolute right-2 top-1/2 transform -translate-y-1/2 h-6 w-6 p-0"
  />

  Name "Favoris":
  <button
    class="justify-center whitespace-nowrap text-sm font-medium ring-offset-background transition-colors focus-visible:outline-none focus-visible:ring-2 focus-visible:ring-ring focus-visible:ring-offset-2 disabled:pointer-events-none disabled:opacity-50 [&_svg]:pointer-events-none [&_svg]:size-4 [&_svg]:shrink-0 border border-input bg-background hover:bg-accent hover:text-accent-foreground h-9 rounded-md px-3 flex items-center gap-1"
  />

  Name "Avec sondage":
  <button
    class="justify-center whitespace-nowrap text-sm font-medium ring-offset-background transition-colors focus-visible:outline-none focus-visible:ring-2 focus-visible:ring-ring focus-visible:ring-offset-2 disabled:pointer-events-none disabled:opacity-50 [&_svg]:pointer-events-none [&_svg]:size-4 [&_svg]:shrink-0 border border-input bg-background hover:bg-accent hover:text-accent-foreground h-9 rounded-md px-3 flex items-center gap-1"
  />

  Name "Filtres 1":
  <button
    aria-expanded="false"
    aria-haspopup="menu"
    class="justify-center whitespace-nowrap text-sm font-medium ring-offset-background transition-colors focus-visible:outline-none focus-visible:ring-2 focus-visible:ring-ring focus-visible:ring-offset-2 disabled:pointer-events-none disabled:opacity-50 [&_svg]:pointer-events-none [&_svg]:size-4 [&_svg]:shrink-0 border border-input bg-background hover:bg-accent hover:text-accent-foreground h-9 rounded-md px-3 flex items-center gap-1"
    data-state="closed"
    id="radix-:rt:"
    type="button"
  />

  Name "Effacer les filtres":
  <button
    class="inline-flex items-center justify-center gap-2 whitespace-nowrap text-sm font-medium ring-offset-background transition-colors focus-visible:outline-none focus-visible:ring-2 focus-visible:ring-ring focus-visible:ring-offset-2 disabled:pointer-events-none disabled:opacity-50 [&_svg]:pointer-events-none [&_svg]:size-4 [&_svg]:shrink-0 hover:bg-accent h-9 rounded-md px-3 text-gray-500 hover:text-gray-700"
  />

  Name "":
  <button
    class="inline-flex items-center justify-center gap-2 whitespace-nowrap text-sm font-medium ring-offset-background transition-colors focus-visible:outline-none focus-visible:ring-2 focus-visible:ring-ring focus-visible:ring-offset-2 disabled:pointer-events-none disabled:opacity-50 [&_svg]:pointer-events-none [&_svg]:size-4 [&_svg]:shrink-0 hover:text-accent-foreground rounded-md h-4 w-4 p-0 ml-1 hover:bg-gray-200"
  />

  --------------------------------------------------
  combobox:

  Name "":
  <button
    aria-autocomplete="none"
    aria-controls="radix-:rs:"
    aria-expanded="false"
    class="flex h-10 items-center justify-between rounded-md border border-input bg-background px-3 py-2 text-sm ring-offset-background placeholder:text-muted-foreground focus:outline-none focus:ring-2 focus:ring-ring focus:ring-offset-2 disabled:cursor-not-allowed disabled:opacity-50 [&>span]:line-clamp-1 w-auto min-w-[120px]"
    data-state="closed"
    dir="ltr"
    role="combobox"
    type="button"
  />

  --------------------------------------------------

Ignored nodes: comments, script, style
<body>
  <div>
    <div
      class="space-y-4"
    >
      <div
        class="relative"
      >
        <svg
          class="lucide lucide-search absolute left-3 top-1/2 transform -translate-y-1/2 h-4 w-4 text-gray-400"
          fill="none"
          height="24"
          stroke="currentColor"
          stroke-linecap="round"
          stroke-linejoin="round"
          stroke-width="2"
          viewBox="0 0 24 24"
          width="24"
          xmlns="http://www.w3.org/2000/svg"
        >
          <circle
            cx="11"
            cy="11"
            r="8"
          />
          <path
            d="m21 21-4.3-4.3"
          />
        </svg>
        <input
          class="flex h-10 w-full rounded-md border border-input bg-background px-3 py-2 text-base ring-offset-background file:border-0 file:bg-transparent file:text-sm file:font-medium file:text-foreground placeholder:text-muted-foreground focus-visible:outline-none focus-visible:ring-2 focus-visible:ring-ring focus-visible:ring-offset-2 disabled:cursor-not-allowed disabled:opacity-50 md:text-sm pl-10 pr-4"
          placeholder="Rechercher dans les conversations..."
          value="existing query"
        />
        <button
          class="inline-flex items-center justify-center gap-2 whitespace-nowrap text-sm font-medium ring-offset-background transition-colors focus-visible:outline-none focus-visible:ring-2 focus-visible:ring-ring focus-visible:ring-offset-2 disabled:pointer-events-none disabled:opacity-50 [&_svg]:pointer-events-none [&_svg]:size-4 [&_svg]:shrink-0 hover:bg-accent hover:text-accent-foreground rounded-md absolute right-2 top-1/2 transform -translate-y-1/2 h-6 w-6 p-0"
        >
          <svg
            class="lucide lucide-x h-3 w-3"
            fill="none"
            height="24"
            stroke="currentColor"
            stroke-linecap="round"
            stroke-linejoin="round"
            stroke-width="2"
            viewBox="0 0 24 24"
            width="24"
            xmlns="http://www.w3.org/2000/svg"
          >
            <path
              d="M18 6 6 18"
            />
            <path
              d="m6 6 12 12"
            />
          </svg>
        </button>
      </div>
      <div
        class="flex flex-wrap items-center gap-2"
      >
        <button
          aria-autocomplete="none"
          aria-controls="radix-:rs:"
          aria-expanded="false"
          class="flex h-10 items-center justify-between rounded-md border border-input bg-background px-3 py-2 text-sm ring-offset-background placeholder:text-muted-foreground focus:outline-none focus:ring-2 focus:ring-ring focus:ring-offset-2 disabled:cursor-not-allowed disabled:opacity-50 [&>span]:line-clamp-1 w-auto min-w-[120px]"
          data-state="closed"
          dir="ltr"
          role="combobox"
          type="button"
        >
          <span
            style="pointer-events: none;"
          >
            Tous les statuts
          </span>
          <svg
            aria-hidden="true"
            class="lucide lucide-chevron-down h-4 w-4 opacity-50"
            fill="none"
            height="24"
            stroke="currentColor"
            stroke-linecap="round"
            stroke-linejoin="round"
            stroke-width="2"
            viewBox="0 0 24 24"
            width="24"
            xmlns="http://www.w3.org/2000/svg"
          >
            <path
              d="m6 9 6 6 6-6"
            />
          </svg>
        </button>
        <button
          class="justify-center whitespace-nowrap text-sm font-medium ring-offset-background transition-colors focus-visible:outline-none focus-visible:ring-2 focus-visible:ring-ring focus-visible:ring-offset-2 disabled:pointer-events-none disabled:opacity-50 [&_svg]:pointer-events-none [&_svg]:size-4 [&_svg]:shrink-0 border border-input bg-background hover:bg-accent hover:text-accent-foreground h-9 rounded-md px-3 flex items-center gap-1"
        >
          <svg
            class="lucide lucide-star h-3 w-3"
            fill="none"
            height="24"
            stroke="currentColor"
            stroke-linecap="round"
            stroke-linejoin="round"
            stroke-width="2"
            viewBox="0 0 24 24"
            width="24"
            xmlns="http://www.w3.org/2000/svg"
          >
            <path
              d="M11.525 2.295a.53.53 0 0 1 .95 0l2.31 4.679a2.123 2.123 0 0 0 1.595 1.16l5.166.756a.53.53 0 0 1 .294.904l-3.736 3.638a2.123 2.123 0 0 0-.611 1.878l.882 5.14a.53.53 0 0 1-.771.56l-4.618-2.428a2.122 2.122 0 0 0-1.973 0L6.396 21.01a.53.53 0 0 1-.77-.56l.881-5.139a2.122 2.122 0 0 0-.611-1.879L2.16 9.795a.53.53 0 0 1 .294-.906l5.165-.755a2.122 2.122 0 0 0 1.597-1.16z"
            />
          </svg>
          Favoris
        </button>
        <button
          class="justify-center whitespace-nowrap text-sm font-medium ring-offset-background transition-colors focus-visible:outline-none focus-visible:ring-2 focus-visible:ring-ring focus-visible:ring-offset-2 disabled:pointer-events-none disabled:opacity-50 [&_svg]:pointer-events-none [&_svg]:size-4 [&_svg]:shrink-0 border border-input bg-background hover:bg-accent hover:t...
 ÔØ» Object.getElementError node_modules/@testing-library/dom/dist/config.js:37:19
 ÔØ» node_modules/@testing-library/dom/dist/query-helpers.js:76:38
 ÔØ» node_modules/@testing-library/dom/dist/query-helpers.js:52:17
 ÔØ» getByRole node_modules/@testing-library/dom/dist/query-helpers.js:95:19
 ÔØ» src/components/conversations/__tests__/ConversationSearch.test.tsx:87:34
     85|       );
     86|       
     87|       const clearButton = screen.getByRole('button', { name: /clear/i });
       |                                  ^
     88|       await user.click(clearButton);
     89|       

ÔÄ»ÔÄ»ÔÄ»ÔÄ»ÔÄ»ÔÄ»ÔÄ»ÔÄ»ÔÄ»ÔÄ»ÔÄ»ÔÄ»ÔÄ»ÔÄ»ÔÄ»ÔÄ»ÔÄ»ÔÄ»ÔÄ»ÔÄ»ÔÄ»ÔÄ»ÔÄ»ÔÄ»ÔÄ»ÔÄ»ÔÄ»ÔÄ»ÔÄ»ÔÄ»ÔÄ»ÔÄ»ÔÄ»ÔÄ»ÔÄ»ÔÄ»ÔÄ»ÔÄ»ÔÄ»ÔÄ»ÔÄ»ÔÄ»ÔÄ»ÔÄ»ÔÄ»ÔÄ»ÔÄ»ÔÄ»ÔÄ»ÔÄ»ÔÄ»ÔÄ»ÔÄ»ÔÄ»ÔÄ»ÔÄ»ÔÄ»ÔÄ»ÔÄ»ÔÄ»ÔÄ»ÔÄ»ÔÄ»ÔÄ»ÔÄ»ÔÄ»ÔÄ»ÔÄ»ÔÄ»ÔÄ»ÔÄ»ÔÄ»ÔÄ»ÔÄ»ÔÄ»ÔÄ»ÔÄ»ÔÄ»ÔÄ»ÔÄ»ÔÄ»ÔÄ»ÔÄ»ÔÄ»ÔÄ»ÔÄ»ÔÄ»ÔÄ»ÔÄ»ÔÄ»ÔÄ»ÔÄ»[47/53]ÔÄ»

 FAIL  src/components/conversations/__tests__/ConversationSearch.test.tsx > ConversationSearch > Quick Filters > shows active state for enabled quick filters
TestingLibraryElementError: Found multiple elements with the text: (content, element)=>content.includes('Favoris')

Here are the matching elements:

Ignored nodes: comments, script, style
<button
  class="justify-center whitespace-nowrap text-sm font-medium ring-offset-background transition-colors focus-visible:outline-none focus-visible:ring-2 focus-visible:ring-ring focus-visible:ring-offset-2 disabled:pointer-events-none disabled:opacity-50 [&_svg]:pointer-events-none [&_svg]:size-4 [&_svg]:shrink-0 bg-primary text-primary-foreground hover:bg-primary/90 h-9 rounded-md px-3 flex items-center gap-1"
>
  <svg
    class="lucide lucide-star h-3 w-3"
    fill="none"
    height="24"
    stroke="currentColor"
    stroke-linecap="round"
    stroke-linejoin="round"
    stroke-width="2"
    viewBox="0 0 24 24"
    width="24"
    xmlns="http://www.w3.org/2000/svg"
  >
    <path
      d="M11.525 2.295a.53.53 0 0 1 .95 0l2.31 4.679a2.123 2.123 0 0 0 1.595 1.16l5.166.756a.53.53 0 0 1 .294.904l-3.736 3.638a2.123 2.123 0 0 0-.611 1.878l.882 5.14a.53.53 0 0 1-.771.56l-4.618-2.428a2.122 2.122 0 0 0-1.973 0L6.396 21.01a.53.53 0 0 1-.77-.56l.881-5.139a2.122 2.122 0 0 0-.611-1.879L2.16 9.795a.53.53 0 0 1 .294-.906l5.165-.755a2.122 2.122 0 0 0 1.597-1.16z"
    />
  </svg>
  Favoris
</button>

Ignored nodes: comments, script, style
<div
  class="rounded-full border px-2.5 py-0.5 text-xs font-semibold transition-colors focus:outline-none focus:ring-2 focus:ring-ring focus:ring-offset-2 border-transparent bg-secondary text-secondary-foreground hover:bg-secondary/80 flex items-center gap-1"
>
  <svg
    class="lucide lucide-star h-3 w-3"
    fill="none"
    height="24"
    stroke="currentColor"
    stroke-linecap="round"
    stroke-linejoin="round"
    stroke-width="2"
    viewBox="0 0 24 24"
    width="24"
    xmlns="http://www.w3.org/2000/svg"
  >
    <path
      d="M11.525 2.295a.53.53 0 0 1 .95 0l2.31 4.679a2.123 2.123 0 0 0 1.595 1.16l5.166.756a.53.53 0 0 1 .294.904l-3.736 3.638a2.123 2.123 0 0 0-.611 1.878l.882 5.14a.53.53 0 0 1-.771.56l-4.618-2.428a2.122 2.122 0 0 0-1.973 0L6.396 21.01a.53.53 0 0 1-.77-.56l.881-5.139a2.122 2.122 0 0 0-.611-1.879L2.16 9.795a.53.53 0 0 1 .294-.906l5.165-.755a2.122 2.122 0 0 0 1.597-1.16z"
    />
  </svg>
  Favoris
  <button
    class="inline-flex items-center justify-center gap-2 whitespace-nowrap text-sm font-medium ring-offset-background transition-colors focus-visible:outline-none focus-visible:ring-2 focus-visible:ring-ring focus-visible:ring-offset-2 disabled:pointer-events-none disabled:opacity-50 [&_svg]:pointer-events-none [&_svg]:size-4 [&_svg]:shrink-0 hover:text-accent-foreground rounded-md h-4 w-4 p-0 ml-1 hover:bg-gray-200"
  >
    <svg
      class="lucide lucide-x h-2 w-2"
      fill="none"
      height="24"
      stroke="currentColor"
      stroke-linecap="round"
      stroke-linejoin="round"
      stroke-width="2"
      viewBox="0 0 24 24"
      width="24"
      xmlns="http://www.w3.org/2000/svg"
    >
      <path
        d="M18 6 6 18"
      />
      <path
        d="m6 6 12 12"
      />
    </svg>
  </button>
</div>

(If this is intentional, then use the `*AllBy*` variant of the query (like `queryAllByText`, `getAllByText`, or `findAllByText`)).

Ignored nodes: comments, script, style
<body
  style=""
>
  <div>
    <div
      class="space-y-4"
    >
      <div
        class="relative"
      >
        <svg
          class="lucide lucide-search absolute left-3 top-1/2 transform -translate-y-1/2 h-4 w-4 text-gray-400"
          fill="none"
          height="24"
          stroke="currentColor"
          stroke-linecap="round"
          stroke-linejoin="round"
          stroke-width="2"
          viewBox="0 0 24 24"
          width="24"
          xmlns="http://www.w3.org/2000/svg"
        >
          <circle
            cx="11"
            cy="11"
            r="8"
          />
          <path
            d="m21 21-4.3-4.3"
          />
        </svg>
        <input
          class="flex h-10 w-full rounded-md border border-input bg-background px-3 py-2 text-base ring-offset-background file:border-0 file:bg-transparent file:text-sm file:font-medium file:text-foreground placeholder:text-muted-foreground focus-visible:outline-none focus-visible:ring-2 focus-visible:ring-ring focus-visible:ring-offset-2 disabled:cursor-not-allowed disabled:opacity-50 md:text-sm pl-10 pr-4"
          placeholder="Rechercher dans les conversations..."
          value=""
        />
      </div>
      <div
        class="flex flex-wrap items-center gap-2"
      >
        <button
          aria-autocomplete="none"
          aria-controls="radix-:r2e:"
          aria-expanded="false"
          class="flex h-10 items-center justify-between rounded-md border border-input bg-background px-3 py-2 text-sm ring-offset-background placeholder:text-muted-foreground focus:outline-none focus:ring-2 focus:ring-ring focus:ring-offset-2 disabled:cursor-not-allowed disabled:opacity-50 [&>span]:line-clamp-1 w-auto min-w-[120px]"
          data-state="closed"
          dir="ltr"
          role="combobox"
          type="button"
        >
          <span
            style="pointer-events: none;"
          >
            Tous les statuts
          </span>
          <svg
            aria-hidden="true"
            class="lucide lucide-chevron-down h-4 w-4 opacity-50"
            fill="none"
            height="24"
            stroke="currentColor"
            stroke-linecap="round"
            stroke-linejoin="round"
            stroke-width="2"
            viewBox="0 0 24 24"
            width="24"
            xmlns="http://www.w3.org/2000/svg"
          >
            <path
              d="m6 9 6 6 6-6"
            />
          </svg>
        </button>
        <button
          class="justify-center whitespace-nowrap text-sm font-medium ring-offset-background transition-colors focus-visible:outline-none focus-visible:ring-2 focus-visible:ring-ring focus-visible:ring-offset-2 disabled:pointer-events-none disabled:opacity-50 [&_svg]:pointer-events-none [&_svg]:size-4 [&_svg]:shrink-0 bg-primary text-primary-foreground hover:bg-primary/90 h-9 rounded-md px-3 flex items-center gap-1"
        >
          <svg
            class="lucide lucide-star h-3 w-3"
            fill="none"
            height="24"
            stroke="currentColor"
            stroke-linecap="round"
            stroke-linejoin="round"
            stroke-width="2"
            viewBox="0 0 24 24"
            width="24"
            xmlns="http://www.w3.org/2000/svg"
          >
            <path
              d="M11.525 2.295a.53.53 0 0 1 .95 0l2.31 4.679a2.123 2.123 0 0 0 1.595 1.16l5.166.756a.53.53 0 0 1 .294.904l-3.736 3.638a2.123 2.123 0 0 0-.611 1.878l.882 5.14a.53.53 0 0 1-.771.56l-4.618-2.428a2.122 2.122 0 0 0-1.973 0L6.396 21.01a.53.53 0 0 1-.77-.56l.881-5.139a2.122 2.122 0 0 0-.611-1.879L2.16 9.795a.53.53 0 0 1 .294-.906l5.165-.755a2.122 2.122 0 0 0 1.597-1.16z"
            />
          </svg>
          Favoris
        </button>
        <button
          class="justify-center whitespace-nowrap text-sm font-medium ring-offset-background transition-colors focus-visible:outline-none focus-visible:ring-2 focus-visible:ring-ring focus-visible:ring-offset-2 disabled:pointer-events-none disabled:opacity-50 [&_svg]:pointer-events-none [&_svg]:size-4 [&_svg]:shrink-0 border border-input bg-background hover:bg-accent hover:text-accent-foreground h-9 rounded-md px-3 flex items-center gap-1"
        >
          <svg
            class="lucide lucide-message-circle h-3 w-3"
            fill="none"
            height="24"
            stroke="currentColor"
            stroke-linecap="round"
            stroke-linejoin="round"
            stroke-width="2"
            viewBox="0 0 24 24"
            width="24"
            xmlns="http://www.w3.org/2000/svg"
          >
            <path
              d="M7.9 20A9 9 0 1 0 4 16.1L2 22Z"
            />
          </svg>
          Avec sondage
        </button>
        <button
          aria-expanded="false"
          aria-haspopup="menu"
          class="justify-center whitespace-nowrap text-sm font-medium ring-offset-background transition-colors focus-visible:outline-none focus-visible:ring-2 focus-visible:ring-ring focus-visible:ring-offset-2 disabled:pointer-events-none disabled:opacity-50 [&_svg]:pointer-events-none [&_svg]:size-4 [&_svg]:shrink-0 border border-i...
 ÔØ» Object.getElementError node_modules/@testing-library/dom/dist/config.js:37:19
 ÔØ» getElementError node_modules/@testing-library/dom/dist/query-helpers.js:20:35
 ÔØ» getMultipleElementsFoundError node_modules/@testing-library/dom/dist/query-helpers.js:23:10
 ÔØ» node_modules/@testing-library/dom/dist/query-helpers.js:55:13
 ÔØ» getByText node_modules/@testing-library/dom/dist/query-helpers.js:95:19
 ÔØ» src/components/conversations/__tests__/ConversationSearch.test.tsx:149:37
    147|       );
    148|       
    149|       const favoriteButton = screen.getByText((content, element) => content.includes('FavoÔÇª
       |                                     ^
    150|       expect(favoriteButton).toHaveClass('bg-primary'); // or whatever active class
    151|     });

ÔÄ»ÔÄ»ÔÄ»ÔÄ»ÔÄ»ÔÄ»ÔÄ»ÔÄ»ÔÄ»ÔÄ»ÔÄ»ÔÄ»ÔÄ»ÔÄ»ÔÄ»ÔÄ»ÔÄ»ÔÄ»ÔÄ»ÔÄ»ÔÄ»ÔÄ»ÔÄ»ÔÄ»ÔÄ»ÔÄ»ÔÄ»ÔÄ»ÔÄ»ÔÄ»ÔÄ»ÔÄ»ÔÄ»ÔÄ»ÔÄ»ÔÄ»ÔÄ»ÔÄ»ÔÄ»ÔÄ»ÔÄ»ÔÄ»ÔÄ»ÔÄ»ÔÄ»ÔÄ»ÔÄ»ÔÄ»ÔÄ»ÔÄ»ÔÄ»ÔÄ»ÔÄ»ÔÄ»ÔÄ»ÔÄ»ÔÄ»ÔÄ»ÔÄ»ÔÄ»ÔÄ»ÔÄ»ÔÄ»ÔÄ»ÔÄ»ÔÄ»ÔÄ»ÔÄ»ÔÄ»ÔÄ»ÔÄ»ÔÄ»ÔÄ»ÔÄ»ÔÄ»ÔÄ»ÔÄ»ÔÄ»ÔÄ»ÔÄ»ÔÄ»ÔÄ»ÔÄ»ÔÄ»ÔÄ»ÔÄ»ÔÄ»ÔÄ»ÔÄ»ÔÄ»ÔÄ»ÔÄ»[48/53]ÔÄ»

 FAIL  src/components/conversations/__tests__/ConversationSearch.test.tsx > ConversationSearch > Active Filters Display > displays active status filter as badge
AssertionError: expected [ <span ÔÇª(1)></span>, ÔÇª(1) ] to have a length of 1 but got 2

- Expected
+ Received

- 1
+ 2

 ÔØ» src/components/conversations/__tests__/ConversationSearch.test.tsx:233:86
    231|       );
    232|       
    233|       expect(screen.getAllByText((content, element) => content.includes('Actives'))).toHavÔÇª
       |                                                                                      ^
    234|     });
    235| 

ÔÄ»ÔÄ»ÔÄ»ÔÄ»ÔÄ»ÔÄ»ÔÄ»ÔÄ»ÔÄ»ÔÄ»ÔÄ»ÔÄ»ÔÄ»ÔÄ»ÔÄ»ÔÄ»ÔÄ»ÔÄ»ÔÄ»ÔÄ»ÔÄ»ÔÄ»ÔÄ»ÔÄ»ÔÄ»ÔÄ»ÔÄ»ÔÄ»ÔÄ»ÔÄ»ÔÄ»ÔÄ»ÔÄ»ÔÄ»ÔÄ»ÔÄ»ÔÄ»ÔÄ»ÔÄ»ÔÄ»ÔÄ»ÔÄ»ÔÄ»ÔÄ»ÔÄ»ÔÄ»ÔÄ»ÔÄ»ÔÄ»ÔÄ»ÔÄ»ÔÄ»ÔÄ»ÔÄ»ÔÄ»ÔÄ»ÔÄ»ÔÄ»ÔÄ»ÔÄ»ÔÄ»ÔÄ»ÔÄ»ÔÄ»ÔÄ»ÔÄ»ÔÄ»ÔÄ»ÔÄ»ÔÄ»ÔÄ»ÔÄ»ÔÄ»ÔÄ»ÔÄ»ÔÄ»ÔÄ»ÔÄ»ÔÄ»ÔÄ»ÔÄ»ÔÄ»ÔÄ»ÔÄ»ÔÄ»ÔÄ»ÔÄ»ÔÄ»ÔÄ»ÔÄ»ÔÄ»ÔÄ»[49/53]ÔÄ»

 FAIL  src/components/conversations/__tests__/ConversationSearch.test.tsx > ConversationSearch > Active Filters Display > displays active favorite filter as badge
AssertionError: expected [ <button ÔÇª(1)>ÔÇª(1)</button>, ÔÇª(1) ] to have a length of 1 but got 2

- Expected
+ Received

- 1
+ 2

 ÔØ» src/components/conversations/__tests__/ConversationSearch.test.tsx:244:86
    242|       );
    243|       
    244|       expect(screen.getAllByText((content, element) => content.includes('Favoris'))).toHavÔÇª
       |                                                                                      ^
    245|     });
    246| 

ÔÄ»ÔÄ»ÔÄ»ÔÄ»ÔÄ»ÔÄ»ÔÄ»ÔÄ»ÔÄ»ÔÄ»ÔÄ»ÔÄ»ÔÄ»ÔÄ»ÔÄ»ÔÄ»ÔÄ»ÔÄ»ÔÄ»ÔÄ»ÔÄ»ÔÄ»ÔÄ»ÔÄ»ÔÄ»ÔÄ»ÔÄ»ÔÄ»ÔÄ»ÔÄ»ÔÄ»ÔÄ»ÔÄ»ÔÄ»ÔÄ»ÔÄ»ÔÄ»ÔÄ»ÔÄ»ÔÄ»ÔÄ»ÔÄ»ÔÄ»ÔÄ»ÔÄ»ÔÄ»ÔÄ»ÔÄ»ÔÄ»ÔÄ»ÔÄ»ÔÄ»ÔÄ»ÔÄ»ÔÄ»ÔÄ»ÔÄ»ÔÄ»ÔÄ»ÔÄ»ÔÄ»ÔÄ»ÔÄ»ÔÄ»ÔÄ»ÔÄ»ÔÄ»ÔÄ»ÔÄ»ÔÄ»ÔÄ»ÔÄ»ÔÄ»ÔÄ»ÔÄ»ÔÄ»ÔÄ»ÔÄ»ÔÄ»ÔÄ»ÔÄ»ÔÄ»ÔÄ»ÔÄ»ÔÄ»ÔÄ»ÔÄ»ÔÄ»ÔÄ»ÔÄ»ÔÄ»ÔÄ»[50/53]ÔÄ»

 FAIL  src/components/conversations/__tests__/ConversationSearch.test.tsx > ConversationSearch > Date Range Filter > applies date range when apply button is clicked
TestingLibraryElementError: Unable to find an element with the text: Appliquer. This could be because the text is broken up by multiple elements. In this case, you can provide a function for your text matcher to make your matcher more flexible.

Ignored nodes: comments, script, style
<body
  data-scroll-locked="1"
  style="pointer-events: none;"
>
  <span
    aria-hidden="true"
    data-aria-hidden="true"
    data-radix-focus-guard=""
    style="outline: none; opacity: 0; position: fixed; pointer-events: none;"
    tabindex="0"
  />
  <div
    aria-hidden="true"
    data-aria-hidden="true"
  >
    <div
      class="space-y-4"
    >
      <div
        class="relative"
      >
        <svg
          class="lucide lucide-search absolute left-3 top-1/2 transform -translate-y-1/2 h-4 w-4 text-gray-400"
          fill="none"
          height="24"
          stroke="currentColor"
          stroke-linecap="round"
          stroke-linejoin="round"
          stroke-width="2"
          viewBox="0 0 24 24"
          width="24"
          xmlns="http://www.w3.org/2000/svg"
        >
          <circle
            cx="11"
            cy="11"
            r="8"
          />
          <path
            d="m21 21-4.3-4.3"
          />
        </svg>
        <input
          class="flex h-10 w-full rounded-md border border-input bg-background px-3 py-2 text-base ring-offset-background file:border-0 file:bg-transparent file:text-sm file:font-medium file:text-foreground placeholder:text-muted-foreground focus-visible:outline-none focus-visible:ring-2 focus-visible:ring-ring focus-visible:ring-offset-2 disabled:cursor-not-allowed disabled:opacity-50 md:text-sm pl-10 pr-4"
          placeholder="Rechercher dans les conversations..."
          value=""
        />
      </div>
      <div
        class="flex flex-wrap items-center gap-2"
      >
        <button
          aria-autocomplete="none"
          aria-controls="radix-:r6m:"
          aria-expanded="false"
          class="flex h-10 items-center justify-between rounded-md border border-input bg-background px-3 py-2 text-sm ring-offset-background placeholder:text-muted-foreground focus:outline-none focus:ring-2 focus:ring-ring focus:ring-offset-2 disabled:cursor-not-allowed disabled:opacity-50 [&>span]:line-clamp-1 w-auto min-w-[120px]"
          data-state="closed"
          dir="ltr"
          role="combobox"
          type="button"
        >
          <span
            style="pointer-events: none;"
          >
            Tous les statuts
          </span>
          <svg
            aria-hidden="true"
            class="lucide lucide-chevron-down h-4 w-4 opacity-50"
            fill="none"
            height="24"
            stroke="currentColor"
            stroke-linecap="round"
            stroke-linejoin="round"
            stroke-width="2"
            viewBox="0 0 24 24"
            width="24"
            xmlns="http://www.w3.org/2000/svg"
          >
            <path
              d="m6 9 6 6 6-6"
            />
          </svg>
        </button>
        <button
          class="justify-center whitespace-nowrap text-sm font-medium ring-offset-background transition-colors focus-visible:outline-none focus-visible:ring-2 focus-visible:ring-ring focus-visible:ring-offset-2 disabled:pointer-events-none disabled:opacity-50 [&_svg]:pointer-events-none [&_svg]:size-4 [&_svg]:shrink-0 border border-input bg-background hover:bg-accent hover:text-accent-foreground h-9 rounded-md px-3 flex items-center gap-1"
        >
          <svg
            class="lucide lucide-star h-3 w-3"
            fill="none"
            height="24"
            stroke="currentColor"
            stroke-linecap="round"
            stroke-linejoin="round"
            stroke-width="2"
            viewBox="0 0 24 24"
            width="24"
            xmlns="http://www.w3.org/2000/svg"
          >
            <path
              d="M11.525 2.295a.53.53 0 0 1 .95 0l2.31 4.679a2.123 2.123 0 0 0 1.595 1.16l5.166.756a.53.53 0 0 1 .294.904l-3.736 3.638a2.123 2.123 0 0 0-.611 1.878l.882 5.14a.53.53 0 0 1-.771.56l-4.618-2.428a2.122 2.122 0 0 0-1.973 0L6.396 21.01a.53.53 0 0 1-.77-.56l.881-5.139a2.122 2.122 0 0 0-.611-1.879L2.16 9.795a.53.53 0 0 1 .294-.906l5.165-.755a2.122 2.122 0 0 0 1.597-1.16z"
            />
          </svg>
          Favoris
        </button>
        <button
          class="justify-center whitespace-nowrap text-sm font-medium ring-offset-background transition-colors focus-visible:outline-none focus-visible:ring-2 focus-visible:ring-ring focus-visible:ring-offset-2 disabled:pointer-events-none disabled:opacity-50 [&_svg]:pointer-events-none [&_svg]:size-4 [&_svg]:shrink-0 border border-input bg-background hover:bg-accent hover:text-accent-foreground h-9 rounded-md px-3 flex items-center gap-1"
        >
          <svg
            class="lucide lucide-message-circle h-3 w-3"
            fill="none"
            height="24"
            stroke="currentColor"
            stroke-linecap="round"
            stroke-linejoin="round"
            stroke-width="2"
            viewBox="0 0 24 24"
            width="24"
            xmlns="http://www.w3.org/2000/svg"
          >
            <path
              d="M7.9 20A9 9 0 1 0 4 16.1L2 22Z"
            />
          </svg>
          Avec sondage
    ...
 ÔØ» Object.getElementError node_modules/@testing-library/dom/dist/config.js:37:19
 ÔØ» node_modules/@testing-library/dom/dist/query-helpers.js:76:38
 ÔØ» node_modules/@testing-library/dom/dist/query-helpers.js:52:17
 ÔØ» getByText node_modules/@testing-library/dom/dist/query-helpers.js:95:19
 ÔØ» src/components/conversations/__tests__/ConversationSearch.test.tsx:352:34
    350|       await user.click(selectRangeButton);
    351|       
    352|       const applyButton = screen.getByText('Appliquer');
       |                                  ^
    353|       await user.click(applyButton);
    354|       

ÔÄ»ÔÄ»ÔÄ»ÔÄ»ÔÄ»ÔÄ»ÔÄ»ÔÄ»ÔÄ»ÔÄ»ÔÄ»ÔÄ»ÔÄ»ÔÄ»ÔÄ»ÔÄ»ÔÄ»ÔÄ»ÔÄ»ÔÄ»ÔÄ»ÔÄ»ÔÄ»ÔÄ»ÔÄ»ÔÄ»ÔÄ»ÔÄ»ÔÄ»ÔÄ»ÔÄ»ÔÄ»ÔÄ»ÔÄ»ÔÄ»ÔÄ»ÔÄ»ÔÄ»ÔÄ»ÔÄ»ÔÄ»ÔÄ»ÔÄ»ÔÄ»ÔÄ»ÔÄ»ÔÄ»ÔÄ»ÔÄ»ÔÄ»ÔÄ»ÔÄ»ÔÄ»ÔÄ»ÔÄ»ÔÄ»ÔÄ»ÔÄ»ÔÄ»ÔÄ»ÔÄ»ÔÄ»ÔÄ»ÔÄ»ÔÄ»ÔÄ»ÔÄ»ÔÄ»ÔÄ»ÔÄ»ÔÄ»ÔÄ»ÔÄ»ÔÄ»ÔÄ»ÔÄ»ÔÄ»ÔÄ»ÔÄ»ÔÄ»ÔÄ»ÔÄ»ÔÄ»ÔÄ»ÔÄ»ÔÄ»ÔÄ»ÔÄ»ÔÄ»ÔÄ»ÔÄ»ÔÄ»[51/53]ÔÄ»

 FAIL  src/components/conversations/__tests__/ConversationSearch.test.tsx > ConversationSearch > Accessibility > has proper ARIA labels for interactive elements
Error: expect(element).toHaveAttribute("type", "text") // element.getAttribute("type") === "text"

Expected the element to have attribute:
  type="text"
Received:
  null
 ÔØ» src/components/conversations/__tests__/ConversationSearch.test.tsx:369:27
    367|       
    368|       const searchInput = screen.getByPlaceholderText('Rechercher dans les conversations..ÔÇª
    369|       expect(searchInput).toHaveAttribute('type', 'text');
       |                           ^
    370|       
    371|       const statusSelect = screen.getByRole('combobox');

ÔÄ»ÔÄ»ÔÄ»ÔÄ»ÔÄ»ÔÄ»ÔÄ»ÔÄ»ÔÄ»ÔÄ»ÔÄ»ÔÄ»ÔÄ»ÔÄ»ÔÄ»ÔÄ»ÔÄ»ÔÄ»ÔÄ»ÔÄ»ÔÄ»ÔÄ»ÔÄ»ÔÄ»ÔÄ»ÔÄ»ÔÄ»ÔÄ»ÔÄ»ÔÄ»ÔÄ»ÔÄ»ÔÄ»ÔÄ»ÔÄ»ÔÄ»ÔÄ»ÔÄ»ÔÄ»ÔÄ»ÔÄ»ÔÄ»ÔÄ»ÔÄ»ÔÄ»ÔÄ»ÔÄ»ÔÄ»ÔÄ»ÔÄ»ÔÄ»ÔÄ»ÔÄ»ÔÄ»ÔÄ»ÔÄ»ÔÄ»ÔÄ»ÔÄ»ÔÄ»ÔÄ»ÔÄ»ÔÄ»ÔÄ»ÔÄ»ÔÄ»ÔÄ»ÔÄ»ÔÄ»ÔÄ»ÔÄ»ÔÄ»ÔÄ»ÔÄ»ÔÄ»ÔÄ»ÔÄ»ÔÄ»ÔÄ»ÔÄ»ÔÄ»ÔÄ»ÔÄ»ÔÄ»ÔÄ»ÔÄ»ÔÄ»ÔÄ»ÔÄ»ÔÄ»ÔÄ»ÔÄ»[52/53]ÔÄ»

 FAIL  src/components/conversations/__tests__/ConversationSearch.test.tsx > ConversationSearch > Accessibility > supports keyboard navigation
AssertionError: expected "spy" to be called with arguments: [ { query: 'test' } ]

Received: 

  1st spy call:

  [
    {
-     "query": "test",
+     "query": "t",
    },
  ]

  2nd spy call:

  [
    {
-     "query": "test",
+     "query": "e",
    },
  ]

  3rd spy call:

  [
    {
-     "query": "test",
+     "query": "s",
    },
  ]

  4th spy call:

  [
    {
-     "query": "test",
+     "query": "t",
    },
  ]


Number of calls: 4

 ÔØ» src/components/conversations/__tests__/ConversationSearch.test.tsx:386:35
    384|       
    385|       await user.type(searchInput, 'test');
    386|       expect(mockOnFiltersChange).toHaveBeenCalledWith({ query: 'test' });
       |                                   ^
    387|     });
    388|   });

ÔÄ»ÔÄ»ÔÄ»ÔÄ»ÔÄ»ÔÄ»ÔÄ»ÔÄ»ÔÄ»ÔÄ»ÔÄ»ÔÄ»ÔÄ»ÔÄ»ÔÄ»ÔÄ»ÔÄ»ÔÄ»ÔÄ»ÔÄ»ÔÄ»ÔÄ»ÔÄ»ÔÄ»ÔÄ»ÔÄ»ÔÄ»ÔÄ»ÔÄ»ÔÄ»ÔÄ»ÔÄ»ÔÄ»ÔÄ»ÔÄ»ÔÄ»ÔÄ»ÔÄ»ÔÄ»ÔÄ»ÔÄ»ÔÄ»ÔÄ»ÔÄ»ÔÄ»ÔÄ»ÔÄ»ÔÄ»ÔÄ»ÔÄ»ÔÄ»ÔÄ»ÔÄ»ÔÄ»ÔÄ»ÔÄ»ÔÄ»ÔÄ»ÔÄ»ÔÄ»ÔÄ»ÔÄ»ÔÄ»ÔÄ»ÔÄ»ÔÄ»ÔÄ»ÔÄ»ÔÄ»ÔÄ»ÔÄ»ÔÄ»ÔÄ»ÔÄ»ÔÄ»ÔÄ»ÔÄ»ÔÄ»ÔÄ»ÔÄ»ÔÄ»ÔÄ»ÔÄ»ÔÄ»ÔÄ»ÔÄ»ÔÄ»ÔÄ»ÔÄ»ÔÄ»ÔÄ»ÔÄ»[53/53]ÔÄ»

stderr | src/contexts/AuthContext.test.tsx > AuthContext > Authentication methods > should handle successful sign in
Warning: An update to AuthProvider inside a test was not wrapped in act(...).

When testing, code that causes React state updates should be wrapped into act(...):

act(() => {
  /* fire events that update state */
});
/* assert on the output */

This ensures that you're testing the behavior the user would see in the browser. Learn more at https://reactjs.org/link/wrap-tests-with-act
    at AuthProvider (C:\Users\Julien Fritsch\Documents\GitHub\DooDates\src\contexts\AuthContext.tsx:34:25)
Warning: An update to AuthProvider inside a test was not wrapped in act(...).

When testing, code that causes React state updates should be wrapped into act(...):

act(() => {
  /* fire events that update state */
});
/* assert on the output */

This ensures that you're testing the behavior the user would see in the browser. Learn more at https://reactjs.org/link/wrap-tests-with-act
    at AuthProvider (C:\Users\Julien Fritsch\Documents\GitHub\DooDates\src\contexts\AuthContext.tsx:34:25)

stderr | src/contexts/AuthContext.test.tsx > AuthContext > Authentication methods > should handle successful sign in
Warning: An update to AuthProvider inside a test was not wrapped in act(...).

When testing, code that causes React state updates should be wrapped into act(...):

act(() => {
  /* fire events that update state */
});
/* assert on the output */

This ensures that you're testing the behavior the user would see in the browser. Learn more at https://reactjs.org/link/wrap-tests-with-act
    at AuthProvider (C:\Users\Julien Fritsch\Documents\GitHub\DooDates\src\contexts\AuthContext.tsx:34:25)

stderr | src/contexts/AuthContext.test.tsx > AuthContext > Authentication methods > should handle sign in error with user-friendly message
Warning: An update to AuthProvider inside a test was not wrapped in act(...).

When testing, code that causes React state updates should be wrapped into act(...):

act(() => {
  /* fire events that update state */
});
/* assert on the output */

This ensures that you're testing the behavior the user would see in the browser. Learn more at https://reactjs.org/link/wrap-tests-with-act
    at AuthProvider (C:\Users\Julien Fritsch\Documents\GitHub\DooDates\src\contexts\AuthContext.tsx:34:25)
Warning: An update to AuthProvider inside a test was not wrapped in act(...).

When testing, code that causes React state updates should be wrapped into act(...):

act(() => {
  /* fire events that update state */
});
/* assert on the output */

This ensures that you're testing the behavior the user would see in the browser. Learn more at https://reactjs.org/link/wrap-tests-with-act
    at AuthProvider (C:\Users\Julien Fritsch\Documents\GitHub\DooDates\src\contexts\AuthContext.tsx:34:25)

stderr | src/contexts/AuthContext.test.tsx > AuthContext > Authentication methods > should handle sign in error with user-friendly message
Warning: An update to AuthProvider inside a test was not wrapped in act(...).

When testing, code that causes React state updates should be wrapped into act(...):

act(() => {
  /* fire events that update state */
});
/* assert on the output */

This ensures that you're testing the behavior the user would see in the browser. Learn more at https://reactjs.org/link/wrap-tests-with-act
    at AuthProvider (C:\Users\Julien Fritsch\Documents\GitHub\DooDates\src\contexts\AuthContext.tsx:34:25)
Warning: An update to AuthProvider inside a test was not wrapped in act(...).

When testing, code that causes React state updates should be wrapped into act(...):

act(() => {
  /* fire events that update state */
});
/* assert on the output */

This ensures that you're testing the behavior the user would see in the browser. Learn more at https://reactjs.org/link/wrap-tests-with-act
    at AuthProvider (C:\Users\Julien Fritsch\Documents\GitHub\DooDates\src\contexts\AuthContext.tsx:34:25)

stderr | src/contexts/AuthContext.test.tsx > AuthContext > Authentication methods > should handle sign up
Warning: An update to AuthProvider inside a test was not wrapped in act(...).

When testing, code that causes React state updates should be wrapped into act(...):

act(() => {
  /* fire events that update state */
});
/* assert on the output */

This ensures that you're testing the behavior the user would see in the browser. Learn more at https://reactjs.org/link/wrap-tests-with-act
    at AuthProvider (C:\Users\Julien Fritsch\Documents\GitHub\DooDates\src\contexts\AuthContext.tsx:34:25)
Warning: An update to AuthProvider inside a test was not wrapped in act(...).

When testing, code that causes React state updates should be wrapped into act(...):

act(() => {
  /* fire events that update state */
});
/* assert on the output */

This ensures that you're testing the behavior the user would see in the browser. Learn more at https://reactjs.org/link/wrap-tests-with-act
    at AuthProvider (C:\Users\Julien Fritsch\Documents\GitHub\DooDates\src\contexts\AuthContext.tsx:34:25)

stderr | src/contexts/AuthContext.test.tsx > AuthContext > Authentication methods > should handle sign up
Warning: An update to AuthProvider inside a test was not wrapped in act(...).

When testing, code that causes React state updates should be wrapped into act(...):

act(() => {
  /* fire events that update state */
});
/* assert on the output */

This ensures that you're testing the behavior the user would see in the browser. Learn more at https://reactjs.org/link/wrap-tests-with-act
    at AuthProvider (C:\Users\Julien Fritsch\Documents\GitHub\DooDates\src\contexts\AuthContext.tsx:34:25)

stderr | src/contexts/AuthContext.test.tsx > AuthContext > Authentication methods > should handle Google OAuth sign in
Warning: An update to AuthProvider inside a test was not wrapped in act(...).

When testing, code that causes React state updates should be wrapped into act(...):

act(() => {
  /* fire events that update state */
});
/* assert on the output */

This ensures that you're testing the behavior the user would see in the browser. Learn more at https://reactjs.org/link/wrap-tests-with-act
    at AuthProvider (C:\Users\Julien Fritsch\Documents\GitHub\DooDates\src\contexts\AuthContext.tsx:34:25)
Warning: An update to AuthProvider inside a test was not wrapped in act(...).

When testing, code that causes React state updates should be wrapped into act(...):

act(() => {
  /* fire events that update state */
});
/* assert on the output */

This ensures that you're testing the behavior the user would see in the browser. Learn more at https://reactjs.org/link/wrap-tests-with-act
    at AuthProvider (C:\Users\Julien Fritsch\Documents\GitHub\DooDates\src\contexts\AuthContext.tsx:34:25)

stderr | src/contexts/AuthContext.test.tsx > AuthContext > Authentication methods > should handle sign out and cleanup
Warning: An update to AuthProvider inside a test was not wrapped in act(...).

When testing, code that causes React state updates should be wrapped into act(...):

act(() => {
  /* fire events that update state */
});
/* assert on the output */

This ensures that you're testing the behavior the user would see in the browser. Learn more at https://reactjs.org/link/wrap-tests-with-act
    at AuthProvider (C:\Users\Julien Fritsch\Documents\GitHub\DooDates\src\contexts\AuthContext.tsx:34:25)
Warning: An update to AuthProvider inside a test was not wrapped in act(...).

When testing, code that causes React state updates should be wrapped into act(...):

act(() => {
  /* fire events that update state */
});
/* assert on the output */

This ensures that you're testing the behavior the user would see in the browser. Learn more at https://reactjs.org/link/wrap-tests-with-act
    at AuthProvider (C:\Users\Julien Fritsch\Documents\GitHub\DooDates\src\contexts\AuthContext.tsx:34:25)
Warning: An update to AuthProvider inside a test was not wrapped in act(...).

When testing, code that causes React state updates should be wrapped into act(...):

act(() => {
  /* fire events that update state */
});
/* assert on the output */

This ensures that you're testing the behavior the user would see in the browser. Learn more at https://reactjs.org/link/wrap-tests-with-act
    at AuthProvider (C:\Users\Julien Fritsch\Documents\GitHub\DooDates\src\contexts\AuthContext.tsx:34:25)
Warning: An update to AuthProvider inside a test was not wrapped in act(...).

When testing, code that causes React state updates should be wrapped into act(...):

act(() => {
  /* fire events that update state */
});
/* assert on the output */

This ensures that you're testing the behavior the user would see in the browser. Learn more at https://reactjs.org/link/wrap-tests-with-act
    at AuthProvider (C:\Users\Julien Fritsch\Documents\GitHub\DooDates\src\contexts\AuthContext.tsx:34:25)
Warning: An update to AuthProvider inside a test was not wrapped in act(...).

When testing, code that causes React state updates should be wrapped into act(...):

act(() => {
  /* fire events that update state */
});
/* assert on the output */

This ensures that you're testing the behavior the user would see in the browser. Learn more at https://reactjs.org/link/wrap-tests-with-act
    at AuthProvider (C:\Users\Julien Fritsch\Documents\GitHub\DooDates\src\contexts\AuthContext.tsx:34:25)

stderr | src/contexts/AuthContext.test.tsx > AuthContext > Authentication methods > should handle sign out and cleanup
Warning: An update to AuthProvider inside a test was not wrapped in act(...).

When testing, code that causes React state updates should be wrapped into act(...):

act(() => {
  /* fire events that update state */
});
/* assert on the output */

This ensures that you're testing the behavior the user would see in the browser. Learn more at https://reactjs.org/link/wrap-tests-with-act
    at AuthProvider (C:\Users\Julien Fritsch\Documents\GitHub\DooDates\src\contexts\AuthContext.tsx:34:25)

stderr | src/contexts/AuthContext.test.tsx > AuthContext > Profile management > should update profile successfully
Warning: An update to AuthProvider inside a test was not wrapped in act(...).

When testing, code that causes React state updates should be wrapped into act(...):

act(() => {
  /* fire events that update state */
});
/* assert on the output */

This ensures that you're testing the behavior the user would see in the browser. Learn more at https://reactjs.org/link/wrap-tests-with-act
    at AuthProvider (C:\Users\Julien Fritsch\Documents\GitHub\DooDates\src\contexts\AuthContext.tsx:34:25)

stderr | src/contexts/AuthContext.test.tsx > AuthContext > Local development mode > should disable authentication in local development
Warning: An update to AuthProvider inside a test was not wrapped in act(...).

When testing, code that causes React state updates should be wrapped into act(...):

act(() => {
  /* fire events that update state */
});
/* assert on the output */

This ensures that you're testing the behavior the user would see in the browser. Learn more at https://reactjs.org/link/wrap-tests-with-act
    at AuthProvider (C:\Users\Julien Fritsch\Documents\GitHub\DooDates\src\contexts\AuthContext.tsx:34:25)
Warning: An update to AuthProvider inside a test was not wrapped in act(...).

When testing, code that causes React state updates should be wrapped into act(...):

act(() => {
  /* fire events that update state */
});
/* assert on the output */

This ensures that you're testing the behavior the user would see in the browser. Learn more at https://reactjs.org/link/wrap-tests-with-act
    at AuthProvider (C:\Users\Julien Fritsch\Documents\GitHub\DooDates\src\contexts\AuthContext.tsx:34:25)

stderr | src/contexts/AuthContext.test.tsx > AuthContext > Local development mode > should disable authentication in local development
Warning: An update to AuthProvider inside a test was not wrapped in act(...).

When testing, code that causes React state updates should be wrapped into act(...):

act(() => {
  /* fire events that update state */
});
/* assert on the output */

This ensures that you're testing the behavior the user would see in the browser. Learn more at https://reactjs.org/link/wrap-tests-with-act
    at AuthProvider (C:\Users\Julien Fritsch\Documents\GitHub\DooDates\src\contexts\AuthContext.tsx:34:25)
Warning: An update to AuthProvider inside a test was not wrapped in act(...).

When testing, code that causes React state updates should be wrapped into act(...):

act(() => {
  /* fire events that update state */
});
/* assert on the output */

This ensures that you're testing the behavior the user would see in the browser. Learn more at https://reactjs.org/link/wrap-tests-with-act
    at AuthProvider (C:\Users\Julien Fritsch\Documents\GitHub\DooDates\src\contexts\AuthContext.tsx:34:25)

stderr | src/contexts/AuthContext.test.tsx > AuthContext > useAuth hook > should throw error when used outside provider
Error: Uncaught [Error: useAuth must be used within an AuthProvider]
    at reportException (C:\Users\Julien Fritsch\Documents\GitHub\DooDates\node_modules\jsdom\lib\jsdom\living\helpers\runtime-script-errors.js:66:24)
    at innerInvokeEventListeners (C:\Users\Julien Fritsch\Documents\GitHub\DooDates\node_modules\jsdom\lib\jsdom\living\events\EventTarget-impl.js:353:9)
    at invokeEventListeners (C:\Users\Julien Fritsch\Documents\GitHub\DooDates\node_modules\jsdom\lib\jsdom\living\events\EventTarget-impl.js:286:3)
    at HTMLUnknownElementImpl._dispatch (C:\Users\Julien Fritsch\Documents\GitHub\DooDates\node_modules\jsdom\lib\jsdom\living\events\EventTarget-impl.js:233:9)
    at HTMLUnknownElementImpl.dispatchEvent (C:\Users\Julien Fritsch\Documents\GitHub\DooDates\node_modules\jsdom\lib\jsdom\living\events\EventTarget-impl.js:104:17)
    at HTMLUnknownElement.dispatchEvent (C:\Users\Julien Fritsch\Documents\GitHub\DooDates\node_modules\jsdom\lib\jsdom\living\generated\EventTarget.js:241:34)
    at Object.invokeGuardedCallbackDev (C:\Users\Julien Fritsch\Documents\GitHub\DooDates\node_modules\react-dom\cjs\react-dom.development.js:4213:16)
    at invokeGuardedCallback (C:\Users\Julien Fritsch\Documents\GitHub\DooDates\node_modules\react-dom\cjs\react-dom.development.js:4277:31)
    at beginWork$1 (C:\Users\Julien Fritsch\Documents\GitHub\DooDates\node_modules\react-dom\cjs\react-dom.development.js:27490:7)
    at performUnitOfWork (C:\Users\Julien Fritsch\Documents\GitHub\DooDates\node_modules\react-dom\cjs\react-dom.development.js:26599:12) Error: useAuth must be used within an AuthProvider
    at Module.useAuth (C:\Users\Julien Fritsch\Documents\GitHub\DooDates\src\contexts\AuthContext.tsx:56:11)
    at TestComponent (C:\Users\Julien Fritsch\Documents\GitHub\DooDates\src\contexts\AuthContext.test.tsx:54:16)
    at renderWithHooks (C:\Users\Julien Fritsch\Documents\GitHub\DooDates\node_modules\react-dom\cjs\react-dom.development.js:15486:18)
    at mountIndeterminateComponent (C:\Users\Julien Fritsch\Documents\GitHub\DooDates\node_modules\react-dom\cjs\react-dom.development.js:20103:13)
    at beginWork (C:\Users\Julien Fritsch\Documents\GitHub\DooDates\node_modules\react-dom\cjs\react-dom.development.js:21626:16)
    at HTMLUnknownElement.callCallback (C:\Users\Julien Fritsch\Documents\GitHub\DooDates\node_modules\react-dom\cjs\react-dom.development.js:4164:14)
    at HTMLUnknownElement.callTheUserObjectsOperation (C:\Users\Julien Fritsch\Documents\GitHub\DooDates\node_modules\jsdom\lib\jsdom\living\generated\EventListener.js:26:30)
    at innerInvokeEventListeners (C:\Users\Julien Fritsch\Documents\GitHub\DooDates\node_modules\jsdom\lib\jsdom\living\events\EventTarget-impl.js:350:25)
    at invokeEventListeners (C:\Users\Julien Fritsch\Documents\GitHub\DooDates\node_modules\jsdom\lib\jsdom\living\events\EventTarget-impl.js:286:3)
    at HTMLUnknownElementImpl._dispatch (C:\Users\Julien Fritsch\Documents\GitHub\DooDates\node_modules\jsdom\lib\jsdom\living\events\EventTarget-impl.js:233:9)
Error: Uncaught [Error: useAuth must be used within an AuthProvider]
    at reportException (C:\Users\Julien Fritsch\Documents\GitHub\DooDates\node_modules\jsdom\lib\jsdom\living\helpers\runtime-script-errors.js:66:24)
    at innerInvokeEventListeners (C:\Users\Julien Fritsch\Documents\GitHub\DooDates\node_modules\jsdom\lib\jsdom\living\events\EventTarget-impl.js:353:9)
    at invokeEventListeners (C:\Users\Julien Fritsch\Documents\GitHub\DooDates\node_modules\jsdom\lib\jsdom\living\events\EventTarget-impl.js:286:3)
    at HTMLUnknownElementImpl._dispatch (C:\Users\Julien Fritsch\Documents\GitHub\DooDates\node_modules\jsdom\lib\jsdom\living\events\EventTarget-impl.js:233:9)
    at HTMLUnknownElementImpl.dispatchEvent (C:\Users\Julien Fritsch\Documents\GitHub\DooDates\node_modules\jsdom\lib\jsdom\living\events\EventTarget-impl.js:104:17)
    at HTMLUnknownElement.dispatchEvent (C:\Users\Julien Fritsch\Documents\GitHub\DooDates\node_modules\jsdom\lib\jsdom\living\generated\EventTarget.js:241:34)
    at Object.invokeGuardedCallbackDev (C:\Users\Julien Fritsch\Documents\GitHub\DooDates\node_modules\react-dom\cjs\react-dom.development.js:4213:16)
    at invokeGuardedCallback (C:\Users\Julien Fritsch\Documents\GitHub\DooDates\node_modules\react-dom\cjs\react-dom.development.js:4277:31)
    at beginWork$1 (C:\Users\Julien Fritsch\Documents\GitHub\DooDates\node_modules\react-dom\cjs\react-dom.development.js:27490:7)
    at performUnitOfWork (C:\Users\Julien Fritsch\Documents\GitHub\DooDates\node_modules\react-dom\cjs\react-dom.development.js:26599:12) Error: useAuth must be used within an AuthProvider
    at Module.useAuth (C:\Users\Julien Fritsch\Documents\GitHub\DooDates\src\contexts\AuthContext.tsx:56:11)
    at TestComponent (C:\Users\Julien Fritsch\Documents\GitHub\DooDates\src\contexts\AuthContext.test.tsx:54:16)
    at renderWithHooks (C:\Users\Julien Fritsch\Documents\GitHub\DooDates\node_modules\react-dom\cjs\react-dom.development.js:15486:18)
    at mountIndeterminateComponent (C:\Users\Julien Fritsch\Documents\GitHub\DooDates\node_modules\react-dom\cjs\react-dom.development.js:20103:13)
    at beginWork (C:\Users\Julien Fritsch\Documents\GitHub\DooDates\node_modules\react-dom\cjs\react-dom.development.js:21626:16)
    at HTMLUnknownElement.callCallback (C:\Users\Julien Fritsch\Documents\GitHub\DooDates\node_modules\react-dom\cjs\react-dom.development.js:4164:14)
    at HTMLUnknownElement.callTheUserObjectsOperation (C:\Users\Julien Fritsch\Documents\GitHub\DooDates\node_modules\jsdom\lib\jsdom\living\generated\EventListener.js:26:30)
    at innerInvokeEventListeners (C:\Users\Julien Fritsch\Documents\GitHub\DooDates\node_modules\jsdom\lib\jsdom\living\events\EventTarget-impl.js:350:25)
    at invokeEventListeners (C:\Users\Julien Fritsch\Documents\GitHub\DooDates\node_modules\jsdom\lib\jsdom\living\events\EventTarget-impl.js:286:3)
    at HTMLUnknownElementImpl._dispatch (C:\Users\Julien Fritsch\Documents\GitHub\DooDates\node_modules\jsdom\lib\jsdom\living\events\EventTarget-impl.js:233:9)
The above error occurred in the <TestComponent> component:

    at TestComponent (C:\Users\Julien Fritsch\Documents\GitHub\DooDates\src\contexts\AuthContext.test.tsx:53:26)

Consider adding an error boundary to your tree to customize error handling behavior.
Visit https://reactjs.org/link/error-boundaries to learn more about error boundaries.

stderr | src/contexts/AuthContext.test.tsx > AuthContext > Error handling > should handle network errors during sign in
Warning: An update to AuthProvider inside a test was not wrapped in act(...).

When testing, code that causes React state updates should be wrapped into act(...):

act(() => {
  /* fire events that update state */
});
/* assert on the output */

This ensures that you're testing the behavior the user would see in the browser. Learn more at https://reactjs.org/link/wrap-tests-with-act
    at AuthProvider (C:\Users\Julien Fritsch\Documents\GitHub\DooDates\src\contexts\AuthContext.tsx:34:25)
Warning: An update to AuthProvider inside a test was not wrapped in act(...).

When testing, code that causes React state updates should be wrapped into act(...):

act(() => {
  /* fire events that update state */
});
/* assert on the output */

This ensures that you're testing the behavior the user would see in the browser. Learn more at https://reactjs.org/link/wrap-tests-with-act
    at AuthProvider (C:\Users\Julien Fritsch\Documents\GitHub\DooDates\src\contexts\AuthContext.tsx:34:25)

stderr | src/contexts/AuthContext.test.tsx > AuthContext > Error handling > should handle network errors during sign in
Warning: An update to AuthProvider inside a test was not wrapped in act(...).

When testing, code that causes React state updates should be wrapped into act(...):

act(() => {
  /* fire events that update state */
});
/* assert on the output */

This ensures that you're testing the behavior the user would see in the browser. Learn more at https://reactjs.org/link/wrap-tests-with-act
    at AuthProvider (C:\Users\Julien Fritsch\Documents\GitHub\DooDates\src\contexts\AuthContext.tsx:34:25)
Warning: An update to AuthProvider inside a test was not wrapped in act(...).

When testing, code that causes React state updates should be wrapped into act(...):

act(() => {
  /* fire events that update state */
});
/* assert on the output */

This ensures that you're testing the behavior the user would see in the browser. Learn more at https://reactjs.org/link/wrap-tests-with-act
    at AuthProvider (C:\Users\Julien Fritsch\Documents\GitHub\DooDates\src\contexts\AuthContext.tsx:34:25)

stderr | src/contexts/AuthContext.test.tsx > AuthContext > Analytics tracking > should track sign in events
Warning: An update to AuthProvider inside a test was not wrapped in act(...).

When testing, code that causes React state updates should be wrapped into act(...):

act(() => {
  /* fire events that update state */
});
/* assert on the output */

This ensures that you're testing the behavior the user would see in the browser. Learn more at https://reactjs.org/link/wrap-tests-with-act
    at AuthProvider (C:\Users\Julien Fritsch\Documents\GitHub\DooDates\src\contexts\AuthContext.tsx:34:25)
Warning: An update to AuthProvider inside a test was not wrapped in act(...).

When testing, code that causes React state updates should be wrapped into act(...):

act(() => {
  /* fire events that update state */
});
/* assert on the output */

This ensures that you're testing the behavior the user would see in the browser. Learn more at https://reactjs.org/link/wrap-tests-with-act
    at AuthProvider (C:\Users\Julien Fritsch\Documents\GitHub\DooDates\src\contexts\AuthContext.tsx:34:25)

stderr | src/contexts/AuthContext.test.tsx > AuthContext > Analytics tracking > should track sign in events
Warning: An update to AuthProvider inside a test was not wrapped in act(...).

When testing, code that causes React state updates should be wrapped into act(...):

act(() => {
  /* fire events that update state */
});
/* assert on the output */

This ensures that you're testing the behavior the user would see in the browser. Learn more at https://reactjs.org/link/wrap-tests-with-act
    at AuthProvider (C:\Users\Julien Fritsch\Documents\GitHub\DooDates\src\contexts\AuthContext.tsx:34:25)
Warning: An update to AuthProvider inside a test was not wrapped in act(...).

When testing, code that causes React state updates should be wrapped into act(...):

act(() => {
  /* fire events that update state */
});
/* assert on the output */

This ensures that you're testing the behavior the user would see in the browser. Learn more at https://reactjs.org/link/wrap-tests-with-act
    at AuthProvider (C:\Users\Julien Fritsch\Documents\GitHub\DooDates\src\contexts\AuthContext.tsx:34:25)

stderr | src/hooks/__tests__/useFreemiumQuota.test.ts > useFreemiumQuota > usage calculation > should handle localStorage errors gracefully
­ƒÜ¿ DooDates Error: {
  message: 'Error checking E2E flags',
  name: 'DooDatesError',
  stack: 'DooDatesError: Error checking E2E flags\n' +
    '    at Object.storage (C:\\Users\\Julien Fritsch\\Documents\\GitHub\\DooDates\\src\\lib\\error-handling.ts:141:5)\n' +
    '    at shouldBypassGuestQuota (C:\\Users\\Julien Fritsch\\Documents\\GitHub\\DooDates\\src\\lib\\guestQuotaService.ts:125:27)\n' +
    '    at ensureGuestQuota (C:\\Users\\Julien Fritsch\\Documents\\GitHub\\DooDates\\src\\lib\\guestQuotaService.ts:347:7)\n' +
    '    at getOrCreateGuestQuota (C:\\Users\\Julien Fritsch\\Documents\\GitHub\\DooDates\\src\\lib\\guestQuotaService.ts:552:24)\n' +
    '    at calculateUsage (C:\\Users\\Julien Fritsch\\Documents\\GitHub\\DooDates\\src\\hooks\\useFreemiumQuota.ts:143:30)\n' +
    '    at C:\\Users\\Julien Fritsch\\Documents\\GitHub\\DooDates\\src\\hooks\\useFreemiumQuota.ts:217:5\n' +
    '    at commitHookEffectListMount (C:\\Users\\Julien Fritsch\\Documents\\GitHub\\DooDates\\node_modules\\react-dom\\cjs\\react-dom.development.js:23189:26)\n' +
    '    at commitPassiveMountOnFiber (C:\\Users\\Julien Fritsch\\Documents\\GitHub\\DooDates\\node_modules\\react-dom\\cjs\\react-dom.development.js:24970:11)\n' +
    '    at commitPassiveMountEffects_complete (C:\\Users\\Julien Fritsch\\Documents\\GitHub\\DooDates\\node_modules\\react-dom\\cjs\\react-dom.development.js:24930:9)\n' +
    '    at commitPassiveMountEffects_begin (C:\\Users\\Julien Fritsch\\Documents\\GitHub\\DooDates\\node_modules\\react-dom\\cjs\\react-dom.development.js:24917:7)',
  timestamp: '2025-11-20T10:06:41.981Z',
  context: {
    component: 'guestQuotaService',
    metadata: {
      originalError: Error: Storage error
          at Object.<anonymous> (C:\Users\Julien Fritsch\Documents\GitHub\DooDates\src\hooks\__tests__\useFreemiumQuota.test.ts:130:15)
          at Object.mockCall (file:///C:/Users/Julien%20Fritsch/Documents/GitHub/DooDates/node_modules/@vitest/spy/dist/index.js:96:15)
          at Object.getItem (file:///C:/Users/Julien%20Fritsch/Documents/GitHub/DooDates/node_modules/tinyspy/dist/index.js:47:80)
          at shouldBypassGuestQuota (C:\Users\Julien Fritsch\Documents\GitHub\DooDates\src\lib\guestQuotaService.ts:119:20)
          at ensureGuestQuota (C:\Users\Julien Fritsch\Documents\GitHub\DooDates\src\lib\guestQuotaService.ts:347:7)
          at getOrCreateGuestQuota (C:\Users\Julien Fritsch\Documents\GitHub\DooDates\src\lib\guestQuotaService.ts:552:24)
          at calculateUsage (C:\Users\Julien Fritsch\Documents\GitHub\DooDates\src\hooks\useFreemiumQuota.ts:143:30)
          at C:\Users\Julien Fritsch\Documents\GitHub\DooDates\src\hooks\useFreemiumQuota.ts:217:5
          at commitHookEffectListMount (C:\Users\Julien Fritsch\Documents\GitHub\DooDates\node_modules\react-dom\cjs\react-dom.development.js:23189:26)
          at commitPassiveMountOnFiber (C:\Users\Julien Fritsch\Documents\GitHub\DooDates\node_modules\react-dom\cjs\react-dom.development.js:24970:11)
    }
  },
  severity: 'high',
  category: 'storage',
  userMessage: 'Failed to check E2E environment'
}
ÔØî ­ƒöÆ Failed to get fingerprint {
  error: Error: Storage error
      at Object.<anonymous> (C:\Users\Julien Fritsch\Documents\GitHub\DooDates\src\hooks\__tests__\useFreemiumQuota.test.ts:130:15)
      at Object.mockCall (file:///C:/Users/Julien%20Fritsch/Documents/GitHub/DooDates/node_modules/@vitest/spy/dist/index.js:96:15)
      at Object.getItem (file:///C:/Users/Julien%20Fritsch/Documents/GitHub/DooDates/node_modules/tinyspy/dist/index.js:47:80)
      at readCache (C:\Users\Julien Fritsch\Documents\GitHub\DooDates\src\lib\browserFingerprint.ts:248:34)
      at getCachedFingerprint (C:\Users\Julien Fritsch\Documents\GitHub\DooDates\src\lib\browserFingerprint.ts:262:20)
      at ensureGuestQuota (C:\Users\Julien Fritsch\Documents\GitHub\DooDates\src\lib\guestQuotaService.ts:352:31)
      at getOrCreateGuestQuota (C:\Users\Julien Fritsch\Documents\GitHub\DooDates\src\lib\guestQuotaService.ts:552:24)
      at calculateUsage (C:\Users\Julien Fritsch\Documents\GitHub\DooDates\src\hooks\useFreemiumQuota.ts:143:30)
      at C:\Users\Julien Fritsch\Documents\GitHub\DooDates\src\hooks\useFreemiumQuota.ts:217:5
      at commitHookEffectListMount (C:\Users\Julien Fritsch\Documents\GitHub\DooDates\node_modules\react-dom\cjs\react-dom.development.js:23189:26)
}

stderr | Logger.logWithLevel (C:\Users\Julien Fritsch\Documents\GitHub\DooDates\src\lib\logger.ts:155:17)
ÔØî Ôä╣´©Å Failed to create guest quota 

stderr | Logger.logWithLevel (C:\Users\Julien Fritsch\Documents\GitHub\DooDates\src\lib\logger.ts:155:17)
ÔØî Ôä╣´©Å Failed to create guest quota 

stderr | Logger.logWithLevel (C:\Users\Julien Fritsch\Documents\GitHub\DooDates\src\lib\logger.ts:155:17)
ÔØî Ôä╣´©Å Failed to create guest quota 

stderr | Logger.logWithLevel (C:\Users\Julien Fritsch\Documents\GitHub\DooDates\src\lib\logger.ts:155:17)
ÔØî Ôä╣´©Å Failed to create guest quota 

stderr | Logger.logWithLevel (C:\Users\Julien Fritsch\Documents\GitHub\DooDates\src\lib\logger.ts:155:17)
ÔØî Ôä╣´©Å Failed to create guest quota 

stderr | Logger.logWithLevel (C:\Users\Julien Fritsch\Documents\GitHub\DooDates\src\lib\logger.ts:155:17)
ÔØî Ôä╣´©Å Failed to create guest quota 

stderr | Logger.logWithLevel (C:\Users\Julien Fritsch\Documents\GitHub\DooDates\src\lib\logger.ts:155:17)
ÔØî Ôä╣´©Å Failed to create guest quota 

stderr | Logger.logWithLevel (C:\Users\Julien Fritsch\Documents\GitHub\DooDates\src\lib\logger.ts:155:17)
ÔØî Ôä╣´©Å Failed to create guest quota 

stderr | Logger.logWithLevel (C:\Users\Julien Fritsch\Documents\GitHub\DooDates\src\lib\logger.ts:155:17)
ÔØî Ôä╣´©Å Failed to create guest quota 

stderr | Logger.logWithLevel (C:\Users\Julien Fritsch\Documents\GitHub\DooDates\src\lib\logger.ts:155:17)
ÔØî Ôä╣´©Å Failed to create guest quota 

stderr | Logger.logWithLevel (C:\Users\Julien Fritsch\Documents\GitHub\DooDates\src\lib\logger.ts:155:17)
ÔØî Ôä╣´©Å Failed to create guest quota 


ÔÄ»ÔÄ»ÔÄ»ÔÄ»ÔÄ»ÔÄ»ÔÄ»ÔÄ»ÔÄ»ÔÄ»ÔÄ»ÔÄ»ÔÄ»ÔÄ»ÔÄ»ÔÄ»ÔÄ»ÔÄ»ÔÄ»ÔÄ»ÔÄ»ÔÄ»ÔÄ»ÔÄ»ÔÄ»ÔÄ»ÔÄ»ÔÄ»ÔÄ»ÔÄ»ÔÄ»ÔÄ»ÔÄ»ÔÄ»ÔÄ»ÔÄ»ÔÄ»ÔÄ»ÔÄ»ÔÄ»ÔÄ» Failed Tests 35 ÔÄ»ÔÄ»ÔÄ»ÔÄ»ÔÄ»ÔÄ»ÔÄ»ÔÄ»ÔÄ»ÔÄ»ÔÄ»ÔÄ»ÔÄ»ÔÄ»ÔÄ»ÔÄ»ÔÄ»ÔÄ»ÔÄ»ÔÄ»ÔÄ»ÔÄ»ÔÄ»ÔÄ»ÔÄ»ÔÄ»ÔÄ»ÔÄ»ÔÄ»ÔÄ»ÔÄ»ÔÄ»ÔÄ»ÔÄ»ÔÄ»ÔÄ»ÔÄ»ÔÄ»ÔÄ»ÔÄ»ÔÄ»ÔÄ»

 FAIL  src/contexts/AuthContext.test.tsx > AuthContext > Authentication methods > should handle Google OAuth sign in
AssertionError: expected null to be '/dashboard' // Object.is equality

- Expected: 
"/dashboard"

+ Received: 
null

 ÔØ» src/contexts/AuthContext.test.tsx:327:54
    325|         },
    326|       });
    327|       expect(localStorage.getItem("auth_return_to")).toBe("/dashboard");
       |                                                      ^
    328|     });
    329| 

ÔÄ»ÔÄ»ÔÄ»ÔÄ»ÔÄ»ÔÄ»ÔÄ»ÔÄ»ÔÄ»ÔÄ»ÔÄ»ÔÄ»ÔÄ»ÔÄ»ÔÄ»ÔÄ»ÔÄ»ÔÄ»ÔÄ»ÔÄ»ÔÄ»ÔÄ»ÔÄ»ÔÄ»ÔÄ»ÔÄ»ÔÄ»ÔÄ»ÔÄ»ÔÄ»ÔÄ»ÔÄ»ÔÄ»ÔÄ»ÔÄ»ÔÄ»ÔÄ»ÔÄ»ÔÄ»ÔÄ»ÔÄ»ÔÄ»ÔÄ»ÔÄ»ÔÄ»ÔÄ»ÔÄ»ÔÄ»ÔÄ»ÔÄ»ÔÄ»ÔÄ»ÔÄ»ÔÄ»ÔÄ»ÔÄ»ÔÄ»ÔÄ»ÔÄ»ÔÄ»ÔÄ»ÔÄ»ÔÄ»ÔÄ»ÔÄ»ÔÄ»ÔÄ»ÔÄ»ÔÄ»ÔÄ»ÔÄ»ÔÄ»ÔÄ»ÔÄ»ÔÄ»ÔÄ»ÔÄ»ÔÄ»ÔÄ»ÔÄ»ÔÄ»ÔÄ»ÔÄ»ÔÄ»ÔÄ»ÔÄ»ÔÄ»ÔÄ»ÔÄ»ÔÄ»ÔÄ»ÔÄ»ÔÄ»[1/35]ÔÄ»

 FAIL  src/contexts/AuthContext.test.tsx > AuthContext > Profile management > should handle update profile without authenticated user
AssertionError: expected last "spy" call to have been called with [ ObjectContaining{ÔÇª} ]

Ignored nodes: comments, script, style
<html>
  <head />
  <body>
    <div>
      <div>
        <div
          data-testid="user-id"
        >
          test-user-id
        </div>
        <div
          data-testid="loading"
        >
          not-loading
        </div>
        <div
          data-testid="error"
        >
          no-error
        </div>
      </div>
    </div>
  </body>
</html>

- Expected
+ Received

  [
-   ObjectContaining {
+   {
+     "error": null,
      "loading": false,
-     "user": null,
+     "profile": undefined,
+     "refreshProfile": [Function refreshProfile],
+     "session": {
+       "access_token": "test-token",
+       "expires_in": 3600,
+       "refresh_token": "test-refresh-token",
+       "token_type": "bearer",
+       "user": {
+         "app_metadata": {
+           "provider": "email",
+         },
+         "aud": "authenticated",
+         "created_at": "2024-01-01T00:00:00Z",
+         "email": "test@example.com",
+         "id": "test-user-id",
+         "user_metadata": {},
+       },
+     },
+     "signIn": [Function signIn],
+     "signInWithGoogle": [Function signInWithGoogle],
+     "signOut": [Function signOut],
+     "signUp": [Function signUp],
+     "updateProfile": [Function updateProfile],
+     "user": {
+       "app_metadata": {
+         "provider": "email",
+       },
+       "aud": "authenticated",
+       "created_at": "2024-01-01T00:00:00Z",
+       "email": "test@example.com",
+       "id": "test-user-id",
+       "user_metadata": {},
+     },
    },
  ]

 ÔØ» src/contexts/AuthContext.test.tsx:425:28
    423|       // Wait for initial load (no user)
    424|       await waitFor(() => {
    425|         expect(mockOnAuth).toHaveBeenLastCalledWith(
       |                            ^
    426|           expect.objectContaining({ user: null, loading: false })
    427|         );
 ÔØ» runWithExpensiveErrorDiagnosticsDisabled node_modules/@testing-library/dom/dist/config.js:47:12
 ÔØ» checkCallback node_modules/@testing-library/dom/dist/wait-for.js:124:77
 ÔØ» Timeout.checkRealTimersCallback node_modules/@testing-library/dom/dist/wait-for.js:118:16

ÔÄ»ÔÄ»ÔÄ»ÔÄ»ÔÄ»ÔÄ»ÔÄ»ÔÄ»ÔÄ»ÔÄ»ÔÄ»ÔÄ»ÔÄ»ÔÄ»ÔÄ»ÔÄ»ÔÄ»ÔÄ»ÔÄ»ÔÄ»ÔÄ»ÔÄ»ÔÄ»ÔÄ»ÔÄ»ÔÄ»ÔÄ»ÔÄ»ÔÄ»ÔÄ»ÔÄ»ÔÄ»ÔÄ»ÔÄ»ÔÄ»ÔÄ»ÔÄ»ÔÄ»ÔÄ»ÔÄ»ÔÄ»ÔÄ»ÔÄ»ÔÄ»ÔÄ»ÔÄ»ÔÄ»ÔÄ»ÔÄ»ÔÄ»ÔÄ»ÔÄ»ÔÄ»ÔÄ»ÔÄ»ÔÄ»ÔÄ»ÔÄ»ÔÄ»ÔÄ»ÔÄ»ÔÄ»ÔÄ»ÔÄ»ÔÄ»ÔÄ»ÔÄ»ÔÄ»ÔÄ»ÔÄ»ÔÄ»ÔÄ»ÔÄ»ÔÄ»ÔÄ»ÔÄ»ÔÄ»ÔÄ»ÔÄ»ÔÄ»ÔÄ»ÔÄ»ÔÄ»ÔÄ»ÔÄ»ÔÄ»ÔÄ»ÔÄ»ÔÄ»ÔÄ»ÔÄ»ÔÄ»ÔÄ»[2/35]ÔÄ»

 FAIL  src/contexts/AuthContext.test.tsx > AuthContext > Local development mode > should disable authentication in local development
AssertionError: expected 'Email ou mot de passe incorrect' to contain 'L\'authentification n\'est pas disponÔÇª'

Expected: "L'authentification n'est pas disponible en mode d├®veloppement local"
Received: "Email ou mot de passe incorrect"

 ÔØ» src/contexts/AuthContext.test.tsx:484:43
    482|       });
    483| 
    484|       expect(signInResult.error?.message).toContain(
       |                                           ^
    485|         "L'authentification n'est pas disponible en mode d├®veloppement local"
    486|       );

ÔÄ»ÔÄ»ÔÄ»ÔÄ»ÔÄ»ÔÄ»ÔÄ»ÔÄ»ÔÄ»ÔÄ»ÔÄ»ÔÄ»ÔÄ»ÔÄ»ÔÄ»ÔÄ»ÔÄ»ÔÄ»ÔÄ»ÔÄ»ÔÄ»ÔÄ»ÔÄ»ÔÄ»ÔÄ»ÔÄ»ÔÄ»ÔÄ»ÔÄ»ÔÄ»ÔÄ»ÔÄ»ÔÄ»ÔÄ»ÔÄ»ÔÄ»ÔÄ»ÔÄ»ÔÄ»ÔÄ»ÔÄ»ÔÄ»ÔÄ»ÔÄ»ÔÄ»ÔÄ»ÔÄ»ÔÄ»ÔÄ»ÔÄ»ÔÄ»ÔÄ»ÔÄ»ÔÄ»ÔÄ»ÔÄ»ÔÄ»ÔÄ»ÔÄ»ÔÄ»ÔÄ»ÔÄ»ÔÄ»ÔÄ»ÔÄ»ÔÄ»ÔÄ»ÔÄ»ÔÄ»ÔÄ»ÔÄ»ÔÄ»ÔÄ»ÔÄ»ÔÄ»ÔÄ»ÔÄ»ÔÄ»ÔÄ»ÔÄ»ÔÄ»ÔÄ»ÔÄ»ÔÄ»ÔÄ»ÔÄ»ÔÄ»ÔÄ»ÔÄ»ÔÄ»ÔÄ»ÔÄ»ÔÄ»[3/35]ÔÄ»

 FAIL  src/contexts/AuthContext.test.tsx > AuthContext > Error handling > should handle network errors during sign in
AssertionError: expected 'Email ou mot de passe incorrect' to be 'Network error' // Object.is equality

Expected: "Network error"
Received: "Email ou mot de passe incorrect"

 ÔØ» src/contexts/AuthContext.test.tsx:535:43
    533|       });
    534| 
    535|       expect(signInResult.error?.message).toBe("Network error");
       |                                           ^
    536|       expect(logger.error).toHaveBeenCalledWith(
    537|         "Exception lors de la connexion",

ÔÄ»ÔÄ»ÔÄ»ÔÄ»ÔÄ»ÔÄ»ÔÄ»ÔÄ»ÔÄ»ÔÄ»ÔÄ»ÔÄ»ÔÄ»ÔÄ»ÔÄ»ÔÄ»ÔÄ»ÔÄ»ÔÄ»ÔÄ»ÔÄ»ÔÄ»ÔÄ»ÔÄ»ÔÄ»ÔÄ»ÔÄ»ÔÄ»ÔÄ»ÔÄ»ÔÄ»ÔÄ»ÔÄ»ÔÄ»ÔÄ»ÔÄ»ÔÄ»ÔÄ»ÔÄ»ÔÄ»ÔÄ»ÔÄ»ÔÄ»ÔÄ»ÔÄ»ÔÄ»ÔÄ»ÔÄ»ÔÄ»ÔÄ»ÔÄ»ÔÄ»ÔÄ»ÔÄ»ÔÄ»ÔÄ»ÔÄ»ÔÄ»ÔÄ»ÔÄ»ÔÄ»ÔÄ»ÔÄ»ÔÄ»ÔÄ»ÔÄ»ÔÄ»ÔÄ»ÔÄ»ÔÄ»ÔÄ»ÔÄ»ÔÄ»ÔÄ»ÔÄ»ÔÄ»ÔÄ»ÔÄ»ÔÄ»ÔÄ»ÔÄ»ÔÄ»ÔÄ»ÔÄ»ÔÄ»ÔÄ»ÔÄ»ÔÄ»ÔÄ»ÔÄ»ÔÄ»ÔÄ»ÔÄ»[4/35]ÔÄ»

 FAIL  src/contexts/AuthContext.test.tsx > AuthContext > Analytics tracking > should track sign in events
AssertionError: expected "spy" to be called with arguments: [ 'analytics_events', ÔÇª(2) ]

Number of calls: 0


Ignored nodes: comments, script, style
<html>
  <head />
  <body>
    <div>
      <div>
        <div
          data-testid="user-id"
        >
          test-user-id
        </div>
        <div
          data-testid="loading"
        >
          not-loading
        </div>
        <div
          data-testid="error"
        >
          Email ou mot de passe incorrect
        </div>
      </div>
    </div>
  </body>
</html>
 ÔØ» src/contexts/AuthContext.test.tsx:582:32
    580|       // Trigger auth state change
    581|       await waitFor(() => {
    582|         expect(supabaseInsert).toHaveBeenCalledWith(
       |                                ^
    583|           "analytics_events",
    584|           expect.objectContaining({
 ÔØ» runWithExpensiveErrorDiagnosticsDisabled node_modules/@testing-library/dom/dist/config.js:47:12
 ÔØ» checkCallback node_modules/@testing-library/dom/dist/wait-for.js:124:77
 ÔØ» Timeout.checkRealTimersCallback node_modules/@testing-library/dom/dist/wait-for.js:118:16

ÔÄ»ÔÄ»ÔÄ»ÔÄ»ÔÄ»ÔÄ»ÔÄ»ÔÄ»ÔÄ»ÔÄ»ÔÄ»ÔÄ»ÔÄ»ÔÄ»ÔÄ»ÔÄ»ÔÄ»ÔÄ»ÔÄ»ÔÄ»ÔÄ»ÔÄ»ÔÄ»ÔÄ»ÔÄ»ÔÄ»ÔÄ»ÔÄ»ÔÄ»ÔÄ»ÔÄ»ÔÄ»ÔÄ»ÔÄ»ÔÄ»ÔÄ»ÔÄ»ÔÄ»ÔÄ»ÔÄ»ÔÄ»ÔÄ»ÔÄ»ÔÄ»ÔÄ»ÔÄ»ÔÄ»ÔÄ»ÔÄ»ÔÄ»ÔÄ»ÔÄ»ÔÄ»ÔÄ»ÔÄ»ÔÄ»ÔÄ»ÔÄ»ÔÄ»ÔÄ»ÔÄ»ÔÄ»ÔÄ»ÔÄ»ÔÄ»ÔÄ»ÔÄ»ÔÄ»ÔÄ»ÔÄ»ÔÄ»ÔÄ»ÔÄ»ÔÄ»ÔÄ»ÔÄ»ÔÄ»ÔÄ»ÔÄ»ÔÄ»ÔÄ»ÔÄ»ÔÄ»ÔÄ»ÔÄ»ÔÄ»ÔÄ»ÔÄ»ÔÄ»ÔÄ»ÔÄ»ÔÄ»ÔÄ»[5/35]ÔÄ»

 FAIL  src/contexts/OnboardingContext.test.tsx > OnboardingContext > Provider initialization > should initialize with onboarding completed from localStorage
AssertionError: expected last "spy" call to have been called with [ ObjectContaining{ÔÇª} ]

- Expected
+ Received

  [
-   ObjectContaining {
+   {
+     "completeOnboarding": [Function anonymous],
      "currentStep": 0,
-     "isCompleted": true,
+     "isCompleted": false,
      "isOpen": false,
+     "nextStep": [Function anonymous],
+     "previousStep": [Function anonymous],
+     "resetOnboarding": [Function anonymous],
+     "skipOnboarding": [Function anonymous],
+     "startOnboarding": [Function anonymous],
    },
  ]

 ÔØ» src/contexts/OnboardingContext.test.tsx:109:32
    107|       );
    108| 
    109|       expect(mockOnOnboarding).toHaveBeenLastCalledWith(
       |                                ^
    110|         expect.objectContaining({
    111|           isCompleted: true,

ÔÄ»ÔÄ»ÔÄ»ÔÄ»ÔÄ»ÔÄ»ÔÄ»ÔÄ»ÔÄ»ÔÄ»ÔÄ»ÔÄ»ÔÄ»ÔÄ»ÔÄ»ÔÄ»ÔÄ»ÔÄ»ÔÄ»ÔÄ»ÔÄ»ÔÄ»ÔÄ»ÔÄ»ÔÄ»ÔÄ»ÔÄ»ÔÄ»ÔÄ»ÔÄ»ÔÄ»ÔÄ»ÔÄ»ÔÄ»ÔÄ»ÔÄ»ÔÄ»ÔÄ»ÔÄ»ÔÄ»ÔÄ»ÔÄ»ÔÄ»ÔÄ»ÔÄ»ÔÄ»ÔÄ»ÔÄ»ÔÄ»ÔÄ»ÔÄ»ÔÄ»ÔÄ»ÔÄ»ÔÄ»ÔÄ»ÔÄ»ÔÄ»ÔÄ»ÔÄ»ÔÄ»ÔÄ»ÔÄ»ÔÄ»ÔÄ»ÔÄ»ÔÄ»ÔÄ»ÔÄ»ÔÄ»ÔÄ»ÔÄ»ÔÄ»ÔÄ»ÔÄ»ÔÄ»ÔÄ»ÔÄ»ÔÄ»ÔÄ»ÔÄ»ÔÄ»ÔÄ»ÔÄ»ÔÄ»ÔÄ»ÔÄ»ÔÄ»ÔÄ»ÔÄ»ÔÄ»ÔÄ»ÔÄ»[6/35]ÔÄ»

 FAIL  src/contexts/OnboardingContext.test.tsx > OnboardingContext > Completion methods > should skip onboarding and mark as completed
AssertionError: expected "spy" to be called with arguments: [ ÔÇª(2) ]

Number of calls: 0

 ÔØ» src/contexts/OnboardingContext.test.tsx:338:40
    336|       );
    337| 
    338|       expect(mockLocalStorage.setItem).toHaveBeenCalledWith("doodates_onboarding_completedÔÇª
       |                                        ^
    339|     });
    340| 

ÔÄ»ÔÄ»ÔÄ»ÔÄ»ÔÄ»ÔÄ»ÔÄ»ÔÄ»ÔÄ»ÔÄ»ÔÄ»ÔÄ»ÔÄ»ÔÄ»ÔÄ»ÔÄ»ÔÄ»ÔÄ»ÔÄ»ÔÄ»ÔÄ»ÔÄ»ÔÄ»ÔÄ»ÔÄ»ÔÄ»ÔÄ»ÔÄ»ÔÄ»ÔÄ»ÔÄ»ÔÄ»ÔÄ»ÔÄ»ÔÄ»ÔÄ»ÔÄ»ÔÄ»ÔÄ»ÔÄ»ÔÄ»ÔÄ»ÔÄ»ÔÄ»ÔÄ»ÔÄ»ÔÄ»ÔÄ»ÔÄ»ÔÄ»ÔÄ»ÔÄ»ÔÄ»ÔÄ»ÔÄ»ÔÄ»ÔÄ»ÔÄ»ÔÄ»ÔÄ»ÔÄ»ÔÄ»ÔÄ»ÔÄ»ÔÄ»ÔÄ»ÔÄ»ÔÄ»ÔÄ»ÔÄ»ÔÄ»ÔÄ»ÔÄ»ÔÄ»ÔÄ»ÔÄ»ÔÄ»ÔÄ»ÔÄ»ÔÄ»ÔÄ»ÔÄ»ÔÄ»ÔÄ»ÔÄ»ÔÄ»ÔÄ»ÔÄ»ÔÄ»ÔÄ»ÔÄ»ÔÄ»ÔÄ»[7/35]ÔÄ»

 FAIL  src/contexts/OnboardingContext.test.tsx > OnboardingContext > Completion methods > should complete onboarding and mark as completed
AssertionError: expected "spy" to be called with arguments: [ ÔÇª(2) ]

Number of calls: 0

 ÔØ» src/contexts/OnboardingContext.test.tsx:363:40
    361|       );
    362| 
    363|       expect(mockLocalStorage.setItem).toHaveBeenCalledWith("doodates_onboarding_completedÔÇª
       |                                        ^
    364|     });
    365| 

ÔÄ»ÔÄ»ÔÄ»ÔÄ»ÔÄ»ÔÄ»ÔÄ»ÔÄ»ÔÄ»ÔÄ»ÔÄ»ÔÄ»ÔÄ»ÔÄ»ÔÄ»ÔÄ»ÔÄ»ÔÄ»ÔÄ»ÔÄ»ÔÄ»ÔÄ»ÔÄ»ÔÄ»ÔÄ»ÔÄ»ÔÄ»ÔÄ»ÔÄ»ÔÄ»ÔÄ»ÔÄ»ÔÄ»ÔÄ»ÔÄ»ÔÄ»ÔÄ»ÔÄ»ÔÄ»ÔÄ»ÔÄ»ÔÄ»ÔÄ»ÔÄ»ÔÄ»ÔÄ»ÔÄ»ÔÄ»ÔÄ»ÔÄ»ÔÄ»ÔÄ»ÔÄ»ÔÄ»ÔÄ»ÔÄ»ÔÄ»ÔÄ»ÔÄ»ÔÄ»ÔÄ»ÔÄ»ÔÄ»ÔÄ»ÔÄ»ÔÄ»ÔÄ»ÔÄ»ÔÄ»ÔÄ»ÔÄ»ÔÄ»ÔÄ»ÔÄ»ÔÄ»ÔÄ»ÔÄ»ÔÄ»ÔÄ»ÔÄ»ÔÄ»ÔÄ»ÔÄ»ÔÄ»ÔÄ»ÔÄ»ÔÄ»ÔÄ»ÔÄ»ÔÄ»ÔÄ»ÔÄ»ÔÄ»[8/35]ÔÄ»

 FAIL  src/contexts/OnboardingContext.test.tsx > OnboardingContext > Completion methods > should reset onboarding
AssertionError: expected "spy" to be called with arguments: [ 'doodates_onboarding_completed' ]

Number of calls: 0

 ÔØ» src/contexts/OnboardingContext.test.tsx:389:43
    387|       );
    388| 
    389|       expect(mockLocalStorage.removeItem).toHaveBeenCalledWith("doodates_onboarding_compleÔÇª
       |                                           ^
    390|     });
    391|   });

ÔÄ»ÔÄ»ÔÄ»ÔÄ»ÔÄ»ÔÄ»ÔÄ»ÔÄ»ÔÄ»ÔÄ»ÔÄ»ÔÄ»ÔÄ»ÔÄ»ÔÄ»ÔÄ»ÔÄ»ÔÄ»ÔÄ»ÔÄ»ÔÄ»ÔÄ»ÔÄ»ÔÄ»ÔÄ»ÔÄ»ÔÄ»ÔÄ»ÔÄ»ÔÄ»ÔÄ»ÔÄ»ÔÄ»ÔÄ»ÔÄ»ÔÄ»ÔÄ»ÔÄ»ÔÄ»ÔÄ»ÔÄ»ÔÄ»ÔÄ»ÔÄ»ÔÄ»ÔÄ»ÔÄ»ÔÄ»ÔÄ»ÔÄ»ÔÄ»ÔÄ»ÔÄ»ÔÄ»ÔÄ»ÔÄ»ÔÄ»ÔÄ»ÔÄ»ÔÄ»ÔÄ»ÔÄ»ÔÄ»ÔÄ»ÔÄ»ÔÄ»ÔÄ»ÔÄ»ÔÄ»ÔÄ»ÔÄ»ÔÄ»ÔÄ»ÔÄ»ÔÄ»ÔÄ»ÔÄ»ÔÄ»ÔÄ»ÔÄ»ÔÄ»ÔÄ»ÔÄ»ÔÄ»ÔÄ»ÔÄ»ÔÄ»ÔÄ»ÔÄ»ÔÄ»ÔÄ»ÔÄ»ÔÄ»[9/35]ÔÄ»

 FAIL  src/contexts/OnboardingContext.test.tsx > OnboardingContext > Error handling > should handle localStorage write error in skipOnboarding
Error: Cannot find module '../lib/error-handling'
Require stack:
- C:\Users\Julien Fritsch\Documents\GitHub\DooDates\src\contexts\OnboardingContext.test.tsx
 ÔØ» src/contexts/OnboardingContext.test.tsx:395:42
    393|   describe("Error handling", () => {
    394|     it("should handle localStorage write error in skipOnboarding", () => {
    395|       const { logError, ErrorFactory } = require("../lib/error-handling");
       |                                          ^
    396|       mockLocalStorage.setItem.mockImplementation(() => {
    397|         throw new Error("Storage quota exceeded");

ÔÄ»ÔÄ»ÔÄ»ÔÄ»ÔÄ»ÔÄ»ÔÄ»ÔÄ»ÔÄ»ÔÄ»ÔÄ»ÔÄ»ÔÄ»ÔÄ»ÔÄ»ÔÄ»ÔÄ»ÔÄ»ÔÄ»ÔÄ»ÔÄ»ÔÄ»ÔÄ»ÔÄ»ÔÄ»ÔÄ»ÔÄ»ÔÄ»ÔÄ»ÔÄ»ÔÄ»ÔÄ»ÔÄ»ÔÄ»ÔÄ»ÔÄ»ÔÄ»ÔÄ»ÔÄ»ÔÄ»ÔÄ»ÔÄ»ÔÄ»ÔÄ»ÔÄ»ÔÄ»ÔÄ»ÔÄ»ÔÄ»ÔÄ»ÔÄ»ÔÄ»ÔÄ»ÔÄ»ÔÄ»ÔÄ»ÔÄ»ÔÄ»ÔÄ»ÔÄ»ÔÄ»ÔÄ»ÔÄ»ÔÄ»ÔÄ»ÔÄ»ÔÄ»ÔÄ»ÔÄ»ÔÄ»ÔÄ»ÔÄ»ÔÄ»ÔÄ»ÔÄ»ÔÄ»ÔÄ»ÔÄ»ÔÄ»ÔÄ»ÔÄ»ÔÄ»ÔÄ»ÔÄ»ÔÄ»ÔÄ»ÔÄ»ÔÄ»ÔÄ»ÔÄ»ÔÄ»ÔÄ»[10/35]ÔÄ»

 FAIL  src/contexts/OnboardingContext.test.tsx > OnboardingContext > Error handling > should handle localStorage write error in completeOnboarding
Error: Cannot find module '../lib/error-handling'
Require stack:
- C:\Users\Julien Fritsch\Documents\GitHub\DooDates\src\contexts\OnboardingContext.test.tsx
 ÔØ» src/contexts/OnboardingContext.test.tsx:428:42
    426| 
    427|     it("should handle localStorage write error in completeOnboarding", () => {
    428|       const { logError, ErrorFactory } = require("../lib/error-handling");
       |                                          ^
    429|       mockLocalStorage.setItem.mockImplementation(() => {
    430|         throw new Error("Storage quota exceeded");

ÔÄ»ÔÄ»ÔÄ»ÔÄ»ÔÄ»ÔÄ»ÔÄ»ÔÄ»ÔÄ»ÔÄ»ÔÄ»ÔÄ»ÔÄ»ÔÄ»ÔÄ»ÔÄ»ÔÄ»ÔÄ»ÔÄ»ÔÄ»ÔÄ»ÔÄ»ÔÄ»ÔÄ»ÔÄ»ÔÄ»ÔÄ»ÔÄ»ÔÄ»ÔÄ»ÔÄ»ÔÄ»ÔÄ»ÔÄ»ÔÄ»ÔÄ»ÔÄ»ÔÄ»ÔÄ»ÔÄ»ÔÄ»ÔÄ»ÔÄ»ÔÄ»ÔÄ»ÔÄ»ÔÄ»ÔÄ»ÔÄ»ÔÄ»ÔÄ»ÔÄ»ÔÄ»ÔÄ»ÔÄ»ÔÄ»ÔÄ»ÔÄ»ÔÄ»ÔÄ»ÔÄ»ÔÄ»ÔÄ»ÔÄ»ÔÄ»ÔÄ»ÔÄ»ÔÄ»ÔÄ»ÔÄ»ÔÄ»ÔÄ»ÔÄ»ÔÄ»ÔÄ»ÔÄ»ÔÄ»ÔÄ»ÔÄ»ÔÄ»ÔÄ»ÔÄ»ÔÄ»ÔÄ»ÔÄ»ÔÄ»ÔÄ»ÔÄ»ÔÄ»ÔÄ»ÔÄ»ÔÄ»[11/35]ÔÄ»

 FAIL  src/contexts/OnboardingContext.test.tsx > OnboardingContext > Error handling > should handle localStorage remove error in resetOnboarding
Error: Cannot find module '../lib/error-handling'
Require stack:
- C:\Users\Julien Fritsch\Documents\GitHub\DooDates\src\contexts\OnboardingContext.test.tsx
 ÔØ» src/contexts/OnboardingContext.test.tsx:461:42
    459| 
    460|     it("should handle localStorage remove error in resetOnboarding", () => {
    461|       const { logError, ErrorFactory } = require("../lib/error-handling");
       |                                          ^
    462|       mockLocalStorage.removeItem.mockImplementation(() => {
    463|         throw new Error("Storage access denied");

ÔÄ»ÔÄ»ÔÄ»ÔÄ»ÔÄ»ÔÄ»ÔÄ»ÔÄ»ÔÄ»ÔÄ»ÔÄ»ÔÄ»ÔÄ»ÔÄ»ÔÄ»ÔÄ»ÔÄ»ÔÄ»ÔÄ»ÔÄ»ÔÄ»ÔÄ»ÔÄ»ÔÄ»ÔÄ»ÔÄ»ÔÄ»ÔÄ»ÔÄ»ÔÄ»ÔÄ»ÔÄ»ÔÄ»ÔÄ»ÔÄ»ÔÄ»ÔÄ»ÔÄ»ÔÄ»ÔÄ»ÔÄ»ÔÄ»ÔÄ»ÔÄ»ÔÄ»ÔÄ»ÔÄ»ÔÄ»ÔÄ»ÔÄ»ÔÄ»ÔÄ»ÔÄ»ÔÄ»ÔÄ»ÔÄ»ÔÄ»ÔÄ»ÔÄ»ÔÄ»ÔÄ»ÔÄ»ÔÄ»ÔÄ»ÔÄ»ÔÄ»ÔÄ»ÔÄ»ÔÄ»ÔÄ»ÔÄ»ÔÄ»ÔÄ»ÔÄ»ÔÄ»ÔÄ»ÔÄ»ÔÄ»ÔÄ»ÔÄ»ÔÄ»ÔÄ»ÔÄ»ÔÄ»ÔÄ»ÔÄ»ÔÄ»ÔÄ»ÔÄ»ÔÄ»ÔÄ»ÔÄ»[12/35]ÔÄ»

 FAIL  src/contexts/OnboardingContext.test.tsx > OnboardingContext > useOnboarding hook > should throw error when used outside provider
Error: Cannot find module '../lib/error-handling'
Require stack:
- C:\Users\Julien Fritsch\Documents\GitHub\DooDates\src\contexts\OnboardingContext.test.tsx
 ÔØ» src/contexts/OnboardingContext.test.tsx:496:32
    494|   describe("useOnboarding hook", () => {
    495|     it("should throw error when used outside provider", () => {
    496|       const { ErrorFactory } = require("../lib/error-handling");
       |                                ^
    497| 
    498|       expect(() => {

ÔÄ»ÔÄ»ÔÄ»ÔÄ»ÔÄ»ÔÄ»ÔÄ»ÔÄ»ÔÄ»ÔÄ»ÔÄ»ÔÄ»ÔÄ»ÔÄ»ÔÄ»ÔÄ»ÔÄ»ÔÄ»ÔÄ»ÔÄ»ÔÄ»ÔÄ»ÔÄ»ÔÄ»ÔÄ»ÔÄ»ÔÄ»ÔÄ»ÔÄ»ÔÄ»ÔÄ»ÔÄ»ÔÄ»ÔÄ»ÔÄ»ÔÄ»ÔÄ»ÔÄ»ÔÄ»ÔÄ»ÔÄ»ÔÄ»ÔÄ»ÔÄ»ÔÄ»ÔÄ»ÔÄ»ÔÄ»ÔÄ»ÔÄ»ÔÄ»ÔÄ»ÔÄ»ÔÄ»ÔÄ»ÔÄ»ÔÄ»ÔÄ»ÔÄ»ÔÄ»ÔÄ»ÔÄ»ÔÄ»ÔÄ»ÔÄ»ÔÄ»ÔÄ»ÔÄ»ÔÄ»ÔÄ»ÔÄ»ÔÄ»ÔÄ»ÔÄ»ÔÄ»ÔÄ»ÔÄ»ÔÄ»ÔÄ»ÔÄ»ÔÄ»ÔÄ»ÔÄ»ÔÄ»ÔÄ»ÔÄ»ÔÄ»ÔÄ»ÔÄ»ÔÄ»ÔÄ»ÔÄ»[13/35]ÔÄ»

 FAIL  src/hooks/__tests__/useFreemiumQuota.test.ts > useFreemiumQuota > usage calculation > should calculate conversation usage from localStorage for guests
AssertionError: expected +0 to be 2 // Object.is equality

- Expected
+ Received

- 2
+ 0

 ÔØ» src/hooks/__tests__/useFreemiumQuota.test.ts:95:50
     93|       const { result } = renderHook(() => useFreemiumQuota());
     94| 
     95|       expect(result.current.usage.conversations).toBe(2);
       |                                                  ^
     96|     });
     97| 

ÔÄ»ÔÄ»ÔÄ»ÔÄ»ÔÄ»ÔÄ»ÔÄ»ÔÄ»ÔÄ»ÔÄ»ÔÄ»ÔÄ»ÔÄ»ÔÄ»ÔÄ»ÔÄ»ÔÄ»ÔÄ»ÔÄ»ÔÄ»ÔÄ»ÔÄ»ÔÄ»ÔÄ»ÔÄ»ÔÄ»ÔÄ»ÔÄ»ÔÄ»ÔÄ»ÔÄ»ÔÄ»ÔÄ»ÔÄ»ÔÄ»ÔÄ»ÔÄ»ÔÄ»ÔÄ»ÔÄ»ÔÄ»ÔÄ»ÔÄ»ÔÄ»ÔÄ»ÔÄ»ÔÄ»ÔÄ»ÔÄ»ÔÄ»ÔÄ»ÔÄ»ÔÄ»ÔÄ»ÔÄ»ÔÄ»ÔÄ»ÔÄ»ÔÄ»ÔÄ»ÔÄ»ÔÄ»ÔÄ»ÔÄ»ÔÄ»ÔÄ»ÔÄ»ÔÄ»ÔÄ»ÔÄ»ÔÄ»ÔÄ»ÔÄ»ÔÄ»ÔÄ»ÔÄ»ÔÄ»ÔÄ»ÔÄ»ÔÄ»ÔÄ»ÔÄ»ÔÄ»ÔÄ»ÔÄ»ÔÄ»ÔÄ»ÔÄ»ÔÄ»ÔÄ»ÔÄ»ÔÄ»[14/35]ÔÄ»

 FAIL  src/hooks/__tests__/useFreemiumQuota.test.ts > useFreemiumQuota > usage calculation > should calculate poll usage from localStorage
AssertionError: expected +0 to be 3 // Object.is equality

- Expected
+ Received

- 3
+ 0

 ÔØ» src/hooks/__tests__/useFreemiumQuota.test.ts:112:42
    110|       const { result } = renderHook(() => useFreemiumQuota());
    111| 
    112|       expect(result.current.usage.polls).toBe(3);
       |                                          ^
    113|     });
    114| 

ÔÄ»ÔÄ»ÔÄ»ÔÄ»ÔÄ»ÔÄ»ÔÄ»ÔÄ»ÔÄ»ÔÄ»ÔÄ»ÔÄ»ÔÄ»ÔÄ»ÔÄ»ÔÄ»ÔÄ»ÔÄ»ÔÄ»ÔÄ»ÔÄ»ÔÄ»ÔÄ»ÔÄ»ÔÄ»ÔÄ»ÔÄ»ÔÄ»ÔÄ»ÔÄ»ÔÄ»ÔÄ»ÔÄ»ÔÄ»ÔÄ»ÔÄ»ÔÄ»ÔÄ»ÔÄ»ÔÄ»ÔÄ»ÔÄ»ÔÄ»ÔÄ»ÔÄ»ÔÄ»ÔÄ»ÔÄ»ÔÄ»ÔÄ»ÔÄ»ÔÄ»ÔÄ»ÔÄ»ÔÄ»ÔÄ»ÔÄ»ÔÄ»ÔÄ»ÔÄ»ÔÄ»ÔÄ»ÔÄ»ÔÄ»ÔÄ»ÔÄ»ÔÄ»ÔÄ»ÔÄ»ÔÄ»ÔÄ»ÔÄ»ÔÄ»ÔÄ»ÔÄ»ÔÄ»ÔÄ»ÔÄ»ÔÄ»ÔÄ»ÔÄ»ÔÄ»ÔÄ»ÔÄ»ÔÄ»ÔÄ»ÔÄ»ÔÄ»ÔÄ»ÔÄ»ÔÄ»ÔÄ»[15/35]ÔÄ»

 FAIL  src/hooks/__tests__/useFreemiumQuota.test.ts > useFreemiumQuota > usage calculation > should calculate storage usage from localStorage
AssertionError: expected 0 to be greater than 0
 ÔØ» src/hooks/__tests__/useFreemiumQuota.test.ts:125:48
    123|       const { result } = renderHook(() => useFreemiumQuota());
    124| 
    125|       expect(result.current.usage.storageUsed).toBeGreaterThan(0);
       |                                                ^
    126|     });
    127| 

ÔÄ»ÔÄ»ÔÄ»ÔÄ»ÔÄ»ÔÄ»ÔÄ»ÔÄ»ÔÄ»ÔÄ»ÔÄ»ÔÄ»ÔÄ»ÔÄ»ÔÄ»ÔÄ»ÔÄ»ÔÄ»ÔÄ»ÔÄ»ÔÄ»ÔÄ»ÔÄ»ÔÄ»ÔÄ»ÔÄ»ÔÄ»ÔÄ»ÔÄ»ÔÄ»ÔÄ»ÔÄ»ÔÄ»ÔÄ»ÔÄ»ÔÄ»ÔÄ»ÔÄ»ÔÄ»ÔÄ»ÔÄ»ÔÄ»ÔÄ»ÔÄ»ÔÄ»ÔÄ»ÔÄ»ÔÄ»ÔÄ»ÔÄ»ÔÄ»ÔÄ»ÔÄ»ÔÄ»ÔÄ»ÔÄ»ÔÄ»ÔÄ»ÔÄ»ÔÄ»ÔÄ»ÔÄ»ÔÄ»ÔÄ»ÔÄ»ÔÄ»ÔÄ»ÔÄ»ÔÄ»ÔÄ»ÔÄ»ÔÄ»ÔÄ»ÔÄ»ÔÄ»ÔÄ»ÔÄ»ÔÄ»ÔÄ»ÔÄ»ÔÄ»ÔÄ»ÔÄ»ÔÄ»ÔÄ»ÔÄ»ÔÄ»ÔÄ»ÔÄ»ÔÄ»ÔÄ»ÔÄ»[16/35]ÔÄ»

 FAIL  src/hooks/__tests__/useFreemiumQuota.test.ts > useFreemiumQuota > usage calculation > should handle localStorage errors gracefully
AssertionError: expected { conversations: +0, polls: +0, ÔÇª(2) } to deeply equal { conversations: +0, polls: +0, ÔÇª(1) }

- Expected
+ Received

  {
+   "aiMessages": 0,
    "conversations": 0,
    "polls": 0,
-   "storageKB": 0,
+   "storageUsed": 0,
  }

 ÔØ» src/hooks/__tests__/useFreemiumQuota.test.ts:135:36
    133|       const { result } = renderHook(() => useFreemiumQuota());
    134| 
    135|       expect(result.current.usage).toEqual({
       |                                    ^
    136|         conversations: 0,
    137|         polls: 0,

ÔÄ»ÔÄ»ÔÄ»ÔÄ»ÔÄ»ÔÄ»ÔÄ»ÔÄ»ÔÄ»ÔÄ»ÔÄ»ÔÄ»ÔÄ»ÔÄ»ÔÄ»ÔÄ»ÔÄ»ÔÄ»ÔÄ»ÔÄ»ÔÄ»ÔÄ»ÔÄ»ÔÄ»ÔÄ»ÔÄ»ÔÄ»ÔÄ»ÔÄ»ÔÄ»ÔÄ»ÔÄ»ÔÄ»ÔÄ»ÔÄ»ÔÄ»ÔÄ»ÔÄ»ÔÄ»ÔÄ»ÔÄ»ÔÄ»ÔÄ»ÔÄ»ÔÄ»ÔÄ»ÔÄ»ÔÄ»ÔÄ»ÔÄ»ÔÄ»ÔÄ»ÔÄ»ÔÄ»ÔÄ»ÔÄ»ÔÄ»ÔÄ»ÔÄ»ÔÄ»ÔÄ»ÔÄ»ÔÄ»ÔÄ»ÔÄ»ÔÄ»ÔÄ»ÔÄ»ÔÄ»ÔÄ»ÔÄ»ÔÄ»ÔÄ»ÔÄ»ÔÄ»ÔÄ»ÔÄ»ÔÄ»ÔÄ»ÔÄ»ÔÄ»ÔÄ»ÔÄ»ÔÄ»ÔÄ»ÔÄ»ÔÄ»ÔÄ»ÔÄ»ÔÄ»ÔÄ»ÔÄ»[17/35]ÔÄ»

 FAIL  src/hooks/__tests__/useFreemiumQuota.test.ts > useFreemiumQuota > permission checks > should allow actions within quota limits
AssertionError: expected [AsyncFunction] to be true // Object.is equality

- Expected: 
true

+ Received: 
[Function anonymous]

 ÔØ» src/hooks/__tests__/useFreemiumQuota.test.ts:153:52
    151|       const { result } = renderHook(() => useFreemiumQuota());
    152| 
    153|       expect(result.current.canCreateConversation).toBe(true);
       |                                                    ^
    154|       expect(result.current.canCreatePoll).toBe(true);
    155|     });

ÔÄ»ÔÄ»ÔÄ»ÔÄ»ÔÄ»ÔÄ»ÔÄ»ÔÄ»ÔÄ»ÔÄ»ÔÄ»ÔÄ»ÔÄ»ÔÄ»ÔÄ»ÔÄ»ÔÄ»ÔÄ»ÔÄ»ÔÄ»ÔÄ»ÔÄ»ÔÄ»ÔÄ»ÔÄ»ÔÄ»ÔÄ»ÔÄ»ÔÄ»ÔÄ»ÔÄ»ÔÄ»ÔÄ»ÔÄ»ÔÄ»ÔÄ»ÔÄ»ÔÄ»ÔÄ»ÔÄ»ÔÄ»ÔÄ»ÔÄ»ÔÄ»ÔÄ»ÔÄ»ÔÄ»ÔÄ»ÔÄ»ÔÄ»ÔÄ»ÔÄ»ÔÄ»ÔÄ»ÔÄ»ÔÄ»ÔÄ»ÔÄ»ÔÄ»ÔÄ»ÔÄ»ÔÄ»ÔÄ»ÔÄ»ÔÄ»ÔÄ»ÔÄ»ÔÄ»ÔÄ»ÔÄ»ÔÄ»ÔÄ»ÔÄ»ÔÄ»ÔÄ»ÔÄ»ÔÄ»ÔÄ»ÔÄ»ÔÄ»ÔÄ»ÔÄ»ÔÄ»ÔÄ»ÔÄ»ÔÄ»ÔÄ»ÔÄ»ÔÄ»ÔÄ»ÔÄ»ÔÄ»[18/35]ÔÄ»

 FAIL  src/hooks/__tests__/useFreemiumQuota.test.ts > useFreemiumQuota > permission checks > should block actions when quota limits are reached
AssertionError: expected [AsyncFunction] to be false // Object.is equality

- Expected: 
false

+ Received: 
[Function anonymous]

 ÔØ» src/hooks/__tests__/useFreemiumQuota.test.ts:180:52
    178|       const { result } = renderHook(() => useFreemiumQuota());
    179| 
    180|       expect(result.current.canCreateConversation).toBe(false);
       |                                                    ^
    181|       expect(result.current.canCreatePoll).toBe(false);
    182|     });

ÔÄ»ÔÄ»ÔÄ»ÔÄ»ÔÄ»ÔÄ»ÔÄ»ÔÄ»ÔÄ»ÔÄ»ÔÄ»ÔÄ»ÔÄ»ÔÄ»ÔÄ»ÔÄ»ÔÄ»ÔÄ»ÔÄ»ÔÄ»ÔÄ»ÔÄ»ÔÄ»ÔÄ»ÔÄ»ÔÄ»ÔÄ»ÔÄ»ÔÄ»ÔÄ»ÔÄ»ÔÄ»ÔÄ»ÔÄ»ÔÄ»ÔÄ»ÔÄ»ÔÄ»ÔÄ»ÔÄ»ÔÄ»ÔÄ»ÔÄ»ÔÄ»ÔÄ»ÔÄ»ÔÄ»ÔÄ»ÔÄ»ÔÄ»ÔÄ»ÔÄ»ÔÄ»ÔÄ»ÔÄ»ÔÄ»ÔÄ»ÔÄ»ÔÄ»ÔÄ»ÔÄ»ÔÄ»ÔÄ»ÔÄ»ÔÄ»ÔÄ»ÔÄ»ÔÄ»ÔÄ»ÔÄ»ÔÄ»ÔÄ»ÔÄ»ÔÄ»ÔÄ»ÔÄ»ÔÄ»ÔÄ»ÔÄ»ÔÄ»ÔÄ»ÔÄ»ÔÄ»ÔÄ»ÔÄ»ÔÄ»ÔÄ»ÔÄ»ÔÄ»ÔÄ»ÔÄ»ÔÄ»[19/35]ÔÄ»

 FAIL  src/hooks/__tests__/useFreemiumQuota.test.ts > useFreemiumQuota > permission checks > should always allow actions for authenticated users
AssertionError: expected [AsyncFunction] to be true // Object.is equality

- Expected: 
true

+ Received: 
[Function anonymous]

 ÔØ» src/hooks/__tests__/useFreemiumQuota.test.ts:203:52
    201|       const { result } = renderHook(() => useFreemiumQuota());
    202| 
    203|       expect(result.current.canCreateConversation).toBe(true);
       |                                                    ^
    204|       expect(result.current.canCreatePoll).toBe(true);
    205|     });

ÔÄ»ÔÄ»ÔÄ»ÔÄ»ÔÄ»ÔÄ»ÔÄ»ÔÄ»ÔÄ»ÔÄ»ÔÄ»ÔÄ»ÔÄ»ÔÄ»ÔÄ»ÔÄ»ÔÄ»ÔÄ»ÔÄ»ÔÄ»ÔÄ»ÔÄ»ÔÄ»ÔÄ»ÔÄ»ÔÄ»ÔÄ»ÔÄ»ÔÄ»ÔÄ»ÔÄ»ÔÄ»ÔÄ»ÔÄ»ÔÄ»ÔÄ»ÔÄ»ÔÄ»ÔÄ»ÔÄ»ÔÄ»ÔÄ»ÔÄ»ÔÄ»ÔÄ»ÔÄ»ÔÄ»ÔÄ»ÔÄ»ÔÄ»ÔÄ»ÔÄ»ÔÄ»ÔÄ»ÔÄ»ÔÄ»ÔÄ»ÔÄ»ÔÄ»ÔÄ»ÔÄ»ÔÄ»ÔÄ»ÔÄ»ÔÄ»ÔÄ»ÔÄ»ÔÄ»ÔÄ»ÔÄ»ÔÄ»ÔÄ»ÔÄ»ÔÄ»ÔÄ»ÔÄ»ÔÄ»ÔÄ»ÔÄ»ÔÄ»ÔÄ»ÔÄ»ÔÄ»ÔÄ»ÔÄ»ÔÄ»ÔÄ»ÔÄ»ÔÄ»ÔÄ»ÔÄ»ÔÄ»[20/35]ÔÄ»

 FAIL  src/hooks/__tests__/useFreemiumQuota.test.ts > useFreemiumQuota > quota warnings > should show warnings when approaching limits
AssertionError: expected false to be true // Object.is equality

- Expected
+ Received

- true
+ false

 ÔØ» src/hooks/__tests__/useFreemiumQuota.test.ts:224:63
    222|       const { result } = renderHook(() => useFreemiumQuota());
    223| 
    224|       expect(result.current.status.conversations.isNearLimit).toBe(true); // 4/5 = 80% - nÔÇª
       |                                                               ^
    225|       expect(result.current.status.polls.isNearLimit).toBe(false);
    226|     });

ÔÄ»ÔÄ»ÔÄ»ÔÄ»ÔÄ»ÔÄ»ÔÄ»ÔÄ»ÔÄ»ÔÄ»ÔÄ»ÔÄ»ÔÄ»ÔÄ»ÔÄ»ÔÄ»ÔÄ»ÔÄ»ÔÄ»ÔÄ»ÔÄ»ÔÄ»ÔÄ»ÔÄ»ÔÄ»ÔÄ»ÔÄ»ÔÄ»ÔÄ»ÔÄ»ÔÄ»ÔÄ»ÔÄ»ÔÄ»ÔÄ»ÔÄ»ÔÄ»ÔÄ»ÔÄ»ÔÄ»ÔÄ»ÔÄ»ÔÄ»ÔÄ»ÔÄ»ÔÄ»ÔÄ»ÔÄ»ÔÄ»ÔÄ»ÔÄ»ÔÄ»ÔÄ»ÔÄ»ÔÄ»ÔÄ»ÔÄ»ÔÄ»ÔÄ»ÔÄ»ÔÄ»ÔÄ»ÔÄ»ÔÄ»ÔÄ»ÔÄ»ÔÄ»ÔÄ»ÔÄ»ÔÄ»ÔÄ»ÔÄ»ÔÄ»ÔÄ»ÔÄ»ÔÄ»ÔÄ»ÔÄ»ÔÄ»ÔÄ»ÔÄ»ÔÄ»ÔÄ»ÔÄ»ÔÄ»ÔÄ»ÔÄ»ÔÄ»ÔÄ»ÔÄ»ÔÄ»ÔÄ»[21/35]ÔÄ»

 FAIL  src/hooks/__tests__/useFreemiumQuota.test.ts > useFreemiumQuota > quota warnings > should not trigger modal for authenticated users
AssertionError: expected true to be false // Object.is equality

- Expected
+ Received

- false
+ true

 ÔØ» src/hooks/__tests__/useFreemiumQuota.test.ts:289:44
    287|       });
    288| 
    289|       expect(result.current.showAuthModal).toBe(false);
       |                                            ^
    290|     });
    291|   });

ÔÄ»ÔÄ»ÔÄ»ÔÄ»ÔÄ»ÔÄ»ÔÄ»ÔÄ»ÔÄ»ÔÄ»ÔÄ»ÔÄ»ÔÄ»ÔÄ»ÔÄ»ÔÄ»ÔÄ»ÔÄ»ÔÄ»ÔÄ»ÔÄ»ÔÄ»ÔÄ»ÔÄ»ÔÄ»ÔÄ»ÔÄ»ÔÄ»ÔÄ»ÔÄ»ÔÄ»ÔÄ»ÔÄ»ÔÄ»ÔÄ»ÔÄ»ÔÄ»ÔÄ»ÔÄ»ÔÄ»ÔÄ»ÔÄ»ÔÄ»ÔÄ»ÔÄ»ÔÄ»ÔÄ»ÔÄ»ÔÄ»ÔÄ»ÔÄ»ÔÄ»ÔÄ»ÔÄ»ÔÄ»ÔÄ»ÔÄ»ÔÄ»ÔÄ»ÔÄ»ÔÄ»ÔÄ»ÔÄ»ÔÄ»ÔÄ»ÔÄ»ÔÄ»ÔÄ»ÔÄ»ÔÄ»ÔÄ»ÔÄ»ÔÄ»ÔÄ»ÔÄ»ÔÄ»ÔÄ»ÔÄ»ÔÄ»ÔÄ»ÔÄ»ÔÄ»ÔÄ»ÔÄ»ÔÄ»ÔÄ»ÔÄ»ÔÄ»ÔÄ»ÔÄ»ÔÄ»ÔÄ»[22/35]ÔÄ»

 FAIL  src/hooks/__tests__/useFreemiumQuota.test.ts > useFreemiumQuota > integration scenarios > should handle complete freemium workflow for guest user
AssertionError: expected [AsyncFunction] to be true // Object.is equality

- Expected: 
true

+ Received: 
[Function anonymous]

 ÔØ» src/hooks/__tests__/useFreemiumQuota.test.ts:299:52
    297| 
    298|       // Initial state - can create content
    299|       expect(result.current.canCreateConversation).toBe(true);
       |                                                    ^
    300|       expect(result.current.canCreatePoll).toBe(true);
    301|       expect(result.current.status.conversations.isNearLimit).toBe(false);

ÔÄ»ÔÄ»ÔÄ»ÔÄ»ÔÄ»ÔÄ»ÔÄ»ÔÄ»ÔÄ»ÔÄ»ÔÄ»ÔÄ»ÔÄ»ÔÄ»ÔÄ»ÔÄ»ÔÄ»ÔÄ»ÔÄ»ÔÄ»ÔÄ»ÔÄ»ÔÄ»ÔÄ»ÔÄ»ÔÄ»ÔÄ»ÔÄ»ÔÄ»ÔÄ»ÔÄ»ÔÄ»ÔÄ»ÔÄ»ÔÄ»ÔÄ»ÔÄ»ÔÄ»ÔÄ»ÔÄ»ÔÄ»ÔÄ»ÔÄ»ÔÄ»ÔÄ»ÔÄ»ÔÄ»ÔÄ»ÔÄ»ÔÄ»ÔÄ»ÔÄ»ÔÄ»ÔÄ»ÔÄ»ÔÄ»ÔÄ»ÔÄ»ÔÄ»ÔÄ»ÔÄ»ÔÄ»ÔÄ»ÔÄ»ÔÄ»ÔÄ»ÔÄ»ÔÄ»ÔÄ»ÔÄ»ÔÄ»ÔÄ»ÔÄ»ÔÄ»ÔÄ»ÔÄ»ÔÄ»ÔÄ»ÔÄ»ÔÄ»ÔÄ»ÔÄ»ÔÄ»ÔÄ»ÔÄ»ÔÄ»ÔÄ»ÔÄ»ÔÄ»ÔÄ»ÔÄ»ÔÄ»[23/35]ÔÄ»

 FAIL  src/hooks/__tests__/useFreemiumQuota.test.ts > useFreemiumQuota > integration scenarios > should handle user authentication upgrade
AssertionError: expected [AsyncFunction] to be false // Object.is equality

- Expected: 
false

+ Received: 
[Function anonymous]

 ÔØ» src/hooks/__tests__/useFreemiumQuota.test.ts:357:52
    355| 
    356|       // Guest is blocked
    357|       expect(result.current.canCreateConversation).toBe(false);
       |                                                    ^
    358| 
    359|       // User authenticates

ÔÄ»ÔÄ»ÔÄ»ÔÄ»ÔÄ»ÔÄ»ÔÄ»ÔÄ»ÔÄ»ÔÄ»ÔÄ»ÔÄ»ÔÄ»ÔÄ»ÔÄ»ÔÄ»ÔÄ»ÔÄ»ÔÄ»ÔÄ»ÔÄ»ÔÄ»ÔÄ»ÔÄ»ÔÄ»ÔÄ»ÔÄ»ÔÄ»ÔÄ»ÔÄ»ÔÄ»ÔÄ»ÔÄ»ÔÄ»ÔÄ»ÔÄ»ÔÄ»ÔÄ»ÔÄ»ÔÄ»ÔÄ»ÔÄ»ÔÄ»ÔÄ»ÔÄ»ÔÄ»ÔÄ»ÔÄ»ÔÄ»ÔÄ»ÔÄ»ÔÄ»ÔÄ»ÔÄ»ÔÄ»ÔÄ»ÔÄ»ÔÄ»ÔÄ»ÔÄ»ÔÄ»ÔÄ»ÔÄ»ÔÄ»ÔÄ»ÔÄ»ÔÄ»ÔÄ»ÔÄ»ÔÄ»ÔÄ»ÔÄ»ÔÄ»ÔÄ»ÔÄ»ÔÄ»ÔÄ»ÔÄ»ÔÄ»ÔÄ»ÔÄ»ÔÄ»ÔÄ»ÔÄ»ÔÄ»ÔÄ»ÔÄ»ÔÄ»ÔÄ»ÔÄ»ÔÄ»ÔÄ»[24/35]ÔÄ»

 FAIL  src/components/conversations/__tests__/ConversationCard.test.tsx > ConversationCard > Basic Rendering > should show tags when present
TestingLibraryElementError: Unable to find an element with the text: (content, element)=>content.includes('P├®riode'). This could be because the text is broken up by multiple elements. In this case, you can provide a function for your text matcher to make your matcher more flexible.

Ignored nodes: comments, script, style
<body>
  <div>
    <div
      class="rounded-lg border bg-card text-card-foreground shadow-sm group hover:shadow-md transition-all duration-200 cursor-pointer border-l-4 border-l-yellow-400"
      data-testid="conversation-card"
    >
      <div
        class="flex flex-col space-y-1.5 p-6 pb-2"
      >
        <div
          class="flex items-start justify-between gap-3"
        >
          <div
            class="flex-1 min-w-0"
          >
            <div
              class="flex items-center gap-2 mb-1"
            >
              <h3
                class="font-medium text-sm leading-tight truncate cursor-pointer hover:text-blue-600"
                title="R├®union ├®quipe d├®veloppement"
              >
                R├®union ├®quipe d├®veloppement
              </h3>
            </div>
            <div
              class="flex items-center gap-2 flex-wrap"
            >
              <div
                class="inline-flex items-center rounded-full border font-semibold transition-colors focus:outline-none focus:ring-2 focus:ring-ring focus:ring-offset-2 text-xs px-2 py-0.5 bg-purple-100 text-purple-800 border-purple-200"
              >
                <span
                  class="mr-1"
                >
                  ­ƒÆ¼
                </span>
                Discussion
              </div>
            </div>
          </div>
          <button
            aria-expanded="false"
            aria-haspopup="menu"
            class="inline-flex items-center justify-center gap-2 whitespace-nowrap text-sm font-medium ring-offset-background focus-visible:outline-none focus-visible:ring-2 focus-visible:ring-ring focus-visible:ring-offset-2 disabled:pointer-events-none disabled:opacity-50 [&_svg]:pointer-events-none [&_svg]:size-4 [&_svg]:shrink-0 hover:bg-accent hover:text-accent-foreground rounded-md h-8 w-8 p-0 opacity-0 group-hover:opacity-100 transition-opacity"
            data-state="closed"
            id="radix-:ra:"
            type="button"
          >
            <svg
              class="lucide lucide-ellipsis-vertical h-4 w-4"
              fill="none"
              height="24"
              stroke="currentColor"
              stroke-linecap="round"
              stroke-linejoin="round"
              stroke-width="2"
              viewBox="0 0 24 24"
              width="24"
              xmlns="http://www.w3.org/2000/svg"
            >
              <circle
                cx="12"
                cy="12"
                r="1"
              />
              <circle
                cx="12"
                cy="5"
                r="1"
              />
              <circle
                cx="12"
                cy="19"
                r="1"
              />
            </svg>
            <span
              class="sr-only"
            >
              Actions
            </span>
          </button>
        </div>
      </div>
      <div
        class="p-6 pt-0"
      >
        <p
          class="text-sm text-gray-600 mb-3 cursor-pointer hover:text-gray-800"
          title="Bonjour, je voudrais organiser une r├®union avec l'├®quipe de d├®veloppement pour discuter du nouveau projet."
        >
          Bonjour, je voudrais organiser une r├®union avec l'├®quipe de d├®veloppement pour discuter du nouveau p...
        </p>
        <div
          class="flex items-center justify-between text-xs text-gray-500"
        >
          <div
            class="flex items-center gap-3"
          >
            <span
              class="flex items-center gap-1"
            >
              <svg
                class="lucide lucide-message-circle h-3 w-3"
                fill="none"
                height="24"
                stroke="currentColor"
                stroke-linecap="round"
                stroke-linejoin="round"
                stroke-width="2"
                viewBox="0 0 24 24"
                width="24"
                xmlns="http://www.w3.org/2000/svg"
              >
                <path
                  d="M7.9 20A9 9 0 1 0 4 16.1L2 22Z"
                />
              </svg>
              5
               message
              s
            </span>
            <span
              class="flex items-center gap-1"
            >
              <svg
                class="lucide lucide-clock h-3 w-3"
                fill="none"
                height="24"
                stroke="currentColor"
                stroke-linecap="round"
                stroke-linejoin="round"
                stroke-width="2"
                viewBox="0 0 24 24"
                width="24"
                xmlns="http://www.w3.org/2000/svg"
              >
                <circle
                  cx="12"
                  cy="12"
                  r="10"
                />
                <polyline
                  points="12 6 12 12 16 14"
                />
              </svg>
              il y a 2 heures
            </span>
          </div>
          <div
            class="flex gap-1"
          >
            <div
              class="inline-flex items-center rounded-full border font-semibold transition-colors focus:outline-none focus:ring-2 focus:ring-ring focus:ring-offset-2 border-transparent bg-secondary text-secondary-foreground hover:bg-secondary/80 text-xs px-1.5 py-0.5"
            >
              travail
            </div>
            <div
              class="inline-flex items-center rounded-full border font-semibold transition-colors focus:outline-none focus:ring-2 focus:ring-ring focus:ring-offset-2 border-transparent bg-secondary text-secondary-foreground hover:bg-secondary/80 text-xs px-1.5 py-0.5"
            >
              r├®union
            </div>
          </div>
        </div>
        <div
          class="flex gap-2 mt-3"
        >
          <button
            class="inline-flex items-center justify-center gap-2 whitespace-nowrap font-medium ring-offset-background transition-colors focus-visible:outline-none focus-visible:ring-2 focus-visible:ring-ring focus-visible:ring-offset-2 disabled:pointer-events-none disabled:opacity-50 [&_svg]:pointer-events-none [&_svg]:size-4 [&_svg]:shrink-0 border border-input bg-background hover:bg-accent hover:text-accent-foreground rounded-md px-3 h-7 text-xs"
            data-testid="resume-button"
          >
            <svg
              class="lucide lucide-play h-3 w-3 mr-1"
              fill="none"
              height="24"
              stroke="currentColor"
              stroke-linecap="round"
              stroke-linejoin="round"
              stroke-width="2"
              viewBox="0 0 24 24"
              width="24"
              xmlns="http://www.w3.org/2000/svg"
            >
              <polygon
                points="6 3 20 12 6 21 6 3"
              />
            </svg>
            Reprendre
          </button>
        </div>
      </div>
    </div>
  </div>
</body>
 ÔØ» Object.getElementError node_modules/@testing-library/dom/dist/config.js:37:19
 ÔØ» node_modules/@testing-library/dom/dist/query-helpers.js:76:38
 ÔØ» node_modules/@testing-library/dom/dist/query-helpers.js:52:17
 ÔØ» getByText node_modules/@testing-library/dom/dist/query-helpers.js:95:19
 ÔØ» src/components/conversations/__tests__/ConversationCard.test.tsx:72:21
     70| 
     71|       expect(screen.getByText("travail")).toBeInTheDocument();
     72|       expect(screen.getByText((content, element) => content.includes('P├®riode'))).toBeInThÔÇª
       |                     ^
     73|     });
     74| 

ÔÄ»ÔÄ»ÔÄ»ÔÄ»ÔÄ»ÔÄ»ÔÄ»ÔÄ»ÔÄ»ÔÄ»ÔÄ»ÔÄ»ÔÄ»ÔÄ»ÔÄ»ÔÄ»ÔÄ»ÔÄ»ÔÄ»ÔÄ»ÔÄ»ÔÄ»ÔÄ»ÔÄ»ÔÄ»ÔÄ»ÔÄ»ÔÄ»ÔÄ»ÔÄ»ÔÄ»ÔÄ»ÔÄ»ÔÄ»ÔÄ»ÔÄ»ÔÄ»ÔÄ»ÔÄ»ÔÄ»ÔÄ»ÔÄ»ÔÄ»ÔÄ»ÔÄ»ÔÄ»ÔÄ»ÔÄ»ÔÄ»ÔÄ»ÔÄ»ÔÄ»ÔÄ»ÔÄ»ÔÄ»ÔÄ»ÔÄ»ÔÄ»ÔÄ»ÔÄ»ÔÄ»ÔÄ»ÔÄ»ÔÄ»ÔÄ»ÔÄ»ÔÄ»ÔÄ»ÔÄ»ÔÄ»ÔÄ»ÔÄ»ÔÄ»ÔÄ»ÔÄ»ÔÄ»ÔÄ»ÔÄ»ÔÄ»ÔÄ»ÔÄ»ÔÄ»ÔÄ»ÔÄ»ÔÄ»ÔÄ»ÔÄ»ÔÄ»ÔÄ»ÔÄ»ÔÄ»ÔÄ»[25/35]ÔÄ»

 FAIL  src/components/conversations/__tests__/ConversationCard.test.tsx > ConversationCard > Status Indicators > should show active status with purple indicator
TestingLibraryElementError: Unable to find an element with the text: (content, element)=>content.includes('En cours (1)'). This could be because the text is broken up by multiple elements. In this case, you can provide a function for your text matcher to make your matcher more flexible.

Ignored nodes: comments, script, style
<body>
  <div>
    <div
      class="rounded-lg border bg-card text-card-foreground shadow-sm group hover:shadow-md transition-all duration-200 cursor-pointer border-l-4 border-l-yellow-400"
      data-testid="conversation-card"
    >
      <div
        class="flex flex-col space-y-1.5 p-6 pb-2"
      >
        <div
          class="flex items-start justify-between gap-3"
        >
          <div
            class="flex-1 min-w-0"
          >
            <div
              class="flex items-center gap-2 mb-1"
            >
              <h3
                class="font-medium text-sm leading-tight truncate cursor-pointer hover:text-blue-600"
                title="Test Conversation"
              >
                Test Conversation
              </h3>
            </div>
            <div
              class="flex items-center gap-2 flex-wrap"
            >
              <div
                class="inline-flex items-center rounded-full border font-semibold transition-colors focus:outline-none focus:ring-2 focus:ring-ring focus:ring-offset-2 text-xs px-2 py-0.5 bg-purple-100 text-purple-800 border-purple-200"
              >
                <span
                  class="mr-1"
                >
                  ­ƒÆ¼
                </span>
                Discussion
              </div>
            </div>
          </div>
          <button
            aria-expanded="false"
            aria-haspopup="menu"
            class="inline-flex items-center justify-center gap-2 whitespace-nowrap text-sm font-medium ring-offset-background focus-visible:outline-none focus-visible:ring-2 focus-visible:ring-ring focus-visible:ring-offset-2 disabled:pointer-events-none disabled:opacity-50 [&_svg]:pointer-events-none [&_svg]:size-4 [&_svg]:shrink-0 hover:bg-accent hover:text-accent-foreground rounded-md h-8 w-8 p-0 opacity-0 group-hover:opacity-100 transition-opacity"
            data-state="closed"
            id="radix-:rk:"
            type="button"
          >
            <svg
              class="lucide lucide-ellipsis-vertical h-4 w-4"
              fill="none"
              height="24"
              stroke="currentColor"
              stroke-linecap="round"
              stroke-linejoin="round"
              stroke-width="2"
              viewBox="0 0 24 24"
              width="24"
              xmlns="http://www.w3.org/2000/svg"
            >
              <circle
                cx="12"
                cy="12"
                r="1"
              />
              <circle
                cx="12"
                cy="5"
                r="1"
              />
              <circle
                cx="12"
                cy="19"
                r="1"
              />
            </svg>
            <span
              class="sr-only"
            >
              Actions
            </span>
          </button>
        </div>
      </div>
      <div
        class="p-6 pt-0"
      >
        <p
          class="text-sm text-gray-600 mb-3 cursor-pointer hover:text-gray-800"
          title="Hello world"
        >
          Hello world
        </p>
        <div
          class="flex items-center justify-between text-xs text-gray-500"
        >
          <div
            class="flex items-center gap-3"
          >
            <span
              class="flex items-center gap-1"
            >
              <svg
                class="lucide lucide-message-circle h-3 w-3"
                fill="none"
                height="24"
                stroke="currentColor"
                stroke-linecap="round"
                stroke-linejoin="round"
                stroke-width="2"
                viewBox="0 0 24 24"
                width="24"
                xmlns="http://www.w3.org/2000/svg"
              >
                <path
                  d="M7.9 20A9 9 0 1 0 4 16.1L2 22Z"
                />
              </svg>
              2
               message
              s
            </span>
            <span
              class="flex items-center gap-1"
            >
              <svg
                class="lucide lucide-clock h-3 w-3"
                fill="none"
                height="24"
                stroke="currentColor"
                stroke-linecap="round"
                stroke-linejoin="round"
                stroke-width="2"
                viewBox="0 0 24 24"
                width="24"
                xmlns="http://www.w3.org/2000/svg"
              >
                <circle
                  cx="12"
                  cy="12"
                  r="10"
                />
                <polyline
                  points="12 6 12 12 16 14"
                />
              </svg>
              il y a 2 heures
            </span>
          </div>
          <div
            class="flex gap-1"
          >
            <div
              class="inline-flex items-center rounded-full border font-semibold transition-colors focus:outline-none focus:ring-2 focus:ring-ring focus:ring-offset-2 border-transparent bg-secondary text-secondary-foreground hover:bg-secondary/80 text-xs px-1.5 py-0.5"
            >
              test
            </div>
          </div>
        </div>
        <div
          class="flex gap-2 mt-3"
        >
          <button
            class="inline-flex items-center justify-center gap-2 whitespace-nowrap font-medium ring-offset-background transition-colors focus-visible:outline-none focus-visible:ring-2 focus-visible:ring-ring focus-visible:ring-offset-2 disabled:pointer-events-none disabled:opacity-50 [&_svg]:pointer-events-none [&_svg]:size-4 [&_svg]:shrink-0 border border-input bg-background hover:bg-accent hover:text-accent-foreground rounded-md px-3 h-7 text-xs"
            data-testid="resume-button"
          >
            <svg
              class="lucide lucide-play h-3 w-3 mr-1"
              fill="none"
              height="24"
              stroke="currentColor"
              stroke-linecap="round"
              stroke-linejoin="round"
              stroke-width="2"
              viewBox="0 0 24 24"
              width="24"
              xmlns="http://www.w3.org/2000/svg"
            >
              <polygon
                points="6 3 20 12 6 21 6 3"
              />
            </svg>
            Reprendre
          </button>
        </div>
      </div>
    </div>
  </div>
</body>
 ÔØ» Object.getElementError node_modules/@testing-library/dom/dist/config.js:37:19
 ÔØ» node_modules/@testing-library/dom/dist/query-helpers.js:76:38
 ÔØ» node_modules/@testing-library/dom/dist/query-helpers.js:52:17
 ÔØ» getByText node_modules/@testing-library/dom/dist/query-helpers.js:95:19
 ÔØ» src/components/conversations/__tests__/ConversationCard.test.tsx:93:21
     91|       render(<ConversationCard conversation={conversation} />);
     92| 
     93|       expect(screen.getByText((content, element) => content.includes('En cours (1)'))).toBÔÇª
       |                     ^
     94|       // Status badge with emoji exists
     95|       const card = screen.getByTestId("conversation-card");

ÔÄ»ÔÄ»ÔÄ»ÔÄ»ÔÄ»ÔÄ»ÔÄ»ÔÄ»ÔÄ»ÔÄ»ÔÄ»ÔÄ»ÔÄ»ÔÄ»ÔÄ»ÔÄ»ÔÄ»ÔÄ»ÔÄ»ÔÄ»ÔÄ»ÔÄ»ÔÄ»ÔÄ»ÔÄ»ÔÄ»ÔÄ»ÔÄ»ÔÄ»ÔÄ»ÔÄ»ÔÄ»ÔÄ»ÔÄ»ÔÄ»ÔÄ»ÔÄ»ÔÄ»ÔÄ»ÔÄ»ÔÄ»ÔÄ»ÔÄ»ÔÄ»ÔÄ»ÔÄ»ÔÄ»ÔÄ»ÔÄ»ÔÄ»ÔÄ»ÔÄ»ÔÄ»ÔÄ»ÔÄ»ÔÄ»ÔÄ»ÔÄ»ÔÄ»ÔÄ»ÔÄ»ÔÄ»ÔÄ»ÔÄ»ÔÄ»ÔÄ»ÔÄ»ÔÄ»ÔÄ»ÔÄ»ÔÄ»ÔÄ»ÔÄ»ÔÄ»ÔÄ»ÔÄ»ÔÄ»ÔÄ»ÔÄ»ÔÄ»ÔÄ»ÔÄ»ÔÄ»ÔÄ»ÔÄ»ÔÄ»ÔÄ»ÔÄ»ÔÄ»ÔÄ»ÔÄ»ÔÄ»[26/35]ÔÄ»

 FAIL  src/components/conversations/__tests__/ConversationSearch.test.tsx > ConversationSearch > Search Input > calls onFiltersChange when search query changes
AssertionError: expected "spy" to be called with arguments: [ { query: 'test query' } ]

Received: 

  1st spy call:

  [
    {
-     "query": "test query",
+     "query": "t",
    },
  ]

  2nd spy call:

  [
    {
-     "query": "test query",
+     "query": "e",
    },
  ]

  3rd spy call:

  [
    {
-     "query": "test query",
+     "query": "s",
    },
  ]

  4th spy call:

  [
    {
-     "query": "test query",
+     "query": "t",
    },
  ]

  5th spy call:

  [
    {
-     "query": "test query",
+     "query": " ",
    },
  ]

  6th spy call:

  [
    {
-     "query": "test query",
+     "query": "q",
    },
  ]

  7th spy call:

  [
    {
-     "query": "test query",
+     "query": "u",
    },
  ]

  8th spy call:

  [
    {
-     "query": "test query",
+     "query": "e",
    },
  ]

  9th spy call:

  [
    {
-     "query": "test query",
+     "query": "r",
    },
  ]

  10th spy call:

  [
    {
-     "query": "test query",
+     "query": "y",
    },
  ]


Number of calls: 10

 ÔØ» src/components/conversations/__tests__/ConversationSearch.test.tsx:64:35
     62|       await user.type(searchInput, 'test query');
     63|       
     64|       expect(mockOnFiltersChange).toHaveBeenCalledWith({ query: 'test query' });
       |                                   ^
     65|     });
     66| 

ÔÄ»ÔÄ»ÔÄ»ÔÄ»ÔÄ»ÔÄ»ÔÄ»ÔÄ»ÔÄ»ÔÄ»ÔÄ»ÔÄ»ÔÄ»ÔÄ»ÔÄ»ÔÄ»ÔÄ»ÔÄ»ÔÄ»ÔÄ»ÔÄ»ÔÄ»ÔÄ»ÔÄ»ÔÄ»ÔÄ»ÔÄ»ÔÄ»ÔÄ»ÔÄ»ÔÄ»ÔÄ»ÔÄ»ÔÄ»ÔÄ»ÔÄ»ÔÄ»ÔÄ»ÔÄ»ÔÄ»ÔÄ»ÔÄ»ÔÄ»ÔÄ»ÔÄ»ÔÄ»ÔÄ»ÔÄ»ÔÄ»ÔÄ»ÔÄ»ÔÄ»ÔÄ»ÔÄ»ÔÄ»ÔÄ»ÔÄ»ÔÄ»ÔÄ»ÔÄ»ÔÄ»ÔÄ»ÔÄ»ÔÄ»ÔÄ»ÔÄ»ÔÄ»ÔÄ»ÔÄ»ÔÄ»ÔÄ»ÔÄ»ÔÄ»ÔÄ»ÔÄ»ÔÄ»ÔÄ»ÔÄ»ÔÄ»ÔÄ»ÔÄ»ÔÄ»ÔÄ»ÔÄ»ÔÄ»ÔÄ»ÔÄ»ÔÄ»ÔÄ»ÔÄ»ÔÄ»ÔÄ»[27/35]ÔÄ»

 FAIL  src/components/conversations/__tests__/ConversationSearch.test.tsx > ConversationSearch > Search Input > shows clear button when query exists
TestingLibraryElementError: Unable to find an accessible element with the role "button" and name `/clear/i`

Here are the accessible roles:

  textbox:

  Name "":
  <input
    class="flex h-10 w-full rounded-md border border-input bg-background px-3 py-2 text-base ring-offset-background file:border-0 file:bg-transparent file:text-sm file:font-medium file:text-foreground placeholder:text-muted-foreground focus-visible:outline-none focus-visible:ring-2 focus-visible:ring-ring focus-visible:ring-offset-2 disabled:cursor-not-allowed disabled:opacity-50 md:text-sm pl-10 pr-4"
    placeholder="Rechercher dans les conversations..."
    value="existing query"
  />

  --------------------------------------------------
  button:

  Name "":
  <button
    class="inline-flex items-center justify-center gap-2 whitespace-nowrap text-sm font-medium ring-offset-background transition-colors focus-visible:outline-none focus-visible:ring-2 focus-visible:ring-ring focus-visible:ring-offset-2 disabled:pointer-events-none disabled:opacity-50 [&_svg]:pointer-events-none [&_svg]:size-4 [&_svg]:shrink-0 hover:bg-accent hover:text-accent-foreground rounded-md absolute right-2 top-1/2 transform -translate-y-1/2 h-6 w-6 p-0"
  />

  Name "Favoris":
  <button
    class="justify-center whitespace-nowrap text-sm font-medium ring-offset-background transition-colors focus-visible:outline-none focus-visible:ring-2 focus-visible:ring-ring focus-visible:ring-offset-2 disabled:pointer-events-none disabled:opacity-50 [&_svg]:pointer-events-none [&_svg]:size-4 [&_svg]:shrink-0 border border-input bg-background hover:bg-accent hover:text-accent-foreground h-9 rounded-md px-3 flex items-center gap-1"
  />

  Name "Avec sondage":
  <button
    class="justify-center whitespace-nowrap text-sm font-medium ring-offset-background transition-colors focus-visible:outline-none focus-visible:ring-2 focus-visible:ring-ring focus-visible:ring-offset-2 disabled:pointer-events-none disabled:opacity-50 [&_svg]:pointer-events-none [&_svg]:size-4 [&_svg]:shrink-0 border border-input bg-background hover:bg-accent hover:text-accent-foreground h-9 rounded-md px-3 flex items-center gap-1"
  />

  Name "Filtres 1":
  <button
    aria-expanded="false"
    aria-haspopup="menu"
    class="justify-center whitespace-nowrap text-sm font-medium ring-offset-background transition-colors focus-visible:outline-none focus-visible:ring-2 focus-visible:ring-ring focus-visible:ring-offset-2 disabled:pointer-events-none disabled:opacity-50 [&_svg]:pointer-events-none [&_svg]:size-4 [&_svg]:shrink-0 border border-input bg-background hover:bg-accent hover:text-accent-foreground h-9 rounded-md px-3 flex items-center gap-1"
    data-state="closed"
    id="radix-:rm:"
    type="button"
  />

  Name "Effacer les filtres":
  <button
    class="inline-flex items-center justify-center gap-2 whitespace-nowrap text-sm font-medium ring-offset-background transition-colors focus-visible:outline-none focus-visible:ring-2 focus-visible:ring-ring focus-visible:ring-offset-2 disabled:pointer-events-none disabled:opacity-50 [&_svg]:pointer-events-none [&_svg]:size-4 [&_svg]:shrink-0 hover:bg-accent h-9 rounded-md px-3 text-gray-500 hover:text-gray-700"
  />

  Name "":
  <button
    class="inline-flex items-center justify-center gap-2 whitespace-nowrap text-sm font-medium ring-offset-background transition-colors focus-visible:outline-none focus-visible:ring-2 focus-visible:ring-ring focus-visible:ring-offset-2 disabled:pointer-events-none disabled:opacity-50 [&_svg]:pointer-events-none [&_svg]:size-4 [&_svg]:shrink-0 hover:text-accent-foreground rounded-md h-4 w-4 p-0 ml-1 hover:bg-gray-200"
  />

  --------------------------------------------------
  combobox:

  Name "":
  <button
    aria-autocomplete="none"
    aria-controls="radix-:rl:"
    aria-expanded="false"
    class="flex h-10 items-center justify-between rounded-md border border-input bg-background px-3 py-2 text-sm ring-offset-background placeholder:text-muted-foreground focus:outline-none focus:ring-2 focus:ring-ring focus:ring-offset-2 disabled:cursor-not-allowed disabled:opacity-50 [&>span]:line-clamp-1 w-auto min-w-[120px]"
    data-state="closed"
    dir="ltr"
    role="combobox"
    type="button"
  />

  --------------------------------------------------

Ignored nodes: comments, script, style
<body>
  <div>
    <div
      class="space-y-4"
    >
      <div
        class="relative"
      >
        <svg
          class="lucide lucide-search absolute left-3 top-1/2 transform -translate-y-1/2 h-4 w-4 text-gray-400"
          fill="none"
          height="24"
          stroke="currentColor"
          stroke-linecap="round"
          stroke-linejoin="round"
          stroke-width="2"
          viewBox="0 0 24 24"
          width="24"
          xmlns="http://www.w3.org/2000/svg"
        >
          <circle
            cx="11"
            cy="11"
            r="8"
          />
          <path
            d="m21 21-4.3-4.3"
          />
        </svg>
        <input
          class="flex h-10 w-full rounded-md border border-input bg-background px-3 py-2 text-base ring-offset-background file:border-0 file:bg-transparent file:text-sm file:font-medium file:text-foreground placeholder:text-muted-foreground focus-visible:outline-none focus-visible:ring-2 focus-visible:ring-ring focus-visible:ring-offset-2 disabled:cursor-not-allowed disabled:opacity-50 md:text-sm pl-10 pr-4"
          placeholder="Rechercher dans les conversations..."
          value="existing query"
        />
        <button
          class="inline-flex items-center justify-center gap-2 whitespace-nowrap text-sm font-medium ring-offset-background transition-colors focus-visible:outline-none focus-visible:ring-2 focus-visible:ring-ring focus-visible:ring-offset-2 disabled:pointer-events-none disabled:opacity-50 [&_svg]:pointer-events-none [&_svg]:size-4 [&_svg]:shrink-0 hover:bg-accent hover:text-accent-foreground rounded-md absolute right-2 top-1/2 transform -translate-y-1/2 h-6 w-6 p-0"
        >
          <svg
            class="lucide lucide-x h-3 w-3"
            fill="none"
            height="24"
            stroke="currentColor"
            stroke-linecap="round"
            stroke-linejoin="round"
            stroke-width="2"
            viewBox="0 0 24 24"
            width="24"
            xmlns="http://www.w3.org/2000/svg"
          >
            <path
              d="M18 6 6 18"
            />
            <path
              d="m6 6 12 12"
            />
          </svg>
        </button>
      </div>
      <div
        class="flex flex-wrap items-center gap-2"
      >
        <button
          aria-autocomplete="none"
          aria-controls="radix-:rl:"
          aria-expanded="false"
          class="flex h-10 items-center justify-between rounded-md border border-input bg-background px-3 py-2 text-sm ring-offset-background placeholder:text-muted-foreground focus:outline-none focus:ring-2 focus:ring-ring focus:ring-offset-2 disabled:cursor-not-allowed disabled:opacity-50 [&>span]:line-clamp-1 w-auto min-w-[120px]"
          data-state="closed"
          dir="ltr"
          role="combobox"
          type="button"
        >
          <span
            style="pointer-events: none;"
          >
            Tous les statuts
          </span>
          <svg
            aria-hidden="true"
            class="lucide lucide-chevron-down h-4 w-4 opacity-50"
            fill="none"
            height="24"
            stroke="currentColor"
            stroke-linecap="round"
            stroke-linejoin="round"
            stroke-width="2"
            viewBox="0 0 24 24"
            width="24"
            xmlns="http://www.w3.org/2000/svg"
          >
            <path
              d="m6 9 6 6 6-6"
            />
          </svg>
        </button>
        <button
          class="justify-center whitespace-nowrap text-sm font-medium ring-offset-background transition-colors focus-visible:outline-none focus-visible:ring-2 focus-visible:ring-ring focus-visible:ring-offset-2 disabled:pointer-events-none disabled:opacity-50 [&_svg]:pointer-events-none [&_svg]:size-4 [&_svg]:shrink-0 border border-input bg-background hover:bg-accent hover:text-accent-foreground h-9 rounded-md px-3 flex items-center gap-1"
        >
          <svg
            class="lucide lucide-star h-3 w-3"
            fill="none"
            height="24"
            stroke="currentColor"
            stroke-linecap="round"
            stroke-linejoin="round"
            stroke-width="2"
            viewBox="0 0 24 24"
            width="24"
            xmlns="http://www.w3.org/2000/svg"
          >
            <path
              d="M11.525 2.295a.53.53 0 0 1 .95 0l2.31 4.679a2.123 2.123 0 0 0 1.595 1.16l5.166.756a.53.53 0 0 1 .294.904l-3.736 3.638a2.123 2.123 0 0 0-.611 1.878l.882 5.14a.53.53 0 0 1-.771.56l-4.618-2.428a2.122 2.122 0 0 0-1.973 0L6.396 21.01a.53.53 0 0 1-.77-.56l.881-5.139a2.122 2.122 0 0 0-.611-1.879L2.16 9.795a.53.53 0 0 1 .294-.906l5.165-.755a2.122 2.122 0 0 0 1.597-1.16z"
            />
          </svg>
          Favoris
        </button>
        <button
          class="justify-center whitespace-nowrap text-sm font-medium ring-offset-background transition-colors focus-visible:outline-none focus-visible:ring-2 focus-visible:ring-ring focus-visible:ring-offset-2 disabled:pointer-events-none disabled:opacity-50 [&_svg]:pointer-events-none [&_svg]:size-4 [&_svg]:shrink-0 border border-input bg-background hover:bg-accent hover:t...
 ÔØ» Object.getElementError node_modules/@testing-library/dom/dist/config.js:37:19
 ÔØ» node_modules/@testing-library/dom/dist/query-helpers.js:76:38
 ÔØ» node_modules/@testing-library/dom/dist/query-helpers.js:52:17
 ÔØ» getByRole node_modules/@testing-library/dom/dist/query-helpers.js:95:19
 ÔØ» src/components/conversations/__tests__/ConversationSearch.test.tsx:75:21
     73|       );
     74|       
     75|       expect(screen.getByRole('button', { name: /clear/i })).toBeInTheDocument();
       |                     ^
     76|     });
     77| 

ÔÄ»ÔÄ»ÔÄ»ÔÄ»ÔÄ»ÔÄ»ÔÄ»ÔÄ»ÔÄ»ÔÄ»ÔÄ»ÔÄ»ÔÄ»ÔÄ»ÔÄ»ÔÄ»ÔÄ»ÔÄ»ÔÄ»ÔÄ»ÔÄ»ÔÄ»ÔÄ»ÔÄ»ÔÄ»ÔÄ»ÔÄ»ÔÄ»ÔÄ»ÔÄ»ÔÄ»ÔÄ»ÔÄ»ÔÄ»ÔÄ»ÔÄ»ÔÄ»ÔÄ»ÔÄ»ÔÄ»ÔÄ»ÔÄ»ÔÄ»ÔÄ»ÔÄ»ÔÄ»ÔÄ»ÔÄ»ÔÄ»ÔÄ»ÔÄ»ÔÄ»ÔÄ»ÔÄ»ÔÄ»ÔÄ»ÔÄ»ÔÄ»ÔÄ»ÔÄ»ÔÄ»ÔÄ»ÔÄ»ÔÄ»ÔÄ»ÔÄ»ÔÄ»ÔÄ»ÔÄ»ÔÄ»ÔÄ»ÔÄ»ÔÄ»ÔÄ»ÔÄ»ÔÄ»ÔÄ»ÔÄ»ÔÄ»ÔÄ»ÔÄ»ÔÄ»ÔÄ»ÔÄ»ÔÄ»ÔÄ»ÔÄ»ÔÄ»ÔÄ»ÔÄ»ÔÄ»ÔÄ»[28/35]ÔÄ»

 FAIL  src/components/conversations/__tests__/ConversationSearch.test.tsx > ConversationSearch > Search Input > clears query when clear button is clicked
TestingLibraryElementError: Unable to find an accessible element with the role "button" and name `/clear/i`

Here are the accessible roles:

  textbox:

  Name "":
  <input
    class="flex h-10 w-full rounded-md border border-input bg-background px-3 py-2 text-base ring-offset-background file:border-0 file:bg-transparent file:text-sm file:font-medium file:text-foreground placeholder:text-muted-foreground focus-visible:outline-none focus-visible:ring-2 focus-visible:ring-ring focus-visible:ring-offset-2 disabled:cursor-not-allowed disabled:opacity-50 md:text-sm pl-10 pr-4"
    placeholder="Rechercher dans les conversations..."
    value="existing query"
  />

  --------------------------------------------------
  button:

  Name "":
  <button
    class="inline-flex items-center justify-center gap-2 whitespace-nowrap text-sm font-medium ring-offset-background transition-colors focus-visible:outline-none focus-visible:ring-2 focus-visible:ring-ring focus-visible:ring-offset-2 disabled:pointer-events-none disabled:opacity-50 [&_svg]:pointer-events-none [&_svg]:size-4 [&_svg]:shrink-0 hover:bg-accent hover:text-accent-foreground rounded-md absolute right-2 top-1/2 transform -translate-y-1/2 h-6 w-6 p-0"
  />

  Name "Favoris":
  <button
    class="justify-center whitespace-nowrap text-sm font-medium ring-offset-background transition-colors focus-visible:outline-none focus-visible:ring-2 focus-visible:ring-ring focus-visible:ring-offset-2 disabled:pointer-events-none disabled:opacity-50 [&_svg]:pointer-events-none [&_svg]:size-4 [&_svg]:shrink-0 border border-input bg-background hover:bg-accent hover:text-accent-foreground h-9 rounded-md px-3 flex items-center gap-1"
  />

  Name "Avec sondage":
  <button
    class="justify-center whitespace-nowrap text-sm font-medium ring-offset-background transition-colors focus-visible:outline-none focus-visible:ring-2 focus-visible:ring-ring focus-visible:ring-offset-2 disabled:pointer-events-none disabled:opacity-50 [&_svg]:pointer-events-none [&_svg]:size-4 [&_svg]:shrink-0 border border-input bg-background hover:bg-accent hover:text-accent-foreground h-9 rounded-md px-3 flex items-center gap-1"
  />

  Name "Filtres 1":
  <button
    aria-expanded="false"
    aria-haspopup="menu"
    class="justify-center whitespace-nowrap text-sm font-medium ring-offset-background transition-colors focus-visible:outline-none focus-visible:ring-2 focus-visible:ring-ring focus-visible:ring-offset-2 disabled:pointer-events-none disabled:opacity-50 [&_svg]:pointer-events-none [&_svg]:size-4 [&_svg]:shrink-0 border border-input bg-background hover:bg-accent hover:text-accent-foreground h-9 rounded-md px-3 flex items-center gap-1"
    data-state="closed"
    id="radix-:rt:"
    type="button"
  />

  Name "Effacer les filtres":
  <button
    class="inline-flex items-center justify-center gap-2 whitespace-nowrap text-sm font-medium ring-offset-background transition-colors focus-visible:outline-none focus-visible:ring-2 focus-visible:ring-ring focus-visible:ring-offset-2 disabled:pointer-events-none disabled:opacity-50 [&_svg]:pointer-events-none [&_svg]:size-4 [&_svg]:shrink-0 hover:bg-accent h-9 rounded-md px-3 text-gray-500 hover:text-gray-700"
  />

  Name "":
  <button
    class="inline-flex items-center justify-center gap-2 whitespace-nowrap text-sm font-medium ring-offset-background transition-colors focus-visible:outline-none focus-visible:ring-2 focus-visible:ring-ring focus-visible:ring-offset-2 disabled:pointer-events-none disabled:opacity-50 [&_svg]:pointer-events-none [&_svg]:size-4 [&_svg]:shrink-0 hover:text-accent-foreground rounded-md h-4 w-4 p-0 ml-1 hover:bg-gray-200"
  />

  --------------------------------------------------
  combobox:

  Name "":
  <button
    aria-autocomplete="none"
    aria-controls="radix-:rs:"
    aria-expanded="false"
    class="flex h-10 items-center justify-between rounded-md border border-input bg-background px-3 py-2 text-sm ring-offset-background placeholder:text-muted-foreground focus:outline-none focus:ring-2 focus:ring-ring focus:ring-offset-2 disabled:cursor-not-allowed disabled:opacity-50 [&>span]:line-clamp-1 w-auto min-w-[120px]"
    data-state="closed"
    dir="ltr"
    role="combobox"
    type="button"
  />

  --------------------------------------------------

Ignored nodes: comments, script, style
<body>
  <div>
    <div
      class="space-y-4"
    >
      <div
        class="relative"
      >
        <svg
          class="lucide lucide-search absolute left-3 top-1/2 transform -translate-y-1/2 h-4 w-4 text-gray-400"
          fill="none"
          height="24"
          stroke="currentColor"
          stroke-linecap="round"
          stroke-linejoin="round"
          stroke-width="2"
          viewBox="0 0 24 24"
          width="24"
          xmlns="http://www.w3.org/2000/svg"
        >
          <circle
            cx="11"
            cy="11"
            r="8"
          />
          <path
            d="m21 21-4.3-4.3"
          />
        </svg>
        <input
          class="flex h-10 w-full rounded-md border border-input bg-background px-3 py-2 text-base ring-offset-background file:border-0 file:bg-transparent file:text-sm file:font-medium file:text-foreground placeholder:text-muted-foreground focus-visible:outline-none focus-visible:ring-2 focus-visible:ring-ring focus-visible:ring-offset-2 disabled:cursor-not-allowed disabled:opacity-50 md:text-sm pl-10 pr-4"
          placeholder="Rechercher dans les conversations..."
          value="existing query"
        />
        <button
          class="inline-flex items-center justify-center gap-2 whitespace-nowrap text-sm font-medium ring-offset-background transition-colors focus-visible:outline-none focus-visible:ring-2 focus-visible:ring-ring focus-visible:ring-offset-2 disabled:pointer-events-none disabled:opacity-50 [&_svg]:pointer-events-none [&_svg]:size-4 [&_svg]:shrink-0 hover:bg-accent hover:text-accent-foreground rounded-md absolute right-2 top-1/2 transform -translate-y-1/2 h-6 w-6 p-0"
        >
          <svg
            class="lucide lucide-x h-3 w-3"
            fill="none"
            height="24"
            stroke="currentColor"
            stroke-linecap="round"
            stroke-linejoin="round"
            stroke-width="2"
            viewBox="0 0 24 24"
            width="24"
            xmlns="http://www.w3.org/2000/svg"
          >
            <path
              d="M18 6 6 18"
            />
            <path
              d="m6 6 12 12"
            />
          </svg>
        </button>
      </div>
      <div
        class="flex flex-wrap items-center gap-2"
      >
        <button
          aria-autocomplete="none"
          aria-controls="radix-:rs:"
          aria-expanded="false"
          class="flex h-10 items-center justify-between rounded-md border border-input bg-background px-3 py-2 text-sm ring-offset-background placeholder:text-muted-foreground focus:outline-none focus:ring-2 focus:ring-ring focus:ring-offset-2 disabled:cursor-not-allowed disabled:opacity-50 [&>span]:line-clamp-1 w-auto min-w-[120px]"
          data-state="closed"
          dir="ltr"
          role="combobox"
          type="button"
        >
          <span
            style="pointer-events: none;"
          >
            Tous les statuts
          </span>
          <svg
            aria-hidden="true"
            class="lucide lucide-chevron-down h-4 w-4 opacity-50"
            fill="none"
            height="24"
            stroke="currentColor"
            stroke-linecap="round"
            stroke-linejoin="round"
            stroke-width="2"
            viewBox="0 0 24 24"
            width="24"
            xmlns="http://www.w3.org/2000/svg"
          >
            <path
              d="m6 9 6 6 6-6"
            />
          </svg>
        </button>
        <button
          class="justify-center whitespace-nowrap text-sm font-medium ring-offset-background transition-colors focus-visible:outline-none focus-visible:ring-2 focus-visible:ring-ring focus-visible:ring-offset-2 disabled:pointer-events-none disabled:opacity-50 [&_svg]:pointer-events-none [&_svg]:size-4 [&_svg]:shrink-0 border border-input bg-background hover:bg-accent hover:text-accent-foreground h-9 rounded-md px-3 flex items-center gap-1"
        >
          <svg
            class="lucide lucide-star h-3 w-3"
            fill="none"
            height="24"
            stroke="currentColor"
            stroke-linecap="round"
            stroke-linejoin="round"
            stroke-width="2"
            viewBox="0 0 24 24"
            width="24"
            xmlns="http://www.w3.org/2000/svg"
          >
            <path
              d="M11.525 2.295a.53.53 0 0 1 .95 0l2.31 4.679a2.123 2.123 0 0 0 1.595 1.16l5.166.756a.53.53 0 0 1 .294.904l-3.736 3.638a2.123 2.123 0 0 0-.611 1.878l.882 5.14a.53.53 0 0 1-.771.56l-4.618-2.428a2.122 2.122 0 0 0-1.973 0L6.396 21.01a.53.53 0 0 1-.77-.56l.881-5.139a2.122 2.122 0 0 0-.611-1.879L2.16 9.795a.53.53 0 0 1 .294-.906l5.165-.755a2.122 2.122 0 0 0 1.597-1.16z"
            />
          </svg>
          Favoris
        </button>
        <button
          class="justify-center whitespace-nowrap text-sm font-medium ring-offset-background transition-colors focus-visible:outline-none focus-visible:ring-2 focus-visible:ring-ring focus-visible:ring-offset-2 disabled:pointer-events-none disabled:opacity-50 [&_svg]:pointer-events-none [&_svg]:size-4 [&_svg]:shrink-0 border border-input bg-background hover:bg-accent hover:t...
 ÔØ» Object.getElementError node_modules/@testing-library/dom/dist/config.js:37:19
 ÔØ» node_modules/@testing-library/dom/dist/query-helpers.js:76:38
 ÔØ» node_modules/@testing-library/dom/dist/query-helpers.js:52:17
 ÔØ» getByRole node_modules/@testing-library/dom/dist/query-helpers.js:95:19
 ÔØ» src/components/conversations/__tests__/ConversationSearch.test.tsx:87:34
     85|       );
     86|       
     87|       const clearButton = screen.getByRole('button', { name: /clear/i });
       |                                  ^
     88|       await user.click(clearButton);
     89|       

ÔÄ»ÔÄ»ÔÄ»ÔÄ»ÔÄ»ÔÄ»ÔÄ»ÔÄ»ÔÄ»ÔÄ»ÔÄ»ÔÄ»ÔÄ»ÔÄ»ÔÄ»ÔÄ»ÔÄ»ÔÄ»ÔÄ»ÔÄ»ÔÄ»ÔÄ»ÔÄ»ÔÄ»ÔÄ»ÔÄ»ÔÄ»ÔÄ»ÔÄ»ÔÄ»ÔÄ»ÔÄ»ÔÄ»ÔÄ»ÔÄ»ÔÄ»ÔÄ»ÔÄ»ÔÄ»ÔÄ»ÔÄ»ÔÄ»ÔÄ»ÔÄ»ÔÄ»ÔÄ»ÔÄ»ÔÄ»ÔÄ»ÔÄ»ÔÄ»ÔÄ»ÔÄ»ÔÄ»ÔÄ»ÔÄ»ÔÄ»ÔÄ»ÔÄ»ÔÄ»ÔÄ»ÔÄ»ÔÄ»ÔÄ»ÔÄ»ÔÄ»ÔÄ»ÔÄ»ÔÄ»ÔÄ»ÔÄ»ÔÄ»ÔÄ»ÔÄ»ÔÄ»ÔÄ»ÔÄ»ÔÄ»ÔÄ»ÔÄ»ÔÄ»ÔÄ»ÔÄ»ÔÄ»ÔÄ»ÔÄ»ÔÄ»ÔÄ»ÔÄ»ÔÄ»ÔÄ»ÔÄ»[29/35]ÔÄ»

 FAIL  src/components/conversations/__tests__/ConversationSearch.test.tsx > ConversationSearch > Quick Filters > shows active state for enabled quick filters
TestingLibraryElementError: Found multiple elements with the text: (content, element)=>content.includes('Favoris')

Here are the matching elements:

Ignored nodes: comments, script, style
<button
  class="justify-center whitespace-nowrap text-sm font-medium ring-offset-background transition-colors focus-visible:outline-none focus-visible:ring-2 focus-visible:ring-ring focus-visible:ring-offset-2 disabled:pointer-events-none disabled:opacity-50 [&_svg]:pointer-events-none [&_svg]:size-4 [&_svg]:shrink-0 bg-primary text-primary-foreground hover:bg-primary/90 h-9 rounded-md px-3 flex items-center gap-1"
>
  <svg
    class="lucide lucide-star h-3 w-3"
    fill="none"
    height="24"
    stroke="currentColor"
    stroke-linecap="round"
    stroke-linejoin="round"
    stroke-width="2"
    viewBox="0 0 24 24"
    width="24"
    xmlns="http://www.w3.org/2000/svg"
  >
    <path
      d="M11.525 2.295a.53.53 0 0 1 .95 0l2.31 4.679a2.123 2.123 0 0 0 1.595 1.16l5.166.756a.53.53 0 0 1 .294.904l-3.736 3.638a2.123 2.123 0 0 0-.611 1.878l.882 5.14a.53.53 0 0 1-.771.56l-4.618-2.428a2.122 2.122 0 0 0-1.973 0L6.396 21.01a.53.53 0 0 1-.77-.56l.881-5.139a2.122 2.122 0 0 0-.611-1.879L2.16 9.795a.53.53 0 0 1 .294-.906l5.165-.755a2.122 2.122 0 0 0 1.597-1.16z"
    />
  </svg>
  Favoris
</button>

Ignored nodes: comments, script, style
<div
  class="rounded-full border px-2.5 py-0.5 text-xs font-semibold transition-colors focus:outline-none focus:ring-2 focus:ring-ring focus:ring-offset-2 border-transparent bg-secondary text-secondary-foreground hover:bg-secondary/80 flex items-center gap-1"
>
  <svg
    class="lucide lucide-star h-3 w-3"
    fill="none"
    height="24"
    stroke="currentColor"
    stroke-linecap="round"
    stroke-linejoin="round"
    stroke-width="2"
    viewBox="0 0 24 24"
    width="24"
    xmlns="http://www.w3.org/2000/svg"
  >
    <path
      d="M11.525 2.295a.53.53 0 0 1 .95 0l2.31 4.679a2.123 2.123 0 0 0 1.595 1.16l5.166.756a.53.53 0 0 1 .294.904l-3.736 3.638a2.123 2.123 0 0 0-.611 1.878l.882 5.14a.53.53 0 0 1-.771.56l-4.618-2.428a2.122 2.122 0 0 0-1.973 0L6.396 21.01a.53.53 0 0 1-.77-.56l.881-5.139a2.122 2.122 0 0 0-.611-1.879L2.16 9.795a.53.53 0 0 1 .294-.906l5.165-.755a2.122 2.122 0 0 0 1.597-1.16z"
    />
  </svg>
  Favoris
  <button
    class="inline-flex items-center justify-center gap-2 whitespace-nowrap text-sm font-medium ring-offset-background transition-colors focus-visible:outline-none focus-visible:ring-2 focus-visible:ring-ring focus-visible:ring-offset-2 disabled:pointer-events-none disabled:opacity-50 [&_svg]:pointer-events-none [&_svg]:size-4 [&_svg]:shrink-0 hover:text-accent-foreground rounded-md h-4 w-4 p-0 ml-1 hover:bg-gray-200"
  >
    <svg
      class="lucide lucide-x h-2 w-2"
      fill="none"
      height="24"
      stroke="currentColor"
      stroke-linecap="round"
      stroke-linejoin="round"
      stroke-width="2"
      viewBox="0 0 24 24"
      width="24"
      xmlns="http://www.w3.org/2000/svg"
    >
      <path
        d="M18 6 6 18"
      />
      <path
        d="m6 6 12 12"
      />
    </svg>
  </button>
</div>

(If this is intentional, then use the `*AllBy*` variant of the query (like `queryAllByText`, `getAllByText`, or `findAllByText`)).

Ignored nodes: comments, script, style
<body
  style=""
>
  <div>
    <div
      class="space-y-4"
    >
      <div
        class="relative"
      >
        <svg
          class="lucide lucide-search absolute left-3 top-1/2 transform -translate-y-1/2 h-4 w-4 text-gray-400"
          fill="none"
          height="24"
          stroke="currentColor"
          stroke-linecap="round"
          stroke-linejoin="round"
          stroke-width="2"
          viewBox="0 0 24 24"
          width="24"
          xmlns="http://www.w3.org/2000/svg"
        >
          <circle
            cx="11"
            cy="11"
            r="8"
          />
          <path
            d="m21 21-4.3-4.3"
          />
        </svg>
        <input
          class="flex h-10 w-full rounded-md border border-input bg-background px-3 py-2 text-base ring-offset-background file:border-0 file:bg-transparent file:text-sm file:font-medium file:text-foreground placeholder:text-muted-foreground focus-visible:outline-none focus-visible:ring-2 focus-visible:ring-ring focus-visible:ring-offset-2 disabled:cursor-not-allowed disabled:opacity-50 md:text-sm pl-10 pr-4"
          placeholder="Rechercher dans les conversations..."
          value=""
        />
      </div>
      <div
        class="flex flex-wrap items-center gap-2"
      >
        <button
          aria-autocomplete="none"
          aria-controls="radix-:r2e:"
          aria-expanded="false"
          class="flex h-10 items-center justify-between rounded-md border border-input bg-background px-3 py-2 text-sm ring-offset-background placeholder:text-muted-foreground focus:outline-none focus:ring-2 focus:ring-ring focus:ring-offset-2 disabled:cursor-not-allowed disabled:opacity-50 [&>span]:line-clamp-1 w-auto min-w-[120px]"
          data-state="closed"
          dir="ltr"
          role="combobox"
          type="button"
        >
          <span
            style="pointer-events: none;"
          >
            Tous les statuts
          </span>
          <svg
            aria-hidden="true"
            class="lucide lucide-chevron-down h-4 w-4 opacity-50"
            fill="none"
            height="24"
            stroke="currentColor"
            stroke-linecap="round"
            stroke-linejoin="round"
            stroke-width="2"
            viewBox="0 0 24 24"
            width="24"
            xmlns="http://www.w3.org/2000/svg"
          >
            <path
              d="m6 9 6 6 6-6"
            />
          </svg>
        </button>
        <button
          class="justify-center whitespace-nowrap text-sm font-medium ring-offset-background transition-colors focus-visible:outline-none focus-visible:ring-2 focus-visible:ring-ring focus-visible:ring-offset-2 disabled:pointer-events-none disabled:opacity-50 [&_svg]:pointer-events-none [&_svg]:size-4 [&_svg]:shrink-0 bg-primary text-primary-foreground hover:bg-primary/90 h-9 rounded-md px-3 flex items-center gap-1"
        >
          <svg
            class="lucide lucide-star h-3 w-3"
            fill="none"
            height="24"
            stroke="currentColor"
            stroke-linecap="round"
            stroke-linejoin="round"
            stroke-width="2"
            viewBox="0 0 24 24"
            width="24"
            xmlns="http://www.w3.org/2000/svg"
          >
            <path
              d="M11.525 2.295a.53.53 0 0 1 .95 0l2.31 4.679a2.123 2.123 0 0 0 1.595 1.16l5.166.756a.53.53 0 0 1 .294.904l-3.736 3.638a2.123 2.123 0 0 0-.611 1.878l.882 5.14a.53.53 0 0 1-.771.56l-4.618-2.428a2.122 2.122 0 0 0-1.973 0L6.396 21.01a.53.53 0 0 1-.77-.56l.881-5.139a2.122 2.122 0 0 0-.611-1.879L2.16 9.795a.53.53 0 0 1 .294-.906l5.165-.755a2.122 2.122 0 0 0 1.597-1.16z"
            />
          </svg>
          Favoris
        </button>
        <button
          class="justify-center whitespace-nowrap text-sm font-medium ring-offset-background transition-colors focus-visible:outline-none focus-visible:ring-2 focus-visible:ring-ring focus-visible:ring-offset-2 disabled:pointer-events-none disabled:opacity-50 [&_svg]:pointer-events-none [&_svg]:size-4 [&_svg]:shrink-0 border border-input bg-background hover:bg-accent hover:text-accent-foreground h-9 rounded-md px-3 flex items-center gap-1"
        >
          <svg
            class="lucide lucide-message-circle h-3 w-3"
            fill="none"
            height="24"
            stroke="currentColor"
            stroke-linecap="round"
            stroke-linejoin="round"
            stroke-width="2"
            viewBox="0 0 24 24"
            width="24"
            xmlns="http://www.w3.org/2000/svg"
          >
            <path
              d="M7.9 20A9 9 0 1 0 4 16.1L2 22Z"
            />
          </svg>
          Avec sondage
        </button>
        <button
          aria-expanded="false"
          aria-haspopup="menu"
          class="justify-center whitespace-nowrap text-sm font-medium ring-offset-background transition-colors focus-visible:outline-none focus-visible:ring-2 focus-visible:ring-ring focus-visible:ring-offset-2 disabled:pointer-events-none disabled:opacity-50 [&_svg]:pointer-events-none [&_svg]:size-4 [&_svg]:shrink-0 border border-i...
 ÔØ» Object.getElementError node_modules/@testing-library/dom/dist/config.js:37:19
 ÔØ» getElementError node_modules/@testing-library/dom/dist/query-helpers.js:20:35
 ÔØ» getMultipleElementsFoundError node_modules/@testing-library/dom/dist/query-helpers.js:23:10
 ÔØ» node_modules/@testing-library/dom/dist/query-helpers.js:55:13
 ÔØ» getByText node_modules/@testing-library/dom/dist/query-helpers.js:95:19
 ÔØ» src/components/conversations/__tests__/ConversationSearch.test.tsx:149:37
    147|       );
    148|       
    149|       const favoriteButton = screen.getByText((content, element) => content.includes('FavoÔÇª
       |                                     ^
    150|       expect(favoriteButton).toHaveClass('bg-primary'); // or whatever active class
    151|     });

ÔÄ»ÔÄ»ÔÄ»ÔÄ»ÔÄ»ÔÄ»ÔÄ»ÔÄ»ÔÄ»ÔÄ»ÔÄ»ÔÄ»ÔÄ»ÔÄ»ÔÄ»ÔÄ»ÔÄ»ÔÄ»ÔÄ»ÔÄ»ÔÄ»ÔÄ»ÔÄ»ÔÄ»ÔÄ»ÔÄ»ÔÄ»ÔÄ»ÔÄ»ÔÄ»ÔÄ»ÔÄ»ÔÄ»ÔÄ»ÔÄ»ÔÄ»ÔÄ»ÔÄ»ÔÄ»ÔÄ»ÔÄ»ÔÄ»ÔÄ»ÔÄ»ÔÄ»ÔÄ»ÔÄ»ÔÄ»ÔÄ»ÔÄ»ÔÄ»ÔÄ»ÔÄ»ÔÄ»ÔÄ»ÔÄ»ÔÄ»ÔÄ»ÔÄ»ÔÄ»ÔÄ»ÔÄ»ÔÄ»ÔÄ»ÔÄ»ÔÄ»ÔÄ»ÔÄ»ÔÄ»ÔÄ»ÔÄ»ÔÄ»ÔÄ»ÔÄ»ÔÄ»ÔÄ»ÔÄ»ÔÄ»ÔÄ»ÔÄ»ÔÄ»ÔÄ»ÔÄ»ÔÄ»ÔÄ»ÔÄ»ÔÄ»ÔÄ»ÔÄ»ÔÄ»ÔÄ»ÔÄ»[30/35]ÔÄ»

 FAIL  src/components/conversations/__tests__/ConversationSearch.test.tsx > ConversationSearch > Active Filters Display > displays active status filter as badge
AssertionError: expected [ <span ÔÇª(1)></span>, ÔÇª(1) ] to have a length of 1 but got 2

- Expected
+ Received

- 1
+ 2

 ÔØ» src/components/conversations/__tests__/ConversationSearch.test.tsx:233:86
    231|       );
    232|       
    233|       expect(screen.getAllByText((content, element) => content.includes('Actives'))).toHavÔÇª
       |                                                                                      ^
    234|     });
    235| 

ÔÄ»ÔÄ»ÔÄ»ÔÄ»ÔÄ»ÔÄ»ÔÄ»ÔÄ»ÔÄ»ÔÄ»ÔÄ»ÔÄ»ÔÄ»ÔÄ»ÔÄ»ÔÄ»ÔÄ»ÔÄ»ÔÄ»ÔÄ»ÔÄ»ÔÄ»ÔÄ»ÔÄ»ÔÄ»ÔÄ»ÔÄ»ÔÄ»ÔÄ»ÔÄ»ÔÄ»ÔÄ»ÔÄ»ÔÄ»ÔÄ»ÔÄ»ÔÄ»ÔÄ»ÔÄ»ÔÄ»ÔÄ»ÔÄ»ÔÄ»ÔÄ»ÔÄ»ÔÄ»ÔÄ»ÔÄ»ÔÄ»ÔÄ»ÔÄ»ÔÄ»ÔÄ»ÔÄ»ÔÄ»ÔÄ»ÔÄ»ÔÄ»ÔÄ»ÔÄ»ÔÄ»ÔÄ»ÔÄ»ÔÄ»ÔÄ»ÔÄ»ÔÄ»ÔÄ»ÔÄ»ÔÄ»ÔÄ»ÔÄ»ÔÄ»ÔÄ»ÔÄ»ÔÄ»ÔÄ»ÔÄ»ÔÄ»ÔÄ»ÔÄ»ÔÄ»ÔÄ»ÔÄ»ÔÄ»ÔÄ»ÔÄ»ÔÄ»ÔÄ»ÔÄ»ÔÄ»ÔÄ»[31/35]ÔÄ»

 FAIL  src/components/conversations/__tests__/ConversationSearch.test.tsx > ConversationSearch > Active Filters Display > displays active favorite filter as badge
AssertionError: expected [ <button ÔÇª(1)>ÔÇª(1)</button>, ÔÇª(1) ] to have a length of 1 but got 2

- Expected
+ Received

- 1
+ 2

 ÔØ» src/components/conversations/__tests__/ConversationSearch.test.tsx:244:86
    242|       );
    243|       
    244|       expect(screen.getAllByText((content, element) => content.includes('Favoris'))).toHavÔÇª
       |                                                                                      ^
    245|     });
    246| 

ÔÄ»ÔÄ»ÔÄ»ÔÄ»ÔÄ»ÔÄ»ÔÄ»ÔÄ»ÔÄ»ÔÄ»ÔÄ»ÔÄ»ÔÄ»ÔÄ»ÔÄ»ÔÄ»ÔÄ»ÔÄ»ÔÄ»ÔÄ»ÔÄ»ÔÄ»ÔÄ»ÔÄ»ÔÄ»ÔÄ»ÔÄ»ÔÄ»ÔÄ»ÔÄ»ÔÄ»ÔÄ»ÔÄ»ÔÄ»ÔÄ»ÔÄ»ÔÄ»ÔÄ»ÔÄ»ÔÄ»ÔÄ»ÔÄ»ÔÄ»ÔÄ»ÔÄ»ÔÄ»ÔÄ»ÔÄ»ÔÄ»ÔÄ»ÔÄ»ÔÄ»ÔÄ»ÔÄ»ÔÄ»ÔÄ»ÔÄ»ÔÄ»ÔÄ»ÔÄ»ÔÄ»ÔÄ»ÔÄ»ÔÄ»ÔÄ»ÔÄ»ÔÄ»ÔÄ»ÔÄ»ÔÄ»ÔÄ»ÔÄ»ÔÄ»ÔÄ»ÔÄ»ÔÄ»ÔÄ»ÔÄ»ÔÄ»ÔÄ»ÔÄ»ÔÄ»ÔÄ»ÔÄ»ÔÄ»ÔÄ»ÔÄ»ÔÄ»ÔÄ»ÔÄ»ÔÄ»ÔÄ»[32/35]ÔÄ»

 FAIL  src/components/conversations/__tests__/ConversationSearch.test.tsx > ConversationSearch > Date Range Filter > applies date range when apply button is clicked
TestingLibraryElementError: Unable to find an element with the text: Appliquer. This could be because the text is broken up by multiple elements. In this case, you can provide a function for your text matcher to make your matcher more flexible.

Ignored nodes: comments, script, style
<body
  data-scroll-locked="1"
  style="pointer-events: none;"
>
  <span
    aria-hidden="true"
    data-aria-hidden="true"
    data-radix-focus-guard=""
    style="outline: none; opacity: 0; position: fixed; pointer-events: none;"
    tabindex="0"
  />
  <div
    aria-hidden="true"
    data-aria-hidden="true"
  >
    <div
      class="space-y-4"
    >
      <div
        class="relative"
      >
        <svg
          class="lucide lucide-search absolute left-3 top-1/2 transform -translate-y-1/2 h-4 w-4 text-gray-400"
          fill="none"
          height="24"
          stroke="currentColor"
          stroke-linecap="round"
          stroke-linejoin="round"
          stroke-width="2"
          viewBox="0 0 24 24"
          width="24"
          xmlns="http://www.w3.org/2000/svg"
        >
          <circle
            cx="11"
            cy="11"
            r="8"
          />
          <path
            d="m21 21-4.3-4.3"
          />
        </svg>
        <input
          class="flex h-10 w-full rounded-md border border-input bg-background px-3 py-2 text-base ring-offset-background file:border-0 file:bg-transparent file:text-sm file:font-medium file:text-foreground placeholder:text-muted-foreground focus-visible:outline-none focus-visible:ring-2 focus-visible:ring-ring focus-visible:ring-offset-2 disabled:cursor-not-allowed disabled:opacity-50 md:text-sm pl-10 pr-4"
          placeholder="Rechercher dans les conversations..."
          value=""
        />
      </div>
      <div
        class="flex flex-wrap items-center gap-2"
      >
        <button
          aria-autocomplete="none"
          aria-controls="radix-:r6m:"
          aria-expanded="false"
          class="flex h-10 items-center justify-between rounded-md border border-input bg-background px-3 py-2 text-sm ring-offset-background placeholder:text-muted-foreground focus:outline-none focus:ring-2 focus:ring-ring focus:ring-offset-2 disabled:cursor-not-allowed disabled:opacity-50 [&>span]:line-clamp-1 w-auto min-w-[120px]"
          data-state="closed"
          dir="ltr"
          role="combobox"
          type="button"
        >
          <span
            style="pointer-events: none;"
          >
            Tous les statuts
          </span>
          <svg
            aria-hidden="true"
            class="lucide lucide-chevron-down h-4 w-4 opacity-50"
            fill="none"
            height="24"
            stroke="currentColor"
            stroke-linecap="round"
            stroke-linejoin="round"
            stroke-width="2"
            viewBox="0 0 24 24"
            width="24"
            xmlns="http://www.w3.org/2000/svg"
          >
            <path
              d="m6 9 6 6 6-6"
            />
          </svg>
        </button>
        <button
          class="justify-center whitespace-nowrap text-sm font-medium ring-offset-background transition-colors focus-visible:outline-none focus-visible:ring-2 focus-visible:ring-ring focus-visible:ring-offset-2 disabled:pointer-events-none disabled:opacity-50 [&_svg]:pointer-events-none [&_svg]:size-4 [&_svg]:shrink-0 border border-input bg-background hover:bg-accent hover:text-accent-foreground h-9 rounded-md px-3 flex items-center gap-1"
        >
          <svg
            class="lucide lucide-star h-3 w-3"
            fill="none"
            height="24"
            stroke="currentColor"
            stroke-linecap="round"
            stroke-linejoin="round"
            stroke-width="2"
            viewBox="0 0 24 24"
            width="24"
            xmlns="http://www.w3.org/2000/svg"
          >
            <path
              d="M11.525 2.295a.53.53 0 0 1 .95 0l2.31 4.679a2.123 2.123 0 0 0 1.595 1.16l5.166.756a.53.53 0 0 1 .294.904l-3.736 3.638a2.123 2.123 0 0 0-.611 1.878l.882 5.14a.53.53 0 0 1-.771.56l-4.618-2.428a2.122 2.122 0 0 0-1.973 0L6.396 21.01a.53.53 0 0 1-.77-.56l.881-5.139a2.122 2.122 0 0 0-.611-1.879L2.16 9.795a.53.53 0 0 1 .294-.906l5.165-.755a2.122 2.122 0 0 0 1.597-1.16z"
            />
          </svg>
          Favoris
        </button>
        <button
          class="justify-center whitespace-nowrap text-sm font-medium ring-offset-background transition-colors focus-visible:outline-none focus-visible:ring-2 focus-visible:ring-ring focus-visible:ring-offset-2 disabled:pointer-events-none disabled:opacity-50 [&_svg]:pointer-events-none [&_svg]:size-4 [&_svg]:shrink-0 border border-input bg-background hover:bg-accent hover:text-accent-foreground h-9 rounded-md px-3 flex items-center gap-1"
        >
          <svg
            class="lucide lucide-message-circle h-3 w-3"
            fill="none"
            height="24"
            stroke="currentColor"
            stroke-linecap="round"
            stroke-linejoin="round"
            stroke-width="2"
            viewBox="0 0 24 24"
            width="24"
            xmlns="http://www.w3.org/2000/svg"
          >
            <path
              d="M7.9 20A9 9 0 1 0 4 16.1L2 22Z"
            />
          </svg>
          Avec sondage
    ...
 ÔØ» Object.getElementError node_modules/@testing-library/dom/dist/config.js:37:19
 ÔØ» node_modules/@testing-library/dom/dist/query-helpers.js:76:38
 ÔØ» node_modules/@testing-library/dom/dist/query-helpers.js:52:17
 ÔØ» getByText node_modules/@testing-library/dom/dist/query-helpers.js:95:19
 ÔØ» src/components/conversations/__tests__/ConversationSearch.test.tsx:352:34
    350|       await user.click(selectRangeButton);
    351|       
    352|       const applyButton = screen.getByText('Appliquer');
       |                                  ^
    353|       await user.click(applyButton);
    354|       

ÔÄ»ÔÄ»ÔÄ»ÔÄ»ÔÄ»ÔÄ»ÔÄ»ÔÄ»ÔÄ»ÔÄ»ÔÄ»ÔÄ»ÔÄ»ÔÄ»ÔÄ»ÔÄ»ÔÄ»ÔÄ»ÔÄ»ÔÄ»ÔÄ»ÔÄ»ÔÄ»ÔÄ»ÔÄ»ÔÄ»ÔÄ»ÔÄ»ÔÄ»ÔÄ»ÔÄ»ÔÄ»ÔÄ»ÔÄ»ÔÄ»ÔÄ»ÔÄ»ÔÄ»ÔÄ»ÔÄ»ÔÄ»ÔÄ»ÔÄ»ÔÄ»ÔÄ»ÔÄ»ÔÄ»ÔÄ»ÔÄ»ÔÄ»ÔÄ»ÔÄ»ÔÄ»ÔÄ»ÔÄ»ÔÄ»ÔÄ»ÔÄ»ÔÄ»ÔÄ»ÔÄ»ÔÄ»ÔÄ»ÔÄ»ÔÄ»ÔÄ»ÔÄ»ÔÄ»ÔÄ»ÔÄ»ÔÄ»ÔÄ»ÔÄ»ÔÄ»ÔÄ»ÔÄ»ÔÄ»ÔÄ»ÔÄ»ÔÄ»ÔÄ»ÔÄ»ÔÄ»ÔÄ»ÔÄ»ÔÄ»ÔÄ»ÔÄ»ÔÄ»ÔÄ»ÔÄ»ÔÄ»[33/35]ÔÄ»

 FAIL  src/components/conversations/__tests__/ConversationSearch.test.tsx > ConversationSearch > Accessibility > has proper ARIA labels for interactive elements
Error: expect(element).toHaveAttribute("type", "text") // element.getAttribute("type") === "text"

Expected the element to have attribute:
  type="text"
Received:
  null
 ÔØ» src/components/conversations/__tests__/ConversationSearch.test.tsx:369:27
    367|       
    368|       const searchInput = screen.getByPlaceholderText('Rechercher dans les conversations..ÔÇª
    369|       expect(searchInput).toHaveAttribute('type', 'text');
       |                           ^
    370|       
    371|       const statusSelect = screen.getByRole('combobox');

ÔÄ»ÔÄ»ÔÄ»ÔÄ»ÔÄ»ÔÄ»ÔÄ»ÔÄ»ÔÄ»ÔÄ»ÔÄ»ÔÄ»ÔÄ»ÔÄ»ÔÄ»ÔÄ»ÔÄ»ÔÄ»ÔÄ»ÔÄ»ÔÄ»ÔÄ»ÔÄ»ÔÄ»ÔÄ»ÔÄ»ÔÄ»ÔÄ»ÔÄ»ÔÄ»ÔÄ»ÔÄ»ÔÄ»ÔÄ»ÔÄ»ÔÄ»ÔÄ»ÔÄ»ÔÄ»ÔÄ»ÔÄ»ÔÄ»ÔÄ»ÔÄ»ÔÄ»ÔÄ»ÔÄ»ÔÄ»ÔÄ»ÔÄ»ÔÄ»ÔÄ»ÔÄ»ÔÄ»ÔÄ»ÔÄ»ÔÄ»ÔÄ»ÔÄ»ÔÄ»ÔÄ»ÔÄ»ÔÄ»ÔÄ»ÔÄ»ÔÄ»ÔÄ»ÔÄ»ÔÄ»ÔÄ»ÔÄ»ÔÄ»ÔÄ»ÔÄ»ÔÄ»ÔÄ»ÔÄ»ÔÄ»ÔÄ»ÔÄ»ÔÄ»ÔÄ»ÔÄ»ÔÄ»ÔÄ»ÔÄ»ÔÄ»ÔÄ»ÔÄ»ÔÄ»ÔÄ»ÔÄ»[34/35]ÔÄ»

 FAIL  src/components/conversations/__tests__/ConversationSearch.test.tsx > ConversationSearch > Accessibility > supports keyboard navigation
AssertionError: expected "spy" to be called with arguments: [ { query: 'test' } ]

Received: 

  1st spy call:

  [
    {
-     "query": "test",
+     "query": "t",
    },
  ]

  2nd spy call:

  [
    {
-     "query": "test",
+     "query": "e",
    },
  ]

  3rd spy call:

  [
    {
-     "query": "test",
+     "query": "s",
    },
  ]

  4th spy call:

  [
    {
-     "query": "test",
+     "query": "t",
    },
  ]


Number of calls: 4

 ÔØ» src/components/conversations/__tests__/ConversationSearch.test.tsx:386:35
    384|       
    385|       await user.type(searchInput, 'test');
    386|       expect(mockOnFiltersChange).toHaveBeenCalledWith({ query: 'test' });
       |                                   ^
    387|     });
    388|   });

ÔÄ»ÔÄ»ÔÄ»ÔÄ»ÔÄ»ÔÄ»ÔÄ»ÔÄ»ÔÄ»ÔÄ»ÔÄ»ÔÄ»ÔÄ»ÔÄ»ÔÄ»ÔÄ»ÔÄ»ÔÄ»ÔÄ»ÔÄ»ÔÄ»ÔÄ»ÔÄ»ÔÄ»ÔÄ»ÔÄ»ÔÄ»ÔÄ»ÔÄ»ÔÄ»ÔÄ»ÔÄ»ÔÄ»ÔÄ»ÔÄ»ÔÄ»ÔÄ»ÔÄ»ÔÄ»ÔÄ»ÔÄ»ÔÄ»ÔÄ»ÔÄ»ÔÄ»ÔÄ»ÔÄ»ÔÄ»ÔÄ»ÔÄ»ÔÄ»ÔÄ»ÔÄ»ÔÄ»ÔÄ»ÔÄ»ÔÄ»ÔÄ»ÔÄ»ÔÄ»ÔÄ»ÔÄ»ÔÄ»ÔÄ»ÔÄ»ÔÄ»ÔÄ»ÔÄ»ÔÄ»ÔÄ»ÔÄ»ÔÄ»ÔÄ»ÔÄ»ÔÄ»ÔÄ»ÔÄ»ÔÄ»ÔÄ»ÔÄ»ÔÄ»ÔÄ»ÔÄ»ÔÄ»ÔÄ»ÔÄ»ÔÄ»ÔÄ»ÔÄ»ÔÄ»ÔÄ»ÔÄ»[35/35]ÔÄ»

stderr | src/contexts/AuthContext.test.tsx > AuthContext > Authentication methods > should handle successful sign in
Warning: An update to AuthProvider inside a test was not wrapped in act(...).

When testing, code that causes React state updates should be wrapped into act(...):

act(() => {
  /* fire events that update state */
});
/* assert on the output */

This ensures that you're testing the behavior the user would see in the browser. Learn more at https://reactjs.org/link/wrap-tests-with-act
    at AuthProvider (C:\Users\Julien Fritsch\Documents\GitHub\DooDates\src\contexts\AuthContext.tsx:34:25)
Warning: An update to AuthProvider inside a test was not wrapped in act(...).

When testing, code that causes React state updates should be wrapped into act(...):

act(() => {
  /* fire events that update state */
});
/* assert on the output */

This ensures that you're testing the behavior the user would see in the browser. Learn more at https://reactjs.org/link/wrap-tests-with-act
    at AuthProvider (C:\Users\Julien Fritsch\Documents\GitHub\DooDates\src\contexts\AuthContext.tsx:34:25)

stderr | src/contexts/AuthContext.test.tsx > AuthContext > Authentication methods > should handle successful sign in
Warning: An update to AuthProvider inside a test was not wrapped in act(...).

When testing, code that causes React state updates should be wrapped into act(...):

act(() => {
  /* fire events that update state */
});
/* assert on the output */

This ensures that you're testing the behavior the user would see in the browser. Learn more at https://reactjs.org/link/wrap-tests-with-act
    at AuthProvider (C:\Users\Julien Fritsch\Documents\GitHub\DooDates\src\contexts\AuthContext.tsx:34:25)

stderr | src/contexts/AuthContext.test.tsx > AuthContext > Authentication methods > should handle sign in error with user-friendly message
Warning: An update to AuthProvider inside a test was not wrapped in act(...).

When testing, code that causes React state updates should be wrapped into act(...):

act(() => {
  /* fire events that update state */
});
/* assert on the output */

This ensures that you're testing the behavior the user would see in the browser. Learn more at https://reactjs.org/link/wrap-tests-with-act
    at AuthProvider (C:\Users\Julien Fritsch\Documents\GitHub\DooDates\src\contexts\AuthContext.tsx:34:25)
Warning: An update to AuthProvider inside a test was not wrapped in act(...).

When testing, code that causes React state updates should be wrapped into act(...):

act(() => {
  /* fire events that update state */
});
/* assert on the output */

This ensures that you're testing the behavior the user would see in the browser. Learn more at https://reactjs.org/link/wrap-tests-with-act
    at AuthProvider (C:\Users\Julien Fritsch\Documents\GitHub\DooDates\src\contexts\AuthContext.tsx:34:25)

stderr | src/contexts/AuthContext.test.tsx > AuthContext > Authentication methods > should handle sign in error with user-friendly message
Warning: An update to AuthProvider inside a test was not wrapped in act(...).

When testing, code that causes React state updates should be wrapped into act(...):

act(() => {
  /* fire events that update state */
});
/* assert on the output */

This ensures that you're testing the behavior the user would see in the browser. Learn more at https://reactjs.org/link/wrap-tests-with-act
    at AuthProvider (C:\Users\Julien Fritsch\Documents\GitHub\DooDates\src\contexts\AuthContext.tsx:34:25)
Warning: An update to AuthProvider inside a test was not wrapped in act(...).

When testing, code that causes React state updates should be wrapped into act(...):

act(() => {
  /* fire events that update state */
});
/* assert on the output */

This ensures that you're testing the behavior the user would see in the browser. Learn more at https://reactjs.org/link/wrap-tests-with-act
    at AuthProvider (C:\Users\Julien Fritsch\Documents\GitHub\DooDates\src\contexts\AuthContext.tsx:34:25)

stderr | src/contexts/AuthContext.test.tsx > AuthContext > Authentication methods > should handle sign up
Warning: An update to AuthProvider inside a test was not wrapped in act(...).

When testing, code that causes React state updates should be wrapped into act(...):

act(() => {
  /* fire events that update state */
});
/* assert on the output */

This ensures that you're testing the behavior the user would see in the browser. Learn more at https://reactjs.org/link/wrap-tests-with-act
    at AuthProvider (C:\Users\Julien Fritsch\Documents\GitHub\DooDates\src\contexts\AuthContext.tsx:34:25)
Warning: An update to AuthProvider inside a test was not wrapped in act(...).

When testing, code that causes React state updates should be wrapped into act(...):

act(() => {
  /* fire events that update state */
});
/* assert on the output */

This ensures that you're testing the behavior the user would see in the browser. Learn more at https://reactjs.org/link/wrap-tests-with-act
    at AuthProvider (C:\Users\Julien Fritsch\Documents\GitHub\DooDates\src\contexts\AuthContext.tsx:34:25)

stderr | src/contexts/AuthContext.test.tsx > AuthContext > Authentication methods > should handle sign up
Warning: An update to AuthProvider inside a test was not wrapped in act(...).

When testing, code that causes React state updates should be wrapped into act(...):

act(() => {
  /* fire events that update state */
});
/* assert on the output */

This ensures that you're testing the behavior the user would see in the browser. Learn more at https://reactjs.org/link/wrap-tests-with-act
    at AuthProvider (C:\Users\Julien Fritsch\Documents\GitHub\DooDates\src\contexts\AuthContext.tsx:34:25)

stderr | src/contexts/AuthContext.test.tsx > AuthContext > Authentication methods > should handle Google OAuth sign in
Warning: An update to AuthProvider inside a test was not wrapped in act(...).

When testing, code that causes React state updates should be wrapped into act(...):

act(() => {
  /* fire events that update state */
});
/* assert on the output */

This ensures that you're testing the behavior the user would see in the browser. Learn more at https://reactjs.org/link/wrap-tests-with-act
    at AuthProvider (C:\Users\Julien Fritsch\Documents\GitHub\DooDates\src\contexts\AuthContext.tsx:34:25)
Warning: An update to AuthProvider inside a test was not wrapped in act(...).

When testing, code that causes React state updates should be wrapped into act(...):

act(() => {
  /* fire events that update state */
});
/* assert on the output */

This ensures that you're testing the behavior the user would see in the browser. Learn more at https://reactjs.org/link/wrap-tests-with-act
    at AuthProvider (C:\Users\Julien Fritsch\Documents\GitHub\DooDates\src\contexts\AuthContext.tsx:34:25)

stderr | src/contexts/AuthContext.test.tsx > AuthContext > Authentication methods > should handle sign out and cleanup
Warning: An update to AuthProvider inside a test was not wrapped in act(...).

When testing, code that causes React state updates should be wrapped into act(...):

act(() => {
  /* fire events that update state */
});
/* assert on the output */

This ensures that you're testing the behavior the user would see in the browser. Learn more at https://reactjs.org/link/wrap-tests-with-act
    at AuthProvider (C:\Users\Julien Fritsch\Documents\GitHub\DooDates\src\contexts\AuthContext.tsx:34:25)
Warning: An update to AuthProvider inside a test was not wrapped in act(...).

When testing, code that causes React state updates should be wrapped into act(...):

act(() => {
  /* fire events that update state */
});
/* assert on the output */

This ensures that you're testing the behavior the user would see in the browser. Learn more at https://reactjs.org/link/wrap-tests-with-act
    at AuthProvider (C:\Users\Julien Fritsch\Documents\GitHub\DooDates\src\contexts\AuthContext.tsx:34:25)
Warning: An update to AuthProvider inside a test was not wrapped in act(...).

When testing, code that causes React state updates should be wrapped into act(...):

act(() => {
  /* fire events that update state */
});
/* assert on the output */

This ensures that you're testing the behavior the user would see in the browser. Learn more at https://reactjs.org/link/wrap-tests-with-act
    at AuthProvider (C:\Users\Julien Fritsch\Documents\GitHub\DooDates\src\contexts\AuthContext.tsx:34:25)
Warning: An update to AuthProvider inside a test was not wrapped in act(...).

When testing, code that causes React state updates should be wrapped into act(...):

act(() => {
  /* fire events that update state */
});
/* assert on the output */

This ensures that you're testing the behavior the user would see in the browser. Learn more at https://reactjs.org/link/wrap-tests-with-act
    at AuthProvider (C:\Users\Julien Fritsch\Documents\GitHub\DooDates\src\contexts\AuthContext.tsx:34:25)
Warning: An update to AuthProvider inside a test was not wrapped in act(...).

When testing, code that causes React state updates should be wrapped into act(...):

act(() => {
  /* fire events that update state */
});
/* assert on the output */

This ensures that you're testing the behavior the user would see in the browser. Learn more at https://reactjs.org/link/wrap-tests-with-act
    at AuthProvider (C:\Users\Julien Fritsch\Documents\GitHub\DooDates\src\contexts\AuthContext.tsx:34:25)

stderr | src/contexts/AuthContext.test.tsx > AuthContext > Authentication methods > should handle sign out and cleanup
Warning: An update to AuthProvider inside a test was not wrapped in act(...).

When testing, code that causes React state updates should be wrapped into act(...):

act(() => {
  /* fire events that update state */
});
/* assert on the output */

This ensures that you're testing the behavior the user would see in the browser. Learn more at https://reactjs.org/link/wrap-tests-with-act
    at AuthProvider (C:\Users\Julien Fritsch\Documents\GitHub\DooDates\src\contexts\AuthContext.tsx:34:25)

stderr | src/contexts/AuthContext.test.tsx > AuthContext > Profile management > should update profile successfully
Warning: An update to AuthProvider inside a test was not wrapped in act(...).

When testing, code that causes React state updates should be wrapped into act(...):

act(() => {
  /* fire events that update state */
});
/* assert on the output */

This ensures that you're testing the behavior the user would see in the browser. Learn more at https://reactjs.org/link/wrap-tests-with-act
    at AuthProvider (C:\Users\Julien Fritsch\Documents\GitHub\DooDates\src\contexts\AuthContext.tsx:34:25)

stderr | src/contexts/AuthContext.test.tsx > AuthContext > Local development mode > should disable authentication in local development
Warning: An update to AuthProvider inside a test was not wrapped in act(...).

When testing, code that causes React state updates should be wrapped into act(...):

act(() => {
  /* fire events that update state */
});
/* assert on the output */

This ensures that you're testing the behavior the user would see in the browser. Learn more at https://reactjs.org/link/wrap-tests-with-act
    at AuthProvider (C:\Users\Julien Fritsch\Documents\GitHub\DooDates\src\contexts\AuthContext.tsx:34:25)
Warning: An update to AuthProvider inside a test was not wrapped in act(...).

When testing, code that causes React state updates should be wrapped into act(...):

act(() => {
  /* fire events that update state */
});
/* assert on the output */

This ensures that you're testing the behavior the user would see in the browser. Learn more at https://reactjs.org/link/wrap-tests-with-act
    at AuthProvider (C:\Users\Julien Fritsch\Documents\GitHub\DooDates\src\contexts\AuthContext.tsx:34:25)

stderr | src/contexts/AuthContext.test.tsx > AuthContext > Local development mode > should disable authentication in local development
Warning: An update to AuthProvider inside a test was not wrapped in act(...).

When testing, code that causes React state updates should be wrapped into act(...):

act(() => {
  /* fire events that update state */
});
/* assert on the output */

This ensures that you're testing the behavior the user would see in the browser. Learn more at https://reactjs.org/link/wrap-tests-with-act
    at AuthProvider (C:\Users\Julien Fritsch\Documents\GitHub\DooDates\src\contexts\AuthContext.tsx:34:25)
Warning: An update to AuthProvider inside a test was not wrapped in act(...).

When testing, code that causes React state updates should be wrapped into act(...):

act(() => {
  /* fire events that update state */
});
/* assert on the output */

This ensures that you're testing the behavior the user would see in the browser. Learn more at https://reactjs.org/link/wrap-tests-with-act
    at AuthProvider (C:\Users\Julien Fritsch\Documents\GitHub\DooDates\src\contexts\AuthContext.tsx:34:25)

stderr | src/contexts/AuthContext.test.tsx > AuthContext > useAuth hook > should throw error when used outside provider
Error: Uncaught [Error: useAuth must be used within an AuthProvider]
    at reportException (C:\Users\Julien Fritsch\Documents\GitHub\DooDates\node_modules\jsdom\lib\jsdom\living\helpers\runtime-script-errors.js:66:24)
    at innerInvokeEventListeners (C:\Users\Julien Fritsch\Documents\GitHub\DooDates\node_modules\jsdom\lib\jsdom\living\events\EventTarget-impl.js:353:9)
    at invokeEventListeners (C:\Users\Julien Fritsch\Documents\GitHub\DooDates\node_modules\jsdom\lib\jsdom\living\events\EventTarget-impl.js:286:3)
    at HTMLUnknownElementImpl._dispatch (C:\Users\Julien Fritsch\Documents\GitHub\DooDates\node_modules\jsdom\lib\jsdom\living\events\EventTarget-impl.js:233:9)
    at HTMLUnknownElementImpl.dispatchEvent (C:\Users\Julien Fritsch\Documents\GitHub\DooDates\node_modules\jsdom\lib\jsdom\living\events\EventTarget-impl.js:104:17)
    at HTMLUnknownElement.dispatchEvent (C:\Users\Julien Fritsch\Documents\GitHub\DooDates\node_modules\jsdom\lib\jsdom\living\generated\EventTarget.js:241:34)
    at Object.invokeGuardedCallbackDev (C:\Users\Julien Fritsch\Documents\GitHub\DooDates\node_modules\react-dom\cjs\react-dom.development.js:4213:16)
    at invokeGuardedCallback (C:\Users\Julien Fritsch\Documents\GitHub\DooDates\node_modules\react-dom\cjs\react-dom.development.js:4277:31)
    at beginWork$1 (C:\Users\Julien Fritsch\Documents\GitHub\DooDates\node_modules\react-dom\cjs\react-dom.development.js:27490:7)
    at performUnitOfWork (C:\Users\Julien Fritsch\Documents\GitHub\DooDates\node_modules\react-dom\cjs\react-dom.development.js:26599:12) Error: useAuth must be used within an AuthProvider
    at Module.useAuth (C:\Users\Julien Fritsch\Documents\GitHub\DooDates\src\contexts\AuthContext.tsx:56:11)
    at TestComponent (C:\Users\Julien Fritsch\Documents\GitHub\DooDates\src\contexts\AuthContext.test.tsx:54:16)
    at renderWithHooks (C:\Users\Julien Fritsch\Documents\GitHub\DooDates\node_modules\react-dom\cjs\react-dom.development.js:15486:18)
    at mountIndeterminateComponent (C:\Users\Julien Fritsch\Documents\GitHub\DooDates\node_modules\react-dom\cjs\react-dom.development.js:20103:13)
    at beginWork (C:\Users\Julien Fritsch\Documents\GitHub\DooDates\node_modules\react-dom\cjs\react-dom.development.js:21626:16)
    at HTMLUnknownElement.callCallback (C:\Users\Julien Fritsch\Documents\GitHub\DooDates\node_modules\react-dom\cjs\react-dom.development.js:4164:14)
    at HTMLUnknownElement.callTheUserObjectsOperation (C:\Users\Julien Fritsch\Documents\GitHub\DooDates\node_modules\jsdom\lib\jsdom\living\generated\EventListener.js:26:30)
    at innerInvokeEventListeners (C:\Users\Julien Fritsch\Documents\GitHub\DooDates\node_modules\jsdom\lib\jsdom\living\events\EventTarget-impl.js:350:25)
    at invokeEventListeners (C:\Users\Julien Fritsch\Documents\GitHub\DooDates\node_modules\jsdom\lib\jsdom\living\events\EventTarget-impl.js:286:3)
    at HTMLUnknownElementImpl._dispatch (C:\Users\Julien Fritsch\Documents\GitHub\DooDates\node_modules\jsdom\lib\jsdom\living\events\EventTarget-impl.js:233:9)
Error: Uncaught [Error: useAuth must be used within an AuthProvider]
    at reportException (C:\Users\Julien Fritsch\Documents\GitHub\DooDates\node_modules\jsdom\lib\jsdom\living\helpers\runtime-script-errors.js:66:24)
    at innerInvokeEventListeners (C:\Users\Julien Fritsch\Documents\GitHub\DooDates\node_modules\jsdom\lib\jsdom\living\events\EventTarget-impl.js:353:9)
    at invokeEventListeners (C:\Users\Julien Fritsch\Documents\GitHub\DooDates\node_modules\jsdom\lib\jsdom\living\events\EventTarget-impl.js:286:3)
    at HTMLUnknownElementImpl._dispatch (C:\Users\Julien Fritsch\Documents\GitHub\DooDates\node_modules\jsdom\lib\jsdom\living\events\EventTarget-impl.js:233:9)
    at HTMLUnknownElementImpl.dispatchEvent (C:\Users\Julien Fritsch\Documents\GitHub\DooDates\node_modules\jsdom\lib\jsdom\living\events\EventTarget-impl.js:104:17)
    at HTMLUnknownElement.dispatchEvent (C:\Users\Julien Fritsch\Documents\GitHub\DooDates\node_modules\jsdom\lib\jsdom\living\generated\EventTarget.js:241:34)
    at Object.invokeGuardedCallbackDev (C:\Users\Julien Fritsch\Documents\GitHub\DooDates\node_modules\react-dom\cjs\react-dom.development.js:4213:16)
    at invokeGuardedCallback (C:\Users\Julien Fritsch\Documents\GitHub\DooDates\node_modules\react-dom\cjs\react-dom.development.js:4277:31)
    at beginWork$1 (C:\Users\Julien Fritsch\Documents\GitHub\DooDates\node_modules\react-dom\cjs\react-dom.development.js:27490:7)
    at performUnitOfWork (C:\Users\Julien Fritsch\Documents\GitHub\DooDates\node_modules\react-dom\cjs\react-dom.development.js:26599:12) Error: useAuth must be used within an AuthProvider
    at Module.useAuth (C:\Users\Julien Fritsch\Documents\GitHub\DooDates\src\contexts\AuthContext.tsx:56:11)
    at TestComponent (C:\Users\Julien Fritsch\Documents\GitHub\DooDates\src\contexts\AuthContext.test.tsx:54:16)
    at renderWithHooks (C:\Users\Julien Fritsch\Documents\GitHub\DooDates\node_modules\react-dom\cjs\react-dom.development.js:15486:18)
    at mountIndeterminateComponent (C:\Users\Julien Fritsch\Documents\GitHub\DooDates\node_modules\react-dom\cjs\react-dom.development.js:20103:13)
    at beginWork (C:\Users\Julien Fritsch\Documents\GitHub\DooDates\node_modules\react-dom\cjs\react-dom.development.js:21626:16)
    at HTMLUnknownElement.callCallback (C:\Users\Julien Fritsch\Documents\GitHub\DooDates\node_modules\react-dom\cjs\react-dom.development.js:4164:14)
    at HTMLUnknownElement.callTheUserObjectsOperation (C:\Users\Julien Fritsch\Documents\GitHub\DooDates\node_modules\jsdom\lib\jsdom\living\generated\EventListener.js:26:30)
    at innerInvokeEventListeners (C:\Users\Julien Fritsch\Documents\GitHub\DooDates\node_modules\jsdom\lib\jsdom\living\events\EventTarget-impl.js:350:25)
    at invokeEventListeners (C:\Users\Julien Fritsch\Documents\GitHub\DooDates\node_modules\jsdom\lib\jsdom\living\events\EventTarget-impl.js:286:3)
    at HTMLUnknownElementImpl._dispatch (C:\Users\Julien Fritsch\Documents\GitHub\DooDates\node_modules\jsdom\lib\jsdom\living\events\EventTarget-impl.js:233:9)
The above error occurred in the <TestComponent> component:

    at TestComponent (C:\Users\Julien Fritsch\Documents\GitHub\DooDates\src\contexts\AuthContext.test.tsx:53:26)

Consider adding an error boundary to your tree to customize error handling behavior.
Visit https://reactjs.org/link/error-boundaries to learn more about error boundaries.

stderr | src/contexts/AuthContext.test.tsx > AuthContext > Error handling > should handle network errors during sign in
Warning: An update to AuthProvider inside a test was not wrapped in act(...).

When testing, code that causes React state updates should be wrapped into act(...):

act(() => {
  /* fire events that update state */
});
/* assert on the output */

This ensures that you're testing the behavior the user would see in the browser. Learn more at https://reactjs.org/link/wrap-tests-with-act
    at AuthProvider (C:\Users\Julien Fritsch\Documents\GitHub\DooDates\src\contexts\AuthContext.tsx:34:25)
Warning: An update to AuthProvider inside a test was not wrapped in act(...).

When testing, code that causes React state updates should be wrapped into act(...):

act(() => {
  /* fire events that update state */
});
/* assert on the output */

This ensures that you're testing the behavior the user would see in the browser. Learn more at https://reactjs.org/link/wrap-tests-with-act
    at AuthProvider (C:\Users\Julien Fritsch\Documents\GitHub\DooDates\src\contexts\AuthContext.tsx:34:25)

stderr | src/contexts/AuthContext.test.tsx > AuthContext > Error handling > should handle network errors during sign in
Warning: An update to AuthProvider inside a test was not wrapped in act(...).

When testing, code that causes React state updates should be wrapped into act(...):

act(() => {
  /* fire events that update state */
});
/* assert on the output */

This ensures that you're testing the behavior the user would see in the browser. Learn more at https://reactjs.org/link/wrap-tests-with-act
    at AuthProvider (C:\Users\Julien Fritsch\Documents\GitHub\DooDates\src\contexts\AuthContext.tsx:34:25)
Warning: An update to AuthProvider inside a test was not wrapped in act(...).

When testing, code that causes React state updates should be wrapped into act(...):

act(() => {
  /* fire events that update state */
});
/* assert on the output */

This ensures that you're testing the behavior the user would see in the browser. Learn more at https://reactjs.org/link/wrap-tests-with-act
    at AuthProvider (C:\Users\Julien Fritsch\Documents\GitHub\DooDates\src\contexts\AuthContext.tsx:34:25)

stderr | src/contexts/AuthContext.test.tsx > AuthContext > Analytics tracking > should track sign in events
Warning: An update to AuthProvider inside a test was not wrapped in act(...).

When testing, code that causes React state updates should be wrapped into act(...):

act(() => {
  /* fire events that update state */
});
/* assert on the output */

This ensures that you're testing the behavior the user would see in the browser. Learn more at https://reactjs.org/link/wrap-tests-with-act
    at AuthProvider (C:\Users\Julien Fritsch\Documents\GitHub\DooDates\src\contexts\AuthContext.tsx:34:25)
Warning: An update to AuthProvider inside a test was not wrapped in act(...).

When testing, code that causes React state updates should be wrapped into act(...):

act(() => {
  /* fire events that update state */
});
/* assert on the output */

This ensures that you're testing the behavior the user would see in the browser. Learn more at https://reactjs.org/link/wrap-tests-with-act
    at AuthProvider (C:\Users\Julien Fritsch\Documents\GitHub\DooDates\src\contexts\AuthContext.tsx:34:25)

stderr | src/contexts/AuthContext.test.tsx > AuthContext > Analytics tracking > should track sign in events
Warning: An update to AuthProvider inside a test was not wrapped in act(...).

When testing, code that causes React state updates should be wrapped into act(...):

act(() => {
  /* fire events that update state */
});
/* assert on the output */

This ensures that you're testing the behavior the user would see in the browser. Learn more at https://reactjs.org/link/wrap-tests-with-act
    at AuthProvider (C:\Users\Julien Fritsch\Documents\GitHub\DooDates\src\contexts\AuthContext.tsx:34:25)
Warning: An update to AuthProvider inside a test was not wrapped in act(...).

When testing, code that causes React state updates should be wrapped into act(...):

act(() => {
  /* fire events that update state */
});
/* assert on the output */

This ensures that you're testing the behavior the user would see in the browser. Learn more at https://reactjs.org/link/wrap-tests-with-act
    at AuthProvider (C:\Users\Julien Fritsch\Documents\GitHub\DooDates\src\contexts\AuthContext.tsx:34:25)


ÔÄ»ÔÄ»ÔÄ»ÔÄ»ÔÄ»ÔÄ»ÔÄ»ÔÄ»ÔÄ»ÔÄ»ÔÄ»ÔÄ»ÔÄ»ÔÄ»ÔÄ»ÔÄ»ÔÄ»ÔÄ»ÔÄ»ÔÄ»ÔÄ»ÔÄ»ÔÄ»ÔÄ»ÔÄ»ÔÄ»ÔÄ»ÔÄ»ÔÄ»ÔÄ»ÔÄ»ÔÄ»ÔÄ»ÔÄ»ÔÄ»ÔÄ»ÔÄ»ÔÄ»ÔÄ»ÔÄ»ÔÄ»ÔÄ» Failed Tests 4 ÔÄ»ÔÄ»ÔÄ»ÔÄ»ÔÄ»ÔÄ»ÔÄ»ÔÄ»ÔÄ»ÔÄ»ÔÄ»ÔÄ»ÔÄ»ÔÄ»ÔÄ»ÔÄ»ÔÄ»ÔÄ»ÔÄ»ÔÄ»ÔÄ»ÔÄ»ÔÄ»ÔÄ»ÔÄ»ÔÄ»ÔÄ»ÔÄ»ÔÄ»ÔÄ»ÔÄ»ÔÄ»ÔÄ»ÔÄ»ÔÄ»ÔÄ»ÔÄ»ÔÄ»ÔÄ»ÔÄ»ÔÄ»ÔÄ»

 FAIL  src/contexts/AuthContext.test.tsx > AuthContext > Profile management > should handle update profile without authenticated user
AssertionError: expected last "spy" call to have been called with [ ObjectContaining{ÔÇª} ]

Ignored nodes: comments, script, style
<html>
  <head />
  <body>
    <div>
      <div>
        <div
          data-testid="user-id"
        >
          test-user-id
        </div>
        <div
          data-testid="loading"
        >
          not-loading
        </div>
        <div
          data-testid="error"
        >
          no-error
        </div>
      </div>
    </div>
  </body>
</html>

- Expected
+ Received

  [
-   ObjectContaining {
+   {
+     "error": null,
      "loading": false,
-     "user": null,
+     "profile": undefined,
+     "refreshProfile": [Function refreshProfile],
+     "session": {
+       "access_token": "test-token",
+       "expires_in": 3600,
+       "refresh_token": "test-refresh-token",
+       "token_type": "bearer",
+       "user": {
+         "app_metadata": {
+           "provider": "email",
+         },
+         "aud": "authenticated",
+         "created_at": "2024-01-01T00:00:00Z",
+         "email": "test@example.com",
+         "id": "test-user-id",
+         "user_metadata": {},
+       },
+     },
+     "signIn": [Function signIn],
+     "signInWithGoogle": [Function signInWithGoogle],
+     "signOut": [Function signOut],
+     "signUp": [Function signUp],
+     "updateProfile": [Function updateProfile],
+     "user": {
+       "app_metadata": {
+         "provider": "email",
+       },
+       "aud": "authenticated",
+       "created_at": "2024-01-01T00:00:00Z",
+       "email": "test@example.com",
+       "id": "test-user-id",
+       "user_metadata": {},
+     },
    },
  ]

 ÔØ» src/contexts/AuthContext.test.tsx:424:28
    422|       // Wait for initial load (no user)
    423|       await waitFor(() => {
    424|         expect(mockOnAuth).toHaveBeenLastCalledWith(
       |                            ^
    425|           expect.objectContaining({ user: null, loading: false })
    426|         );
 ÔØ» runWithExpensiveErrorDiagnosticsDisabled node_modules/@testing-library/dom/dist/config.js:47:12
 ÔØ» checkCallback node_modules/@testing-library/dom/dist/wait-for.js:124:77
 ÔØ» Timeout.checkRealTimersCallback node_modules/@testing-library/dom/dist/wait-for.js:118:16

ÔÄ»ÔÄ»ÔÄ»ÔÄ»ÔÄ»ÔÄ»ÔÄ»ÔÄ»ÔÄ»ÔÄ»ÔÄ»ÔÄ»ÔÄ»ÔÄ»ÔÄ»ÔÄ»ÔÄ»ÔÄ»ÔÄ»ÔÄ»ÔÄ»ÔÄ»ÔÄ»ÔÄ»ÔÄ»ÔÄ»ÔÄ»ÔÄ»ÔÄ»ÔÄ»ÔÄ»ÔÄ»ÔÄ»ÔÄ»ÔÄ»ÔÄ»ÔÄ»ÔÄ»ÔÄ»ÔÄ»ÔÄ»ÔÄ»ÔÄ»ÔÄ»ÔÄ»ÔÄ»ÔÄ»ÔÄ»ÔÄ»ÔÄ»ÔÄ»ÔÄ»ÔÄ»ÔÄ»ÔÄ»ÔÄ»ÔÄ»ÔÄ»ÔÄ»ÔÄ»ÔÄ»ÔÄ»ÔÄ»ÔÄ»ÔÄ»ÔÄ»ÔÄ»ÔÄ»ÔÄ»ÔÄ»ÔÄ»ÔÄ»ÔÄ»ÔÄ»ÔÄ»ÔÄ»ÔÄ»ÔÄ»ÔÄ»ÔÄ»ÔÄ»ÔÄ»ÔÄ»ÔÄ»ÔÄ»ÔÄ»ÔÄ»ÔÄ»ÔÄ»ÔÄ»ÔÄ»ÔÄ»ÔÄ»ÔÄ»[1/4]ÔÄ»

 FAIL  src/contexts/AuthContext.test.tsx > AuthContext > Local development mode > should disable authentication in local development
AssertionError: expected 'Email ou mot de passe incorrect' to contain 'L\'authentification n\'est pas disponÔÇª'

Expected: "L'authentification n'est pas disponible en mode d├®veloppement local"
Received: "Email ou mot de passe incorrect"

 ÔØ» src/contexts/AuthContext.test.tsx:483:43
    481|       });
    482| 
    483|       expect(signInResult.error?.message).toContain(
       |                                           ^
    484|         "L'authentification n'est pas disponible en mode d├®veloppement local"
    485|       );

ÔÄ»ÔÄ»ÔÄ»ÔÄ»ÔÄ»ÔÄ»ÔÄ»ÔÄ»ÔÄ»ÔÄ»ÔÄ»ÔÄ»ÔÄ»ÔÄ»ÔÄ»ÔÄ»ÔÄ»ÔÄ»ÔÄ»ÔÄ»ÔÄ»ÔÄ»ÔÄ»ÔÄ»ÔÄ»ÔÄ»ÔÄ»ÔÄ»ÔÄ»ÔÄ»ÔÄ»ÔÄ»ÔÄ»ÔÄ»ÔÄ»ÔÄ»ÔÄ»ÔÄ»ÔÄ»ÔÄ»ÔÄ»ÔÄ»ÔÄ»ÔÄ»ÔÄ»ÔÄ»ÔÄ»ÔÄ»ÔÄ»ÔÄ»ÔÄ»ÔÄ»ÔÄ»ÔÄ»ÔÄ»ÔÄ»ÔÄ»ÔÄ»ÔÄ»ÔÄ»ÔÄ»ÔÄ»ÔÄ»ÔÄ»ÔÄ»ÔÄ»ÔÄ»ÔÄ»ÔÄ»ÔÄ»ÔÄ»ÔÄ»ÔÄ»ÔÄ»ÔÄ»ÔÄ»ÔÄ»ÔÄ»ÔÄ»ÔÄ»ÔÄ»ÔÄ»ÔÄ»ÔÄ»ÔÄ»ÔÄ»ÔÄ»ÔÄ»ÔÄ»ÔÄ»ÔÄ»ÔÄ»ÔÄ»ÔÄ»[2/4]ÔÄ»

 FAIL  src/contexts/AuthContext.test.tsx > AuthContext > Error handling > should handle network errors during sign in
AssertionError: expected 'Email ou mot de passe incorrect' to be 'Network error' // Object.is equality

Expected: "Network error"
Received: "Email ou mot de passe incorrect"

 ÔØ» src/contexts/AuthContext.test.tsx:534:43
    532|       });
    533| 
    534|       expect(signInResult.error?.message).toBe("Network error");
       |                                           ^
    535|       expect(logger.error).toHaveBeenCalledWith(
    536|         "Exception lors de la connexion",

ÔÄ»ÔÄ»ÔÄ»ÔÄ»ÔÄ»ÔÄ»ÔÄ»ÔÄ»ÔÄ»ÔÄ»ÔÄ»ÔÄ»ÔÄ»ÔÄ»ÔÄ»ÔÄ»ÔÄ»ÔÄ»ÔÄ»ÔÄ»ÔÄ»ÔÄ»ÔÄ»ÔÄ»ÔÄ»ÔÄ»ÔÄ»ÔÄ»ÔÄ»ÔÄ»ÔÄ»ÔÄ»ÔÄ»ÔÄ»ÔÄ»ÔÄ»ÔÄ»ÔÄ»ÔÄ»ÔÄ»ÔÄ»ÔÄ»ÔÄ»ÔÄ»ÔÄ»ÔÄ»ÔÄ»ÔÄ»ÔÄ»ÔÄ»ÔÄ»ÔÄ»ÔÄ»ÔÄ»ÔÄ»ÔÄ»ÔÄ»ÔÄ»ÔÄ»ÔÄ»ÔÄ»ÔÄ»ÔÄ»ÔÄ»ÔÄ»ÔÄ»ÔÄ»ÔÄ»ÔÄ»ÔÄ»ÔÄ»ÔÄ»ÔÄ»ÔÄ»ÔÄ»ÔÄ»ÔÄ»ÔÄ»ÔÄ»ÔÄ»ÔÄ»ÔÄ»ÔÄ»ÔÄ»ÔÄ»ÔÄ»ÔÄ»ÔÄ»ÔÄ»ÔÄ»ÔÄ»ÔÄ»ÔÄ»ÔÄ»[3/4]ÔÄ»

 FAIL  src/contexts/AuthContext.test.tsx > AuthContext > Analytics tracking > should track sign in events
AssertionError: expected "spy" to be called with arguments: [ 'analytics_events', ÔÇª(2) ]

Number of calls: 0


Ignored nodes: comments, script, style
<html>
  <head />
  <body>
    <div>
      <div>
        <div
          data-testid="user-id"
        >
          test-user-id
        </div>
        <div
          data-testid="loading"
        >
          not-loading
        </div>
        <div
          data-testid="error"
        >
          Email ou mot de passe incorrect
        </div>
      </div>
    </div>
  </body>
</html>
 ÔØ» src/contexts/AuthContext.test.tsx:581:32
    579|       // Trigger auth state change
    580|       await waitFor(() => {
    581|         expect(supabaseInsert).toHaveBeenCalledWith(
       |                                ^
    582|           "analytics_events",
    583|           expect.objectContaining({
 ÔØ» runWithExpensiveErrorDiagnosticsDisabled node_modules/@testing-library/dom/dist/config.js:47:12
 ÔØ» checkCallback node_modules/@testing-library/dom/dist/wait-for.js:124:77
 ÔØ» Timeout.checkRealTimersCallback node_modules/@testing-library/dom/dist/wait-for.js:118:16

ÔÄ»ÔÄ»ÔÄ»ÔÄ»ÔÄ»ÔÄ»ÔÄ»ÔÄ»ÔÄ»ÔÄ»ÔÄ»ÔÄ»ÔÄ»ÔÄ»ÔÄ»ÔÄ»ÔÄ»ÔÄ»ÔÄ»ÔÄ»ÔÄ»ÔÄ»ÔÄ»ÔÄ»ÔÄ»ÔÄ»ÔÄ»ÔÄ»ÔÄ»ÔÄ»ÔÄ»ÔÄ»ÔÄ»ÔÄ»ÔÄ»ÔÄ»ÔÄ»ÔÄ»ÔÄ»ÔÄ»ÔÄ»ÔÄ»ÔÄ»ÔÄ»ÔÄ»ÔÄ»ÔÄ»ÔÄ»ÔÄ»ÔÄ»ÔÄ»ÔÄ»ÔÄ»ÔÄ»ÔÄ»ÔÄ»ÔÄ»ÔÄ»ÔÄ»ÔÄ»ÔÄ»ÔÄ»ÔÄ»ÔÄ»ÔÄ»ÔÄ»ÔÄ»ÔÄ»ÔÄ»ÔÄ»ÔÄ»ÔÄ»ÔÄ»ÔÄ»ÔÄ»ÔÄ»ÔÄ»ÔÄ»ÔÄ»ÔÄ»ÔÄ»ÔÄ»ÔÄ»ÔÄ»ÔÄ»ÔÄ»ÔÄ»ÔÄ»ÔÄ»ÔÄ»ÔÄ»ÔÄ»ÔÄ»ÔÄ»[4/4]ÔÄ»

stderr | src/contexts/AuthContext.test.tsx > AuthContext > Authentication methods > should handle successful sign in
Warning: An update to AuthProvider inside a test was not wrapped in act(...).

When testing, code that causes React state updates should be wrapped into act(...):

act(() => {
  /* fire events that update state */
});
/* assert on the output */

This ensures that you're testing the behavior the user would see in the browser. Learn more at https://reactjs.org/link/wrap-tests-with-act
    at AuthProvider (C:\Users\Julien Fritsch\Documents\GitHub\DooDates\src\contexts\AuthContext.tsx:34:25)
Warning: An update to AuthProvider inside a test was not wrapped in act(...).

When testing, code that causes React state updates should be wrapped into act(...):

act(() => {
  /* fire events that update state */
});
/* assert on the output */

This ensures that you're testing the behavior the user would see in the browser. Learn more at https://reactjs.org/link/wrap-tests-with-act
    at AuthProvider (C:\Users\Julien Fritsch\Documents\GitHub\DooDates\src\contexts\AuthContext.tsx:34:25)

stderr | src/contexts/AuthContext.test.tsx > AuthContext > Authentication methods > should handle successful sign in
Warning: An update to AuthProvider inside a test was not wrapped in act(...).

When testing, code that causes React state updates should be wrapped into act(...):

act(() => {
  /* fire events that update state */
});
/* assert on the output */

This ensures that you're testing the behavior the user would see in the browser. Learn more at https://reactjs.org/link/wrap-tests-with-act
    at AuthProvider (C:\Users\Julien Fritsch\Documents\GitHub\DooDates\src\contexts\AuthContext.tsx:34:25)

stderr | src/contexts/AuthContext.test.tsx > AuthContext > Authentication methods > should handle sign in error with user-friendly message
Warning: An update to AuthProvider inside a test was not wrapped in act(...).

When testing, code that causes React state updates should be wrapped into act(...):

act(() => {
  /* fire events that update state */
});
/* assert on the output */

This ensures that you're testing the behavior the user would see in the browser. Learn more at https://reactjs.org/link/wrap-tests-with-act
    at AuthProvider (C:\Users\Julien Fritsch\Documents\GitHub\DooDates\src\contexts\AuthContext.tsx:34:25)
Warning: An update to AuthProvider inside a test was not wrapped in act(...).

When testing, code that causes React state updates should be wrapped into act(...):

act(() => {
  /* fire events that update state */
});
/* assert on the output */

This ensures that you're testing the behavior the user would see in the browser. Learn more at https://reactjs.org/link/wrap-tests-with-act
    at AuthProvider (C:\Users\Julien Fritsch\Documents\GitHub\DooDates\src\contexts\AuthContext.tsx:34:25)

stderr | src/contexts/AuthContext.test.tsx > AuthContext > Authentication methods > should handle sign in error with user-friendly message
Warning: An update to AuthProvider inside a test was not wrapped in act(...).

When testing, code that causes React state updates should be wrapped into act(...):

act(() => {
  /* fire events that update state */
});
/* assert on the output */

This ensures that you're testing the behavior the user would see in the browser. Learn more at https://reactjs.org/link/wrap-tests-with-act
    at AuthProvider (C:\Users\Julien Fritsch\Documents\GitHub\DooDates\src\contexts\AuthContext.tsx:34:25)
Warning: An update to AuthProvider inside a test was not wrapped in act(...).

When testing, code that causes React state updates should be wrapped into act(...):

act(() => {
  /* fire events that update state */
});
/* assert on the output */

This ensures that you're testing the behavior the user would see in the browser. Learn more at https://reactjs.org/link/wrap-tests-with-act
    at AuthProvider (C:\Users\Julien Fritsch\Documents\GitHub\DooDates\src\contexts\AuthContext.tsx:34:25)

stderr | src/contexts/AuthContext.test.tsx > AuthContext > Authentication methods > should handle sign up
Warning: An update to AuthProvider inside a test was not wrapped in act(...).

When testing, code that causes React state updates should be wrapped into act(...):

act(() => {
  /* fire events that update state */
});
/* assert on the output */

This ensures that you're testing the behavior the user would see in the browser. Learn more at https://reactjs.org/link/wrap-tests-with-act
    at AuthProvider (C:\Users\Julien Fritsch\Documents\GitHub\DooDates\src\contexts\AuthContext.tsx:34:25)
Warning: An update to AuthProvider inside a test was not wrapped in act(...).

When testing, code that causes React state updates should be wrapped into act(...):

act(() => {
  /* fire events that update state */
});
/* assert on the output */

This ensures that you're testing the behavior the user would see in the browser. Learn more at https://reactjs.org/link/wrap-tests-with-act
    at AuthProvider (C:\Users\Julien Fritsch\Documents\GitHub\DooDates\src\contexts\AuthContext.tsx:34:25)

stderr | src/contexts/AuthContext.test.tsx > AuthContext > Authentication methods > should handle sign up
Warning: An update to AuthProvider inside a test was not wrapped in act(...).

When testing, code that causes React state updates should be wrapped into act(...):

act(() => {
  /* fire events that update state */
});
/* assert on the output */

This ensures that you're testing the behavior the user would see in the browser. Learn more at https://reactjs.org/link/wrap-tests-with-act
    at AuthProvider (C:\Users\Julien Fritsch\Documents\GitHub\DooDates\src\contexts\AuthContext.tsx:34:25)

stderr | src/contexts/AuthContext.test.tsx > AuthContext > Authentication methods > should handle Google OAuth sign in
Warning: An update to AuthProvider inside a test was not wrapped in act(...).

When testing, code that causes React state updates should be wrapped into act(...):

act(() => {
  /* fire events that update state */
});
/* assert on the output */

This ensures that you're testing the behavior the user would see in the browser. Learn more at https://reactjs.org/link/wrap-tests-with-act
    at AuthProvider (C:\Users\Julien Fritsch\Documents\GitHub\DooDates\src\contexts\AuthContext.tsx:34:25)
Warning: An update to AuthProvider inside a test was not wrapped in act(...).

When testing, code that causes React state updates should be wrapped into act(...):

act(() => {
  /* fire events that update state */
});
/* assert on the output */

This ensures that you're testing the behavior the user would see in the browser. Learn more at https://reactjs.org/link/wrap-tests-with-act
    at AuthProvider (C:\Users\Julien Fritsch\Documents\GitHub\DooDates\src\contexts\AuthContext.tsx:34:25)

stderr | src/contexts/AuthContext.test.tsx > AuthContext > Authentication methods > should handle sign out and cleanup
Warning: An update to AuthProvider inside a test was not wrapped in act(...).

When testing, code that causes React state updates should be wrapped into act(...):

act(() => {
  /* fire events that update state */
});
/* assert on the output */

This ensures that you're testing the behavior the user would see in the browser. Learn more at https://reactjs.org/link/wrap-tests-with-act
    at AuthProvider (C:\Users\Julien Fritsch\Documents\GitHub\DooDates\src\contexts\AuthContext.tsx:34:25)
Warning: An update to AuthProvider inside a test was not wrapped in act(...).

When testing, code that causes React state updates should be wrapped into act(...):

act(() => {
  /* fire events that update state */
});
/* assert on the output */

This ensures that you're testing the behavior the user would see in the browser. Learn more at https://reactjs.org/link/wrap-tests-with-act
    at AuthProvider (C:\Users\Julien Fritsch\Documents\GitHub\DooDates\src\contexts\AuthContext.tsx:34:25)
Warning: An update to AuthProvider inside a test was not wrapped in act(...).

When testing, code that causes React state updates should be wrapped into act(...):

act(() => {
  /* fire events that update state */
});
/* assert on the output */

This ensures that you're testing the behavior the user would see in the browser. Learn more at https://reactjs.org/link/wrap-tests-with-act
    at AuthProvider (C:\Users\Julien Fritsch\Documents\GitHub\DooDates\src\contexts\AuthContext.tsx:34:25)
Warning: An update to AuthProvider inside a test was not wrapped in act(...).

When testing, code that causes React state updates should be wrapped into act(...):

act(() => {
  /* fire events that update state */
});
/* assert on the output */

This ensures that you're testing the behavior the user would see in the browser. Learn more at https://reactjs.org/link/wrap-tests-with-act
    at AuthProvider (C:\Users\Julien Fritsch\Documents\GitHub\DooDates\src\contexts\AuthContext.tsx:34:25)
Warning: An update to AuthProvider inside a test was not wrapped in act(...).

When testing, code that causes React state updates should be wrapped into act(...):

act(() => {
  /* fire events that update state */
});
/* assert on the output */

This ensures that you're testing the behavior the user would see in the browser. Learn more at https://reactjs.org/link/wrap-tests-with-act
    at AuthProvider (C:\Users\Julien Fritsch\Documents\GitHub\DooDates\src\contexts\AuthContext.tsx:34:25)

stderr | src/contexts/AuthContext.test.tsx > AuthContext > Authentication methods > should handle sign out and cleanup
Warning: An update to AuthProvider inside a test was not wrapped in act(...).

When testing, code that causes React state updates should be wrapped into act(...):

act(() => {
  /* fire events that update state */
});
/* assert on the output */

This ensures that you're testing the behavior the user would see in the browser. Learn more at https://reactjs.org/link/wrap-tests-with-act
    at AuthProvider (C:\Users\Julien Fritsch\Documents\GitHub\DooDates\src\contexts\AuthContext.tsx:34:25)

stderr | src/contexts/AuthContext.test.tsx > AuthContext > Profile management > should update profile successfully
Warning: An update to AuthProvider inside a test was not wrapped in act(...).

When testing, code that causes React state updates should be wrapped into act(...):

act(() => {
  /* fire events that update state */
});
/* assert on the output */

This ensures that you're testing the behavior the user would see in the browser. Learn more at https://reactjs.org/link/wrap-tests-with-act
    at AuthProvider (C:\Users\Julien Fritsch\Documents\GitHub\DooDates\src\contexts\AuthContext.tsx:34:25)

stderr | src/contexts/AuthContext.test.tsx > AuthContext > Local development mode > should disable authentication in local development
Warning: An update to AuthProvider inside a test was not wrapped in act(...).

When testing, code that causes React state updates should be wrapped into act(...):

act(() => {
  /* fire events that update state */
});
/* assert on the output */

This ensures that you're testing the behavior the user would see in the browser. Learn more at https://reactjs.org/link/wrap-tests-with-act
    at AuthProvider (C:\Users\Julien Fritsch\Documents\GitHub\DooDates\src\contexts\AuthContext.tsx:34:25)
Warning: An update to AuthProvider inside a test was not wrapped in act(...).

When testing, code that causes React state updates should be wrapped into act(...):

act(() => {
  /* fire events that update state */
});
/* assert on the output */

This ensures that you're testing the behavior the user would see in the browser. Learn more at https://reactjs.org/link/wrap-tests-with-act
    at AuthProvider (C:\Users\Julien Fritsch\Documents\GitHub\DooDates\src\contexts\AuthContext.tsx:34:25)

stderr | src/contexts/AuthContext.test.tsx > AuthContext > Local development mode > should disable authentication in local development
Warning: An update to AuthProvider inside a test was not wrapped in act(...).

When testing, code that causes React state updates should be wrapped into act(...):

act(() => {
  /* fire events that update state */
});
/* assert on the output */

This ensures that you're testing the behavior the user would see in the browser. Learn more at https://reactjs.org/link/wrap-tests-with-act
    at AuthProvider (C:\Users\Julien Fritsch\Documents\GitHub\DooDates\src\contexts\AuthContext.tsx:34:25)
Warning: An update to AuthProvider inside a test was not wrapped in act(...).

When testing, code that causes React state updates should be wrapped into act(...):

act(() => {
  /* fire events that update state */
});
/* assert on the output */

This ensures that you're testing the behavior the user would see in the browser. Learn more at https://reactjs.org/link/wrap-tests-with-act
    at AuthProvider (C:\Users\Julien Fritsch\Documents\GitHub\DooDates\src\contexts\AuthContext.tsx:34:25)

stderr | src/contexts/AuthContext.test.tsx > AuthContext > useAuth hook > should throw error when used outside provider
Error: Uncaught [Error: useAuth must be used within an AuthProvider]
    at reportException (C:\Users\Julien Fritsch\Documents\GitHub\DooDates\node_modules\jsdom\lib\jsdom\living\helpers\runtime-script-errors.js:66:24)
    at innerInvokeEventListeners (C:\Users\Julien Fritsch\Documents\GitHub\DooDates\node_modules\jsdom\lib\jsdom\living\events\EventTarget-impl.js:353:9)
    at invokeEventListeners (C:\Users\Julien Fritsch\Documents\GitHub\DooDates\node_modules\jsdom\lib\jsdom\living\events\EventTarget-impl.js:286:3)
    at HTMLUnknownElementImpl._dispatch (C:\Users\Julien Fritsch\Documents\GitHub\DooDates\node_modules\jsdom\lib\jsdom\living\events\EventTarget-impl.js:233:9)
    at HTMLUnknownElementImpl.dispatchEvent (C:\Users\Julien Fritsch\Documents\GitHub\DooDates\node_modules\jsdom\lib\jsdom\living\events\EventTarget-impl.js:104:17)
    at HTMLUnknownElement.dispatchEvent (C:\Users\Julien Fritsch\Documents\GitHub\DooDates\node_modules\jsdom\lib\jsdom\living\generated\EventTarget.js:241:34)
    at Object.invokeGuardedCallbackDev (C:\Users\Julien Fritsch\Documents\GitHub\DooDates\node_modules\react-dom\cjs\react-dom.development.js:4213:16)
    at invokeGuardedCallback (C:\Users\Julien Fritsch\Documents\GitHub\DooDates\node_modules\react-dom\cjs\react-dom.development.js:4277:31)
    at beginWork$1 (C:\Users\Julien Fritsch\Documents\GitHub\DooDates\node_modules\react-dom\cjs\react-dom.development.js:27490:7)
    at performUnitOfWork (C:\Users\Julien Fritsch\Documents\GitHub\DooDates\node_modules\react-dom\cjs\react-dom.development.js:26599:12) Error: useAuth must be used within an AuthProvider
    at Module.useAuth (C:\Users\Julien Fritsch\Documents\GitHub\DooDates\src\contexts\AuthContext.tsx:56:11)
    at TestComponent (C:\Users\Julien Fritsch\Documents\GitHub\DooDates\src\contexts\AuthContext.test.tsx:54:16)
    at renderWithHooks (C:\Users\Julien Fritsch\Documents\GitHub\DooDates\node_modules\react-dom\cjs\react-dom.development.js:15486:18)
    at mountIndeterminateComponent (C:\Users\Julien Fritsch\Documents\GitHub\DooDates\node_modules\react-dom\cjs\react-dom.development.js:20103:13)
    at beginWork (C:\Users\Julien Fritsch\Documents\GitHub\DooDates\node_modules\react-dom\cjs\react-dom.development.js:21626:16)
    at HTMLUnknownElement.callCallback (C:\Users\Julien Fritsch\Documents\GitHub\DooDates\node_modules\react-dom\cjs\react-dom.development.js:4164:14)
    at HTMLUnknownElement.callTheUserObjectsOperation (C:\Users\Julien Fritsch\Documents\GitHub\DooDates\node_modules\jsdom\lib\jsdom\living\generated\EventListener.js:26:30)
    at innerInvokeEventListeners (C:\Users\Julien Fritsch\Documents\GitHub\DooDates\node_modules\jsdom\lib\jsdom\living\events\EventTarget-impl.js:350:25)
    at invokeEventListeners (C:\Users\Julien Fritsch\Documents\GitHub\DooDates\node_modules\jsdom\lib\jsdom\living\events\EventTarget-impl.js:286:3)
    at HTMLUnknownElementImpl._dispatch (C:\Users\Julien Fritsch\Documents\GitHub\DooDates\node_modules\jsdom\lib\jsdom\living\events\EventTarget-impl.js:233:9)
Error: Uncaught [Error: useAuth must be used within an AuthProvider]
    at reportException (C:\Users\Julien Fritsch\Documents\GitHub\DooDates\node_modules\jsdom\lib\jsdom\living\helpers\runtime-script-errors.js:66:24)
    at innerInvokeEventListeners (C:\Users\Julien Fritsch\Documents\GitHub\DooDates\node_modules\jsdom\lib\jsdom\living\events\EventTarget-impl.js:353:9)
    at invokeEventListeners (C:\Users\Julien Fritsch\Documents\GitHub\DooDates\node_modules\jsdom\lib\jsdom\living\events\EventTarget-impl.js:286:3)
    at HTMLUnknownElementImpl._dispatch (C:\Users\Julien Fritsch\Documents\GitHub\DooDates\node_modules\jsdom\lib\jsdom\living\events\EventTarget-impl.js:233:9)
    at HTMLUnknownElementImpl.dispatchEvent (C:\Users\Julien Fritsch\Documents\GitHub\DooDates\node_modules\jsdom\lib\jsdom\living\events\EventTarget-impl.js:104:17)
    at HTMLUnknownElement.dispatchEvent (C:\Users\Julien Fritsch\Documents\GitHub\DooDates\node_modules\jsdom\lib\jsdom\living\generated\EventTarget.js:241:34)
    at Object.invokeGuardedCallbackDev (C:\Users\Julien Fritsch\Documents\GitHub\DooDates\node_modules\react-dom\cjs\react-dom.development.js:4213:16)
    at invokeGuardedCallback (C:\Users\Julien Fritsch\Documents\GitHub\DooDates\node_modules\react-dom\cjs\react-dom.development.js:4277:31)
    at beginWork$1 (C:\Users\Julien Fritsch\Documents\GitHub\DooDates\node_modules\react-dom\cjs\react-dom.development.js:27490:7)
    at performUnitOfWork (C:\Users\Julien Fritsch\Documents\GitHub\DooDates\node_modules\react-dom\cjs\react-dom.development.js:26599:12) Error: useAuth must be used within an AuthProvider
    at Module.useAuth (C:\Users\Julien Fritsch\Documents\GitHub\DooDates\src\contexts\AuthContext.tsx:56:11)
    at TestComponent (C:\Users\Julien Fritsch\Documents\GitHub\DooDates\src\contexts\AuthContext.test.tsx:54:16)
    at renderWithHooks (C:\Users\Julien Fritsch\Documents\GitHub\DooDates\node_modules\react-dom\cjs\react-dom.development.js:15486:18)
    at mountIndeterminateComponent (C:\Users\Julien Fritsch\Documents\GitHub\DooDates\node_modules\react-dom\cjs\react-dom.development.js:20103:13)
    at beginWork (C:\Users\Julien Fritsch\Documents\GitHub\DooDates\node_modules\react-dom\cjs\react-dom.development.js:21626:16)
    at HTMLUnknownElement.callCallback (C:\Users\Julien Fritsch\Documents\GitHub\DooDates\node_modules\react-dom\cjs\react-dom.development.js:4164:14)
    at HTMLUnknownElement.callTheUserObjectsOperation (C:\Users\Julien Fritsch\Documents\GitHub\DooDates\node_modules\jsdom\lib\jsdom\living\generated\EventListener.js:26:30)
    at innerInvokeEventListeners (C:\Users\Julien Fritsch\Documents\GitHub\DooDates\node_modules\jsdom\lib\jsdom\living\events\EventTarget-impl.js:350:25)
    at invokeEventListeners (C:\Users\Julien Fritsch\Documents\GitHub\DooDates\node_modules\jsdom\lib\jsdom\living\events\EventTarget-impl.js:286:3)
    at HTMLUnknownElementImpl._dispatch (C:\Users\Julien Fritsch\Documents\GitHub\DooDates\node_modules\jsdom\lib\jsdom\living\events\EventTarget-impl.js:233:9)
The above error occurred in the <TestComponent> component:

    at TestComponent (C:\Users\Julien Fritsch\Documents\GitHub\DooDates\src\contexts\AuthContext.test.tsx:53:26)

Consider adding an error boundary to your tree to customize error handling behavior.
Visit https://reactjs.org/link/error-boundaries to learn more about error boundaries.

stderr | src/contexts/AuthContext.test.tsx > AuthContext > Error handling > should handle network errors during sign in
Warning: An update to AuthProvider inside a test was not wrapped in act(...).

When testing, code that causes React state updates should be wrapped into act(...):

act(() => {
  /* fire events that update state */
});
/* assert on the output */

This ensures that you're testing the behavior the user would see in the browser. Learn more at https://reactjs.org/link/wrap-tests-with-act
    at AuthProvider (C:\Users\Julien Fritsch\Documents\GitHub\DooDates\src\contexts\AuthContext.tsx:34:25)
Warning: An update to AuthProvider inside a test was not wrapped in act(...).

When testing, code that causes React state updates should be wrapped into act(...):

act(() => {
  /* fire events that update state */
});
/* assert on the output */

This ensures that you're testing the behavior the user would see in the browser. Learn more at https://reactjs.org/link/wrap-tests-with-act
    at AuthProvider (C:\Users\Julien Fritsch\Documents\GitHub\DooDates\src\contexts\AuthContext.tsx:34:25)

stderr | src/contexts/AuthContext.test.tsx > AuthContext > Error handling > should handle network errors during sign in
Warning: An update to AuthProvider inside a test was not wrapped in act(...).

When testing, code that causes React state updates should be wrapped into act(...):

act(() => {
  /* fire events that update state */
});
/* assert on the output */

This ensures that you're testing the behavior the user would see in the browser. Learn more at https://reactjs.org/link/wrap-tests-with-act
    at AuthProvider (C:\Users\Julien Fritsch\Documents\GitHub\DooDates\src\contexts\AuthContext.tsx:34:25)
Warning: An update to AuthProvider inside a test was not wrapped in act(...).

When testing, code that causes React state updates should be wrapped into act(...):

act(() => {
  /* fire events that update state */
});
/* assert on the output */

This ensures that you're testing the behavior the user would see in the browser. Learn more at https://reactjs.org/link/wrap-tests-with-act
    at AuthProvider (C:\Users\Julien Fritsch\Documents\GitHub\DooDates\src\contexts\AuthContext.tsx:34:25)

stderr | src/contexts/AuthContext.test.tsx > AuthContext > Analytics tracking > should track sign in events
Warning: An update to AuthProvider inside a test was not wrapped in act(...).

When testing, code that causes React state updates should be wrapped into act(...):

act(() => {
  /* fire events that update state */
});
/* assert on the output */

This ensures that you're testing the behavior the user would see in the browser. Learn more at https://reactjs.org/link/wrap-tests-with-act
    at AuthProvider (C:\Users\Julien Fritsch\Documents\GitHub\DooDates\src\contexts\AuthContext.tsx:34:25)
Warning: An update to AuthProvider inside a test was not wrapped in act(...).

When testing, code that causes React state updates should be wrapped into act(...):

act(() => {
  /* fire events that update state */
});
/* assert on the output */

This ensures that you're testing the behavior the user would see in the browser. Learn more at https://reactjs.org/link/wrap-tests-with-act
    at AuthProvider (C:\Users\Julien Fritsch\Documents\GitHub\DooDates\src\contexts\AuthContext.tsx:34:25)

stderr | src/contexts/AuthContext.test.tsx > AuthContext > Analytics tracking > should track sign in events
Warning: An update to AuthProvider inside a test was not wrapped in act(...).

When testing, code that causes React state updates should be wrapped into act(...):

act(() => {
  /* fire events that update state */
});
/* assert on the output */

This ensures that you're testing the behavior the user would see in the browser. Learn more at https://reactjs.org/link/wrap-tests-with-act
    at AuthProvider (C:\Users\Julien Fritsch\Documents\GitHub\DooDates\src\contexts\AuthContext.tsx:34:25)
Warning: An update to AuthProvider inside a test was not wrapped in act(...).

When testing, code that causes React state updates should be wrapped into act(...):

act(() => {
  /* fire events that update state */
});
/* assert on the output */

This ensures that you're testing the behavior the user would see in the browser. Learn more at https://reactjs.org/link/wrap-tests-with-act
    at AuthProvider (C:\Users\Julien Fritsch\Documents\GitHub\DooDates\src\contexts\AuthContext.tsx:34:25)


ÔÄ»ÔÄ»ÔÄ»ÔÄ»ÔÄ»ÔÄ»ÔÄ»ÔÄ»ÔÄ»ÔÄ»ÔÄ»ÔÄ»ÔÄ»ÔÄ»ÔÄ»ÔÄ»ÔÄ»ÔÄ»ÔÄ»ÔÄ»ÔÄ»ÔÄ»ÔÄ»ÔÄ»ÔÄ»ÔÄ»ÔÄ»ÔÄ»ÔÄ»ÔÄ»ÔÄ»ÔÄ»ÔÄ»ÔÄ»ÔÄ»ÔÄ»ÔÄ»ÔÄ»ÔÄ»ÔÄ»ÔÄ»ÔÄ» Failed Tests 4 ÔÄ»ÔÄ»ÔÄ»ÔÄ»ÔÄ»ÔÄ»ÔÄ»ÔÄ»ÔÄ»ÔÄ»ÔÄ»ÔÄ»ÔÄ»ÔÄ»ÔÄ»ÔÄ»ÔÄ»ÔÄ»ÔÄ»ÔÄ»ÔÄ»ÔÄ»ÔÄ»ÔÄ»ÔÄ»ÔÄ»ÔÄ»ÔÄ»ÔÄ»ÔÄ»ÔÄ»ÔÄ»ÔÄ»ÔÄ»ÔÄ»ÔÄ»ÔÄ»ÔÄ»ÔÄ»ÔÄ»ÔÄ»ÔÄ»

 FAIL  src/contexts/AuthContext.test.tsx > AuthContext > Profile management > should handle update profile without authenticated user
AssertionError: expected { message: 'Utilisateur non connect├®' } to be 'Utilisateur non connect├®' // Object.is equality

- Expected: 
"Utilisateur non connect├®"

+ Received: 
{
  "message": "Utilisateur non connect├®",
}

 ÔØ» src/contexts/AuthContext.test.tsx:442:34
    440|       });
    441| 
    442|       expect(updateResult.error).toBe("Utilisateur non connect├®");
       |                                  ^
    443|     });
    444|   });

ÔÄ»ÔÄ»ÔÄ»ÔÄ»ÔÄ»ÔÄ»ÔÄ»ÔÄ»ÔÄ»ÔÄ»ÔÄ»ÔÄ»ÔÄ»ÔÄ»ÔÄ»ÔÄ»ÔÄ»ÔÄ»ÔÄ»ÔÄ»ÔÄ»ÔÄ»ÔÄ»ÔÄ»ÔÄ»ÔÄ»ÔÄ»ÔÄ»ÔÄ»ÔÄ»ÔÄ»ÔÄ»ÔÄ»ÔÄ»ÔÄ»ÔÄ»ÔÄ»ÔÄ»ÔÄ»ÔÄ»ÔÄ»ÔÄ»ÔÄ»ÔÄ»ÔÄ»ÔÄ»ÔÄ»ÔÄ»ÔÄ»ÔÄ»ÔÄ»ÔÄ»ÔÄ»ÔÄ»ÔÄ»ÔÄ»ÔÄ»ÔÄ»ÔÄ»ÔÄ»ÔÄ»ÔÄ»ÔÄ»ÔÄ»ÔÄ»ÔÄ»ÔÄ»ÔÄ»ÔÄ»ÔÄ»ÔÄ»ÔÄ»ÔÄ»ÔÄ»ÔÄ»ÔÄ»ÔÄ»ÔÄ»ÔÄ»ÔÄ»ÔÄ»ÔÄ»ÔÄ»ÔÄ»ÔÄ»ÔÄ»ÔÄ»ÔÄ»ÔÄ»ÔÄ»ÔÄ»ÔÄ»ÔÄ»ÔÄ»[1/4]ÔÄ»

 FAIL  src/contexts/AuthContext.test.tsx > AuthContext > Local development mode > should disable authentication in local development
AssertionError: expected 'Email ou mot de passe incorrect' to contain 'L\'authentification n\'est pas disponÔÇª'

Expected: "L'authentification n'est pas disponible en mode d├®veloppement local"
Received: "Email ou mot de passe incorrect"

 ÔØ» src/contexts/AuthContext.test.tsx:487:43
    485|       });
    486| 
    487|       expect(signInResult.error?.message).toContain(
       |                                           ^
    488|         "L'authentification n'est pas disponible en mode d├®veloppement local"
    489|       );

ÔÄ»ÔÄ»ÔÄ»ÔÄ»ÔÄ»ÔÄ»ÔÄ»ÔÄ»ÔÄ»ÔÄ»ÔÄ»ÔÄ»ÔÄ»ÔÄ»ÔÄ»ÔÄ»ÔÄ»ÔÄ»ÔÄ»ÔÄ»ÔÄ»ÔÄ»ÔÄ»ÔÄ»ÔÄ»ÔÄ»ÔÄ»ÔÄ»ÔÄ»ÔÄ»ÔÄ»ÔÄ»ÔÄ»ÔÄ»ÔÄ»ÔÄ»ÔÄ»ÔÄ»ÔÄ»ÔÄ»ÔÄ»ÔÄ»ÔÄ»ÔÄ»ÔÄ»ÔÄ»ÔÄ»ÔÄ»ÔÄ»ÔÄ»ÔÄ»ÔÄ»ÔÄ»ÔÄ»ÔÄ»ÔÄ»ÔÄ»ÔÄ»ÔÄ»ÔÄ»ÔÄ»ÔÄ»ÔÄ»ÔÄ»ÔÄ»ÔÄ»ÔÄ»ÔÄ»ÔÄ»ÔÄ»ÔÄ»ÔÄ»ÔÄ»ÔÄ»ÔÄ»ÔÄ»ÔÄ»ÔÄ»ÔÄ»ÔÄ»ÔÄ»ÔÄ»ÔÄ»ÔÄ»ÔÄ»ÔÄ»ÔÄ»ÔÄ»ÔÄ»ÔÄ»ÔÄ»ÔÄ»ÔÄ»ÔÄ»[2/4]ÔÄ»

 FAIL  src/contexts/AuthContext.test.tsx > AuthContext > Error handling > should handle network errors during sign in
AssertionError: expected 'Email ou mot de passe incorrect' to be 'Network error' // Object.is equality

Expected: "Network error"
Received: "Email ou mot de passe incorrect"

 ÔØ» src/contexts/AuthContext.test.tsx:538:43
    536|       });
    537| 
    538|       expect(signInResult.error?.message).toBe("Network error");
       |                                           ^
    539|       expect(logger.error).toHaveBeenCalledWith(
    540|         "Exception lors de la connexion",

ÔÄ»ÔÄ»ÔÄ»ÔÄ»ÔÄ»ÔÄ»ÔÄ»ÔÄ»ÔÄ»ÔÄ»ÔÄ»ÔÄ»ÔÄ»ÔÄ»ÔÄ»ÔÄ»ÔÄ»ÔÄ»ÔÄ»ÔÄ»ÔÄ»ÔÄ»ÔÄ»ÔÄ»ÔÄ»ÔÄ»ÔÄ»ÔÄ»ÔÄ»ÔÄ»ÔÄ»ÔÄ»ÔÄ»ÔÄ»ÔÄ»ÔÄ»ÔÄ»ÔÄ»ÔÄ»ÔÄ»ÔÄ»ÔÄ»ÔÄ»ÔÄ»ÔÄ»ÔÄ»ÔÄ»ÔÄ»ÔÄ»ÔÄ»ÔÄ»ÔÄ»ÔÄ»ÔÄ»ÔÄ»ÔÄ»ÔÄ»ÔÄ»ÔÄ»ÔÄ»ÔÄ»ÔÄ»ÔÄ»ÔÄ»ÔÄ»ÔÄ»ÔÄ»ÔÄ»ÔÄ»ÔÄ»ÔÄ»ÔÄ»ÔÄ»ÔÄ»ÔÄ»ÔÄ»ÔÄ»ÔÄ»ÔÄ»ÔÄ»ÔÄ»ÔÄ»ÔÄ»ÔÄ»ÔÄ»ÔÄ»ÔÄ»ÔÄ»ÔÄ»ÔÄ»ÔÄ»ÔÄ»ÔÄ»ÔÄ»[3/4]ÔÄ»

 FAIL  src/contexts/AuthContext.test.tsx > AuthContext > Analytics tracking > should track sign in events
AssertionError: expected "spy" to be called with arguments: [ 'analytics_events', ÔÇª(2) ]

Number of calls: 0


Ignored nodes: comments, script, style
<html>
  <head />
  <body>
    <div>
      <div>
        <div
          data-testid="user-id"
        >
          no-user
        </div>
        <div
          data-testid="loading"
        >
          not-loading
        </div>
        <div
          data-testid="error"
        >
          Email ou mot de passe incorrect
        </div>
      </div>
    </div>
  </body>
</html>
 ÔØ» src/contexts/AuthContext.test.tsx:585:32
    583|       // Trigger auth state change
    584|       await waitFor(() => {
    585|         expect(supabaseInsert).toHaveBeenCalledWith(
       |                                ^
    586|           "analytics_events",
    587|           expect.objectContaining({
 ÔØ» runWithExpensiveErrorDiagnosticsDisabled node_modules/@testing-library/dom/dist/config.js:47:12
 ÔØ» checkCallback node_modules/@testing-library/dom/dist/wait-for.js:124:77
 ÔØ» Timeout.checkRealTimersCallback node_modules/@testing-library/dom/dist/wait-for.js:118:16

ÔÄ»ÔÄ»ÔÄ»ÔÄ»ÔÄ»ÔÄ»ÔÄ»ÔÄ»ÔÄ»ÔÄ»ÔÄ»ÔÄ»ÔÄ»ÔÄ»ÔÄ»ÔÄ»ÔÄ»ÔÄ»ÔÄ»ÔÄ»ÔÄ»ÔÄ»ÔÄ»ÔÄ»ÔÄ»ÔÄ»ÔÄ»ÔÄ»ÔÄ»ÔÄ»ÔÄ»ÔÄ»ÔÄ»ÔÄ»ÔÄ»ÔÄ»ÔÄ»ÔÄ»ÔÄ»ÔÄ»ÔÄ»ÔÄ»ÔÄ»ÔÄ»ÔÄ»ÔÄ»ÔÄ»ÔÄ»ÔÄ»ÔÄ»ÔÄ»ÔÄ»ÔÄ»ÔÄ»ÔÄ»ÔÄ»ÔÄ»ÔÄ»ÔÄ»ÔÄ»ÔÄ»ÔÄ»ÔÄ»ÔÄ»ÔÄ»ÔÄ»ÔÄ»ÔÄ»ÔÄ»ÔÄ»ÔÄ»ÔÄ»ÔÄ»ÔÄ»ÔÄ»ÔÄ»ÔÄ»ÔÄ»ÔÄ»ÔÄ»ÔÄ»ÔÄ»ÔÄ»ÔÄ»ÔÄ»ÔÄ»ÔÄ»ÔÄ»ÔÄ»ÔÄ»ÔÄ»ÔÄ»ÔÄ»ÔÄ»[4/4]ÔÄ»

